[2026-05-07T20:17:04.082+0000] {processor.py:161} INFO - Started process (PID=103) to work on /home/airflow/.local/lib/python3.12/site-packages/airflow/example_dags/example_xcomargs.py
[2026-05-07T20:17:04.084+0000] {processor.py:830} INFO - Processing file /home/airflow/.local/lib/python3.12/site-packages/airflow/example_dags/example_xcomargs.py for tasks to queue
[2026-05-07T20:17:04.087+0000] {logging_mixin.py:188} INFO - [2026-05-07T20:17:04.086+0000] {dagbag.py:545} INFO - Filling up the DagBag from /home/airflow/.local/lib/python3.12/site-packages/airflow/example_dags/example_xcomargs.py
[2026-05-07T20:17:04.106+0000] {processor.py:840} INFO - DAG(s) 'example_xcom_args_with_operators', 'example_xcom_args' retrieved from /home/airflow/.local/lib/python3.12/site-packages/airflow/example_dags/example_xcomargs.py
[2026-05-07T20:17:04.356+0000] {logging_mixin.py:188} INFO - [2026-05-07T20:17:04.356+0000] {dag.py:3096} INFO - Sync 2 DAGs
[2026-05-07T20:17:04.387+0000] {logging_mixin.py:188} INFO - [2026-05-07T20:17:04.386+0000] {dag.py:3954} INFO - Setting next_dagrun for example_xcom_args to None, run_after=None
[2026-05-07T20:17:04.395+0000] {logging_mixin.py:188} INFO - [2026-05-07T20:17:04.395+0000] {dag.py:3954} INFO - Setting next_dagrun for example_xcom_args_with_operators to None, run_after=None
[2026-05-07T20:17:04.429+0000] {processor.py:183} INFO - Processing /home/airflow/.local/lib/python3.12/site-packages/airflow/example_dags/example_xcomargs.py took 0.355 seconds
[2026-05-07T20:17:34.820+0000] {processor.py:161} INFO - Started process (PID=161) to work on /home/airflow/.local/lib/python3.12/site-packages/airflow/example_dags/example_xcomargs.py
[2026-05-07T20:17:34.822+0000] {processor.py:830} INFO - Processing file /home/airflow/.local/lib/python3.12/site-packages/airflow/example_dags/example_xcomargs.py for tasks to queue
[2026-05-07T20:17:34.824+0000] {logging_mixin.py:188} INFO - [2026-05-07T20:17:34.823+0000] {dagbag.py:545} INFO - Filling up the DagBag from /home/airflow/.local/lib/python3.12/site-packages/airflow/example_dags/example_xcomargs.py
[2026-05-07T20:17:34.833+0000] {processor.py:840} INFO - DAG(s) 'example_xcom_args_with_operators', 'example_xcom_args' retrieved from /home/airflow/.local/lib/python3.12/site-packages/airflow/example_dags/example_xcomargs.py
[2026-05-07T20:17:34.865+0000] {logging_mixin.py:188} INFO - [2026-05-07T20:17:34.865+0000] {dag.py:3096} INFO - Sync 2 DAGs
[2026-05-07T20:17:34.883+0000] {logging_mixin.py:188} INFO - [2026-05-07T20:17:34.883+0000] {dag.py:3954} INFO - Setting next_dagrun for example_xcom_args to None, run_after=None
[2026-05-07T20:17:34.889+0000] {logging_mixin.py:188} INFO - [2026-05-07T20:17:34.889+0000] {dag.py:3954} INFO - Setting next_dagrun for example_xcom_args_with_operators to None, run_after=None
[2026-05-07T20:17:34.917+0000] {processor.py:183} INFO - Processing /home/airflow/.local/lib/python3.12/site-packages/airflow/example_dags/example_xcomargs.py took 0.103 seconds
[2026-05-07T20:18:05.197+0000] {processor.py:161} INFO - Started process (PID=219) to work on /home/airflow/.local/lib/python3.12/site-packages/airflow/example_dags/example_xcomargs.py
[2026-05-07T20:18:05.199+0000] {processor.py:830} INFO - Processing file /home/airflow/.local/lib/python3.12/site-packages/airflow/example_dags/example_xcomargs.py for tasks to queue
[2026-05-07T20:18:05.201+0000] {logging_mixin.py:188} INFO - [2026-05-07T20:18:05.201+0000] {dagbag.py:545} INFO - Filling up the DagBag from /home/airflow/.local/lib/python3.12/site-packages/airflow/example_dags/example_xcomargs.py
[2026-05-07T20:18:05.211+0000] {processor.py:840} INFO - DAG(s) 'example_xcom_args', 'example_xcom_args_with_operators' retrieved from /home/airflow/.local/lib/python3.12/site-packages/airflow/example_dags/example_xcomargs.py
[2026-05-07T20:18:05.236+0000] {logging_mixin.py:188} INFO - [2026-05-07T20:18:05.236+0000] {dag.py:3096} INFO - Sync 2 DAGs
[2026-05-07T20:18:05.249+0000] {logging_mixin.py:188} INFO - [2026-05-07T20:18:05.248+0000] {dag.py:3954} INFO - Setting next_dagrun for example_xcom_args to None, run_after=None
[2026-05-07T20:18:05.253+0000] {logging_mixin.py:188} INFO - [2026-05-07T20:18:05.253+0000] {dag.py:3954} INFO - Setting next_dagrun for example_xcom_args_with_operators to None, run_after=None
[2026-05-07T20:18:05.273+0000] {processor.py:183} INFO - Processing /home/airflow/.local/lib/python3.12/site-packages/airflow/example_dags/example_xcomargs.py took 0.082 seconds
[2026-05-07T20:18:36.030+0000] {processor.py:161} INFO - Started process (PID=277) to work on /home/airflow/.local/lib/python3.12/site-packages/airflow/example_dags/example_xcomargs.py
[2026-05-07T20:18:36.032+0000] {processor.py:830} INFO - Processing file /home/airflow/.local/lib/python3.12/site-packages/airflow/example_dags/example_xcomargs.py for tasks to queue
[2026-05-07T20:18:36.035+0000] {logging_mixin.py:188} INFO - [2026-05-07T20:18:36.034+0000] {dagbag.py:545} INFO - Filling up the DagBag from /home/airflow/.local/lib/python3.12/site-packages/airflow/example_dags/example_xcomargs.py
[2026-05-07T20:18:36.044+0000] {processor.py:840} INFO - DAG(s) 'example_xcom_args', 'example_xcom_args_with_operators' retrieved from /home/airflow/.local/lib/python3.12/site-packages/airflow/example_dags/example_xcomargs.py
[2026-05-07T20:18:36.072+0000] {logging_mixin.py:188} INFO - [2026-05-07T20:18:36.072+0000] {dag.py:3096} INFO - Sync 2 DAGs
[2026-05-07T20:18:36.090+0000] {logging_mixin.py:188} INFO - [2026-05-07T20:18:36.090+0000] {dag.py:3954} INFO - Setting next_dagrun for example_xcom_args to None, run_after=None
[2026-05-07T20:18:36.096+0000] {logging_mixin.py:188} INFO - [2026-05-07T20:18:36.096+0000] {dag.py:3954} INFO - Setting next_dagrun for example_xcom_args_with_operators to None, run_after=None
[2026-05-07T20:18:36.122+0000] {processor.py:183} INFO - Processing /home/airflow/.local/lib/python3.12/site-packages/airflow/example_dags/example_xcomargs.py took 0.101 seconds
[2026-05-07T20:19:06.706+0000] {processor.py:161} INFO - Started process (PID=335) to work on /home/airflow/.local/lib/python3.12/site-packages/airflow/example_dags/example_xcomargs.py
[2026-05-07T20:19:06.707+0000] {processor.py:830} INFO - Processing file /home/airflow/.local/lib/python3.12/site-packages/airflow/example_dags/example_xcomargs.py for tasks to queue
[2026-05-07T20:19:06.711+0000] {logging_mixin.py:188} INFO - [2026-05-07T20:19:06.710+0000] {dagbag.py:545} INFO - Filling up the DagBag from /home/airflow/.local/lib/python3.12/site-packages/airflow/example_dags/example_xcomargs.py
[2026-05-07T20:19:06.723+0000] {processor.py:840} INFO - DAG(s) 'example_xcom_args_with_operators', 'example_xcom_args' retrieved from /home/airflow/.local/lib/python3.12/site-packages/airflow/example_dags/example_xcomargs.py
[2026-05-07T20:19:06.757+0000] {logging_mixin.py:188} INFO - [2026-05-07T20:19:06.756+0000] {dag.py:3096} INFO - Sync 2 DAGs
[2026-05-07T20:19:06.778+0000] {logging_mixin.py:188} INFO - [2026-05-07T20:19:06.778+0000] {dag.py:3954} INFO - Setting next_dagrun for example_xcom_args to None, run_after=None
[2026-05-07T20:19:06.791+0000] {logging_mixin.py:188} INFO - [2026-05-07T20:19:06.790+0000] {dag.py:3954} INFO - Setting next_dagrun for example_xcom_args_with_operators to None, run_after=None
[2026-05-07T20:19:06.827+0000] {processor.py:183} INFO - Processing /home/airflow/.local/lib/python3.12/site-packages/airflow/example_dags/example_xcomargs.py took 0.130 seconds
[2026-05-07T20:19:36.965+0000] {processor.py:161} INFO - Started process (PID=393) to work on /home/airflow/.local/lib/python3.12/site-packages/airflow/example_dags/example_xcomargs.py
[2026-05-07T20:19:36.967+0000] {processor.py:830} INFO - Processing file /home/airflow/.local/lib/python3.12/site-packages/airflow/example_dags/example_xcomargs.py for tasks to queue
[2026-05-07T20:19:36.970+0000] {logging_mixin.py:188} INFO - [2026-05-07T20:19:36.969+0000] {dagbag.py:545} INFO - Filling up the DagBag from /home/airflow/.local/lib/python3.12/site-packages/airflow/example_dags/example_xcomargs.py
[2026-05-07T20:19:36.980+0000] {processor.py:840} INFO - DAG(s) 'example_xcom_args', 'example_xcom_args_with_operators' retrieved from /home/airflow/.local/lib/python3.12/site-packages/airflow/example_dags/example_xcomargs.py
[2026-05-07T20:19:37.005+0000] {logging_mixin.py:188} INFO - [2026-05-07T20:19:37.005+0000] {dag.py:3096} INFO - Sync 2 DAGs
[2026-05-07T20:19:37.018+0000] {logging_mixin.py:188} INFO - [2026-05-07T20:19:37.017+0000] {dag.py:3954} INFO - Setting next_dagrun for example_xcom_args to None, run_after=None
[2026-05-07T20:19:37.024+0000] {logging_mixin.py:188} INFO - [2026-05-07T20:19:37.023+0000] {dag.py:3954} INFO - Setting next_dagrun for example_xcom_args_with_operators to None, run_after=None
[2026-05-07T20:19:37.048+0000] {processor.py:183} INFO - Processing /home/airflow/.local/lib/python3.12/site-packages/airflow/example_dags/example_xcomargs.py took 0.089 seconds
[2026-05-07T20:20:07.554+0000] {processor.py:161} INFO - Started process (PID=451) to work on /home/airflow/.local/lib/python3.12/site-packages/airflow/example_dags/example_xcomargs.py
[2026-05-07T20:20:07.555+0000] {processor.py:830} INFO - Processing file /home/airflow/.local/lib/python3.12/site-packages/airflow/example_dags/example_xcomargs.py for tasks to queue
[2026-05-07T20:20:07.558+0000] {logging_mixin.py:188} INFO - [2026-05-07T20:20:07.557+0000] {dagbag.py:545} INFO - Filling up the DagBag from /home/airflow/.local/lib/python3.12/site-packages/airflow/example_dags/example_xcomargs.py
[2026-05-07T20:20:07.569+0000] {processor.py:840} INFO - DAG(s) 'example_xcom_args', 'example_xcom_args_with_operators' retrieved from /home/airflow/.local/lib/python3.12/site-packages/airflow/example_dags/example_xcomargs.py
[2026-05-07T20:20:07.600+0000] {logging_mixin.py:188} INFO - [2026-05-07T20:20:07.599+0000] {dag.py:3096} INFO - Sync 2 DAGs
[2026-05-07T20:20:07.614+0000] {logging_mixin.py:188} INFO - [2026-05-07T20:20:07.614+0000] {dag.py:3954} INFO - Setting next_dagrun for example_xcom_args to None, run_after=None
[2026-05-07T20:20:07.618+0000] {logging_mixin.py:188} INFO - [2026-05-07T20:20:07.618+0000] {dag.py:3954} INFO - Setting next_dagrun for example_xcom_args_with_operators to None, run_after=None
[2026-05-07T20:20:07.641+0000] {processor.py:183} INFO - Processing /home/airflow/.local/lib/python3.12/site-packages/airflow/example_dags/example_xcomargs.py took 0.093 seconds
[2026-05-07T20:20:37.867+0000] {processor.py:161} INFO - Started process (PID=509) to work on /home/airflow/.local/lib/python3.12/site-packages/airflow/example_dags/example_xcomargs.py
[2026-05-07T20:20:37.869+0000] {processor.py:830} INFO - Processing file /home/airflow/.local/lib/python3.12/site-packages/airflow/example_dags/example_xcomargs.py for tasks to queue
[2026-05-07T20:20:37.871+0000] {logging_mixin.py:188} INFO - [2026-05-07T20:20:37.870+0000] {dagbag.py:545} INFO - Filling up the DagBag from /home/airflow/.local/lib/python3.12/site-packages/airflow/example_dags/example_xcomargs.py
[2026-05-07T20:20:37.880+0000] {processor.py:840} INFO - DAG(s) 'example_xcom_args_with_operators', 'example_xcom_args' retrieved from /home/airflow/.local/lib/python3.12/site-packages/airflow/example_dags/example_xcomargs.py
[2026-05-07T20:20:37.904+0000] {logging_mixin.py:188} INFO - [2026-05-07T20:20:37.904+0000] {dag.py:3096} INFO - Sync 2 DAGs
[2026-05-07T20:20:37.917+0000] {logging_mixin.py:188} INFO - [2026-05-07T20:20:37.916+0000] {dag.py:3954} INFO - Setting next_dagrun for example_xcom_args to None, run_after=None
[2026-05-07T20:20:37.921+0000] {logging_mixin.py:188} INFO - [2026-05-07T20:20:37.920+0000] {dag.py:3954} INFO - Setting next_dagrun for example_xcom_args_with_operators to None, run_after=None
[2026-05-07T20:20:37.937+0000] {processor.py:183} INFO - Processing /home/airflow/.local/lib/python3.12/site-packages/airflow/example_dags/example_xcomargs.py took 0.076 seconds
[2026-05-07T20:21:08.234+0000] {processor.py:161} INFO - Started process (PID=567) to work on /home/airflow/.local/lib/python3.12/site-packages/airflow/example_dags/example_xcomargs.py
[2026-05-07T20:21:08.236+0000] {processor.py:830} INFO - Processing file /home/airflow/.local/lib/python3.12/site-packages/airflow/example_dags/example_xcomargs.py for tasks to queue
[2026-05-07T20:21:08.239+0000] {logging_mixin.py:188} INFO - [2026-05-07T20:21:08.238+0000] {dagbag.py:545} INFO - Filling up the DagBag from /home/airflow/.local/lib/python3.12/site-packages/airflow/example_dags/example_xcomargs.py
[2026-05-07T20:21:08.249+0000] {processor.py:840} INFO - DAG(s) 'example_xcom_args', 'example_xcom_args_with_operators' retrieved from /home/airflow/.local/lib/python3.12/site-packages/airflow/example_dags/example_xcomargs.py
[2026-05-07T20:21:08.277+0000] {logging_mixin.py:188} INFO - [2026-05-07T20:21:08.277+0000] {dag.py:3096} INFO - Sync 2 DAGs
[2026-05-07T20:21:08.289+0000] {logging_mixin.py:188} INFO - [2026-05-07T20:21:08.289+0000] {dag.py:3954} INFO - Setting next_dagrun for example_xcom_args to None, run_after=None
[2026-05-07T20:21:08.294+0000] {logging_mixin.py:188} INFO - [2026-05-07T20:21:08.294+0000] {dag.py:3954} INFO - Setting next_dagrun for example_xcom_args_with_operators to None, run_after=None
[2026-05-07T20:21:08.318+0000] {processor.py:183} INFO - Processing /home/airflow/.local/lib/python3.12/site-packages/airflow/example_dags/example_xcomargs.py took 0.092 seconds
[2026-05-07T20:21:38.865+0000] {processor.py:161} INFO - Started process (PID=625) to work on /home/airflow/.local/lib/python3.12/site-packages/airflow/example_dags/example_xcomargs.py
[2026-05-07T20:21:38.871+0000] {processor.py:830} INFO - Processing file /home/airflow/.local/lib/python3.12/site-packages/airflow/example_dags/example_xcomargs.py for tasks to queue
[2026-05-07T20:21:38.880+0000] {logging_mixin.py:188} INFO - [2026-05-07T20:21:38.877+0000] {dagbag.py:545} INFO - Filling up the DagBag from /home/airflow/.local/lib/python3.12/site-packages/airflow/example_dags/example_xcomargs.py
[2026-05-07T20:21:38.919+0000] {processor.py:840} INFO - DAG(s) 'example_xcom_args', 'example_xcom_args_with_operators' retrieved from /home/airflow/.local/lib/python3.12/site-packages/airflow/example_dags/example_xcomargs.py
[2026-05-07T20:21:39.003+0000] {logging_mixin.py:188} INFO - [2026-05-07T20:21:39.002+0000] {dag.py:3096} INFO - Sync 2 DAGs
[2026-05-07T20:21:39.072+0000] {logging_mixin.py:188} INFO - [2026-05-07T20:21:39.071+0000] {dag.py:3954} INFO - Setting next_dagrun for example_xcom_args to None, run_after=None
[2026-05-07T20:21:39.094+0000] {logging_mixin.py:188} INFO - [2026-05-07T20:21:39.093+0000] {dag.py:3954} INFO - Setting next_dagrun for example_xcom_args_with_operators to None, run_after=None
[2026-05-07T20:21:39.187+0000] {processor.py:183} INFO - Processing /home/airflow/.local/lib/python3.12/site-packages/airflow/example_dags/example_xcomargs.py took 0.343 seconds
[2026-05-07T20:22:09.621+0000] {processor.py:161} INFO - Started process (PID=683) to work on /home/airflow/.local/lib/python3.12/site-packages/airflow/example_dags/example_xcomargs.py
[2026-05-07T20:22:09.624+0000] {processor.py:830} INFO - Processing file /home/airflow/.local/lib/python3.12/site-packages/airflow/example_dags/example_xcomargs.py for tasks to queue
[2026-05-07T20:22:09.627+0000] {logging_mixin.py:188} INFO - [2026-05-07T20:22:09.626+0000] {dagbag.py:545} INFO - Filling up the DagBag from /home/airflow/.local/lib/python3.12/site-packages/airflow/example_dags/example_xcomargs.py
[2026-05-07T20:22:09.656+0000] {processor.py:840} INFO - DAG(s) 'example_xcom_args', 'example_xcom_args_with_operators' retrieved from /home/airflow/.local/lib/python3.12/site-packages/airflow/example_dags/example_xcomargs.py
[2026-05-07T20:22:09.693+0000] {logging_mixin.py:188} INFO - [2026-05-07T20:22:09.693+0000] {dag.py:3096} INFO - Sync 2 DAGs
[2026-05-07T20:22:09.711+0000] {logging_mixin.py:188} INFO - [2026-05-07T20:22:09.710+0000] {dag.py:3954} INFO - Setting next_dagrun for example_xcom_args to None, run_after=None
[2026-05-07T20:22:09.718+0000] {logging_mixin.py:188} INFO - [2026-05-07T20:22:09.717+0000] {dag.py:3954} INFO - Setting next_dagrun for example_xcom_args_with_operators to None, run_after=None
[2026-05-07T20:22:09.739+0000] {processor.py:183} INFO - Processing /home/airflow/.local/lib/python3.12/site-packages/airflow/example_dags/example_xcomargs.py took 0.129 seconds
[2026-05-07T20:22:40.005+0000] {processor.py:161} INFO - Started process (PID=742) to work on /home/airflow/.local/lib/python3.12/site-packages/airflow/example_dags/example_xcomargs.py
[2026-05-07T20:22:40.006+0000] {processor.py:830} INFO - Processing file /home/airflow/.local/lib/python3.12/site-packages/airflow/example_dags/example_xcomargs.py for tasks to queue
[2026-05-07T20:22:40.009+0000] {logging_mixin.py:188} INFO - [2026-05-07T20:22:40.009+0000] {dagbag.py:545} INFO - Filling up the DagBag from /home/airflow/.local/lib/python3.12/site-packages/airflow/example_dags/example_xcomargs.py
[2026-05-07T20:22:40.018+0000] {processor.py:840} INFO - DAG(s) 'example_xcom_args', 'example_xcom_args_with_operators' retrieved from /home/airflow/.local/lib/python3.12/site-packages/airflow/example_dags/example_xcomargs.py
[2026-05-07T20:22:40.042+0000] {logging_mixin.py:188} INFO - [2026-05-07T20:22:40.042+0000] {dag.py:3096} INFO - Sync 2 DAGs
[2026-05-07T20:22:40.056+0000] {logging_mixin.py:188} INFO - [2026-05-07T20:22:40.055+0000] {dag.py:3954} INFO - Setting next_dagrun for example_xcom_args to None, run_after=None
[2026-05-07T20:22:40.061+0000] {logging_mixin.py:188} INFO - [2026-05-07T20:22:40.060+0000] {dag.py:3954} INFO - Setting next_dagrun for example_xcom_args_with_operators to None, run_after=None
[2026-05-07T20:22:40.083+0000] {processor.py:183} INFO - Processing /home/airflow/.local/lib/python3.12/site-packages/airflow/example_dags/example_xcomargs.py took 0.084 seconds
[2026-05-07T20:23:10.623+0000] {processor.py:161} INFO - Started process (PID=800) to work on /home/airflow/.local/lib/python3.12/site-packages/airflow/example_dags/example_xcomargs.py
[2026-05-07T20:23:10.624+0000] {processor.py:830} INFO - Processing file /home/airflow/.local/lib/python3.12/site-packages/airflow/example_dags/example_xcomargs.py for tasks to queue
[2026-05-07T20:23:10.627+0000] {logging_mixin.py:188} INFO - [2026-05-07T20:23:10.627+0000] {dagbag.py:545} INFO - Filling up the DagBag from /home/airflow/.local/lib/python3.12/site-packages/airflow/example_dags/example_xcomargs.py
[2026-05-07T20:23:10.637+0000] {processor.py:840} INFO - DAG(s) 'example_xcom_args', 'example_xcom_args_with_operators' retrieved from /home/airflow/.local/lib/python3.12/site-packages/airflow/example_dags/example_xcomargs.py
[2026-05-07T20:23:10.661+0000] {logging_mixin.py:188} INFO - [2026-05-07T20:23:10.661+0000] {dag.py:3096} INFO - Sync 2 DAGs
[2026-05-07T20:23:10.675+0000] {logging_mixin.py:188} INFO - [2026-05-07T20:23:10.674+0000] {dag.py:3954} INFO - Setting next_dagrun for example_xcom_args to None, run_after=None
[2026-05-07T20:23:10.679+0000] {logging_mixin.py:188} INFO - [2026-05-07T20:23:10.678+0000] {dag.py:3954} INFO - Setting next_dagrun for example_xcom_args_with_operators to None, run_after=None
[2026-05-07T20:23:10.697+0000] {processor.py:183} INFO - Processing /home/airflow/.local/lib/python3.12/site-packages/airflow/example_dags/example_xcomargs.py took 0.082 seconds
[2026-05-07T20:23:40.942+0000] {processor.py:161} INFO - Started process (PID=859) to work on /home/airflow/.local/lib/python3.12/site-packages/airflow/example_dags/example_xcomargs.py
[2026-05-07T20:23:40.943+0000] {processor.py:830} INFO - Processing file /home/airflow/.local/lib/python3.12/site-packages/airflow/example_dags/example_xcomargs.py for tasks to queue
[2026-05-07T20:23:40.945+0000] {logging_mixin.py:188} INFO - [2026-05-07T20:23:40.945+0000] {dagbag.py:545} INFO - Filling up the DagBag from /home/airflow/.local/lib/python3.12/site-packages/airflow/example_dags/example_xcomargs.py
[2026-05-07T20:23:40.953+0000] {processor.py:840} INFO - DAG(s) 'example_xcom_args', 'example_xcom_args_with_operators' retrieved from /home/airflow/.local/lib/python3.12/site-packages/airflow/example_dags/example_xcomargs.py
[2026-05-07T20:23:40.979+0000] {logging_mixin.py:188} INFO - [2026-05-07T20:23:40.979+0000] {dag.py:3096} INFO - Sync 2 DAGs
[2026-05-07T20:23:40.990+0000] {logging_mixin.py:188} INFO - [2026-05-07T20:23:40.989+0000] {dag.py:3954} INFO - Setting next_dagrun for example_xcom_args to None, run_after=None
[2026-05-07T20:23:40.994+0000] {logging_mixin.py:188} INFO - [2026-05-07T20:23:40.994+0000] {dag.py:3954} INFO - Setting next_dagrun for example_xcom_args_with_operators to None, run_after=None
[2026-05-07T20:23:41.013+0000] {processor.py:183} INFO - Processing /home/airflow/.local/lib/python3.12/site-packages/airflow/example_dags/example_xcomargs.py took 0.078 seconds
[2026-05-07T20:24:11.369+0000] {processor.py:161} INFO - Started process (PID=917) to work on /home/airflow/.local/lib/python3.12/site-packages/airflow/example_dags/example_xcomargs.py
[2026-05-07T20:24:11.371+0000] {processor.py:830} INFO - Processing file /home/airflow/.local/lib/python3.12/site-packages/airflow/example_dags/example_xcomargs.py for tasks to queue
[2026-05-07T20:24:11.373+0000] {logging_mixin.py:188} INFO - [2026-05-07T20:24:11.373+0000] {dagbag.py:545} INFO - Filling up the DagBag from /home/airflow/.local/lib/python3.12/site-packages/airflow/example_dags/example_xcomargs.py
[2026-05-07T20:24:11.381+0000] {processor.py:840} INFO - DAG(s) 'example_xcom_args_with_operators', 'example_xcom_args' retrieved from /home/airflow/.local/lib/python3.12/site-packages/airflow/example_dags/example_xcomargs.py
[2026-05-07T20:24:11.404+0000] {logging_mixin.py:188} INFO - [2026-05-07T20:24:11.404+0000] {dag.py:3096} INFO - Sync 2 DAGs
[2026-05-07T20:24:11.416+0000] {logging_mixin.py:188} INFO - [2026-05-07T20:24:11.415+0000] {dag.py:3954} INFO - Setting next_dagrun for example_xcom_args to None, run_after=None
[2026-05-07T20:24:11.421+0000] {logging_mixin.py:188} INFO - [2026-05-07T20:24:11.420+0000] {dag.py:3954} INFO - Setting next_dagrun for example_xcom_args_with_operators to None, run_after=None
[2026-05-07T20:24:11.450+0000] {processor.py:183} INFO - Processing /home/airflow/.local/lib/python3.12/site-packages/airflow/example_dags/example_xcomargs.py took 0.087 seconds
[2026-05-07T20:24:41.836+0000] {processor.py:161} INFO - Started process (PID=975) to work on /home/airflow/.local/lib/python3.12/site-packages/airflow/example_dags/example_xcomargs.py
[2026-05-07T20:24:41.838+0000] {processor.py:830} INFO - Processing file /home/airflow/.local/lib/python3.12/site-packages/airflow/example_dags/example_xcomargs.py for tasks to queue
[2026-05-07T20:24:41.840+0000] {logging_mixin.py:188} INFO - [2026-05-07T20:24:41.840+0000] {dagbag.py:545} INFO - Filling up the DagBag from /home/airflow/.local/lib/python3.12/site-packages/airflow/example_dags/example_xcomargs.py
[2026-05-07T20:24:41.848+0000] {processor.py:840} INFO - DAG(s) 'example_xcom_args_with_operators', 'example_xcom_args' retrieved from /home/airflow/.local/lib/python3.12/site-packages/airflow/example_dags/example_xcomargs.py
[2026-05-07T20:24:41.869+0000] {logging_mixin.py:188} INFO - [2026-05-07T20:24:41.868+0000] {dag.py:3096} INFO - Sync 2 DAGs
[2026-05-07T20:24:41.881+0000] {logging_mixin.py:188} INFO - [2026-05-07T20:24:41.881+0000] {dag.py:3954} INFO - Setting next_dagrun for example_xcom_args to None, run_after=None
[2026-05-07T20:24:41.884+0000] {logging_mixin.py:188} INFO - [2026-05-07T20:24:41.884+0000] {dag.py:3954} INFO - Setting next_dagrun for example_xcom_args_with_operators to None, run_after=None
[2026-05-07T20:24:41.902+0000] {processor.py:183} INFO - Processing /home/airflow/.local/lib/python3.12/site-packages/airflow/example_dags/example_xcomargs.py took 0.071 seconds
[2026-05-07T20:25:12.311+0000] {processor.py:161} INFO - Started process (PID=1033) to work on /home/airflow/.local/lib/python3.12/site-packages/airflow/example_dags/example_xcomargs.py
[2026-05-07T20:25:12.313+0000] {processor.py:830} INFO - Processing file /home/airflow/.local/lib/python3.12/site-packages/airflow/example_dags/example_xcomargs.py for tasks to queue
[2026-05-07T20:25:12.315+0000] {logging_mixin.py:188} INFO - [2026-05-07T20:25:12.315+0000] {dagbag.py:545} INFO - Filling up the DagBag from /home/airflow/.local/lib/python3.12/site-packages/airflow/example_dags/example_xcomargs.py
[2026-05-07T20:25:12.324+0000] {processor.py:840} INFO - DAG(s) 'example_xcom_args_with_operators', 'example_xcom_args' retrieved from /home/airflow/.local/lib/python3.12/site-packages/airflow/example_dags/example_xcomargs.py
[2026-05-07T20:25:12.350+0000] {logging_mixin.py:188} INFO - [2026-05-07T20:25:12.349+0000] {dag.py:3096} INFO - Sync 2 DAGs
[2026-05-07T20:25:12.361+0000] {logging_mixin.py:188} INFO - [2026-05-07T20:25:12.361+0000] {dag.py:3954} INFO - Setting next_dagrun for example_xcom_args to None, run_after=None
[2026-05-07T20:25:12.365+0000] {logging_mixin.py:188} INFO - [2026-05-07T20:25:12.365+0000] {dag.py:3954} INFO - Setting next_dagrun for example_xcom_args_with_operators to None, run_after=None
[2026-05-07T20:25:12.381+0000] {processor.py:183} INFO - Processing /home/airflow/.local/lib/python3.12/site-packages/airflow/example_dags/example_xcomargs.py took 0.075 seconds
[2026-05-07T20:25:42.799+0000] {processor.py:161} INFO - Started process (PID=1091) to work on /home/airflow/.local/lib/python3.12/site-packages/airflow/example_dags/example_xcomargs.py
[2026-05-07T20:25:42.801+0000] {processor.py:830} INFO - Processing file /home/airflow/.local/lib/python3.12/site-packages/airflow/example_dags/example_xcomargs.py for tasks to queue
[2026-05-07T20:25:42.803+0000] {logging_mixin.py:188} INFO - [2026-05-07T20:25:42.803+0000] {dagbag.py:545} INFO - Filling up the DagBag from /home/airflow/.local/lib/python3.12/site-packages/airflow/example_dags/example_xcomargs.py
[2026-05-07T20:25:42.814+0000] {processor.py:840} INFO - DAG(s) 'example_xcom_args', 'example_xcom_args_with_operators' retrieved from /home/airflow/.local/lib/python3.12/site-packages/airflow/example_dags/example_xcomargs.py
[2026-05-07T20:25:42.841+0000] {logging_mixin.py:188} INFO - [2026-05-07T20:25:42.841+0000] {dag.py:3096} INFO - Sync 2 DAGs
[2026-05-07T20:25:42.857+0000] {logging_mixin.py:188} INFO - [2026-05-07T20:25:42.857+0000] {dag.py:3954} INFO - Setting next_dagrun for example_xcom_args to None, run_after=None
[2026-05-07T20:25:42.862+0000] {logging_mixin.py:188} INFO - [2026-05-07T20:25:42.862+0000] {dag.py:3954} INFO - Setting next_dagrun for example_xcom_args_with_operators to None, run_after=None
[2026-05-07T20:25:42.884+0000] {processor.py:183} INFO - Processing /home/airflow/.local/lib/python3.12/site-packages/airflow/example_dags/example_xcomargs.py took 0.092 seconds
[2026-05-07T20:26:13.883+0000] {processor.py:161} INFO - Started process (PID=1149) to work on /home/airflow/.local/lib/python3.12/site-packages/airflow/example_dags/example_xcomargs.py
[2026-05-07T20:26:13.889+0000] {processor.py:830} INFO - Processing file /home/airflow/.local/lib/python3.12/site-packages/airflow/example_dags/example_xcomargs.py for tasks to queue
[2026-05-07T20:26:13.902+0000] {logging_mixin.py:188} INFO - [2026-05-07T20:26:13.901+0000] {dagbag.py:545} INFO - Filling up the DagBag from /home/airflow/.local/lib/python3.12/site-packages/airflow/example_dags/example_xcomargs.py
[2026-05-07T20:26:13.934+0000] {processor.py:840} INFO - DAG(s) 'example_xcom_args_with_operators', 'example_xcom_args' retrieved from /home/airflow/.local/lib/python3.12/site-packages/airflow/example_dags/example_xcomargs.py
[2026-05-07T20:26:13.983+0000] {logging_mixin.py:188} INFO - [2026-05-07T20:26:13.982+0000] {dag.py:3096} INFO - Sync 2 DAGs
[2026-05-07T20:26:14.026+0000] {logging_mixin.py:188} INFO - [2026-05-07T20:26:14.026+0000] {dag.py:3954} INFO - Setting next_dagrun for example_xcom_args to None, run_after=None
[2026-05-07T20:26:14.038+0000] {logging_mixin.py:188} INFO - [2026-05-07T20:26:14.037+0000] {dag.py:3954} INFO - Setting next_dagrun for example_xcom_args_with_operators to None, run_after=None
[2026-05-07T20:26:14.098+0000] {processor.py:183} INFO - Processing /home/airflow/.local/lib/python3.12/site-packages/airflow/example_dags/example_xcomargs.py took 0.224 seconds
[2026-05-07T20:26:44.908+0000] {processor.py:161} INFO - Started process (PID=1208) to work on /home/airflow/.local/lib/python3.12/site-packages/airflow/example_dags/example_xcomargs.py
[2026-05-07T20:26:44.910+0000] {processor.py:830} INFO - Processing file /home/airflow/.local/lib/python3.12/site-packages/airflow/example_dags/example_xcomargs.py for tasks to queue
[2026-05-07T20:26:44.912+0000] {logging_mixin.py:188} INFO - [2026-05-07T20:26:44.912+0000] {dagbag.py:545} INFO - Filling up the DagBag from /home/airflow/.local/lib/python3.12/site-packages/airflow/example_dags/example_xcomargs.py
[2026-05-07T20:26:44.922+0000] {processor.py:840} INFO - DAG(s) 'example_xcom_args', 'example_xcom_args_with_operators' retrieved from /home/airflow/.local/lib/python3.12/site-packages/airflow/example_dags/example_xcomargs.py
[2026-05-07T20:26:44.948+0000] {logging_mixin.py:188} INFO - [2026-05-07T20:26:44.947+0000] {dag.py:3096} INFO - Sync 2 DAGs
[2026-05-07T20:26:44.960+0000] {logging_mixin.py:188} INFO - [2026-05-07T20:26:44.960+0000] {dag.py:3954} INFO - Setting next_dagrun for example_xcom_args to None, run_after=None
[2026-05-07T20:26:44.964+0000] {logging_mixin.py:188} INFO - [2026-05-07T20:26:44.964+0000] {dag.py:3954} INFO - Setting next_dagrun for example_xcom_args_with_operators to None, run_after=None
[2026-05-07T20:26:44.983+0000] {processor.py:183} INFO - Processing /home/airflow/.local/lib/python3.12/site-packages/airflow/example_dags/example_xcomargs.py took 0.080 seconds
[2026-05-07T20:27:15.286+0000] {processor.py:161} INFO - Started process (PID=1265) to work on /home/airflow/.local/lib/python3.12/site-packages/airflow/example_dags/example_xcomargs.py
[2026-05-07T20:27:15.288+0000] {processor.py:830} INFO - Processing file /home/airflow/.local/lib/python3.12/site-packages/airflow/example_dags/example_xcomargs.py for tasks to queue
[2026-05-07T20:27:15.290+0000] {logging_mixin.py:188} INFO - [2026-05-07T20:27:15.289+0000] {dagbag.py:545} INFO - Filling up the DagBag from /home/airflow/.local/lib/python3.12/site-packages/airflow/example_dags/example_xcomargs.py
[2026-05-07T20:27:15.298+0000] {processor.py:840} INFO - DAG(s) 'example_xcom_args', 'example_xcom_args_with_operators' retrieved from /home/airflow/.local/lib/python3.12/site-packages/airflow/example_dags/example_xcomargs.py
[2026-05-07T20:27:15.323+0000] {logging_mixin.py:188} INFO - [2026-05-07T20:27:15.323+0000] {dag.py:3096} INFO - Sync 2 DAGs
[2026-05-07T20:27:15.336+0000] {logging_mixin.py:188} INFO - [2026-05-07T20:27:15.336+0000] {dag.py:3954} INFO - Setting next_dagrun for example_xcom_args to None, run_after=None
[2026-05-07T20:27:15.342+0000] {logging_mixin.py:188} INFO - [2026-05-07T20:27:15.341+0000] {dag.py:3954} INFO - Setting next_dagrun for example_xcom_args_with_operators to None, run_after=None
[2026-05-07T20:27:15.415+0000] {processor.py:183} INFO - Processing /home/airflow/.local/lib/python3.12/site-packages/airflow/example_dags/example_xcomargs.py took 0.134 seconds
[2026-05-07T20:27:45.492+0000] {processor.py:161} INFO - Started process (PID=1322) to work on /home/airflow/.local/lib/python3.12/site-packages/airflow/example_dags/example_xcomargs.py
[2026-05-07T20:27:45.494+0000] {processor.py:830} INFO - Processing file /home/airflow/.local/lib/python3.12/site-packages/airflow/example_dags/example_xcomargs.py for tasks to queue
[2026-05-07T20:27:45.497+0000] {logging_mixin.py:188} INFO - [2026-05-07T20:27:45.497+0000] {dagbag.py:545} INFO - Filling up the DagBag from /home/airflow/.local/lib/python3.12/site-packages/airflow/example_dags/example_xcomargs.py
[2026-05-07T20:27:45.506+0000] {processor.py:840} INFO - DAG(s) 'example_xcom_args', 'example_xcom_args_with_operators' retrieved from /home/airflow/.local/lib/python3.12/site-packages/airflow/example_dags/example_xcomargs.py
[2026-05-07T20:27:45.535+0000] {logging_mixin.py:188} INFO - [2026-05-07T20:27:45.535+0000] {dag.py:3096} INFO - Sync 2 DAGs
[2026-05-07T20:27:45.553+0000] {logging_mixin.py:188} INFO - [2026-05-07T20:27:45.553+0000] {dag.py:3954} INFO - Setting next_dagrun for example_xcom_args to None, run_after=None
[2026-05-07T20:27:45.559+0000] {logging_mixin.py:188} INFO - [2026-05-07T20:27:45.559+0000] {dag.py:3954} INFO - Setting next_dagrun for example_xcom_args_with_operators to None, run_after=None
[2026-05-07T20:27:45.648+0000] {processor.py:183} INFO - Processing /home/airflow/.local/lib/python3.12/site-packages/airflow/example_dags/example_xcomargs.py took 0.161 seconds
[2026-05-07T20:28:16.425+0000] {processor.py:161} INFO - Started process (PID=1380) to work on /home/airflow/.local/lib/python3.12/site-packages/airflow/example_dags/example_xcomargs.py
[2026-05-07T20:28:16.428+0000] {processor.py:830} INFO - Processing file /home/airflow/.local/lib/python3.12/site-packages/airflow/example_dags/example_xcomargs.py for tasks to queue
[2026-05-07T20:28:16.430+0000] {logging_mixin.py:188} INFO - [2026-05-07T20:28:16.430+0000] {dagbag.py:545} INFO - Filling up the DagBag from /home/airflow/.local/lib/python3.12/site-packages/airflow/example_dags/example_xcomargs.py
[2026-05-07T20:28:16.438+0000] {processor.py:840} INFO - DAG(s) 'example_xcom_args', 'example_xcom_args_with_operators' retrieved from /home/airflow/.local/lib/python3.12/site-packages/airflow/example_dags/example_xcomargs.py
[2026-05-07T20:28:16.461+0000] {logging_mixin.py:188} INFO - [2026-05-07T20:28:16.461+0000] {dag.py:3096} INFO - Sync 2 DAGs
[2026-05-07T20:28:16.476+0000] {logging_mixin.py:188} INFO - [2026-05-07T20:28:16.476+0000] {dag.py:3954} INFO - Setting next_dagrun for example_xcom_args to None, run_after=None
[2026-05-07T20:28:16.480+0000] {logging_mixin.py:188} INFO - [2026-05-07T20:28:16.480+0000] {dag.py:3954} INFO - Setting next_dagrun for example_xcom_args_with_operators to None, run_after=None
[2026-05-07T20:28:16.567+0000] {processor.py:183} INFO - Processing /home/airflow/.local/lib/python3.12/site-packages/airflow/example_dags/example_xcomargs.py took 0.147 seconds
[2026-05-07T20:28:46.746+0000] {processor.py:161} INFO - Started process (PID=1438) to work on /home/airflow/.local/lib/python3.12/site-packages/airflow/example_dags/example_xcomargs.py
[2026-05-07T20:28:46.748+0000] {processor.py:830} INFO - Processing file /home/airflow/.local/lib/python3.12/site-packages/airflow/example_dags/example_xcomargs.py for tasks to queue
[2026-05-07T20:28:46.750+0000] {logging_mixin.py:188} INFO - [2026-05-07T20:28:46.749+0000] {dagbag.py:545} INFO - Filling up the DagBag from /home/airflow/.local/lib/python3.12/site-packages/airflow/example_dags/example_xcomargs.py
[2026-05-07T20:28:46.759+0000] {processor.py:840} INFO - DAG(s) 'example_xcom_args', 'example_xcom_args_with_operators' retrieved from /home/airflow/.local/lib/python3.12/site-packages/airflow/example_dags/example_xcomargs.py
[2026-05-07T20:28:46.784+0000] {logging_mixin.py:188} INFO - [2026-05-07T20:28:46.784+0000] {dag.py:3096} INFO - Sync 2 DAGs
[2026-05-07T20:28:46.798+0000] {logging_mixin.py:188} INFO - [2026-05-07T20:28:46.798+0000] {dag.py:3954} INFO - Setting next_dagrun for example_xcom_args to None, run_after=None
[2026-05-07T20:28:46.803+0000] {logging_mixin.py:188} INFO - [2026-05-07T20:28:46.802+0000] {dag.py:3954} INFO - Setting next_dagrun for example_xcom_args_with_operators to None, run_after=None
[2026-05-07T20:28:46.875+0000] {processor.py:183} INFO - Processing /home/airflow/.local/lib/python3.12/site-packages/airflow/example_dags/example_xcomargs.py took 0.134 seconds
[2026-05-07T20:29:17.443+0000] {processor.py:161} INFO - Started process (PID=1496) to work on /home/airflow/.local/lib/python3.12/site-packages/airflow/example_dags/example_xcomargs.py
[2026-05-07T20:29:17.444+0000] {processor.py:830} INFO - Processing file /home/airflow/.local/lib/python3.12/site-packages/airflow/example_dags/example_xcomargs.py for tasks to queue
[2026-05-07T20:29:17.446+0000] {logging_mixin.py:188} INFO - [2026-05-07T20:29:17.446+0000] {dagbag.py:545} INFO - Filling up the DagBag from /home/airflow/.local/lib/python3.12/site-packages/airflow/example_dags/example_xcomargs.py
[2026-05-07T20:29:17.454+0000] {processor.py:840} INFO - DAG(s) 'example_xcom_args_with_operators', 'example_xcom_args' retrieved from /home/airflow/.local/lib/python3.12/site-packages/airflow/example_dags/example_xcomargs.py
[2026-05-07T20:29:17.478+0000] {logging_mixin.py:188} INFO - [2026-05-07T20:29:17.478+0000] {dag.py:3096} INFO - Sync 2 DAGs
[2026-05-07T20:29:17.492+0000] {logging_mixin.py:188} INFO - [2026-05-07T20:29:17.492+0000] {dag.py:3954} INFO - Setting next_dagrun for example_xcom_args to None, run_after=None
[2026-05-07T20:29:17.497+0000] {logging_mixin.py:188} INFO - [2026-05-07T20:29:17.496+0000] {dag.py:3954} INFO - Setting next_dagrun for example_xcom_args_with_operators to None, run_after=None
[2026-05-07T20:29:17.516+0000] {processor.py:183} INFO - Processing /home/airflow/.local/lib/python3.12/site-packages/airflow/example_dags/example_xcomargs.py took 0.078 seconds
[2026-05-07T20:29:48.085+0000] {processor.py:161} INFO - Started process (PID=1554) to work on /home/airflow/.local/lib/python3.12/site-packages/airflow/example_dags/example_xcomargs.py
[2026-05-07T20:29:48.088+0000] {processor.py:830} INFO - Processing file /home/airflow/.local/lib/python3.12/site-packages/airflow/example_dags/example_xcomargs.py for tasks to queue
[2026-05-07T20:29:48.093+0000] {logging_mixin.py:188} INFO - [2026-05-07T20:29:48.092+0000] {dagbag.py:545} INFO - Filling up the DagBag from /home/airflow/.local/lib/python3.12/site-packages/airflow/example_dags/example_xcomargs.py
[2026-05-07T20:29:48.142+0000] {processor.py:840} INFO - DAG(s) 'example_xcom_args_with_operators', 'example_xcom_args' retrieved from /home/airflow/.local/lib/python3.12/site-packages/airflow/example_dags/example_xcomargs.py
[2026-05-07T20:29:48.187+0000] {logging_mixin.py:188} INFO - [2026-05-07T20:29:48.187+0000] {dag.py:3096} INFO - Sync 2 DAGs
[2026-05-07T20:29:48.204+0000] {logging_mixin.py:188} INFO - [2026-05-07T20:29:48.204+0000] {dag.py:3954} INFO - Setting next_dagrun for example_xcom_args to None, run_after=None
[2026-05-07T20:29:48.209+0000] {logging_mixin.py:188} INFO - [2026-05-07T20:29:48.209+0000] {dag.py:3954} INFO - Setting next_dagrun for example_xcom_args_with_operators to None, run_after=None
[2026-05-07T20:29:48.236+0000] {processor.py:183} INFO - Processing /home/airflow/.local/lib/python3.12/site-packages/airflow/example_dags/example_xcomargs.py took 0.162 seconds
[2026-05-07T20:30:19.144+0000] {processor.py:161} INFO - Started process (PID=1612) to work on /home/airflow/.local/lib/python3.12/site-packages/airflow/example_dags/example_xcomargs.py
[2026-05-07T20:30:19.146+0000] {processor.py:830} INFO - Processing file /home/airflow/.local/lib/python3.12/site-packages/airflow/example_dags/example_xcomargs.py for tasks to queue
[2026-05-07T20:30:19.149+0000] {logging_mixin.py:188} INFO - [2026-05-07T20:30:19.148+0000] {dagbag.py:545} INFO - Filling up the DagBag from /home/airflow/.local/lib/python3.12/site-packages/airflow/example_dags/example_xcomargs.py
[2026-05-07T20:30:19.164+0000] {processor.py:840} INFO - DAG(s) 'example_xcom_args', 'example_xcom_args_with_operators' retrieved from /home/airflow/.local/lib/python3.12/site-packages/airflow/example_dags/example_xcomargs.py
[2026-05-07T20:30:19.199+0000] {logging_mixin.py:188} INFO - [2026-05-07T20:30:19.198+0000] {dag.py:3096} INFO - Sync 2 DAGs
[2026-05-07T20:30:19.218+0000] {logging_mixin.py:188} INFO - [2026-05-07T20:30:19.217+0000] {dag.py:3954} INFO - Setting next_dagrun for example_xcom_args to None, run_after=None
[2026-05-07T20:30:19.225+0000] {logging_mixin.py:188} INFO - [2026-05-07T20:30:19.224+0000] {dag.py:3954} INFO - Setting next_dagrun for example_xcom_args_with_operators to None, run_after=None
[2026-05-07T20:30:19.455+0000] {processor.py:183} INFO - Processing /home/airflow/.local/lib/python3.12/site-packages/airflow/example_dags/example_xcomargs.py took 0.319 seconds
[2026-05-07T20:30:49.874+0000] {processor.py:161} INFO - Started process (PID=1670) to work on /home/airflow/.local/lib/python3.12/site-packages/airflow/example_dags/example_xcomargs.py
[2026-05-07T20:30:49.877+0000] {processor.py:830} INFO - Processing file /home/airflow/.local/lib/python3.12/site-packages/airflow/example_dags/example_xcomargs.py for tasks to queue
[2026-05-07T20:30:49.881+0000] {logging_mixin.py:188} INFO - [2026-05-07T20:30:49.880+0000] {dagbag.py:545} INFO - Filling up the DagBag from /home/airflow/.local/lib/python3.12/site-packages/airflow/example_dags/example_xcomargs.py
[2026-05-07T20:30:49.899+0000] {processor.py:840} INFO - DAG(s) 'example_xcom_args_with_operators', 'example_xcom_args' retrieved from /home/airflow/.local/lib/python3.12/site-packages/airflow/example_dags/example_xcomargs.py
[2026-05-07T20:30:49.948+0000] {logging_mixin.py:188} INFO - [2026-05-07T20:30:49.947+0000] {dag.py:3096} INFO - Sync 2 DAGs
[2026-05-07T20:30:49.972+0000] {logging_mixin.py:188} INFO - [2026-05-07T20:30:49.972+0000] {dag.py:3954} INFO - Setting next_dagrun for example_xcom_args to None, run_after=None
[2026-05-07T20:30:49.979+0000] {logging_mixin.py:188} INFO - [2026-05-07T20:30:49.978+0000] {dag.py:3954} INFO - Setting next_dagrun for example_xcom_args_with_operators to None, run_after=None
[2026-05-07T20:30:50.003+0000] {processor.py:183} INFO - Processing /home/airflow/.local/lib/python3.12/site-packages/airflow/example_dags/example_xcomargs.py took 0.136 seconds
[2026-05-07T20:31:20.910+0000] {processor.py:161} INFO - Started process (PID=1728) to work on /home/airflow/.local/lib/python3.12/site-packages/airflow/example_dags/example_xcomargs.py
[2026-05-07T20:31:20.911+0000] {processor.py:830} INFO - Processing file /home/airflow/.local/lib/python3.12/site-packages/airflow/example_dags/example_xcomargs.py for tasks to queue
[2026-05-07T20:31:20.914+0000] {logging_mixin.py:188} INFO - [2026-05-07T20:31:20.913+0000] {dagbag.py:545} INFO - Filling up the DagBag from /home/airflow/.local/lib/python3.12/site-packages/airflow/example_dags/example_xcomargs.py
[2026-05-07T20:31:20.922+0000] {processor.py:840} INFO - DAG(s) 'example_xcom_args_with_operators', 'example_xcom_args' retrieved from /home/airflow/.local/lib/python3.12/site-packages/airflow/example_dags/example_xcomargs.py
[2026-05-07T20:31:20.945+0000] {logging_mixin.py:188} INFO - [2026-05-07T20:31:20.945+0000] {dag.py:3096} INFO - Sync 2 DAGs
[2026-05-07T20:31:20.960+0000] {logging_mixin.py:188} INFO - [2026-05-07T20:31:20.960+0000] {dag.py:3954} INFO - Setting next_dagrun for example_xcom_args to None, run_after=None
[2026-05-07T20:31:20.965+0000] {logging_mixin.py:188} INFO - [2026-05-07T20:31:20.965+0000] {dag.py:3954} INFO - Setting next_dagrun for example_xcom_args_with_operators to None, run_after=None
[2026-05-07T20:31:20.992+0000] {processor.py:183} INFO - Processing /home/airflow/.local/lib/python3.12/site-packages/airflow/example_dags/example_xcomargs.py took 0.087 seconds
[2026-05-07T20:31:51.064+0000] {processor.py:161} INFO - Started process (PID=1787) to work on /home/airflow/.local/lib/python3.12/site-packages/airflow/example_dags/example_xcomargs.py
[2026-05-07T20:31:51.065+0000] {processor.py:830} INFO - Processing file /home/airflow/.local/lib/python3.12/site-packages/airflow/example_dags/example_xcomargs.py for tasks to queue
[2026-05-07T20:31:51.067+0000] {logging_mixin.py:188} INFO - [2026-05-07T20:31:51.067+0000] {dagbag.py:545} INFO - Filling up the DagBag from /home/airflow/.local/lib/python3.12/site-packages/airflow/example_dags/example_xcomargs.py
[2026-05-07T20:31:51.075+0000] {processor.py:840} INFO - DAG(s) 'example_xcom_args', 'example_xcom_args_with_operators' retrieved from /home/airflow/.local/lib/python3.12/site-packages/airflow/example_dags/example_xcomargs.py
[2026-05-07T20:31:51.098+0000] {logging_mixin.py:188} INFO - [2026-05-07T20:31:51.097+0000] {dag.py:3096} INFO - Sync 2 DAGs
[2026-05-07T20:31:51.110+0000] {logging_mixin.py:188} INFO - [2026-05-07T20:31:51.110+0000] {dag.py:3954} INFO - Setting next_dagrun for example_xcom_args to None, run_after=None
[2026-05-07T20:31:51.114+0000] {logging_mixin.py:188} INFO - [2026-05-07T20:31:51.114+0000] {dag.py:3954} INFO - Setting next_dagrun for example_xcom_args_with_operators to None, run_after=None
[2026-05-07T20:31:51.135+0000] {processor.py:183} INFO - Processing /home/airflow/.local/lib/python3.12/site-packages/airflow/example_dags/example_xcomargs.py took 0.077 seconds
[2026-05-07T20:32:22.705+0000] {processor.py:161} INFO - Started process (PID=1845) to work on /home/airflow/.local/lib/python3.12/site-packages/airflow/example_dags/example_xcomargs.py
[2026-05-07T20:32:22.707+0000] {processor.py:830} INFO - Processing file /home/airflow/.local/lib/python3.12/site-packages/airflow/example_dags/example_xcomargs.py for tasks to queue
[2026-05-07T20:32:22.709+0000] {logging_mixin.py:188} INFO - [2026-05-07T20:32:22.708+0000] {dagbag.py:545} INFO - Filling up the DagBag from /home/airflow/.local/lib/python3.12/site-packages/airflow/example_dags/example_xcomargs.py
[2026-05-07T20:32:22.717+0000] {processor.py:840} INFO - DAG(s) 'example_xcom_args_with_operators', 'example_xcom_args' retrieved from /home/airflow/.local/lib/python3.12/site-packages/airflow/example_dags/example_xcomargs.py
[2026-05-07T20:32:22.741+0000] {logging_mixin.py:188} INFO - [2026-05-07T20:32:22.741+0000] {dag.py:3096} INFO - Sync 2 DAGs
[2026-05-07T20:32:22.754+0000] {logging_mixin.py:188} INFO - [2026-05-07T20:32:22.754+0000] {dag.py:3954} INFO - Setting next_dagrun for example_xcom_args to None, run_after=None
[2026-05-07T20:32:22.760+0000] {logging_mixin.py:188} INFO - [2026-05-07T20:32:22.759+0000] {dag.py:3954} INFO - Setting next_dagrun for example_xcom_args_with_operators to None, run_after=None
[2026-05-07T20:32:22.780+0000] {processor.py:183} INFO - Processing /home/airflow/.local/lib/python3.12/site-packages/airflow/example_dags/example_xcomargs.py took 0.081 seconds
[2026-05-07T20:32:53.357+0000] {processor.py:161} INFO - Started process (PID=1903) to work on /home/airflow/.local/lib/python3.12/site-packages/airflow/example_dags/example_xcomargs.py
[2026-05-07T20:32:53.358+0000] {processor.py:830} INFO - Processing file /home/airflow/.local/lib/python3.12/site-packages/airflow/example_dags/example_xcomargs.py for tasks to queue
[2026-05-07T20:32:53.362+0000] {logging_mixin.py:188} INFO - [2026-05-07T20:32:53.361+0000] {dagbag.py:545} INFO - Filling up the DagBag from /home/airflow/.local/lib/python3.12/site-packages/airflow/example_dags/example_xcomargs.py
[2026-05-07T20:32:53.371+0000] {processor.py:840} INFO - DAG(s) 'example_xcom_args_with_operators', 'example_xcom_args' retrieved from /home/airflow/.local/lib/python3.12/site-packages/airflow/example_dags/example_xcomargs.py
[2026-05-07T20:32:53.397+0000] {logging_mixin.py:188} INFO - [2026-05-07T20:32:53.397+0000] {dag.py:3096} INFO - Sync 2 DAGs
[2026-05-07T20:32:53.409+0000] {logging_mixin.py:188} INFO - [2026-05-07T20:32:53.409+0000] {dag.py:3954} INFO - Setting next_dagrun for example_xcom_args to None, run_after=None
[2026-05-07T20:32:53.414+0000] {logging_mixin.py:188} INFO - [2026-05-07T20:32:53.413+0000] {dag.py:3954} INFO - Setting next_dagrun for example_xcom_args_with_operators to None, run_after=None
[2026-05-07T20:32:53.433+0000] {processor.py:183} INFO - Processing /home/airflow/.local/lib/python3.12/site-packages/airflow/example_dags/example_xcomargs.py took 0.082 seconds
[2026-05-07T20:33:24.250+0000] {processor.py:161} INFO - Started process (PID=1961) to work on /home/airflow/.local/lib/python3.12/site-packages/airflow/example_dags/example_xcomargs.py
[2026-05-07T20:33:24.252+0000] {processor.py:830} INFO - Processing file /home/airflow/.local/lib/python3.12/site-packages/airflow/example_dags/example_xcomargs.py for tasks to queue
[2026-05-07T20:33:24.254+0000] {logging_mixin.py:188} INFO - [2026-05-07T20:33:24.254+0000] {dagbag.py:545} INFO - Filling up the DagBag from /home/airflow/.local/lib/python3.12/site-packages/airflow/example_dags/example_xcomargs.py
[2026-05-07T20:33:24.261+0000] {processor.py:840} INFO - DAG(s) 'example_xcom_args_with_operators', 'example_xcom_args' retrieved from /home/airflow/.local/lib/python3.12/site-packages/airflow/example_dags/example_xcomargs.py
[2026-05-07T20:33:24.282+0000] {logging_mixin.py:188} INFO - [2026-05-07T20:33:24.282+0000] {dag.py:3096} INFO - Sync 2 DAGs
[2026-05-07T20:33:24.293+0000] {logging_mixin.py:188} INFO - [2026-05-07T20:33:24.292+0000] {dag.py:3954} INFO - Setting next_dagrun for example_xcom_args to None, run_after=None
[2026-05-07T20:33:24.296+0000] {logging_mixin.py:188} INFO - [2026-05-07T20:33:24.296+0000] {dag.py:3954} INFO - Setting next_dagrun for example_xcom_args_with_operators to None, run_after=None
[2026-05-07T20:33:24.315+0000] {processor.py:183} INFO - Processing /home/airflow/.local/lib/python3.12/site-packages/airflow/example_dags/example_xcomargs.py took 0.070 seconds
[2026-05-07T20:33:55.232+0000] {processor.py:161} INFO - Started process (PID=2019) to work on /home/airflow/.local/lib/python3.12/site-packages/airflow/example_dags/example_xcomargs.py
[2026-05-07T20:33:55.233+0000] {processor.py:830} INFO - Processing file /home/airflow/.local/lib/python3.12/site-packages/airflow/example_dags/example_xcomargs.py for tasks to queue
[2026-05-07T20:33:55.236+0000] {logging_mixin.py:188} INFO - [2026-05-07T20:33:55.236+0000] {dagbag.py:545} INFO - Filling up the DagBag from /home/airflow/.local/lib/python3.12/site-packages/airflow/example_dags/example_xcomargs.py
[2026-05-07T20:33:55.243+0000] {processor.py:840} INFO - DAG(s) 'example_xcom_args_with_operators', 'example_xcom_args' retrieved from /home/airflow/.local/lib/python3.12/site-packages/airflow/example_dags/example_xcomargs.py
[2026-05-07T20:33:55.274+0000] {logging_mixin.py:188} INFO - [2026-05-07T20:33:55.274+0000] {dag.py:3096} INFO - Sync 2 DAGs
[2026-05-07T20:33:55.286+0000] {logging_mixin.py:188} INFO - [2026-05-07T20:33:55.286+0000] {dag.py:3954} INFO - Setting next_dagrun for example_xcom_args to None, run_after=None
[2026-05-07T20:33:55.290+0000] {logging_mixin.py:188} INFO - [2026-05-07T20:33:55.290+0000] {dag.py:3954} INFO - Setting next_dagrun for example_xcom_args_with_operators to None, run_after=None
[2026-05-07T20:33:55.313+0000] {processor.py:183} INFO - Processing /home/airflow/.local/lib/python3.12/site-packages/airflow/example_dags/example_xcomargs.py took 0.088 seconds
[2026-05-07T20:34:25.720+0000] {processor.py:161} INFO - Started process (PID=2078) to work on /home/airflow/.local/lib/python3.12/site-packages/airflow/example_dags/example_xcomargs.py
[2026-05-07T20:34:25.722+0000] {processor.py:830} INFO - Processing file /home/airflow/.local/lib/python3.12/site-packages/airflow/example_dags/example_xcomargs.py for tasks to queue
[2026-05-07T20:34:25.724+0000] {logging_mixin.py:188} INFO - [2026-05-07T20:34:25.723+0000] {dagbag.py:545} INFO - Filling up the DagBag from /home/airflow/.local/lib/python3.12/site-packages/airflow/example_dags/example_xcomargs.py
[2026-05-07T20:34:25.732+0000] {processor.py:840} INFO - DAG(s) 'example_xcom_args', 'example_xcom_args_with_operators' retrieved from /home/airflow/.local/lib/python3.12/site-packages/airflow/example_dags/example_xcomargs.py
[2026-05-07T20:34:25.753+0000] {logging_mixin.py:188} INFO - [2026-05-07T20:34:25.753+0000] {dag.py:3096} INFO - Sync 2 DAGs
[2026-05-07T20:34:25.765+0000] {logging_mixin.py:188} INFO - [2026-05-07T20:34:25.765+0000] {dag.py:3954} INFO - Setting next_dagrun for example_xcom_args to None, run_after=None
[2026-05-07T20:34:25.769+0000] {logging_mixin.py:188} INFO - [2026-05-07T20:34:25.769+0000] {dag.py:3954} INFO - Setting next_dagrun for example_xcom_args_with_operators to None, run_after=None
[2026-05-07T20:34:25.787+0000] {processor.py:183} INFO - Processing /home/airflow/.local/lib/python3.12/site-packages/airflow/example_dags/example_xcomargs.py took 0.071 seconds
[2026-05-07T20:34:56.223+0000] {processor.py:161} INFO - Started process (PID=2136) to work on /home/airflow/.local/lib/python3.12/site-packages/airflow/example_dags/example_xcomargs.py
[2026-05-07T20:34:56.224+0000] {processor.py:830} INFO - Processing file /home/airflow/.local/lib/python3.12/site-packages/airflow/example_dags/example_xcomargs.py for tasks to queue
[2026-05-07T20:34:56.226+0000] {logging_mixin.py:188} INFO - [2026-05-07T20:34:56.226+0000] {dagbag.py:545} INFO - Filling up the DagBag from /home/airflow/.local/lib/python3.12/site-packages/airflow/example_dags/example_xcomargs.py
[2026-05-07T20:34:56.234+0000] {processor.py:840} INFO - DAG(s) 'example_xcom_args_with_operators', 'example_xcom_args' retrieved from /home/airflow/.local/lib/python3.12/site-packages/airflow/example_dags/example_xcomargs.py
[2026-05-07T20:34:56.260+0000] {logging_mixin.py:188} INFO - [2026-05-07T20:34:56.260+0000] {dag.py:3096} INFO - Sync 2 DAGs
[2026-05-07T20:34:56.272+0000] {logging_mixin.py:188} INFO - [2026-05-07T20:34:56.272+0000] {dag.py:3954} INFO - Setting next_dagrun for example_xcom_args to None, run_after=None
[2026-05-07T20:34:56.276+0000] {logging_mixin.py:188} INFO - [2026-05-07T20:34:56.276+0000] {dag.py:3954} INFO - Setting next_dagrun for example_xcom_args_with_operators to None, run_after=None
[2026-05-07T20:34:56.294+0000] {processor.py:183} INFO - Processing /home/airflow/.local/lib/python3.12/site-packages/airflow/example_dags/example_xcomargs.py took 0.076 seconds
[2026-05-07T20:35:26.527+0000] {processor.py:161} INFO - Started process (PID=2194) to work on /home/airflow/.local/lib/python3.12/site-packages/airflow/example_dags/example_xcomargs.py
[2026-05-07T20:35:26.529+0000] {processor.py:830} INFO - Processing file /home/airflow/.local/lib/python3.12/site-packages/airflow/example_dags/example_xcomargs.py for tasks to queue
[2026-05-07T20:35:26.531+0000] {logging_mixin.py:188} INFO - [2026-05-07T20:35:26.531+0000] {dagbag.py:545} INFO - Filling up the DagBag from /home/airflow/.local/lib/python3.12/site-packages/airflow/example_dags/example_xcomargs.py
[2026-05-07T20:35:26.540+0000] {processor.py:840} INFO - DAG(s) 'example_xcom_args', 'example_xcom_args_with_operators' retrieved from /home/airflow/.local/lib/python3.12/site-packages/airflow/example_dags/example_xcomargs.py
[2026-05-07T20:35:26.562+0000] {logging_mixin.py:188} INFO - [2026-05-07T20:35:26.562+0000] {dag.py:3096} INFO - Sync 2 DAGs
[2026-05-07T20:35:26.574+0000] {logging_mixin.py:188} INFO - [2026-05-07T20:35:26.574+0000] {dag.py:3954} INFO - Setting next_dagrun for example_xcom_args to None, run_after=None
[2026-05-07T20:35:26.579+0000] {logging_mixin.py:188} INFO - [2026-05-07T20:35:26.579+0000] {dag.py:3954} INFO - Setting next_dagrun for example_xcom_args_with_operators to None, run_after=None
[2026-05-07T20:35:26.599+0000] {processor.py:183} INFO - Processing /home/airflow/.local/lib/python3.12/site-packages/airflow/example_dags/example_xcomargs.py took 0.079 seconds
[2026-05-07T20:35:57.385+0000] {processor.py:161} INFO - Started process (PID=2252) to work on /home/airflow/.local/lib/python3.12/site-packages/airflow/example_dags/example_xcomargs.py
[2026-05-07T20:35:57.386+0000] {processor.py:830} INFO - Processing file /home/airflow/.local/lib/python3.12/site-packages/airflow/example_dags/example_xcomargs.py for tasks to queue
[2026-05-07T20:35:57.388+0000] {logging_mixin.py:188} INFO - [2026-05-07T20:35:57.388+0000] {dagbag.py:545} INFO - Filling up the DagBag from /home/airflow/.local/lib/python3.12/site-packages/airflow/example_dags/example_xcomargs.py
[2026-05-07T20:35:57.399+0000] {processor.py:840} INFO - DAG(s) 'example_xcom_args_with_operators', 'example_xcom_args' retrieved from /home/airflow/.local/lib/python3.12/site-packages/airflow/example_dags/example_xcomargs.py
[2026-05-07T20:35:57.425+0000] {logging_mixin.py:188} INFO - [2026-05-07T20:35:57.424+0000] {dag.py:3096} INFO - Sync 2 DAGs
[2026-05-07T20:35:57.437+0000] {logging_mixin.py:188} INFO - [2026-05-07T20:35:57.437+0000] {dag.py:3954} INFO - Setting next_dagrun for example_xcom_args to None, run_after=None
[2026-05-07T20:35:57.441+0000] {logging_mixin.py:188} INFO - [2026-05-07T20:35:57.441+0000] {dag.py:3954} INFO - Setting next_dagrun for example_xcom_args_with_operators to None, run_after=None
[2026-05-07T20:35:57.460+0000] {processor.py:183} INFO - Processing /home/airflow/.local/lib/python3.12/site-packages/airflow/example_dags/example_xcomargs.py took 0.082 seconds
[2026-05-07T20:36:28.043+0000] {processor.py:161} INFO - Started process (PID=2311) to work on /home/airflow/.local/lib/python3.12/site-packages/airflow/example_dags/example_xcomargs.py
[2026-05-07T20:36:28.045+0000] {processor.py:830} INFO - Processing file /home/airflow/.local/lib/python3.12/site-packages/airflow/example_dags/example_xcomargs.py for tasks to queue
[2026-05-07T20:36:28.048+0000] {logging_mixin.py:188} INFO - [2026-05-07T20:36:28.047+0000] {dagbag.py:545} INFO - Filling up the DagBag from /home/airflow/.local/lib/python3.12/site-packages/airflow/example_dags/example_xcomargs.py
[2026-05-07T20:36:28.056+0000] {processor.py:840} INFO - DAG(s) 'example_xcom_args', 'example_xcom_args_with_operators' retrieved from /home/airflow/.local/lib/python3.12/site-packages/airflow/example_dags/example_xcomargs.py
[2026-05-07T20:36:28.079+0000] {logging_mixin.py:188} INFO - [2026-05-07T20:36:28.079+0000] {dag.py:3096} INFO - Sync 2 DAGs
[2026-05-07T20:36:28.091+0000] {logging_mixin.py:188} INFO - [2026-05-07T20:36:28.090+0000] {dag.py:3954} INFO - Setting next_dagrun for example_xcom_args to None, run_after=None
[2026-05-07T20:36:28.095+0000] {logging_mixin.py:188} INFO - [2026-05-07T20:36:28.095+0000] {dag.py:3954} INFO - Setting next_dagrun for example_xcom_args_with_operators to None, run_after=None
[2026-05-07T20:36:28.115+0000] {processor.py:183} INFO - Processing /home/airflow/.local/lib/python3.12/site-packages/airflow/example_dags/example_xcomargs.py took 0.078 seconds
[2026-05-07T20:36:58.528+0000] {processor.py:161} INFO - Started process (PID=2369) to work on /home/airflow/.local/lib/python3.12/site-packages/airflow/example_dags/example_xcomargs.py
[2026-05-07T20:36:58.529+0000] {processor.py:830} INFO - Processing file /home/airflow/.local/lib/python3.12/site-packages/airflow/example_dags/example_xcomargs.py for tasks to queue
[2026-05-07T20:36:58.532+0000] {logging_mixin.py:188} INFO - [2026-05-07T20:36:58.531+0000] {dagbag.py:545} INFO - Filling up the DagBag from /home/airflow/.local/lib/python3.12/site-packages/airflow/example_dags/example_xcomargs.py
[2026-05-07T20:36:58.541+0000] {processor.py:840} INFO - DAG(s) 'example_xcom_args_with_operators', 'example_xcom_args' retrieved from /home/airflow/.local/lib/python3.12/site-packages/airflow/example_dags/example_xcomargs.py
[2026-05-07T20:36:58.563+0000] {logging_mixin.py:188} INFO - [2026-05-07T20:36:58.563+0000] {dag.py:3096} INFO - Sync 2 DAGs
[2026-05-07T20:36:58.576+0000] {logging_mixin.py:188} INFO - [2026-05-07T20:36:58.576+0000] {dag.py:3954} INFO - Setting next_dagrun for example_xcom_args to None, run_after=None
[2026-05-07T20:36:58.580+0000] {logging_mixin.py:188} INFO - [2026-05-07T20:36:58.579+0000] {dag.py:3954} INFO - Setting next_dagrun for example_xcom_args_with_operators to None, run_after=None
[2026-05-07T20:36:58.597+0000] {processor.py:183} INFO - Processing /home/airflow/.local/lib/python3.12/site-packages/airflow/example_dags/example_xcomargs.py took 0.075 seconds
[2026-05-07T20:37:29.484+0000] {processor.py:161} INFO - Started process (PID=2427) to work on /home/airflow/.local/lib/python3.12/site-packages/airflow/example_dags/example_xcomargs.py
[2026-05-07T20:37:29.485+0000] {processor.py:830} INFO - Processing file /home/airflow/.local/lib/python3.12/site-packages/airflow/example_dags/example_xcomargs.py for tasks to queue
[2026-05-07T20:37:29.487+0000] {logging_mixin.py:188} INFO - [2026-05-07T20:37:29.487+0000] {dagbag.py:545} INFO - Filling up the DagBag from /home/airflow/.local/lib/python3.12/site-packages/airflow/example_dags/example_xcomargs.py
[2026-05-07T20:37:29.495+0000] {processor.py:840} INFO - DAG(s) 'example_xcom_args', 'example_xcom_args_with_operators' retrieved from /home/airflow/.local/lib/python3.12/site-packages/airflow/example_dags/example_xcomargs.py
[2026-05-07T20:37:29.517+0000] {logging_mixin.py:188} INFO - [2026-05-07T20:37:29.517+0000] {dag.py:3096} INFO - Sync 2 DAGs
[2026-05-07T20:37:29.530+0000] {logging_mixin.py:188} INFO - [2026-05-07T20:37:29.530+0000] {dag.py:3954} INFO - Setting next_dagrun for example_xcom_args to None, run_after=None
[2026-05-07T20:37:29.534+0000] {logging_mixin.py:188} INFO - [2026-05-07T20:37:29.534+0000] {dag.py:3954} INFO - Setting next_dagrun for example_xcom_args_with_operators to None, run_after=None
[2026-05-07T20:37:29.553+0000] {processor.py:183} INFO - Processing /home/airflow/.local/lib/python3.12/site-packages/airflow/example_dags/example_xcomargs.py took 0.076 seconds
[2026-05-07T20:37:59.799+0000] {processor.py:161} INFO - Started process (PID=2485) to work on /home/airflow/.local/lib/python3.12/site-packages/airflow/example_dags/example_xcomargs.py
[2026-05-07T20:37:59.800+0000] {processor.py:830} INFO - Processing file /home/airflow/.local/lib/python3.12/site-packages/airflow/example_dags/example_xcomargs.py for tasks to queue
[2026-05-07T20:37:59.802+0000] {logging_mixin.py:188} INFO - [2026-05-07T20:37:59.802+0000] {dagbag.py:545} INFO - Filling up the DagBag from /home/airflow/.local/lib/python3.12/site-packages/airflow/example_dags/example_xcomargs.py
[2026-05-07T20:37:59.811+0000] {processor.py:840} INFO - DAG(s) 'example_xcom_args', 'example_xcom_args_with_operators' retrieved from /home/airflow/.local/lib/python3.12/site-packages/airflow/example_dags/example_xcomargs.py
[2026-05-07T20:37:59.836+0000] {logging_mixin.py:188} INFO - [2026-05-07T20:37:59.836+0000] {dag.py:3096} INFO - Sync 2 DAGs
[2026-05-07T20:37:59.848+0000] {logging_mixin.py:188} INFO - [2026-05-07T20:37:59.848+0000] {dag.py:3954} INFO - Setting next_dagrun for example_xcom_args to None, run_after=None
[2026-05-07T20:37:59.853+0000] {logging_mixin.py:188} INFO - [2026-05-07T20:37:59.853+0000] {dag.py:3954} INFO - Setting next_dagrun for example_xcom_args_with_operators to None, run_after=None
[2026-05-07T20:37:59.872+0000] {processor.py:183} INFO - Processing /home/airflow/.local/lib/python3.12/site-packages/airflow/example_dags/example_xcomargs.py took 0.079 seconds
[2026-05-07T20:38:30.286+0000] {processor.py:161} INFO - Started process (PID=2543) to work on /home/airflow/.local/lib/python3.12/site-packages/airflow/example_dags/example_xcomargs.py
[2026-05-07T20:38:30.289+0000] {processor.py:830} INFO - Processing file /home/airflow/.local/lib/python3.12/site-packages/airflow/example_dags/example_xcomargs.py for tasks to queue
[2026-05-07T20:38:30.291+0000] {logging_mixin.py:188} INFO - [2026-05-07T20:38:30.291+0000] {dagbag.py:545} INFO - Filling up the DagBag from /home/airflow/.local/lib/python3.12/site-packages/airflow/example_dags/example_xcomargs.py
[2026-05-07T20:38:30.303+0000] {processor.py:840} INFO - DAG(s) 'example_xcom_args', 'example_xcom_args_with_operators' retrieved from /home/airflow/.local/lib/python3.12/site-packages/airflow/example_dags/example_xcomargs.py
[2026-05-07T20:38:30.341+0000] {logging_mixin.py:188} INFO - [2026-05-07T20:38:30.340+0000] {dag.py:3096} INFO - Sync 2 DAGs
[2026-05-07T20:38:30.358+0000] {logging_mixin.py:188} INFO - [2026-05-07T20:38:30.358+0000] {dag.py:3954} INFO - Setting next_dagrun for example_xcom_args to None, run_after=None
[2026-05-07T20:38:30.364+0000] {logging_mixin.py:188} INFO - [2026-05-07T20:38:30.364+0000] {dag.py:3954} INFO - Setting next_dagrun for example_xcom_args_with_operators to None, run_after=None
[2026-05-07T20:38:30.392+0000] {processor.py:183} INFO - Processing /home/airflow/.local/lib/python3.12/site-packages/airflow/example_dags/example_xcomargs.py took 0.117 seconds
[2026-05-07T20:39:00.583+0000] {processor.py:161} INFO - Started process (PID=2601) to work on /home/airflow/.local/lib/python3.12/site-packages/airflow/example_dags/example_xcomargs.py
[2026-05-07T20:39:00.585+0000] {processor.py:830} INFO - Processing file /home/airflow/.local/lib/python3.12/site-packages/airflow/example_dags/example_xcomargs.py for tasks to queue
[2026-05-07T20:39:00.589+0000] {logging_mixin.py:188} INFO - [2026-05-07T20:39:00.587+0000] {dagbag.py:545} INFO - Filling up the DagBag from /home/airflow/.local/lib/python3.12/site-packages/airflow/example_dags/example_xcomargs.py
[2026-05-07T20:39:00.598+0000] {processor.py:840} INFO - DAG(s) 'example_xcom_args_with_operators', 'example_xcom_args' retrieved from /home/airflow/.local/lib/python3.12/site-packages/airflow/example_dags/example_xcomargs.py
[2026-05-07T20:39:00.622+0000] {logging_mixin.py:188} INFO - [2026-05-07T20:39:00.622+0000] {dag.py:3096} INFO - Sync 2 DAGs
[2026-05-07T20:39:00.634+0000] {logging_mixin.py:188} INFO - [2026-05-07T20:39:00.633+0000] {dag.py:3954} INFO - Setting next_dagrun for example_xcom_args to None, run_after=None
[2026-05-07T20:39:00.638+0000] {logging_mixin.py:188} INFO - [2026-05-07T20:39:00.638+0000] {dag.py:3954} INFO - Setting next_dagrun for example_xcom_args_with_operators to None, run_after=None
[2026-05-07T20:39:00.730+0000] {processor.py:183} INFO - Processing /home/airflow/.local/lib/python3.12/site-packages/airflow/example_dags/example_xcomargs.py took 0.159 seconds
[2026-05-07T20:39:31.280+0000] {processor.py:161} INFO - Started process (PID=2659) to work on /home/airflow/.local/lib/python3.12/site-packages/airflow/example_dags/example_xcomargs.py
[2026-05-07T20:39:31.281+0000] {processor.py:830} INFO - Processing file /home/airflow/.local/lib/python3.12/site-packages/airflow/example_dags/example_xcomargs.py for tasks to queue
[2026-05-07T20:39:31.284+0000] {logging_mixin.py:188} INFO - [2026-05-07T20:39:31.283+0000] {dagbag.py:545} INFO - Filling up the DagBag from /home/airflow/.local/lib/python3.12/site-packages/airflow/example_dags/example_xcomargs.py
[2026-05-07T20:39:31.293+0000] {processor.py:840} INFO - DAG(s) 'example_xcom_args', 'example_xcom_args_with_operators' retrieved from /home/airflow/.local/lib/python3.12/site-packages/airflow/example_dags/example_xcomargs.py
[2026-05-07T20:39:31.324+0000] {logging_mixin.py:188} INFO - [2026-05-07T20:39:31.324+0000] {dag.py:3096} INFO - Sync 2 DAGs
[2026-05-07T20:39:31.341+0000] {logging_mixin.py:188} INFO - [2026-05-07T20:39:31.340+0000] {dag.py:3954} INFO - Setting next_dagrun for example_xcom_args to None, run_after=None
[2026-05-07T20:39:31.345+0000] {logging_mixin.py:188} INFO - [2026-05-07T20:39:31.345+0000] {dag.py:3954} INFO - Setting next_dagrun for example_xcom_args_with_operators to None, run_after=None
[2026-05-07T20:39:31.433+0000] {processor.py:183} INFO - Processing /home/airflow/.local/lib/python3.12/site-packages/airflow/example_dags/example_xcomargs.py took 0.160 seconds
[2026-05-07T20:40:02.047+0000] {processor.py:161} INFO - Started process (PID=2717) to work on /home/airflow/.local/lib/python3.12/site-packages/airflow/example_dags/example_xcomargs.py
[2026-05-07T20:40:02.048+0000] {processor.py:830} INFO - Processing file /home/airflow/.local/lib/python3.12/site-packages/airflow/example_dags/example_xcomargs.py for tasks to queue
[2026-05-07T20:40:02.053+0000] {logging_mixin.py:188} INFO - [2026-05-07T20:40:02.053+0000] {dagbag.py:545} INFO - Filling up the DagBag from /home/airflow/.local/lib/python3.12/site-packages/airflow/example_dags/example_xcomargs.py
[2026-05-07T20:40:02.067+0000] {processor.py:840} INFO - DAG(s) 'example_xcom_args', 'example_xcom_args_with_operators' retrieved from /home/airflow/.local/lib/python3.12/site-packages/airflow/example_dags/example_xcomargs.py
[2026-05-07T20:40:02.104+0000] {logging_mixin.py:188} INFO - [2026-05-07T20:40:02.103+0000] {dag.py:3096} INFO - Sync 2 DAGs
[2026-05-07T20:40:02.125+0000] {logging_mixin.py:188} INFO - [2026-05-07T20:40:02.125+0000] {dag.py:3954} INFO - Setting next_dagrun for example_xcom_args to None, run_after=None
[2026-05-07T20:40:02.131+0000] {logging_mixin.py:188} INFO - [2026-05-07T20:40:02.130+0000] {dag.py:3954} INFO - Setting next_dagrun for example_xcom_args_with_operators to None, run_after=None
[2026-05-07T20:40:02.157+0000] {processor.py:183} INFO - Processing /home/airflow/.local/lib/python3.12/site-packages/airflow/example_dags/example_xcomargs.py took 0.120 seconds
[2026-05-07T20:40:33.041+0000] {processor.py:161} INFO - Started process (PID=2781) to work on /home/airflow/.local/lib/python3.12/site-packages/airflow/example_dags/example_xcomargs.py
[2026-05-07T20:40:33.043+0000] {processor.py:830} INFO - Processing file /home/airflow/.local/lib/python3.12/site-packages/airflow/example_dags/example_xcomargs.py for tasks to queue
[2026-05-07T20:40:33.045+0000] {logging_mixin.py:188} INFO - [2026-05-07T20:40:33.045+0000] {dagbag.py:545} INFO - Filling up the DagBag from /home/airflow/.local/lib/python3.12/site-packages/airflow/example_dags/example_xcomargs.py
[2026-05-07T20:40:33.054+0000] {processor.py:840} INFO - DAG(s) 'example_xcom_args_with_operators', 'example_xcom_args' retrieved from /home/airflow/.local/lib/python3.12/site-packages/airflow/example_dags/example_xcomargs.py
[2026-05-07T20:40:33.084+0000] {logging_mixin.py:188} INFO - [2026-05-07T20:40:33.083+0000] {dag.py:3096} INFO - Sync 2 DAGs
[2026-05-07T20:40:33.097+0000] {logging_mixin.py:188} INFO - [2026-05-07T20:40:33.097+0000] {dag.py:3954} INFO - Setting next_dagrun for example_xcom_args to None, run_after=None
[2026-05-07T20:40:33.102+0000] {logging_mixin.py:188} INFO - [2026-05-07T20:40:33.101+0000] {dag.py:3954} INFO - Setting next_dagrun for example_xcom_args_with_operators to None, run_after=None
[2026-05-07T20:40:33.127+0000] {processor.py:183} INFO - Processing /home/airflow/.local/lib/python3.12/site-packages/airflow/example_dags/example_xcomargs.py took 0.093 seconds
[2026-05-07T20:41:03.546+0000] {processor.py:161} INFO - Started process (PID=2839) to work on /home/airflow/.local/lib/python3.12/site-packages/airflow/example_dags/example_xcomargs.py
[2026-05-07T20:41:03.548+0000] {processor.py:830} INFO - Processing file /home/airflow/.local/lib/python3.12/site-packages/airflow/example_dags/example_xcomargs.py for tasks to queue
[2026-05-07T20:41:03.550+0000] {logging_mixin.py:188} INFO - [2026-05-07T20:41:03.550+0000] {dagbag.py:545} INFO - Filling up the DagBag from /home/airflow/.local/lib/python3.12/site-packages/airflow/example_dags/example_xcomargs.py
[2026-05-07T20:41:03.559+0000] {processor.py:840} INFO - DAG(s) 'example_xcom_args', 'example_xcom_args_with_operators' retrieved from /home/airflow/.local/lib/python3.12/site-packages/airflow/example_dags/example_xcomargs.py
[2026-05-07T20:41:03.586+0000] {logging_mixin.py:188} INFO - [2026-05-07T20:41:03.586+0000] {dag.py:3096} INFO - Sync 2 DAGs
[2026-05-07T20:41:03.599+0000] {logging_mixin.py:188} INFO - [2026-05-07T20:41:03.599+0000] {dag.py:3954} INFO - Setting next_dagrun for example_xcom_args to None, run_after=None
[2026-05-07T20:41:03.604+0000] {logging_mixin.py:188} INFO - [2026-05-07T20:41:03.603+0000] {dag.py:3954} INFO - Setting next_dagrun for example_xcom_args_with_operators to None, run_after=None
[2026-05-07T20:41:03.621+0000] {processor.py:183} INFO - Processing /home/airflow/.local/lib/python3.12/site-packages/airflow/example_dags/example_xcomargs.py took 0.082 seconds
[2026-05-07T20:41:33.992+0000] {processor.py:161} INFO - Started process (PID=2897) to work on /home/airflow/.local/lib/python3.12/site-packages/airflow/example_dags/example_xcomargs.py
[2026-05-07T20:41:33.994+0000] {processor.py:830} INFO - Processing file /home/airflow/.local/lib/python3.12/site-packages/airflow/example_dags/example_xcomargs.py for tasks to queue
[2026-05-07T20:41:34.015+0000] {logging_mixin.py:188} INFO - [2026-05-07T20:41:34.014+0000] {dagbag.py:545} INFO - Filling up the DagBag from /home/airflow/.local/lib/python3.12/site-packages/airflow/example_dags/example_xcomargs.py
[2026-05-07T20:41:34.032+0000] {processor.py:840} INFO - DAG(s) 'example_xcom_args_with_operators', 'example_xcom_args' retrieved from /home/airflow/.local/lib/python3.12/site-packages/airflow/example_dags/example_xcomargs.py
[2026-05-07T20:41:34.075+0000] {logging_mixin.py:188} INFO - [2026-05-07T20:41:34.075+0000] {dag.py:3096} INFO - Sync 2 DAGs
[2026-05-07T20:41:34.101+0000] {logging_mixin.py:188} INFO - [2026-05-07T20:41:34.101+0000] {dag.py:3954} INFO - Setting next_dagrun for example_xcom_args to None, run_after=None
[2026-05-07T20:41:34.106+0000] {logging_mixin.py:188} INFO - [2026-05-07T20:41:34.106+0000] {dag.py:3954} INFO - Setting next_dagrun for example_xcom_args_with_operators to None, run_after=None
[2026-05-07T20:41:34.127+0000] {processor.py:183} INFO - Processing /home/airflow/.local/lib/python3.12/site-packages/airflow/example_dags/example_xcomargs.py took 0.147 seconds
[2026-05-07T20:42:04.423+0000] {processor.py:161} INFO - Started process (PID=2955) to work on /home/airflow/.local/lib/python3.12/site-packages/airflow/example_dags/example_xcomargs.py
[2026-05-07T20:42:04.424+0000] {processor.py:830} INFO - Processing file /home/airflow/.local/lib/python3.12/site-packages/airflow/example_dags/example_xcomargs.py for tasks to queue
[2026-05-07T20:42:04.427+0000] {logging_mixin.py:188} INFO - [2026-05-07T20:42:04.426+0000] {dagbag.py:545} INFO - Filling up the DagBag from /home/airflow/.local/lib/python3.12/site-packages/airflow/example_dags/example_xcomargs.py
[2026-05-07T20:42:04.435+0000] {processor.py:840} INFO - DAG(s) 'example_xcom_args', 'example_xcom_args_with_operators' retrieved from /home/airflow/.local/lib/python3.12/site-packages/airflow/example_dags/example_xcomargs.py
[2026-05-07T20:42:04.458+0000] {logging_mixin.py:188} INFO - [2026-05-07T20:42:04.458+0000] {dag.py:3096} INFO - Sync 2 DAGs
[2026-05-07T20:42:04.470+0000] {logging_mixin.py:188} INFO - [2026-05-07T20:42:04.470+0000] {dag.py:3954} INFO - Setting next_dagrun for example_xcom_args to None, run_after=None
[2026-05-07T20:42:04.475+0000] {logging_mixin.py:188} INFO - [2026-05-07T20:42:04.474+0000] {dag.py:3954} INFO - Setting next_dagrun for example_xcom_args_with_operators to None, run_after=None
[2026-05-07T20:42:04.492+0000] {processor.py:183} INFO - Processing /home/airflow/.local/lib/python3.12/site-packages/airflow/example_dags/example_xcomargs.py took 0.075 seconds
[2026-05-07T20:42:34.820+0000] {processor.py:161} INFO - Started process (PID=3013) to work on /home/airflow/.local/lib/python3.12/site-packages/airflow/example_dags/example_xcomargs.py
[2026-05-07T20:42:34.822+0000] {processor.py:830} INFO - Processing file /home/airflow/.local/lib/python3.12/site-packages/airflow/example_dags/example_xcomargs.py for tasks to queue
[2026-05-07T20:42:34.824+0000] {logging_mixin.py:188} INFO - [2026-05-07T20:42:34.824+0000] {dagbag.py:545} INFO - Filling up the DagBag from /home/airflow/.local/lib/python3.12/site-packages/airflow/example_dags/example_xcomargs.py
[2026-05-07T20:42:34.835+0000] {processor.py:840} INFO - DAG(s) 'example_xcom_args', 'example_xcom_args_with_operators' retrieved from /home/airflow/.local/lib/python3.12/site-packages/airflow/example_dags/example_xcomargs.py
[2026-05-07T20:42:34.859+0000] {logging_mixin.py:188} INFO - [2026-05-07T20:42:34.859+0000] {dag.py:3096} INFO - Sync 2 DAGs
[2026-05-07T20:42:34.872+0000] {logging_mixin.py:188} INFO - [2026-05-07T20:42:34.872+0000] {dag.py:3954} INFO - Setting next_dagrun for example_xcom_args to None, run_after=None
[2026-05-07T20:42:34.876+0000] {logging_mixin.py:188} INFO - [2026-05-07T20:42:34.876+0000] {dag.py:3954} INFO - Setting next_dagrun for example_xcom_args_with_operators to None, run_after=None
[2026-05-07T20:42:34.893+0000] {processor.py:183} INFO - Processing /home/airflow/.local/lib/python3.12/site-packages/airflow/example_dags/example_xcomargs.py took 0.080 seconds
