[2026-05-07T20:17:03.004+0000] {processor.py:161} INFO - Started process (PID=98) to work on /home/airflow/.local/lib/python3.12/site-packages/airflow/example_dags/example_sla_dag.py
[2026-05-07T20:17:03.006+0000] {processor.py:830} INFO - Processing file /home/airflow/.local/lib/python3.12/site-packages/airflow/example_dags/example_sla_dag.py for tasks to queue
[2026-05-07T20:17:03.009+0000] {logging_mixin.py:188} INFO - [2026-05-07T20:17:03.009+0000] {dagbag.py:545} INFO - Filling up the DagBag from /home/airflow/.local/lib/python3.12/site-packages/airflow/example_dags/example_sla_dag.py
[2026-05-07T20:17:03.026+0000] {processor.py:840} INFO - DAG(s) 'example_sla_dag' retrieved from /home/airflow/.local/lib/python3.12/site-packages/airflow/example_dags/example_sla_dag.py
[2026-05-07T20:17:03.199+0000] {logging_mixin.py:188} INFO - [2026-05-07T20:17:03.199+0000] {dag.py:3096} INFO - Sync 1 DAGs
[2026-05-07T20:17:03.238+0000] {logging_mixin.py:188} INFO - [2026-05-07T20:17:03.237+0000] {dag.py:3954} INFO - Setting next_dagrun for example_sla_dag to 2026-05-07 20:14:00+00:00, run_after=2026-05-07 20:16:00+00:00
[2026-05-07T20:17:03.268+0000] {processor.py:183} INFO - Processing /home/airflow/.local/lib/python3.12/site-packages/airflow/example_dags/example_sla_dag.py took 0.271 seconds
[2026-05-07T20:17:33.411+0000] {processor.py:161} INFO - Started process (PID=156) to work on /home/airflow/.local/lib/python3.12/site-packages/airflow/example_dags/example_sla_dag.py
[2026-05-07T20:17:33.413+0000] {processor.py:830} INFO - Processing file /home/airflow/.local/lib/python3.12/site-packages/airflow/example_dags/example_sla_dag.py for tasks to queue
[2026-05-07T20:17:33.415+0000] {logging_mixin.py:188} INFO - [2026-05-07T20:17:33.415+0000] {dagbag.py:545} INFO - Filling up the DagBag from /home/airflow/.local/lib/python3.12/site-packages/airflow/example_dags/example_sla_dag.py
[2026-05-07T20:17:33.426+0000] {processor.py:840} INFO - DAG(s) 'example_sla_dag' retrieved from /home/airflow/.local/lib/python3.12/site-packages/airflow/example_dags/example_sla_dag.py
[2026-05-07T20:17:33.452+0000] {logging_mixin.py:188} INFO - [2026-05-07T20:17:33.451+0000] {dag.py:3096} INFO - Sync 1 DAGs
[2026-05-07T20:17:33.485+0000] {logging_mixin.py:188} INFO - [2026-05-07T20:17:33.485+0000] {dag.py:3954} INFO - Setting next_dagrun for example_sla_dag to 2026-05-07 20:14:00+00:00, run_after=2026-05-07 20:16:00+00:00
[2026-05-07T20:17:33.522+0000] {processor.py:183} INFO - Processing /home/airflow/.local/lib/python3.12/site-packages/airflow/example_dags/example_sla_dag.py took 0.116 seconds
[2026-05-07T20:18:03.836+0000] {processor.py:161} INFO - Started process (PID=214) to work on /home/airflow/.local/lib/python3.12/site-packages/airflow/example_dags/example_sla_dag.py
[2026-05-07T20:18:03.841+0000] {processor.py:830} INFO - Processing file /home/airflow/.local/lib/python3.12/site-packages/airflow/example_dags/example_sla_dag.py for tasks to queue
[2026-05-07T20:18:03.843+0000] {logging_mixin.py:188} INFO - [2026-05-07T20:18:03.843+0000] {dagbag.py:545} INFO - Filling up the DagBag from /home/airflow/.local/lib/python3.12/site-packages/airflow/example_dags/example_sla_dag.py
[2026-05-07T20:18:03.857+0000] {processor.py:840} INFO - DAG(s) 'example_sla_dag' retrieved from /home/airflow/.local/lib/python3.12/site-packages/airflow/example_dags/example_sla_dag.py
[2026-05-07T20:18:03.879+0000] {logging_mixin.py:188} INFO - [2026-05-07T20:18:03.879+0000] {dag.py:3096} INFO - Sync 1 DAGs
[2026-05-07T20:18:03.907+0000] {logging_mixin.py:188} INFO - [2026-05-07T20:18:03.907+0000] {dag.py:3954} INFO - Setting next_dagrun for example_sla_dag to 2026-05-07 20:16:00+00:00, run_after=2026-05-07 20:18:00+00:00
[2026-05-07T20:18:03.930+0000] {processor.py:183} INFO - Processing /home/airflow/.local/lib/python3.12/site-packages/airflow/example_dags/example_sla_dag.py took 0.101 seconds
[2026-05-07T20:18:34.628+0000] {processor.py:161} INFO - Started process (PID=272) to work on /home/airflow/.local/lib/python3.12/site-packages/airflow/example_dags/example_sla_dag.py
[2026-05-07T20:18:34.631+0000] {processor.py:830} INFO - Processing file /home/airflow/.local/lib/python3.12/site-packages/airflow/example_dags/example_sla_dag.py for tasks to queue
[2026-05-07T20:18:34.633+0000] {logging_mixin.py:188} INFO - [2026-05-07T20:18:34.633+0000] {dagbag.py:545} INFO - Filling up the DagBag from /home/airflow/.local/lib/python3.12/site-packages/airflow/example_dags/example_sla_dag.py
[2026-05-07T20:18:34.641+0000] {processor.py:840} INFO - DAG(s) 'example_sla_dag' retrieved from /home/airflow/.local/lib/python3.12/site-packages/airflow/example_dags/example_sla_dag.py
[2026-05-07T20:18:34.666+0000] {logging_mixin.py:188} INFO - [2026-05-07T20:18:34.666+0000] {dag.py:3096} INFO - Sync 1 DAGs
[2026-05-07T20:18:34.694+0000] {logging_mixin.py:188} INFO - [2026-05-07T20:18:34.693+0000] {dag.py:3954} INFO - Setting next_dagrun for example_sla_dag to 2026-05-07 20:16:00+00:00, run_after=2026-05-07 20:18:00+00:00
[2026-05-07T20:18:34.723+0000] {processor.py:183} INFO - Processing /home/airflow/.local/lib/python3.12/site-packages/airflow/example_dags/example_sla_dag.py took 0.102 seconds
[2026-05-07T20:19:05.090+0000] {processor.py:161} INFO - Started process (PID=330) to work on /home/airflow/.local/lib/python3.12/site-packages/airflow/example_dags/example_sla_dag.py
[2026-05-07T20:19:05.091+0000] {processor.py:830} INFO - Processing file /home/airflow/.local/lib/python3.12/site-packages/airflow/example_dags/example_sla_dag.py for tasks to queue
[2026-05-07T20:19:05.094+0000] {logging_mixin.py:188} INFO - [2026-05-07T20:19:05.093+0000] {dagbag.py:545} INFO - Filling up the DagBag from /home/airflow/.local/lib/python3.12/site-packages/airflow/example_dags/example_sla_dag.py
[2026-05-07T20:19:05.109+0000] {processor.py:840} INFO - DAG(s) 'example_sla_dag' retrieved from /home/airflow/.local/lib/python3.12/site-packages/airflow/example_dags/example_sla_dag.py
[2026-05-07T20:19:05.144+0000] {logging_mixin.py:188} INFO - [2026-05-07T20:19:05.143+0000] {dag.py:3096} INFO - Sync 1 DAGs
[2026-05-07T20:19:05.184+0000] {logging_mixin.py:188} INFO - [2026-05-07T20:19:05.184+0000] {dag.py:3954} INFO - Setting next_dagrun for example_sla_dag to 2026-05-07 20:16:00+00:00, run_after=2026-05-07 20:18:00+00:00
[2026-05-07T20:19:05.222+0000] {processor.py:183} INFO - Processing /home/airflow/.local/lib/python3.12/site-packages/airflow/example_dags/example_sla_dag.py took 0.139 seconds
[2026-05-07T20:19:35.486+0000] {processor.py:161} INFO - Started process (PID=388) to work on /home/airflow/.local/lib/python3.12/site-packages/airflow/example_dags/example_sla_dag.py
[2026-05-07T20:19:35.490+0000] {processor.py:830} INFO - Processing file /home/airflow/.local/lib/python3.12/site-packages/airflow/example_dags/example_sla_dag.py for tasks to queue
[2026-05-07T20:19:35.492+0000] {logging_mixin.py:188} INFO - [2026-05-07T20:19:35.492+0000] {dagbag.py:545} INFO - Filling up the DagBag from /home/airflow/.local/lib/python3.12/site-packages/airflow/example_dags/example_sla_dag.py
[2026-05-07T20:19:35.501+0000] {processor.py:840} INFO - DAG(s) 'example_sla_dag' retrieved from /home/airflow/.local/lib/python3.12/site-packages/airflow/example_dags/example_sla_dag.py
[2026-05-07T20:19:35.526+0000] {logging_mixin.py:188} INFO - [2026-05-07T20:19:35.526+0000] {dag.py:3096} INFO - Sync 1 DAGs
[2026-05-07T20:19:35.554+0000] {logging_mixin.py:188} INFO - [2026-05-07T20:19:35.554+0000] {dag.py:3954} INFO - Setting next_dagrun for example_sla_dag to 2026-05-07 20:16:00+00:00, run_after=2026-05-07 20:18:00+00:00
[2026-05-07T20:19:35.591+0000] {processor.py:183} INFO - Processing /home/airflow/.local/lib/python3.12/site-packages/airflow/example_dags/example_sla_dag.py took 0.111 seconds
[2026-05-07T20:20:05.997+0000] {processor.py:161} INFO - Started process (PID=446) to work on /home/airflow/.local/lib/python3.12/site-packages/airflow/example_dags/example_sla_dag.py
[2026-05-07T20:20:05.999+0000] {processor.py:830} INFO - Processing file /home/airflow/.local/lib/python3.12/site-packages/airflow/example_dags/example_sla_dag.py for tasks to queue
[2026-05-07T20:20:06.001+0000] {logging_mixin.py:188} INFO - [2026-05-07T20:20:06.001+0000] {dagbag.py:545} INFO - Filling up the DagBag from /home/airflow/.local/lib/python3.12/site-packages/airflow/example_dags/example_sla_dag.py
[2026-05-07T20:20:06.009+0000] {processor.py:840} INFO - DAG(s) 'example_sla_dag' retrieved from /home/airflow/.local/lib/python3.12/site-packages/airflow/example_dags/example_sla_dag.py
[2026-05-07T20:20:06.029+0000] {logging_mixin.py:188} INFO - [2026-05-07T20:20:06.029+0000] {dag.py:3096} INFO - Sync 1 DAGs
[2026-05-07T20:20:06.051+0000] {logging_mixin.py:188} INFO - [2026-05-07T20:20:06.051+0000] {dag.py:3954} INFO - Setting next_dagrun for example_sla_dag to 2026-05-07 20:18:00+00:00, run_after=2026-05-07 20:20:00+00:00
[2026-05-07T20:20:06.074+0000] {processor.py:183} INFO - Processing /home/airflow/.local/lib/python3.12/site-packages/airflow/example_dags/example_sla_dag.py took 0.083 seconds
[2026-05-07T20:20:36.522+0000] {processor.py:161} INFO - Started process (PID=504) to work on /home/airflow/.local/lib/python3.12/site-packages/airflow/example_dags/example_sla_dag.py
[2026-05-07T20:20:36.524+0000] {processor.py:830} INFO - Processing file /home/airflow/.local/lib/python3.12/site-packages/airflow/example_dags/example_sla_dag.py for tasks to queue
[2026-05-07T20:20:36.526+0000] {logging_mixin.py:188} INFO - [2026-05-07T20:20:36.526+0000] {dagbag.py:545} INFO - Filling up the DagBag from /home/airflow/.local/lib/python3.12/site-packages/airflow/example_dags/example_sla_dag.py
[2026-05-07T20:20:36.534+0000] {processor.py:840} INFO - DAG(s) 'example_sla_dag' retrieved from /home/airflow/.local/lib/python3.12/site-packages/airflow/example_dags/example_sla_dag.py
[2026-05-07T20:20:36.553+0000] {logging_mixin.py:188} INFO - [2026-05-07T20:20:36.553+0000] {dag.py:3096} INFO - Sync 1 DAGs
[2026-05-07T20:20:36.574+0000] {logging_mixin.py:188} INFO - [2026-05-07T20:20:36.573+0000] {dag.py:3954} INFO - Setting next_dagrun for example_sla_dag to 2026-05-07 20:18:00+00:00, run_after=2026-05-07 20:20:00+00:00
[2026-05-07T20:20:36.592+0000] {processor.py:183} INFO - Processing /home/airflow/.local/lib/python3.12/site-packages/airflow/example_dags/example_sla_dag.py took 0.075 seconds
[2026-05-07T20:21:06.688+0000] {processor.py:161} INFO - Started process (PID=562) to work on /home/airflow/.local/lib/python3.12/site-packages/airflow/example_dags/example_sla_dag.py
[2026-05-07T20:21:06.690+0000] {processor.py:830} INFO - Processing file /home/airflow/.local/lib/python3.12/site-packages/airflow/example_dags/example_sla_dag.py for tasks to queue
[2026-05-07T20:21:06.693+0000] {logging_mixin.py:188} INFO - [2026-05-07T20:21:06.692+0000] {dagbag.py:545} INFO - Filling up the DagBag from /home/airflow/.local/lib/python3.12/site-packages/airflow/example_dags/example_sla_dag.py
[2026-05-07T20:21:06.701+0000] {processor.py:840} INFO - DAG(s) 'example_sla_dag' retrieved from /home/airflow/.local/lib/python3.12/site-packages/airflow/example_dags/example_sla_dag.py
[2026-05-07T20:21:06.726+0000] {logging_mixin.py:188} INFO - [2026-05-07T20:21:06.726+0000] {dag.py:3096} INFO - Sync 1 DAGs
[2026-05-07T20:21:06.752+0000] {logging_mixin.py:188} INFO - [2026-05-07T20:21:06.752+0000] {dag.py:3954} INFO - Setting next_dagrun for example_sla_dag to 2026-05-07 20:18:00+00:00, run_after=2026-05-07 20:20:00+00:00
[2026-05-07T20:21:06.781+0000] {processor.py:183} INFO - Processing /home/airflow/.local/lib/python3.12/site-packages/airflow/example_dags/example_sla_dag.py took 0.100 seconds
[2026-05-07T20:21:37.209+0000] {processor.py:161} INFO - Started process (PID=620) to work on /home/airflow/.local/lib/python3.12/site-packages/airflow/example_dags/example_sla_dag.py
[2026-05-07T20:21:37.210+0000] {processor.py:830} INFO - Processing file /home/airflow/.local/lib/python3.12/site-packages/airflow/example_dags/example_sla_dag.py for tasks to queue
[2026-05-07T20:21:37.213+0000] {logging_mixin.py:188} INFO - [2026-05-07T20:21:37.212+0000] {dagbag.py:545} INFO - Filling up the DagBag from /home/airflow/.local/lib/python3.12/site-packages/airflow/example_dags/example_sla_dag.py
[2026-05-07T20:21:37.221+0000] {processor.py:840} INFO - DAG(s) 'example_sla_dag' retrieved from /home/airflow/.local/lib/python3.12/site-packages/airflow/example_dags/example_sla_dag.py
[2026-05-07T20:21:37.247+0000] {logging_mixin.py:188} INFO - [2026-05-07T20:21:37.247+0000] {dag.py:3096} INFO - Sync 1 DAGs
[2026-05-07T20:21:37.273+0000] {logging_mixin.py:188} INFO - [2026-05-07T20:21:37.273+0000] {dag.py:3954} INFO - Setting next_dagrun for example_sla_dag to 2026-05-07 20:18:00+00:00, run_after=2026-05-07 20:20:00+00:00
[2026-05-07T20:21:37.299+0000] {processor.py:183} INFO - Processing /home/airflow/.local/lib/python3.12/site-packages/airflow/example_dags/example_sla_dag.py took 0.096 seconds
[2026-05-07T20:22:07.967+0000] {processor.py:161} INFO - Started process (PID=678) to work on /home/airflow/.local/lib/python3.12/site-packages/airflow/example_dags/example_sla_dag.py
[2026-05-07T20:22:07.969+0000] {processor.py:830} INFO - Processing file /home/airflow/.local/lib/python3.12/site-packages/airflow/example_dags/example_sla_dag.py for tasks to queue
[2026-05-07T20:22:07.971+0000] {logging_mixin.py:188} INFO - [2026-05-07T20:22:07.971+0000] {dagbag.py:545} INFO - Filling up the DagBag from /home/airflow/.local/lib/python3.12/site-packages/airflow/example_dags/example_sla_dag.py
[2026-05-07T20:22:07.981+0000] {processor.py:840} INFO - DAG(s) 'example_sla_dag' retrieved from /home/airflow/.local/lib/python3.12/site-packages/airflow/example_dags/example_sla_dag.py
[2026-05-07T20:22:08.006+0000] {logging_mixin.py:188} INFO - [2026-05-07T20:22:08.006+0000] {dag.py:3096} INFO - Sync 1 DAGs
[2026-05-07T20:22:08.033+0000] {logging_mixin.py:188} INFO - [2026-05-07T20:22:08.033+0000] {dag.py:3954} INFO - Setting next_dagrun for example_sla_dag to 2026-05-07 20:20:00+00:00, run_after=2026-05-07 20:22:00+00:00
[2026-05-07T20:22:08.058+0000] {processor.py:183} INFO - Processing /home/airflow/.local/lib/python3.12/site-packages/airflow/example_dags/example_sla_dag.py took 0.100 seconds
[2026-05-07T20:22:38.505+0000] {processor.py:161} INFO - Started process (PID=737) to work on /home/airflow/.local/lib/python3.12/site-packages/airflow/example_dags/example_sla_dag.py
[2026-05-07T20:22:38.509+0000] {processor.py:830} INFO - Processing file /home/airflow/.local/lib/python3.12/site-packages/airflow/example_dags/example_sla_dag.py for tasks to queue
[2026-05-07T20:22:38.512+0000] {logging_mixin.py:188} INFO - [2026-05-07T20:22:38.512+0000] {dagbag.py:545} INFO - Filling up the DagBag from /home/airflow/.local/lib/python3.12/site-packages/airflow/example_dags/example_sla_dag.py
[2026-05-07T20:22:38.529+0000] {processor.py:840} INFO - DAG(s) 'example_sla_dag' retrieved from /home/airflow/.local/lib/python3.12/site-packages/airflow/example_dags/example_sla_dag.py
[2026-05-07T20:22:38.573+0000] {logging_mixin.py:188} INFO - [2026-05-07T20:22:38.572+0000] {dag.py:3096} INFO - Sync 1 DAGs
[2026-05-07T20:22:38.616+0000] {logging_mixin.py:188} INFO - [2026-05-07T20:22:38.615+0000] {dag.py:3954} INFO - Setting next_dagrun for example_sla_dag to 2026-05-07 20:20:00+00:00, run_after=2026-05-07 20:22:00+00:00
[2026-05-07T20:22:38.664+0000] {processor.py:183} INFO - Processing /home/airflow/.local/lib/python3.12/site-packages/airflow/example_dags/example_sla_dag.py took 0.172 seconds
[2026-05-07T20:23:09.065+0000] {processor.py:161} INFO - Started process (PID=795) to work on /home/airflow/.local/lib/python3.12/site-packages/airflow/example_dags/example_sla_dag.py
[2026-05-07T20:23:09.067+0000] {processor.py:830} INFO - Processing file /home/airflow/.local/lib/python3.12/site-packages/airflow/example_dags/example_sla_dag.py for tasks to queue
[2026-05-07T20:23:09.069+0000] {logging_mixin.py:188} INFO - [2026-05-07T20:23:09.069+0000] {dagbag.py:545} INFO - Filling up the DagBag from /home/airflow/.local/lib/python3.12/site-packages/airflow/example_dags/example_sla_dag.py
[2026-05-07T20:23:09.077+0000] {processor.py:840} INFO - DAG(s) 'example_sla_dag' retrieved from /home/airflow/.local/lib/python3.12/site-packages/airflow/example_dags/example_sla_dag.py
[2026-05-07T20:23:09.098+0000] {logging_mixin.py:188} INFO - [2026-05-07T20:23:09.098+0000] {dag.py:3096} INFO - Sync 1 DAGs
[2026-05-07T20:23:09.122+0000] {logging_mixin.py:188} INFO - [2026-05-07T20:23:09.122+0000] {dag.py:3954} INFO - Setting next_dagrun for example_sla_dag to 2026-05-07 20:20:00+00:00, run_after=2026-05-07 20:22:00+00:00
[2026-05-07T20:23:09.145+0000] {processor.py:183} INFO - Processing /home/airflow/.local/lib/python3.12/site-packages/airflow/example_dags/example_sla_dag.py took 0.085 seconds
[2026-05-07T20:23:39.507+0000] {processor.py:161} INFO - Started process (PID=854) to work on /home/airflow/.local/lib/python3.12/site-packages/airflow/example_dags/example_sla_dag.py
[2026-05-07T20:23:39.509+0000] {processor.py:830} INFO - Processing file /home/airflow/.local/lib/python3.12/site-packages/airflow/example_dags/example_sla_dag.py for tasks to queue
[2026-05-07T20:23:39.513+0000] {logging_mixin.py:188} INFO - [2026-05-07T20:23:39.513+0000] {dagbag.py:545} INFO - Filling up the DagBag from /home/airflow/.local/lib/python3.12/site-packages/airflow/example_dags/example_sla_dag.py
[2026-05-07T20:23:39.525+0000] {processor.py:840} INFO - DAG(s) 'example_sla_dag' retrieved from /home/airflow/.local/lib/python3.12/site-packages/airflow/example_dags/example_sla_dag.py
[2026-05-07T20:23:39.554+0000] {logging_mixin.py:188} INFO - [2026-05-07T20:23:39.554+0000] {dag.py:3096} INFO - Sync 1 DAGs
[2026-05-07T20:23:39.583+0000] {logging_mixin.py:188} INFO - [2026-05-07T20:23:39.583+0000] {dag.py:3954} INFO - Setting next_dagrun for example_sla_dag to 2026-05-07 20:20:00+00:00, run_after=2026-05-07 20:22:00+00:00
[2026-05-07T20:23:39.608+0000] {processor.py:183} INFO - Processing /home/airflow/.local/lib/python3.12/site-packages/airflow/example_dags/example_sla_dag.py took 0.107 seconds
[2026-05-07T20:24:09.935+0000] {processor.py:161} INFO - Started process (PID=912) to work on /home/airflow/.local/lib/python3.12/site-packages/airflow/example_dags/example_sla_dag.py
[2026-05-07T20:24:09.936+0000] {processor.py:830} INFO - Processing file /home/airflow/.local/lib/python3.12/site-packages/airflow/example_dags/example_sla_dag.py for tasks to queue
[2026-05-07T20:24:09.938+0000] {logging_mixin.py:188} INFO - [2026-05-07T20:24:09.938+0000] {dagbag.py:545} INFO - Filling up the DagBag from /home/airflow/.local/lib/python3.12/site-packages/airflow/example_dags/example_sla_dag.py
[2026-05-07T20:24:09.946+0000] {processor.py:840} INFO - DAG(s) 'example_sla_dag' retrieved from /home/airflow/.local/lib/python3.12/site-packages/airflow/example_dags/example_sla_dag.py
[2026-05-07T20:24:09.969+0000] {logging_mixin.py:188} INFO - [2026-05-07T20:24:09.969+0000] {dag.py:3096} INFO - Sync 1 DAGs
[2026-05-07T20:24:09.993+0000] {logging_mixin.py:188} INFO - [2026-05-07T20:24:09.993+0000] {dag.py:3954} INFO - Setting next_dagrun for example_sla_dag to 2026-05-07 20:22:00+00:00, run_after=2026-05-07 20:24:00+00:00
[2026-05-07T20:24:10.013+0000] {processor.py:183} INFO - Processing /home/airflow/.local/lib/python3.12/site-packages/airflow/example_dags/example_sla_dag.py took 0.084 seconds
[2026-05-07T20:24:40.443+0000] {processor.py:161} INFO - Started process (PID=970) to work on /home/airflow/.local/lib/python3.12/site-packages/airflow/example_dags/example_sla_dag.py
[2026-05-07T20:24:40.444+0000] {processor.py:830} INFO - Processing file /home/airflow/.local/lib/python3.12/site-packages/airflow/example_dags/example_sla_dag.py for tasks to queue
[2026-05-07T20:24:40.449+0000] {logging_mixin.py:188} INFO - [2026-05-07T20:24:40.448+0000] {dagbag.py:545} INFO - Filling up the DagBag from /home/airflow/.local/lib/python3.12/site-packages/airflow/example_dags/example_sla_dag.py
[2026-05-07T20:24:40.463+0000] {processor.py:840} INFO - DAG(s) 'example_sla_dag' retrieved from /home/airflow/.local/lib/python3.12/site-packages/airflow/example_dags/example_sla_dag.py
[2026-05-07T20:24:40.481+0000] {logging_mixin.py:188} INFO - [2026-05-07T20:24:40.481+0000] {dag.py:3096} INFO - Sync 1 DAGs
[2026-05-07T20:24:40.501+0000] {logging_mixin.py:188} INFO - [2026-05-07T20:24:40.501+0000] {dag.py:3954} INFO - Setting next_dagrun for example_sla_dag to 2026-05-07 20:22:00+00:00, run_after=2026-05-07 20:24:00+00:00
[2026-05-07T20:24:40.516+0000] {processor.py:183} INFO - Processing /home/airflow/.local/lib/python3.12/site-packages/airflow/example_dags/example_sla_dag.py took 0.079 seconds
[2026-05-07T20:25:11.025+0000] {processor.py:161} INFO - Started process (PID=1028) to work on /home/airflow/.local/lib/python3.12/site-packages/airflow/example_dags/example_sla_dag.py
[2026-05-07T20:25:11.026+0000] {processor.py:830} INFO - Processing file /home/airflow/.local/lib/python3.12/site-packages/airflow/example_dags/example_sla_dag.py for tasks to queue
[2026-05-07T20:25:11.029+0000] {logging_mixin.py:188} INFO - [2026-05-07T20:25:11.028+0000] {dagbag.py:545} INFO - Filling up the DagBag from /home/airflow/.local/lib/python3.12/site-packages/airflow/example_dags/example_sla_dag.py
[2026-05-07T20:25:11.037+0000] {processor.py:840} INFO - DAG(s) 'example_sla_dag' retrieved from /home/airflow/.local/lib/python3.12/site-packages/airflow/example_dags/example_sla_dag.py
[2026-05-07T20:25:11.058+0000] {logging_mixin.py:188} INFO - [2026-05-07T20:25:11.058+0000] {dag.py:3096} INFO - Sync 1 DAGs
[2026-05-07T20:25:11.081+0000] {logging_mixin.py:188} INFO - [2026-05-07T20:25:11.080+0000] {dag.py:3954} INFO - Setting next_dagrun for example_sla_dag to 2026-05-07 20:22:00+00:00, run_after=2026-05-07 20:24:00+00:00
[2026-05-07T20:25:11.100+0000] {processor.py:183} INFO - Processing /home/airflow/.local/lib/python3.12/site-packages/airflow/example_dags/example_sla_dag.py took 0.081 seconds
[2026-05-07T20:25:41.303+0000] {processor.py:161} INFO - Started process (PID=1086) to work on /home/airflow/.local/lib/python3.12/site-packages/airflow/example_dags/example_sla_dag.py
[2026-05-07T20:25:41.305+0000] {processor.py:830} INFO - Processing file /home/airflow/.local/lib/python3.12/site-packages/airflow/example_dags/example_sla_dag.py for tasks to queue
[2026-05-07T20:25:41.307+0000] {logging_mixin.py:188} INFO - [2026-05-07T20:25:41.307+0000] {dagbag.py:545} INFO - Filling up the DagBag from /home/airflow/.local/lib/python3.12/site-packages/airflow/example_dags/example_sla_dag.py
[2026-05-07T20:25:41.320+0000] {processor.py:840} INFO - DAG(s) 'example_sla_dag' retrieved from /home/airflow/.local/lib/python3.12/site-packages/airflow/example_dags/example_sla_dag.py
[2026-05-07T20:25:41.349+0000] {logging_mixin.py:188} INFO - [2026-05-07T20:25:41.348+0000] {dag.py:3096} INFO - Sync 1 DAGs
[2026-05-07T20:25:41.382+0000] {logging_mixin.py:188} INFO - [2026-05-07T20:25:41.382+0000] {dag.py:3954} INFO - Setting next_dagrun for example_sla_dag to 2026-05-07 20:22:00+00:00, run_after=2026-05-07 20:24:00+00:00
[2026-05-07T20:25:41.409+0000] {processor.py:183} INFO - Processing /home/airflow/.local/lib/python3.12/site-packages/airflow/example_dags/example_sla_dag.py took 0.115 seconds
[2026-05-07T20:26:12.032+0000] {processor.py:161} INFO - Started process (PID=1144) to work on /home/airflow/.local/lib/python3.12/site-packages/airflow/example_dags/example_sla_dag.py
[2026-05-07T20:26:12.035+0000] {processor.py:830} INFO - Processing file /home/airflow/.local/lib/python3.12/site-packages/airflow/example_dags/example_sla_dag.py for tasks to queue
[2026-05-07T20:26:12.038+0000] {logging_mixin.py:188} INFO - [2026-05-07T20:26:12.038+0000] {dagbag.py:545} INFO - Filling up the DagBag from /home/airflow/.local/lib/python3.12/site-packages/airflow/example_dags/example_sla_dag.py
[2026-05-07T20:26:12.056+0000] {processor.py:840} INFO - DAG(s) 'example_sla_dag' retrieved from /home/airflow/.local/lib/python3.12/site-packages/airflow/example_dags/example_sla_dag.py
[2026-05-07T20:26:12.094+0000] {logging_mixin.py:188} INFO - [2026-05-07T20:26:12.093+0000] {dag.py:3096} INFO - Sync 1 DAGs
[2026-05-07T20:26:12.141+0000] {logging_mixin.py:188} INFO - [2026-05-07T20:26:12.141+0000] {dag.py:3954} INFO - Setting next_dagrun for example_sla_dag to 2026-05-07 20:24:00+00:00, run_after=2026-05-07 20:26:00+00:00
[2026-05-07T20:26:12.188+0000] {processor.py:183} INFO - Processing /home/airflow/.local/lib/python3.12/site-packages/airflow/example_dags/example_sla_dag.py took 0.166 seconds
[2026-05-07T20:26:42.540+0000] {processor.py:161} INFO - Started process (PID=1203) to work on /home/airflow/.local/lib/python3.12/site-packages/airflow/example_dags/example_sla_dag.py
[2026-05-07T20:26:42.542+0000] {processor.py:830} INFO - Processing file /home/airflow/.local/lib/python3.12/site-packages/airflow/example_dags/example_sla_dag.py for tasks to queue
[2026-05-07T20:26:42.544+0000] {logging_mixin.py:188} INFO - [2026-05-07T20:26:42.544+0000] {dagbag.py:545} INFO - Filling up the DagBag from /home/airflow/.local/lib/python3.12/site-packages/airflow/example_dags/example_sla_dag.py
[2026-05-07T20:26:42.551+0000] {processor.py:840} INFO - DAG(s) 'example_sla_dag' retrieved from /home/airflow/.local/lib/python3.12/site-packages/airflow/example_dags/example_sla_dag.py
[2026-05-07T20:26:42.569+0000] {logging_mixin.py:188} INFO - [2026-05-07T20:26:42.569+0000] {dag.py:3096} INFO - Sync 1 DAGs
[2026-05-07T20:26:42.588+0000] {logging_mixin.py:188} INFO - [2026-05-07T20:26:42.588+0000] {dag.py:3954} INFO - Setting next_dagrun for example_sla_dag to 2026-05-07 20:24:00+00:00, run_after=2026-05-07 20:26:00+00:00
[2026-05-07T20:26:42.604+0000] {processor.py:183} INFO - Processing /home/airflow/.local/lib/python3.12/site-packages/airflow/example_dags/example_sla_dag.py took 0.069 seconds
[2026-05-07T20:27:13.835+0000] {processor.py:161} INFO - Started process (PID=1260) to work on /home/airflow/.local/lib/python3.12/site-packages/airflow/example_dags/example_sla_dag.py
[2026-05-07T20:27:13.836+0000] {processor.py:830} INFO - Processing file /home/airflow/.local/lib/python3.12/site-packages/airflow/example_dags/example_sla_dag.py for tasks to queue
[2026-05-07T20:27:13.840+0000] {logging_mixin.py:188} INFO - [2026-05-07T20:27:13.839+0000] {dagbag.py:545} INFO - Filling up the DagBag from /home/airflow/.local/lib/python3.12/site-packages/airflow/example_dags/example_sla_dag.py
[2026-05-07T20:27:13.850+0000] {processor.py:840} INFO - DAG(s) 'example_sla_dag' retrieved from /home/airflow/.local/lib/python3.12/site-packages/airflow/example_dags/example_sla_dag.py
[2026-05-07T20:27:13.877+0000] {logging_mixin.py:188} INFO - [2026-05-07T20:27:13.877+0000] {dag.py:3096} INFO - Sync 1 DAGs
[2026-05-07T20:27:13.913+0000] {logging_mixin.py:188} INFO - [2026-05-07T20:27:13.913+0000] {dag.py:3954} INFO - Setting next_dagrun for example_sla_dag to 2026-05-07 20:24:00+00:00, run_after=2026-05-07 20:26:00+00:00
[2026-05-07T20:27:13.948+0000] {processor.py:183} INFO - Processing /home/airflow/.local/lib/python3.12/site-packages/airflow/example_dags/example_sla_dag.py took 0.120 seconds
[2026-05-07T20:27:44.905+0000] {processor.py:161} INFO - Started process (PID=1317) to work on /home/airflow/.local/lib/python3.12/site-packages/airflow/example_dags/example_sla_dag.py
[2026-05-07T20:27:44.907+0000] {processor.py:830} INFO - Processing file /home/airflow/.local/lib/python3.12/site-packages/airflow/example_dags/example_sla_dag.py for tasks to queue
[2026-05-07T20:27:44.910+0000] {logging_mixin.py:188} INFO - [2026-05-07T20:27:44.910+0000] {dagbag.py:545} INFO - Filling up the DagBag from /home/airflow/.local/lib/python3.12/site-packages/airflow/example_dags/example_sla_dag.py
[2026-05-07T20:27:44.921+0000] {processor.py:840} INFO - DAG(s) 'example_sla_dag' retrieved from /home/airflow/.local/lib/python3.12/site-packages/airflow/example_dags/example_sla_dag.py
[2026-05-07T20:27:44.946+0000] {logging_mixin.py:188} INFO - [2026-05-07T20:27:44.946+0000] {dag.py:3096} INFO - Sync 1 DAGs
[2026-05-07T20:27:44.973+0000] {logging_mixin.py:188} INFO - [2026-05-07T20:27:44.972+0000] {dag.py:3954} INFO - Setting next_dagrun for example_sla_dag to 2026-05-07 20:24:00+00:00, run_after=2026-05-07 20:26:00+00:00
[2026-05-07T20:27:44.996+0000] {processor.py:183} INFO - Processing /home/airflow/.local/lib/python3.12/site-packages/airflow/example_dags/example_sla_dag.py took 0.097 seconds
[2026-05-07T20:28:15.193+0000] {processor.py:161} INFO - Started process (PID=1375) to work on /home/airflow/.local/lib/python3.12/site-packages/airflow/example_dags/example_sla_dag.py
[2026-05-07T20:28:15.194+0000] {processor.py:830} INFO - Processing file /home/airflow/.local/lib/python3.12/site-packages/airflow/example_dags/example_sla_dag.py for tasks to queue
[2026-05-07T20:28:15.196+0000] {logging_mixin.py:188} INFO - [2026-05-07T20:28:15.196+0000] {dagbag.py:545} INFO - Filling up the DagBag from /home/airflow/.local/lib/python3.12/site-packages/airflow/example_dags/example_sla_dag.py
[2026-05-07T20:28:15.206+0000] {processor.py:840} INFO - DAG(s) 'example_sla_dag' retrieved from /home/airflow/.local/lib/python3.12/site-packages/airflow/example_dags/example_sla_dag.py
[2026-05-07T20:28:15.227+0000] {logging_mixin.py:188} INFO - [2026-05-07T20:28:15.226+0000] {dag.py:3096} INFO - Sync 1 DAGs
[2026-05-07T20:28:15.249+0000] {logging_mixin.py:188} INFO - [2026-05-07T20:28:15.249+0000] {dag.py:3954} INFO - Setting next_dagrun for example_sla_dag to 2026-05-07 20:26:00+00:00, run_after=2026-05-07 20:28:00+00:00
[2026-05-07T20:28:15.269+0000] {processor.py:183} INFO - Processing /home/airflow/.local/lib/python3.12/site-packages/airflow/example_dags/example_sla_dag.py took 0.082 seconds
[2026-05-07T20:28:45.457+0000] {processor.py:161} INFO - Started process (PID=1433) to work on /home/airflow/.local/lib/python3.12/site-packages/airflow/example_dags/example_sla_dag.py
[2026-05-07T20:28:45.459+0000] {processor.py:830} INFO - Processing file /home/airflow/.local/lib/python3.12/site-packages/airflow/example_dags/example_sla_dag.py for tasks to queue
[2026-05-07T20:28:45.461+0000] {logging_mixin.py:188} INFO - [2026-05-07T20:28:45.461+0000] {dagbag.py:545} INFO - Filling up the DagBag from /home/airflow/.local/lib/python3.12/site-packages/airflow/example_dags/example_sla_dag.py
[2026-05-07T20:28:45.471+0000] {processor.py:840} INFO - DAG(s) 'example_sla_dag' retrieved from /home/airflow/.local/lib/python3.12/site-packages/airflow/example_dags/example_sla_dag.py
[2026-05-07T20:28:45.493+0000] {logging_mixin.py:188} INFO - [2026-05-07T20:28:45.493+0000] {dag.py:3096} INFO - Sync 1 DAGs
[2026-05-07T20:28:45.517+0000] {logging_mixin.py:188} INFO - [2026-05-07T20:28:45.517+0000] {dag.py:3954} INFO - Setting next_dagrun for example_sla_dag to 2026-05-07 20:26:00+00:00, run_after=2026-05-07 20:28:00+00:00
[2026-05-07T20:28:45.540+0000] {processor.py:183} INFO - Processing /home/airflow/.local/lib/python3.12/site-packages/airflow/example_dags/example_sla_dag.py took 0.088 seconds
[2026-05-07T20:29:16.180+0000] {processor.py:161} INFO - Started process (PID=1491) to work on /home/airflow/.local/lib/python3.12/site-packages/airflow/example_dags/example_sla_dag.py
[2026-05-07T20:29:16.182+0000] {processor.py:830} INFO - Processing file /home/airflow/.local/lib/python3.12/site-packages/airflow/example_dags/example_sla_dag.py for tasks to queue
[2026-05-07T20:29:16.185+0000] {logging_mixin.py:188} INFO - [2026-05-07T20:29:16.184+0000] {dagbag.py:545} INFO - Filling up the DagBag from /home/airflow/.local/lib/python3.12/site-packages/airflow/example_dags/example_sla_dag.py
[2026-05-07T20:29:16.193+0000] {processor.py:840} INFO - DAG(s) 'example_sla_dag' retrieved from /home/airflow/.local/lib/python3.12/site-packages/airflow/example_dags/example_sla_dag.py
[2026-05-07T20:29:16.214+0000] {logging_mixin.py:188} INFO - [2026-05-07T20:29:16.213+0000] {dag.py:3096} INFO - Sync 1 DAGs
[2026-05-07T20:29:16.236+0000] {logging_mixin.py:188} INFO - [2026-05-07T20:29:16.236+0000] {dag.py:3954} INFO - Setting next_dagrun for example_sla_dag to 2026-05-07 20:26:00+00:00, run_after=2026-05-07 20:28:00+00:00
[2026-05-07T20:29:16.257+0000] {processor.py:183} INFO - Processing /home/airflow/.local/lib/python3.12/site-packages/airflow/example_dags/example_sla_dag.py took 0.082 seconds
[2026-05-07T20:29:46.744+0000] {processor.py:161} INFO - Started process (PID=1549) to work on /home/airflow/.local/lib/python3.12/site-packages/airflow/example_dags/example_sla_dag.py
[2026-05-07T20:29:46.746+0000] {processor.py:830} INFO - Processing file /home/airflow/.local/lib/python3.12/site-packages/airflow/example_dags/example_sla_dag.py for tasks to queue
[2026-05-07T20:29:46.749+0000] {logging_mixin.py:188} INFO - [2026-05-07T20:29:46.748+0000] {dagbag.py:545} INFO - Filling up the DagBag from /home/airflow/.local/lib/python3.12/site-packages/airflow/example_dags/example_sla_dag.py
[2026-05-07T20:29:46.757+0000] {processor.py:840} INFO - DAG(s) 'example_sla_dag' retrieved from /home/airflow/.local/lib/python3.12/site-packages/airflow/example_dags/example_sla_dag.py
[2026-05-07T20:29:46.785+0000] {logging_mixin.py:188} INFO - [2026-05-07T20:29:46.784+0000] {dag.py:3096} INFO - Sync 1 DAGs
[2026-05-07T20:29:46.808+0000] {logging_mixin.py:188} INFO - [2026-05-07T20:29:46.808+0000] {dag.py:3954} INFO - Setting next_dagrun for example_sla_dag to 2026-05-07 20:26:00+00:00, run_after=2026-05-07 20:28:00+00:00
[2026-05-07T20:29:46.840+0000] {processor.py:183} INFO - Processing /home/airflow/.local/lib/python3.12/site-packages/airflow/example_dags/example_sla_dag.py took 0.101 seconds
[2026-05-07T20:30:18.219+0000] {processor.py:161} INFO - Started process (PID=1607) to work on /home/airflow/.local/lib/python3.12/site-packages/airflow/example_dags/example_sla_dag.py
[2026-05-07T20:30:18.221+0000] {processor.py:830} INFO - Processing file /home/airflow/.local/lib/python3.12/site-packages/airflow/example_dags/example_sla_dag.py for tasks to queue
[2026-05-07T20:30:18.224+0000] {logging_mixin.py:188} INFO - [2026-05-07T20:30:18.223+0000] {dagbag.py:545} INFO - Filling up the DagBag from /home/airflow/.local/lib/python3.12/site-packages/airflow/example_dags/example_sla_dag.py
[2026-05-07T20:30:18.232+0000] {processor.py:840} INFO - DAG(s) 'example_sla_dag' retrieved from /home/airflow/.local/lib/python3.12/site-packages/airflow/example_dags/example_sla_dag.py
[2026-05-07T20:30:18.255+0000] {logging_mixin.py:188} INFO - [2026-05-07T20:30:18.255+0000] {dag.py:3096} INFO - Sync 1 DAGs
[2026-05-07T20:30:18.280+0000] {logging_mixin.py:188} INFO - [2026-05-07T20:30:18.279+0000] {dag.py:3954} INFO - Setting next_dagrun for example_sla_dag to 2026-05-07 20:28:00+00:00, run_after=2026-05-07 20:30:00+00:00
[2026-05-07T20:30:18.454+0000] {processor.py:183} INFO - Processing /home/airflow/.local/lib/python3.12/site-packages/airflow/example_dags/example_sla_dag.py took 0.241 seconds
[2026-05-07T20:30:49.200+0000] {processor.py:161} INFO - Started process (PID=1665) to work on /home/airflow/.local/lib/python3.12/site-packages/airflow/example_dags/example_sla_dag.py
[2026-05-07T20:30:49.201+0000] {processor.py:830} INFO - Processing file /home/airflow/.local/lib/python3.12/site-packages/airflow/example_dags/example_sla_dag.py for tasks to queue
[2026-05-07T20:30:49.204+0000] {logging_mixin.py:188} INFO - [2026-05-07T20:30:49.203+0000] {dagbag.py:545} INFO - Filling up the DagBag from /home/airflow/.local/lib/python3.12/site-packages/airflow/example_dags/example_sla_dag.py
[2026-05-07T20:30:49.213+0000] {processor.py:840} INFO - DAG(s) 'example_sla_dag' retrieved from /home/airflow/.local/lib/python3.12/site-packages/airflow/example_dags/example_sla_dag.py
[2026-05-07T20:30:49.233+0000] {logging_mixin.py:188} INFO - [2026-05-07T20:30:49.233+0000] {dag.py:3096} INFO - Sync 1 DAGs
[2026-05-07T20:30:49.255+0000] {logging_mixin.py:188} INFO - [2026-05-07T20:30:49.255+0000] {dag.py:3954} INFO - Setting next_dagrun for example_sla_dag to 2026-05-07 20:28:00+00:00, run_after=2026-05-07 20:30:00+00:00
[2026-05-07T20:30:49.276+0000] {processor.py:183} INFO - Processing /home/airflow/.local/lib/python3.12/site-packages/airflow/example_dags/example_sla_dag.py took 0.082 seconds
[2026-05-07T20:31:20.457+0000] {processor.py:161} INFO - Started process (PID=1723) to work on /home/airflow/.local/lib/python3.12/site-packages/airflow/example_dags/example_sla_dag.py
[2026-05-07T20:31:20.459+0000] {processor.py:830} INFO - Processing file /home/airflow/.local/lib/python3.12/site-packages/airflow/example_dags/example_sla_dag.py for tasks to queue
[2026-05-07T20:31:20.461+0000] {logging_mixin.py:188} INFO - [2026-05-07T20:31:20.460+0000] {dagbag.py:545} INFO - Filling up the DagBag from /home/airflow/.local/lib/python3.12/site-packages/airflow/example_dags/example_sla_dag.py
[2026-05-07T20:31:20.470+0000] {processor.py:840} INFO - DAG(s) 'example_sla_dag' retrieved from /home/airflow/.local/lib/python3.12/site-packages/airflow/example_dags/example_sla_dag.py
[2026-05-07T20:31:20.490+0000] {logging_mixin.py:188} INFO - [2026-05-07T20:31:20.490+0000] {dag.py:3096} INFO - Sync 1 DAGs
[2026-05-07T20:31:20.513+0000] {logging_mixin.py:188} INFO - [2026-05-07T20:31:20.512+0000] {dag.py:3954} INFO - Setting next_dagrun for example_sla_dag to 2026-05-07 20:28:00+00:00, run_after=2026-05-07 20:30:00+00:00
[2026-05-07T20:31:20.535+0000] {processor.py:183} INFO - Processing /home/airflow/.local/lib/python3.12/site-packages/airflow/example_dags/example_sla_dag.py took 0.084 seconds
[2026-05-07T20:31:50.767+0000] {processor.py:161} INFO - Started process (PID=1782) to work on /home/airflow/.local/lib/python3.12/site-packages/airflow/example_dags/example_sla_dag.py
[2026-05-07T20:31:50.768+0000] {processor.py:830} INFO - Processing file /home/airflow/.local/lib/python3.12/site-packages/airflow/example_dags/example_sla_dag.py for tasks to queue
[2026-05-07T20:31:50.771+0000] {logging_mixin.py:188} INFO - [2026-05-07T20:31:50.771+0000] {dagbag.py:545} INFO - Filling up the DagBag from /home/airflow/.local/lib/python3.12/site-packages/airflow/example_dags/example_sla_dag.py
[2026-05-07T20:31:50.781+0000] {processor.py:840} INFO - DAG(s) 'example_sla_dag' retrieved from /home/airflow/.local/lib/python3.12/site-packages/airflow/example_dags/example_sla_dag.py
[2026-05-07T20:31:50.803+0000] {logging_mixin.py:188} INFO - [2026-05-07T20:31:50.803+0000] {dag.py:3096} INFO - Sync 1 DAGs
[2026-05-07T20:31:50.829+0000] {logging_mixin.py:188} INFO - [2026-05-07T20:31:50.828+0000] {dag.py:3954} INFO - Setting next_dagrun for example_sla_dag to 2026-05-07 20:28:00+00:00, run_after=2026-05-07 20:30:00+00:00
[2026-05-07T20:31:50.847+0000] {processor.py:183} INFO - Processing /home/airflow/.local/lib/python3.12/site-packages/airflow/example_dags/example_sla_dag.py took 0.086 seconds
[2026-05-07T20:32:21.787+0000] {processor.py:161} INFO - Started process (PID=1840) to work on /home/airflow/.local/lib/python3.12/site-packages/airflow/example_dags/example_sla_dag.py
[2026-05-07T20:32:21.788+0000] {processor.py:830} INFO - Processing file /home/airflow/.local/lib/python3.12/site-packages/airflow/example_dags/example_sla_dag.py for tasks to queue
[2026-05-07T20:32:21.791+0000] {logging_mixin.py:188} INFO - [2026-05-07T20:32:21.790+0000] {dagbag.py:545} INFO - Filling up the DagBag from /home/airflow/.local/lib/python3.12/site-packages/airflow/example_dags/example_sla_dag.py
[2026-05-07T20:32:21.950+0000] {processor.py:840} INFO - DAG(s) 'example_sla_dag' retrieved from /home/airflow/.local/lib/python3.12/site-packages/airflow/example_dags/example_sla_dag.py
[2026-05-07T20:32:21.980+0000] {logging_mixin.py:188} INFO - [2026-05-07T20:32:21.979+0000] {dag.py:3096} INFO - Sync 1 DAGs
[2026-05-07T20:32:21.997+0000] {logging_mixin.py:188} INFO - [2026-05-07T20:32:21.996+0000] {dag.py:3954} INFO - Setting next_dagrun for example_sla_dag to 2026-05-07 20:30:00+00:00, run_after=2026-05-07 20:32:00+00:00
[2026-05-07T20:32:22.045+0000] {processor.py:183} INFO - Processing /home/airflow/.local/lib/python3.12/site-packages/airflow/example_dags/example_sla_dag.py took 0.265 seconds
[2026-05-07T20:32:52.125+0000] {processor.py:161} INFO - Started process (PID=1898) to work on /home/airflow/.local/lib/python3.12/site-packages/airflow/example_dags/example_sla_dag.py
[2026-05-07T20:32:52.127+0000] {processor.py:830} INFO - Processing file /home/airflow/.local/lib/python3.12/site-packages/airflow/example_dags/example_sla_dag.py for tasks to queue
[2026-05-07T20:32:52.130+0000] {logging_mixin.py:188} INFO - [2026-05-07T20:32:52.130+0000] {dagbag.py:545} INFO - Filling up the DagBag from /home/airflow/.local/lib/python3.12/site-packages/airflow/example_dags/example_sla_dag.py
[2026-05-07T20:32:52.138+0000] {processor.py:840} INFO - DAG(s) 'example_sla_dag' retrieved from /home/airflow/.local/lib/python3.12/site-packages/airflow/example_dags/example_sla_dag.py
[2026-05-07T20:32:52.158+0000] {logging_mixin.py:188} INFO - [2026-05-07T20:32:52.158+0000] {dag.py:3096} INFO - Sync 1 DAGs
[2026-05-07T20:32:52.181+0000] {logging_mixin.py:188} INFO - [2026-05-07T20:32:52.181+0000] {dag.py:3954} INFO - Setting next_dagrun for example_sla_dag to 2026-05-07 20:30:00+00:00, run_after=2026-05-07 20:32:00+00:00
[2026-05-07T20:32:52.202+0000] {processor.py:183} INFO - Processing /home/airflow/.local/lib/python3.12/site-packages/airflow/example_dags/example_sla_dag.py took 0.085 seconds
[2026-05-07T20:33:22.928+0000] {processor.py:161} INFO - Started process (PID=1956) to work on /home/airflow/.local/lib/python3.12/site-packages/airflow/example_dags/example_sla_dag.py
[2026-05-07T20:33:22.930+0000] {processor.py:830} INFO - Processing file /home/airflow/.local/lib/python3.12/site-packages/airflow/example_dags/example_sla_dag.py for tasks to queue
[2026-05-07T20:33:22.932+0000] {logging_mixin.py:188} INFO - [2026-05-07T20:33:22.932+0000] {dagbag.py:545} INFO - Filling up the DagBag from /home/airflow/.local/lib/python3.12/site-packages/airflow/example_dags/example_sla_dag.py
[2026-05-07T20:33:22.942+0000] {processor.py:840} INFO - DAG(s) 'example_sla_dag' retrieved from /home/airflow/.local/lib/python3.12/site-packages/airflow/example_dags/example_sla_dag.py
[2026-05-07T20:33:22.970+0000] {logging_mixin.py:188} INFO - [2026-05-07T20:33:22.969+0000] {dag.py:3096} INFO - Sync 1 DAGs
[2026-05-07T20:33:22.994+0000] {logging_mixin.py:188} INFO - [2026-05-07T20:33:22.994+0000] {dag.py:3954} INFO - Setting next_dagrun for example_sla_dag to 2026-05-07 20:30:00+00:00, run_after=2026-05-07 20:32:00+00:00
[2026-05-07T20:33:23.011+0000] {processor.py:183} INFO - Processing /home/airflow/.local/lib/python3.12/site-packages/airflow/example_dags/example_sla_dag.py took 0.089 seconds
[2026-05-07T20:33:53.907+0000] {processor.py:161} INFO - Started process (PID=2014) to work on /home/airflow/.local/lib/python3.12/site-packages/airflow/example_dags/example_sla_dag.py
[2026-05-07T20:33:53.909+0000] {processor.py:830} INFO - Processing file /home/airflow/.local/lib/python3.12/site-packages/airflow/example_dags/example_sla_dag.py for tasks to queue
[2026-05-07T20:33:53.912+0000] {logging_mixin.py:188} INFO - [2026-05-07T20:33:53.912+0000] {dagbag.py:545} INFO - Filling up the DagBag from /home/airflow/.local/lib/python3.12/site-packages/airflow/example_dags/example_sla_dag.py
[2026-05-07T20:33:53.920+0000] {processor.py:840} INFO - DAG(s) 'example_sla_dag' retrieved from /home/airflow/.local/lib/python3.12/site-packages/airflow/example_dags/example_sla_dag.py
[2026-05-07T20:33:53.939+0000] {logging_mixin.py:188} INFO - [2026-05-07T20:33:53.939+0000] {dag.py:3096} INFO - Sync 1 DAGs
[2026-05-07T20:33:53.958+0000] {logging_mixin.py:188} INFO - [2026-05-07T20:33:53.958+0000] {dag.py:3954} INFO - Setting next_dagrun for example_sla_dag to 2026-05-07 20:30:00+00:00, run_after=2026-05-07 20:32:00+00:00
[2026-05-07T20:33:53.975+0000] {processor.py:183} INFO - Processing /home/airflow/.local/lib/python3.12/site-packages/airflow/example_dags/example_sla_dag.py took 0.074 seconds
[2026-05-07T20:34:24.208+0000] {processor.py:161} INFO - Started process (PID=2073) to work on /home/airflow/.local/lib/python3.12/site-packages/airflow/example_dags/example_sla_dag.py
[2026-05-07T20:34:24.209+0000] {processor.py:830} INFO - Processing file /home/airflow/.local/lib/python3.12/site-packages/airflow/example_dags/example_sla_dag.py for tasks to queue
[2026-05-07T20:34:24.211+0000] {logging_mixin.py:188} INFO - [2026-05-07T20:34:24.211+0000] {dagbag.py:545} INFO - Filling up the DagBag from /home/airflow/.local/lib/python3.12/site-packages/airflow/example_dags/example_sla_dag.py
[2026-05-07T20:34:24.221+0000] {processor.py:840} INFO - DAG(s) 'example_sla_dag' retrieved from /home/airflow/.local/lib/python3.12/site-packages/airflow/example_dags/example_sla_dag.py
[2026-05-07T20:34:24.243+0000] {logging_mixin.py:188} INFO - [2026-05-07T20:34:24.243+0000] {dag.py:3096} INFO - Sync 1 DAGs
[2026-05-07T20:34:24.265+0000] {logging_mixin.py:188} INFO - [2026-05-07T20:34:24.265+0000] {dag.py:3954} INFO - Setting next_dagrun for example_sla_dag to 2026-05-07 20:32:00+00:00, run_after=2026-05-07 20:34:00+00:00
[2026-05-07T20:34:24.280+0000] {processor.py:183} INFO - Processing /home/airflow/.local/lib/python3.12/site-packages/airflow/example_dags/example_sla_dag.py took 0.078 seconds
[2026-05-07T20:34:54.691+0000] {processor.py:161} INFO - Started process (PID=2131) to work on /home/airflow/.local/lib/python3.12/site-packages/airflow/example_dags/example_sla_dag.py
[2026-05-07T20:34:54.693+0000] {processor.py:830} INFO - Processing file /home/airflow/.local/lib/python3.12/site-packages/airflow/example_dags/example_sla_dag.py for tasks to queue
[2026-05-07T20:34:54.695+0000] {logging_mixin.py:188} INFO - [2026-05-07T20:34:54.695+0000] {dagbag.py:545} INFO - Filling up the DagBag from /home/airflow/.local/lib/python3.12/site-packages/airflow/example_dags/example_sla_dag.py
[2026-05-07T20:34:54.704+0000] {processor.py:840} INFO - DAG(s) 'example_sla_dag' retrieved from /home/airflow/.local/lib/python3.12/site-packages/airflow/example_dags/example_sla_dag.py
[2026-05-07T20:34:54.722+0000] {logging_mixin.py:188} INFO - [2026-05-07T20:34:54.722+0000] {dag.py:3096} INFO - Sync 1 DAGs
[2026-05-07T20:34:54.741+0000] {logging_mixin.py:188} INFO - [2026-05-07T20:34:54.741+0000] {dag.py:3954} INFO - Setting next_dagrun for example_sla_dag to 2026-05-07 20:32:00+00:00, run_after=2026-05-07 20:34:00+00:00
[2026-05-07T20:34:54.757+0000] {processor.py:183} INFO - Processing /home/airflow/.local/lib/python3.12/site-packages/airflow/example_dags/example_sla_dag.py took 0.071 seconds
[2026-05-07T20:35:25.175+0000] {processor.py:161} INFO - Started process (PID=2189) to work on /home/airflow/.local/lib/python3.12/site-packages/airflow/example_dags/example_sla_dag.py
[2026-05-07T20:35:25.176+0000] {processor.py:830} INFO - Processing file /home/airflow/.local/lib/python3.12/site-packages/airflow/example_dags/example_sla_dag.py for tasks to queue
[2026-05-07T20:35:25.178+0000] {logging_mixin.py:188} INFO - [2026-05-07T20:35:25.178+0000] {dagbag.py:545} INFO - Filling up the DagBag from /home/airflow/.local/lib/python3.12/site-packages/airflow/example_dags/example_sla_dag.py
[2026-05-07T20:35:25.187+0000] {processor.py:840} INFO - DAG(s) 'example_sla_dag' retrieved from /home/airflow/.local/lib/python3.12/site-packages/airflow/example_dags/example_sla_dag.py
[2026-05-07T20:35:25.209+0000] {logging_mixin.py:188} INFO - [2026-05-07T20:35:25.208+0000] {dag.py:3096} INFO - Sync 1 DAGs
[2026-05-07T20:35:25.230+0000] {logging_mixin.py:188} INFO - [2026-05-07T20:35:25.230+0000] {dag.py:3954} INFO - Setting next_dagrun for example_sla_dag to 2026-05-07 20:32:00+00:00, run_after=2026-05-07 20:34:00+00:00
[2026-05-07T20:35:25.246+0000] {processor.py:183} INFO - Processing /home/airflow/.local/lib/python3.12/site-packages/airflow/example_dags/example_sla_dag.py took 0.077 seconds
[2026-05-07T20:35:56.124+0000] {processor.py:161} INFO - Started process (PID=2247) to work on /home/airflow/.local/lib/python3.12/site-packages/airflow/example_dags/example_sla_dag.py
[2026-05-07T20:35:56.125+0000] {processor.py:830} INFO - Processing file /home/airflow/.local/lib/python3.12/site-packages/airflow/example_dags/example_sla_dag.py for tasks to queue
[2026-05-07T20:35:56.128+0000] {logging_mixin.py:188} INFO - [2026-05-07T20:35:56.128+0000] {dagbag.py:545} INFO - Filling up the DagBag from /home/airflow/.local/lib/python3.12/site-packages/airflow/example_dags/example_sla_dag.py
[2026-05-07T20:35:56.136+0000] {processor.py:840} INFO - DAG(s) 'example_sla_dag' retrieved from /home/airflow/.local/lib/python3.12/site-packages/airflow/example_dags/example_sla_dag.py
[2026-05-07T20:35:56.154+0000] {logging_mixin.py:188} INFO - [2026-05-07T20:35:56.154+0000] {dag.py:3096} INFO - Sync 1 DAGs
[2026-05-07T20:35:56.174+0000] {logging_mixin.py:188} INFO - [2026-05-07T20:35:56.173+0000] {dag.py:3954} INFO - Setting next_dagrun for example_sla_dag to 2026-05-07 20:32:00+00:00, run_after=2026-05-07 20:34:00+00:00
[2026-05-07T20:35:56.188+0000] {processor.py:183} INFO - Processing /home/airflow/.local/lib/python3.12/site-packages/airflow/example_dags/example_sla_dag.py took 0.071 seconds
[2026-05-07T20:36:26.402+0000] {processor.py:161} INFO - Started process (PID=2306) to work on /home/airflow/.local/lib/python3.12/site-packages/airflow/example_dags/example_sla_dag.py
[2026-05-07T20:36:26.403+0000] {processor.py:830} INFO - Processing file /home/airflow/.local/lib/python3.12/site-packages/airflow/example_dags/example_sla_dag.py for tasks to queue
[2026-05-07T20:36:26.405+0000] {logging_mixin.py:188} INFO - [2026-05-07T20:36:26.405+0000] {dagbag.py:545} INFO - Filling up the DagBag from /home/airflow/.local/lib/python3.12/site-packages/airflow/example_dags/example_sla_dag.py
[2026-05-07T20:36:26.414+0000] {processor.py:840} INFO - DAG(s) 'example_sla_dag' retrieved from /home/airflow/.local/lib/python3.12/site-packages/airflow/example_dags/example_sla_dag.py
[2026-05-07T20:36:26.435+0000] {logging_mixin.py:188} INFO - [2026-05-07T20:36:26.435+0000] {dag.py:3096} INFO - Sync 1 DAGs
[2026-05-07T20:36:26.456+0000] {logging_mixin.py:188} INFO - [2026-05-07T20:36:26.456+0000] {dag.py:3954} INFO - Setting next_dagrun for example_sla_dag to 2026-05-07 20:34:00+00:00, run_after=2026-05-07 20:36:00+00:00
[2026-05-07T20:36:26.482+0000] {processor.py:183} INFO - Processing /home/airflow/.local/lib/python3.12/site-packages/airflow/example_dags/example_sla_dag.py took 0.087 seconds
[2026-05-07T20:36:57.130+0000] {processor.py:161} INFO - Started process (PID=2364) to work on /home/airflow/.local/lib/python3.12/site-packages/airflow/example_dags/example_sla_dag.py
[2026-05-07T20:36:57.131+0000] {processor.py:830} INFO - Processing file /home/airflow/.local/lib/python3.12/site-packages/airflow/example_dags/example_sla_dag.py for tasks to queue
[2026-05-07T20:36:57.133+0000] {logging_mixin.py:188} INFO - [2026-05-07T20:36:57.132+0000] {dagbag.py:545} INFO - Filling up the DagBag from /home/airflow/.local/lib/python3.12/site-packages/airflow/example_dags/example_sla_dag.py
[2026-05-07T20:36:57.141+0000] {processor.py:840} INFO - DAG(s) 'example_sla_dag' retrieved from /home/airflow/.local/lib/python3.12/site-packages/airflow/example_dags/example_sla_dag.py
[2026-05-07T20:36:57.160+0000] {logging_mixin.py:188} INFO - [2026-05-07T20:36:57.160+0000] {dag.py:3096} INFO - Sync 1 DAGs
[2026-05-07T20:36:57.182+0000] {logging_mixin.py:188} INFO - [2026-05-07T20:36:57.181+0000] {dag.py:3954} INFO - Setting next_dagrun for example_sla_dag to 2026-05-07 20:34:00+00:00, run_after=2026-05-07 20:36:00+00:00
[2026-05-07T20:36:57.197+0000] {processor.py:183} INFO - Processing /home/airflow/.local/lib/python3.12/site-packages/airflow/example_dags/example_sla_dag.py took 0.073 seconds
[2026-05-07T20:37:28.169+0000] {processor.py:161} INFO - Started process (PID=2422) to work on /home/airflow/.local/lib/python3.12/site-packages/airflow/example_dags/example_sla_dag.py
[2026-05-07T20:37:28.170+0000] {processor.py:830} INFO - Processing file /home/airflow/.local/lib/python3.12/site-packages/airflow/example_dags/example_sla_dag.py for tasks to queue
[2026-05-07T20:37:28.173+0000] {logging_mixin.py:188} INFO - [2026-05-07T20:37:28.172+0000] {dagbag.py:545} INFO - Filling up the DagBag from /home/airflow/.local/lib/python3.12/site-packages/airflow/example_dags/example_sla_dag.py
[2026-05-07T20:37:28.181+0000] {processor.py:840} INFO - DAG(s) 'example_sla_dag' retrieved from /home/airflow/.local/lib/python3.12/site-packages/airflow/example_dags/example_sla_dag.py
[2026-05-07T20:37:28.199+0000] {logging_mixin.py:188} INFO - [2026-05-07T20:37:28.199+0000] {dag.py:3096} INFO - Sync 1 DAGs
[2026-05-07T20:37:28.221+0000] {logging_mixin.py:188} INFO - [2026-05-07T20:37:28.221+0000] {dag.py:3954} INFO - Setting next_dagrun for example_sla_dag to 2026-05-07 20:34:00+00:00, run_after=2026-05-07 20:36:00+00:00
[2026-05-07T20:37:28.240+0000] {processor.py:183} INFO - Processing /home/airflow/.local/lib/python3.12/site-packages/airflow/example_dags/example_sla_dag.py took 0.077 seconds
[2026-05-07T20:37:58.561+0000] {processor.py:161} INFO - Started process (PID=2480) to work on /home/airflow/.local/lib/python3.12/site-packages/airflow/example_dags/example_sla_dag.py
[2026-05-07T20:37:58.563+0000] {processor.py:830} INFO - Processing file /home/airflow/.local/lib/python3.12/site-packages/airflow/example_dags/example_sla_dag.py for tasks to queue
[2026-05-07T20:37:58.566+0000] {logging_mixin.py:188} INFO - [2026-05-07T20:37:58.565+0000] {dagbag.py:545} INFO - Filling up the DagBag from /home/airflow/.local/lib/python3.12/site-packages/airflow/example_dags/example_sla_dag.py
[2026-05-07T20:37:58.577+0000] {processor.py:840} INFO - DAG(s) 'example_sla_dag' retrieved from /home/airflow/.local/lib/python3.12/site-packages/airflow/example_dags/example_sla_dag.py
[2026-05-07T20:37:58.600+0000] {logging_mixin.py:188} INFO - [2026-05-07T20:37:58.600+0000] {dag.py:3096} INFO - Sync 1 DAGs
[2026-05-07T20:37:58.625+0000] {logging_mixin.py:188} INFO - [2026-05-07T20:37:58.624+0000] {dag.py:3954} INFO - Setting next_dagrun for example_sla_dag to 2026-05-07 20:34:00+00:00, run_after=2026-05-07 20:36:00+00:00
[2026-05-07T20:37:58.652+0000] {processor.py:183} INFO - Processing /home/airflow/.local/lib/python3.12/site-packages/airflow/example_dags/example_sla_dag.py took 0.100 seconds
[2026-05-07T20:38:28.802+0000] {processor.py:161} INFO - Started process (PID=2538) to work on /home/airflow/.local/lib/python3.12/site-packages/airflow/example_dags/example_sla_dag.py
[2026-05-07T20:38:28.803+0000] {processor.py:830} INFO - Processing file /home/airflow/.local/lib/python3.12/site-packages/airflow/example_dags/example_sla_dag.py for tasks to queue
[2026-05-07T20:38:28.806+0000] {logging_mixin.py:188} INFO - [2026-05-07T20:38:28.805+0000] {dagbag.py:545} INFO - Filling up the DagBag from /home/airflow/.local/lib/python3.12/site-packages/airflow/example_dags/example_sla_dag.py
[2026-05-07T20:38:28.815+0000] {processor.py:840} INFO - DAG(s) 'example_sla_dag' retrieved from /home/airflow/.local/lib/python3.12/site-packages/airflow/example_dags/example_sla_dag.py
[2026-05-07T20:38:28.839+0000] {logging_mixin.py:188} INFO - [2026-05-07T20:38:28.838+0000] {dag.py:3096} INFO - Sync 1 DAGs
[2026-05-07T20:38:28.859+0000] {logging_mixin.py:188} INFO - [2026-05-07T20:38:28.859+0000] {dag.py:3954} INFO - Setting next_dagrun for example_sla_dag to 2026-05-07 20:36:00+00:00, run_after=2026-05-07 20:38:00+00:00
[2026-05-07T20:38:28.881+0000] {processor.py:183} INFO - Processing /home/airflow/.local/lib/python3.12/site-packages/airflow/example_dags/example_sla_dag.py took 0.086 seconds
[2026-05-07T20:38:59.137+0000] {processor.py:161} INFO - Started process (PID=2596) to work on /home/airflow/.local/lib/python3.12/site-packages/airflow/example_dags/example_sla_dag.py
[2026-05-07T20:38:59.138+0000] {processor.py:830} INFO - Processing file /home/airflow/.local/lib/python3.12/site-packages/airflow/example_dags/example_sla_dag.py for tasks to queue
[2026-05-07T20:38:59.141+0000] {logging_mixin.py:188} INFO - [2026-05-07T20:38:59.140+0000] {dagbag.py:545} INFO - Filling up the DagBag from /home/airflow/.local/lib/python3.12/site-packages/airflow/example_dags/example_sla_dag.py
[2026-05-07T20:38:59.148+0000] {processor.py:840} INFO - DAG(s) 'example_sla_dag' retrieved from /home/airflow/.local/lib/python3.12/site-packages/airflow/example_dags/example_sla_dag.py
[2026-05-07T20:38:59.166+0000] {logging_mixin.py:188} INFO - [2026-05-07T20:38:59.166+0000] {dag.py:3096} INFO - Sync 1 DAGs
[2026-05-07T20:38:59.187+0000] {logging_mixin.py:188} INFO - [2026-05-07T20:38:59.187+0000] {dag.py:3954} INFO - Setting next_dagrun for example_sla_dag to 2026-05-07 20:36:00+00:00, run_after=2026-05-07 20:38:00+00:00
[2026-05-07T20:38:59.203+0000] {processor.py:183} INFO - Processing /home/airflow/.local/lib/python3.12/site-packages/airflow/example_dags/example_sla_dag.py took 0.071 seconds
[2026-05-07T20:39:29.842+0000] {processor.py:161} INFO - Started process (PID=2654) to work on /home/airflow/.local/lib/python3.12/site-packages/airflow/example_dags/example_sla_dag.py
[2026-05-07T20:39:29.844+0000] {processor.py:830} INFO - Processing file /home/airflow/.local/lib/python3.12/site-packages/airflow/example_dags/example_sla_dag.py for tasks to queue
[2026-05-07T20:39:29.848+0000] {logging_mixin.py:188} INFO - [2026-05-07T20:39:29.847+0000] {dagbag.py:545} INFO - Filling up the DagBag from /home/airflow/.local/lib/python3.12/site-packages/airflow/example_dags/example_sla_dag.py
[2026-05-07T20:39:29.862+0000] {processor.py:840} INFO - DAG(s) 'example_sla_dag' retrieved from /home/airflow/.local/lib/python3.12/site-packages/airflow/example_dags/example_sla_dag.py
[2026-05-07T20:39:29.889+0000] {logging_mixin.py:188} INFO - [2026-05-07T20:39:29.888+0000] {dag.py:3096} INFO - Sync 1 DAGs
[2026-05-07T20:39:29.926+0000] {logging_mixin.py:188} INFO - [2026-05-07T20:39:29.926+0000] {dag.py:3954} INFO - Setting next_dagrun for example_sla_dag to 2026-05-07 20:36:00+00:00, run_after=2026-05-07 20:38:00+00:00
[2026-05-07T20:39:29.976+0000] {processor.py:183} INFO - Processing /home/airflow/.local/lib/python3.12/site-packages/airflow/example_dags/example_sla_dag.py took 0.140 seconds
[2026-05-07T20:40:00.367+0000] {processor.py:161} INFO - Started process (PID=2712) to work on /home/airflow/.local/lib/python3.12/site-packages/airflow/example_dags/example_sla_dag.py
[2026-05-07T20:40:00.369+0000] {processor.py:830} INFO - Processing file /home/airflow/.local/lib/python3.12/site-packages/airflow/example_dags/example_sla_dag.py for tasks to queue
[2026-05-07T20:40:00.377+0000] {logging_mixin.py:188} INFO - [2026-05-07T20:40:00.375+0000] {dagbag.py:545} INFO - Filling up the DagBag from /home/airflow/.local/lib/python3.12/site-packages/airflow/example_dags/example_sla_dag.py
[2026-05-07T20:40:00.405+0000] {processor.py:840} INFO - DAG(s) 'example_sla_dag' retrieved from /home/airflow/.local/lib/python3.12/site-packages/airflow/example_dags/example_sla_dag.py
[2026-05-07T20:40:00.457+0000] {logging_mixin.py:188} INFO - [2026-05-07T20:40:00.457+0000] {dag.py:3096} INFO - Sync 1 DAGs
[2026-05-07T20:40:00.508+0000] {logging_mixin.py:188} INFO - [2026-05-07T20:40:00.507+0000] {dag.py:3954} INFO - Setting next_dagrun for example_sla_dag to 2026-05-07 20:38:00+00:00, run_after=2026-05-07 20:40:00+00:00
[2026-05-07T20:40:00.538+0000] {processor.py:183} INFO - Processing /home/airflow/.local/lib/python3.12/site-packages/airflow/example_dags/example_sla_dag.py took 0.189 seconds
[2026-05-07T20:40:30.684+0000] {processor.py:161} INFO - Started process (PID=2770) to work on /home/airflow/.local/lib/python3.12/site-packages/airflow/example_dags/example_sla_dag.py
[2026-05-07T20:40:30.685+0000] {processor.py:830} INFO - Processing file /home/airflow/.local/lib/python3.12/site-packages/airflow/example_dags/example_sla_dag.py for tasks to queue
[2026-05-07T20:40:30.687+0000] {logging_mixin.py:188} INFO - [2026-05-07T20:40:30.687+0000] {dagbag.py:545} INFO - Filling up the DagBag from /home/airflow/.local/lib/python3.12/site-packages/airflow/example_dags/example_sla_dag.py
[2026-05-07T20:40:30.694+0000] {processor.py:840} INFO - DAG(s) 'example_sla_dag' retrieved from /home/airflow/.local/lib/python3.12/site-packages/airflow/example_dags/example_sla_dag.py
[2026-05-07T20:40:30.712+0000] {logging_mixin.py:188} INFO - [2026-05-07T20:40:30.712+0000] {dag.py:3096} INFO - Sync 1 DAGs
[2026-05-07T20:40:30.729+0000] {logging_mixin.py:188} INFO - [2026-05-07T20:40:30.728+0000] {dag.py:3954} INFO - Setting next_dagrun for example_sla_dag to 2026-05-07 20:38:00+00:00, run_after=2026-05-07 20:40:00+00:00
[2026-05-07T20:40:30.749+0000] {processor.py:183} INFO - Processing /home/airflow/.local/lib/python3.12/site-packages/airflow/example_dags/example_sla_dag.py took 0.075 seconds
[2026-05-07T20:41:01.037+0000] {processor.py:161} INFO - Started process (PID=2828) to work on /home/airflow/.local/lib/python3.12/site-packages/airflow/example_dags/example_sla_dag.py
[2026-05-07T20:41:01.038+0000] {processor.py:830} INFO - Processing file /home/airflow/.local/lib/python3.12/site-packages/airflow/example_dags/example_sla_dag.py for tasks to queue
[2026-05-07T20:41:01.040+0000] {logging_mixin.py:188} INFO - [2026-05-07T20:41:01.040+0000] {dagbag.py:545} INFO - Filling up the DagBag from /home/airflow/.local/lib/python3.12/site-packages/airflow/example_dags/example_sla_dag.py
[2026-05-07T20:41:01.047+0000] {processor.py:840} INFO - DAG(s) 'example_sla_dag' retrieved from /home/airflow/.local/lib/python3.12/site-packages/airflow/example_dags/example_sla_dag.py
[2026-05-07T20:41:01.066+0000] {logging_mixin.py:188} INFO - [2026-05-07T20:41:01.066+0000] {dag.py:3096} INFO - Sync 1 DAGs
[2026-05-07T20:41:01.088+0000] {logging_mixin.py:188} INFO - [2026-05-07T20:41:01.088+0000] {dag.py:3954} INFO - Setting next_dagrun for example_sla_dag to 2026-05-07 20:38:00+00:00, run_after=2026-05-07 20:40:00+00:00
[2026-05-07T20:41:01.107+0000] {processor.py:183} INFO - Processing /home/airflow/.local/lib/python3.12/site-packages/airflow/example_dags/example_sla_dag.py took 0.076 seconds
[2026-05-07T20:41:31.644+0000] {processor.py:161} INFO - Started process (PID=2886) to work on /home/airflow/.local/lib/python3.12/site-packages/airflow/example_dags/example_sla_dag.py
[2026-05-07T20:41:31.647+0000] {processor.py:830} INFO - Processing file /home/airflow/.local/lib/python3.12/site-packages/airflow/example_dags/example_sla_dag.py for tasks to queue
[2026-05-07T20:41:31.653+0000] {logging_mixin.py:188} INFO - [2026-05-07T20:41:31.652+0000] {dagbag.py:545} INFO - Filling up the DagBag from /home/airflow/.local/lib/python3.12/site-packages/airflow/example_dags/example_sla_dag.py
[2026-05-07T20:41:31.669+0000] {processor.py:840} INFO - DAG(s) 'example_sla_dag' retrieved from /home/airflow/.local/lib/python3.12/site-packages/airflow/example_dags/example_sla_dag.py
[2026-05-07T20:41:31.688+0000] {logging_mixin.py:188} INFO - [2026-05-07T20:41:31.688+0000] {dag.py:3096} INFO - Sync 1 DAGs
[2026-05-07T20:41:31.711+0000] {logging_mixin.py:188} INFO - [2026-05-07T20:41:31.710+0000] {dag.py:3954} INFO - Setting next_dagrun for example_sla_dag to 2026-05-07 20:38:00+00:00, run_after=2026-05-07 20:40:00+00:00
[2026-05-07T20:41:31.728+0000] {processor.py:183} INFO - Processing /home/airflow/.local/lib/python3.12/site-packages/airflow/example_dags/example_sla_dag.py took 0.106 seconds
[2026-05-07T20:42:02.035+0000] {processor.py:161} INFO - Started process (PID=2944) to work on /home/airflow/.local/lib/python3.12/site-packages/airflow/example_dags/example_sla_dag.py
[2026-05-07T20:42:02.036+0000] {processor.py:830} INFO - Processing file /home/airflow/.local/lib/python3.12/site-packages/airflow/example_dags/example_sla_dag.py for tasks to queue
[2026-05-07T20:42:02.038+0000] {logging_mixin.py:188} INFO - [2026-05-07T20:42:02.038+0000] {dagbag.py:545} INFO - Filling up the DagBag from /home/airflow/.local/lib/python3.12/site-packages/airflow/example_dags/example_sla_dag.py
[2026-05-07T20:42:02.046+0000] {processor.py:840} INFO - DAG(s) 'example_sla_dag' retrieved from /home/airflow/.local/lib/python3.12/site-packages/airflow/example_dags/example_sla_dag.py
[2026-05-07T20:42:02.063+0000] {logging_mixin.py:188} INFO - [2026-05-07T20:42:02.063+0000] {dag.py:3096} INFO - Sync 1 DAGs
[2026-05-07T20:42:02.083+0000] {logging_mixin.py:188} INFO - [2026-05-07T20:42:02.083+0000] {dag.py:3954} INFO - Setting next_dagrun for example_sla_dag to 2026-05-07 20:40:00+00:00, run_after=2026-05-07 20:42:00+00:00
[2026-05-07T20:42:02.099+0000] {processor.py:183} INFO - Processing /home/airflow/.local/lib/python3.12/site-packages/airflow/example_dags/example_sla_dag.py took 0.072 seconds
[2026-05-07T20:42:32.521+0000] {processor.py:161} INFO - Started process (PID=3002) to work on /home/airflow/.local/lib/python3.12/site-packages/airflow/example_dags/example_sla_dag.py
[2026-05-07T20:42:32.522+0000] {processor.py:830} INFO - Processing file /home/airflow/.local/lib/python3.12/site-packages/airflow/example_dags/example_sla_dag.py for tasks to queue
[2026-05-07T20:42:32.524+0000] {logging_mixin.py:188} INFO - [2026-05-07T20:42:32.524+0000] {dagbag.py:545} INFO - Filling up the DagBag from /home/airflow/.local/lib/python3.12/site-packages/airflow/example_dags/example_sla_dag.py
[2026-05-07T20:42:32.532+0000] {processor.py:840} INFO - DAG(s) 'example_sla_dag' retrieved from /home/airflow/.local/lib/python3.12/site-packages/airflow/example_dags/example_sla_dag.py
[2026-05-07T20:42:32.552+0000] {logging_mixin.py:188} INFO - [2026-05-07T20:42:32.552+0000] {dag.py:3096} INFO - Sync 1 DAGs
[2026-05-07T20:42:32.572+0000] {logging_mixin.py:188} INFO - [2026-05-07T20:42:32.572+0000] {dag.py:3954} INFO - Setting next_dagrun for example_sla_dag to 2026-05-07 20:40:00+00:00, run_after=2026-05-07 20:42:00+00:00
[2026-05-07T20:42:32.666+0000] {processor.py:183} INFO - Processing /home/airflow/.local/lib/python3.12/site-packages/airflow/example_dags/example_sla_dag.py took 0.152 seconds
