[2026-05-07T20:17:01.270+0000] {processor.py:161} INFO - Started process (PID=88) to work on /home/airflow/.local/lib/python3.12/site-packages/airflow/example_dags/example_nested_branch_dag.py
[2026-05-07T20:17:01.271+0000] {processor.py:830} INFO - Processing file /home/airflow/.local/lib/python3.12/site-packages/airflow/example_dags/example_nested_branch_dag.py for tasks to queue
[2026-05-07T20:17:01.275+0000] {logging_mixin.py:188} INFO - [2026-05-07T20:17:01.274+0000] {dagbag.py:545} INFO - Filling up the DagBag from /home/airflow/.local/lib/python3.12/site-packages/airflow/example_dags/example_nested_branch_dag.py
[2026-05-07T20:17:01.287+0000] {processor.py:840} INFO - DAG(s) 'example_nested_branch_dag' retrieved from /home/airflow/.local/lib/python3.12/site-packages/airflow/example_dags/example_nested_branch_dag.py
[2026-05-07T20:17:01.424+0000] {logging_mixin.py:188} INFO - [2026-05-07T20:17:01.423+0000] {dag.py:3096} INFO - Sync 1 DAGs
[2026-05-07T20:17:01.459+0000] {logging_mixin.py:188} INFO - [2026-05-07T20:17:01.458+0000] {dag.py:3954} INFO - Setting next_dagrun for example_nested_branch_dag to 2026-05-06 00:00:00+00:00, run_after=2026-05-07 00:00:00+00:00
[2026-05-07T20:17:01.509+0000] {processor.py:183} INFO - Processing /home/airflow/.local/lib/python3.12/site-packages/airflow/example_dags/example_nested_branch_dag.py took 0.246 seconds
[2026-05-07T20:17:31.697+0000] {processor.py:161} INFO - Started process (PID=146) to work on /home/airflow/.local/lib/python3.12/site-packages/airflow/example_dags/example_nested_branch_dag.py
[2026-05-07T20:17:31.699+0000] {processor.py:830} INFO - Processing file /home/airflow/.local/lib/python3.12/site-packages/airflow/example_dags/example_nested_branch_dag.py for tasks to queue
[2026-05-07T20:17:31.702+0000] {logging_mixin.py:188} INFO - [2026-05-07T20:17:31.701+0000] {dagbag.py:545} INFO - Filling up the DagBag from /home/airflow/.local/lib/python3.12/site-packages/airflow/example_dags/example_nested_branch_dag.py
[2026-05-07T20:17:31.711+0000] {processor.py:840} INFO - DAG(s) 'example_nested_branch_dag' retrieved from /home/airflow/.local/lib/python3.12/site-packages/airflow/example_dags/example_nested_branch_dag.py
[2026-05-07T20:17:31.733+0000] {logging_mixin.py:188} INFO - [2026-05-07T20:17:31.733+0000] {dag.py:3096} INFO - Sync 1 DAGs
[2026-05-07T20:17:31.756+0000] {logging_mixin.py:188} INFO - [2026-05-07T20:17:31.756+0000] {dag.py:3954} INFO - Setting next_dagrun for example_nested_branch_dag to 2026-05-06 00:00:00+00:00, run_after=2026-05-07 00:00:00+00:00
[2026-05-07T20:17:31.775+0000] {processor.py:183} INFO - Processing /home/airflow/.local/lib/python3.12/site-packages/airflow/example_dags/example_nested_branch_dag.py took 0.083 seconds
[2026-05-07T20:18:02.166+0000] {processor.py:161} INFO - Started process (PID=204) to work on /home/airflow/.local/lib/python3.12/site-packages/airflow/example_dags/example_nested_branch_dag.py
[2026-05-07T20:18:02.168+0000] {processor.py:830} INFO - Processing file /home/airflow/.local/lib/python3.12/site-packages/airflow/example_dags/example_nested_branch_dag.py for tasks to queue
[2026-05-07T20:18:02.170+0000] {logging_mixin.py:188} INFO - [2026-05-07T20:18:02.170+0000] {dagbag.py:545} INFO - Filling up the DagBag from /home/airflow/.local/lib/python3.12/site-packages/airflow/example_dags/example_nested_branch_dag.py
[2026-05-07T20:18:02.181+0000] {processor.py:840} INFO - DAG(s) 'example_nested_branch_dag' retrieved from /home/airflow/.local/lib/python3.12/site-packages/airflow/example_dags/example_nested_branch_dag.py
[2026-05-07T20:18:02.205+0000] {logging_mixin.py:188} INFO - [2026-05-07T20:18:02.205+0000] {dag.py:3096} INFO - Sync 1 DAGs
[2026-05-07T20:18:02.227+0000] {logging_mixin.py:188} INFO - [2026-05-07T20:18:02.227+0000] {dag.py:3954} INFO - Setting next_dagrun for example_nested_branch_dag to 2026-05-06 00:00:00+00:00, run_after=2026-05-07 00:00:00+00:00
[2026-05-07T20:18:02.251+0000] {processor.py:183} INFO - Processing /home/airflow/.local/lib/python3.12/site-packages/airflow/example_dags/example_nested_branch_dag.py took 0.091 seconds
[2026-05-07T20:18:32.891+0000] {processor.py:161} INFO - Started process (PID=262) to work on /home/airflow/.local/lib/python3.12/site-packages/airflow/example_dags/example_nested_branch_dag.py
[2026-05-07T20:18:32.893+0000] {processor.py:830} INFO - Processing file /home/airflow/.local/lib/python3.12/site-packages/airflow/example_dags/example_nested_branch_dag.py for tasks to queue
[2026-05-07T20:18:32.899+0000] {logging_mixin.py:188} INFO - [2026-05-07T20:18:32.898+0000] {dagbag.py:545} INFO - Filling up the DagBag from /home/airflow/.local/lib/python3.12/site-packages/airflow/example_dags/example_nested_branch_dag.py
[2026-05-07T20:18:32.921+0000] {processor.py:840} INFO - DAG(s) 'example_nested_branch_dag' retrieved from /home/airflow/.local/lib/python3.12/site-packages/airflow/example_dags/example_nested_branch_dag.py
[2026-05-07T20:18:32.969+0000] {logging_mixin.py:188} INFO - [2026-05-07T20:18:32.968+0000] {dag.py:3096} INFO - Sync 1 DAGs
[2026-05-07T20:18:33.014+0000] {logging_mixin.py:188} INFO - [2026-05-07T20:18:33.014+0000] {dag.py:3954} INFO - Setting next_dagrun for example_nested_branch_dag to 2026-05-06 00:00:00+00:00, run_after=2026-05-07 00:00:00+00:00
[2026-05-07T20:18:33.050+0000] {processor.py:183} INFO - Processing /home/airflow/.local/lib/python3.12/site-packages/airflow/example_dags/example_nested_branch_dag.py took 0.170 seconds
[2026-05-07T20:19:03.108+0000] {processor.py:161} INFO - Started process (PID=320) to work on /home/airflow/.local/lib/python3.12/site-packages/airflow/example_dags/example_nested_branch_dag.py
[2026-05-07T20:19:03.109+0000] {processor.py:830} INFO - Processing file /home/airflow/.local/lib/python3.12/site-packages/airflow/example_dags/example_nested_branch_dag.py for tasks to queue
[2026-05-07T20:19:03.111+0000] {logging_mixin.py:188} INFO - [2026-05-07T20:19:03.111+0000] {dagbag.py:545} INFO - Filling up the DagBag from /home/airflow/.local/lib/python3.12/site-packages/airflow/example_dags/example_nested_branch_dag.py
[2026-05-07T20:19:03.121+0000] {processor.py:840} INFO - DAG(s) 'example_nested_branch_dag' retrieved from /home/airflow/.local/lib/python3.12/site-packages/airflow/example_dags/example_nested_branch_dag.py
[2026-05-07T20:19:03.143+0000] {logging_mixin.py:188} INFO - [2026-05-07T20:19:03.143+0000] {dag.py:3096} INFO - Sync 1 DAGs
[2026-05-07T20:19:03.166+0000] {logging_mixin.py:188} INFO - [2026-05-07T20:19:03.166+0000] {dag.py:3954} INFO - Setting next_dagrun for example_nested_branch_dag to 2026-05-06 00:00:00+00:00, run_after=2026-05-07 00:00:00+00:00
[2026-05-07T20:19:03.190+0000] {processor.py:183} INFO - Processing /home/airflow/.local/lib/python3.12/site-packages/airflow/example_dags/example_nested_branch_dag.py took 0.087 seconds
[2026-05-07T20:19:33.494+0000] {processor.py:161} INFO - Started process (PID=378) to work on /home/airflow/.local/lib/python3.12/site-packages/airflow/example_dags/example_nested_branch_dag.py
[2026-05-07T20:19:33.496+0000] {processor.py:830} INFO - Processing file /home/airflow/.local/lib/python3.12/site-packages/airflow/example_dags/example_nested_branch_dag.py for tasks to queue
[2026-05-07T20:19:33.498+0000] {logging_mixin.py:188} INFO - [2026-05-07T20:19:33.498+0000] {dagbag.py:545} INFO - Filling up the DagBag from /home/airflow/.local/lib/python3.12/site-packages/airflow/example_dags/example_nested_branch_dag.py
[2026-05-07T20:19:33.509+0000] {processor.py:840} INFO - DAG(s) 'example_nested_branch_dag' retrieved from /home/airflow/.local/lib/python3.12/site-packages/airflow/example_dags/example_nested_branch_dag.py
[2026-05-07T20:19:33.532+0000] {logging_mixin.py:188} INFO - [2026-05-07T20:19:33.532+0000] {dag.py:3096} INFO - Sync 1 DAGs
[2026-05-07T20:19:33.553+0000] {logging_mixin.py:188} INFO - [2026-05-07T20:19:33.552+0000] {dag.py:3954} INFO - Setting next_dagrun for example_nested_branch_dag to 2026-05-06 00:00:00+00:00, run_after=2026-05-07 00:00:00+00:00
[2026-05-07T20:19:33.576+0000] {processor.py:183} INFO - Processing /home/airflow/.local/lib/python3.12/site-packages/airflow/example_dags/example_nested_branch_dag.py took 0.088 seconds
[2026-05-07T20:20:04.162+0000] {processor.py:161} INFO - Started process (PID=436) to work on /home/airflow/.local/lib/python3.12/site-packages/airflow/example_dags/example_nested_branch_dag.py
[2026-05-07T20:20:04.164+0000] {processor.py:830} INFO - Processing file /home/airflow/.local/lib/python3.12/site-packages/airflow/example_dags/example_nested_branch_dag.py for tasks to queue
[2026-05-07T20:20:04.167+0000] {logging_mixin.py:188} INFO - [2026-05-07T20:20:04.167+0000] {dagbag.py:545} INFO - Filling up the DagBag from /home/airflow/.local/lib/python3.12/site-packages/airflow/example_dags/example_nested_branch_dag.py
[2026-05-07T20:20:04.179+0000] {processor.py:840} INFO - DAG(s) 'example_nested_branch_dag' retrieved from /home/airflow/.local/lib/python3.12/site-packages/airflow/example_dags/example_nested_branch_dag.py
[2026-05-07T20:20:04.202+0000] {logging_mixin.py:188} INFO - [2026-05-07T20:20:04.201+0000] {dag.py:3096} INFO - Sync 1 DAGs
[2026-05-07T20:20:04.224+0000] {logging_mixin.py:188} INFO - [2026-05-07T20:20:04.224+0000] {dag.py:3954} INFO - Setting next_dagrun for example_nested_branch_dag to 2026-05-06 00:00:00+00:00, run_after=2026-05-07 00:00:00+00:00
[2026-05-07T20:20:04.245+0000] {processor.py:183} INFO - Processing /home/airflow/.local/lib/python3.12/site-packages/airflow/example_dags/example_nested_branch_dag.py took 0.088 seconds
[2026-05-07T20:20:34.646+0000] {processor.py:161} INFO - Started process (PID=494) to work on /home/airflow/.local/lib/python3.12/site-packages/airflow/example_dags/example_nested_branch_dag.py
[2026-05-07T20:20:34.648+0000] {processor.py:830} INFO - Processing file /home/airflow/.local/lib/python3.12/site-packages/airflow/example_dags/example_nested_branch_dag.py for tasks to queue
[2026-05-07T20:20:34.651+0000] {logging_mixin.py:188} INFO - [2026-05-07T20:20:34.651+0000] {dagbag.py:545} INFO - Filling up the DagBag from /home/airflow/.local/lib/python3.12/site-packages/airflow/example_dags/example_nested_branch_dag.py
[2026-05-07T20:20:34.661+0000] {processor.py:840} INFO - DAG(s) 'example_nested_branch_dag' retrieved from /home/airflow/.local/lib/python3.12/site-packages/airflow/example_dags/example_nested_branch_dag.py
[2026-05-07T20:20:34.691+0000] {logging_mixin.py:188} INFO - [2026-05-07T20:20:34.691+0000] {dag.py:3096} INFO - Sync 1 DAGs
[2026-05-07T20:20:34.716+0000] {logging_mixin.py:188} INFO - [2026-05-07T20:20:34.716+0000] {dag.py:3954} INFO - Setting next_dagrun for example_nested_branch_dag to 2026-05-06 00:00:00+00:00, run_after=2026-05-07 00:00:00+00:00
[2026-05-07T20:20:34.744+0000] {processor.py:183} INFO - Processing /home/airflow/.local/lib/python3.12/site-packages/airflow/example_dags/example_nested_branch_dag.py took 0.104 seconds
[2026-05-07T20:21:04.979+0000] {processor.py:161} INFO - Started process (PID=552) to work on /home/airflow/.local/lib/python3.12/site-packages/airflow/example_dags/example_nested_branch_dag.py
[2026-05-07T20:21:04.981+0000] {processor.py:830} INFO - Processing file /home/airflow/.local/lib/python3.12/site-packages/airflow/example_dags/example_nested_branch_dag.py for tasks to queue
[2026-05-07T20:21:04.984+0000] {logging_mixin.py:188} INFO - [2026-05-07T20:21:04.983+0000] {dagbag.py:545} INFO - Filling up the DagBag from /home/airflow/.local/lib/python3.12/site-packages/airflow/example_dags/example_nested_branch_dag.py
[2026-05-07T20:21:04.994+0000] {processor.py:840} INFO - DAG(s) 'example_nested_branch_dag' retrieved from /home/airflow/.local/lib/python3.12/site-packages/airflow/example_dags/example_nested_branch_dag.py
[2026-05-07T20:21:05.016+0000] {logging_mixin.py:188} INFO - [2026-05-07T20:21:05.016+0000] {dag.py:3096} INFO - Sync 1 DAGs
[2026-05-07T20:21:05.038+0000] {logging_mixin.py:188} INFO - [2026-05-07T20:21:05.037+0000] {dag.py:3954} INFO - Setting next_dagrun for example_nested_branch_dag to 2026-05-06 00:00:00+00:00, run_after=2026-05-07 00:00:00+00:00
[2026-05-07T20:21:05.059+0000] {processor.py:183} INFO - Processing /home/airflow/.local/lib/python3.12/site-packages/airflow/example_dags/example_nested_branch_dag.py took 0.085 seconds
[2026-05-07T20:21:35.402+0000] {processor.py:161} INFO - Started process (PID=610) to work on /home/airflow/.local/lib/python3.12/site-packages/airflow/example_dags/example_nested_branch_dag.py
[2026-05-07T20:21:35.404+0000] {processor.py:830} INFO - Processing file /home/airflow/.local/lib/python3.12/site-packages/airflow/example_dags/example_nested_branch_dag.py for tasks to queue
[2026-05-07T20:21:35.409+0000] {logging_mixin.py:188} INFO - [2026-05-07T20:21:35.409+0000] {dagbag.py:545} INFO - Filling up the DagBag from /home/airflow/.local/lib/python3.12/site-packages/airflow/example_dags/example_nested_branch_dag.py
[2026-05-07T20:21:35.439+0000] {processor.py:840} INFO - DAG(s) 'example_nested_branch_dag' retrieved from /home/airflow/.local/lib/python3.12/site-packages/airflow/example_dags/example_nested_branch_dag.py
[2026-05-07T20:21:35.498+0000] {logging_mixin.py:188} INFO - [2026-05-07T20:21:35.497+0000] {dag.py:3096} INFO - Sync 1 DAGs
[2026-05-07T20:21:35.553+0000] {logging_mixin.py:188} INFO - [2026-05-07T20:21:35.552+0000] {dag.py:3954} INFO - Setting next_dagrun for example_nested_branch_dag to 2026-05-06 00:00:00+00:00, run_after=2026-05-07 00:00:00+00:00
[2026-05-07T20:21:35.598+0000] {processor.py:183} INFO - Processing /home/airflow/.local/lib/python3.12/site-packages/airflow/example_dags/example_nested_branch_dag.py took 0.202 seconds
[2026-05-07T20:22:06.320+0000] {processor.py:161} INFO - Started process (PID=668) to work on /home/airflow/.local/lib/python3.12/site-packages/airflow/example_dags/example_nested_branch_dag.py
[2026-05-07T20:22:06.322+0000] {processor.py:830} INFO - Processing file /home/airflow/.local/lib/python3.12/site-packages/airflow/example_dags/example_nested_branch_dag.py for tasks to queue
[2026-05-07T20:22:06.325+0000] {logging_mixin.py:188} INFO - [2026-05-07T20:22:06.324+0000] {dagbag.py:545} INFO - Filling up the DagBag from /home/airflow/.local/lib/python3.12/site-packages/airflow/example_dags/example_nested_branch_dag.py
[2026-05-07T20:22:06.336+0000] {processor.py:840} INFO - DAG(s) 'example_nested_branch_dag' retrieved from /home/airflow/.local/lib/python3.12/site-packages/airflow/example_dags/example_nested_branch_dag.py
[2026-05-07T20:22:06.358+0000] {logging_mixin.py:188} INFO - [2026-05-07T20:22:06.358+0000] {dag.py:3096} INFO - Sync 1 DAGs
[2026-05-07T20:22:06.384+0000] {logging_mixin.py:188} INFO - [2026-05-07T20:22:06.384+0000] {dag.py:3954} INFO - Setting next_dagrun for example_nested_branch_dag to 2026-05-06 00:00:00+00:00, run_after=2026-05-07 00:00:00+00:00
[2026-05-07T20:22:06.410+0000] {processor.py:183} INFO - Processing /home/airflow/.local/lib/python3.12/site-packages/airflow/example_dags/example_nested_branch_dag.py took 0.096 seconds
[2026-05-07T20:22:36.669+0000] {processor.py:161} INFO - Started process (PID=727) to work on /home/airflow/.local/lib/python3.12/site-packages/airflow/example_dags/example_nested_branch_dag.py
[2026-05-07T20:22:36.672+0000] {processor.py:830} INFO - Processing file /home/airflow/.local/lib/python3.12/site-packages/airflow/example_dags/example_nested_branch_dag.py for tasks to queue
[2026-05-07T20:22:36.676+0000] {logging_mixin.py:188} INFO - [2026-05-07T20:22:36.675+0000] {dagbag.py:545} INFO - Filling up the DagBag from /home/airflow/.local/lib/python3.12/site-packages/airflow/example_dags/example_nested_branch_dag.py
[2026-05-07T20:22:36.688+0000] {processor.py:840} INFO - DAG(s) 'example_nested_branch_dag' retrieved from /home/airflow/.local/lib/python3.12/site-packages/airflow/example_dags/example_nested_branch_dag.py
[2026-05-07T20:22:36.714+0000] {logging_mixin.py:188} INFO - [2026-05-07T20:22:36.713+0000] {dag.py:3096} INFO - Sync 1 DAGs
[2026-05-07T20:22:36.740+0000] {logging_mixin.py:188} INFO - [2026-05-07T20:22:36.739+0000] {dag.py:3954} INFO - Setting next_dagrun for example_nested_branch_dag to 2026-05-06 00:00:00+00:00, run_after=2026-05-07 00:00:00+00:00
[2026-05-07T20:22:36.763+0000] {processor.py:183} INFO - Processing /home/airflow/.local/lib/python3.12/site-packages/airflow/example_dags/example_nested_branch_dag.py took 0.101 seconds
[2026-05-07T20:23:07.350+0000] {processor.py:161} INFO - Started process (PID=785) to work on /home/airflow/.local/lib/python3.12/site-packages/airflow/example_dags/example_nested_branch_dag.py
[2026-05-07T20:23:07.352+0000] {processor.py:830} INFO - Processing file /home/airflow/.local/lib/python3.12/site-packages/airflow/example_dags/example_nested_branch_dag.py for tasks to queue
[2026-05-07T20:23:07.355+0000] {logging_mixin.py:188} INFO - [2026-05-07T20:23:07.354+0000] {dagbag.py:545} INFO - Filling up the DagBag from /home/airflow/.local/lib/python3.12/site-packages/airflow/example_dags/example_nested_branch_dag.py
[2026-05-07T20:23:07.365+0000] {processor.py:840} INFO - DAG(s) 'example_nested_branch_dag' retrieved from /home/airflow/.local/lib/python3.12/site-packages/airflow/example_dags/example_nested_branch_dag.py
[2026-05-07T20:23:07.393+0000] {logging_mixin.py:188} INFO - [2026-05-07T20:23:07.392+0000] {dag.py:3096} INFO - Sync 1 DAGs
[2026-05-07T20:23:07.418+0000] {logging_mixin.py:188} INFO - [2026-05-07T20:23:07.418+0000] {dag.py:3954} INFO - Setting next_dagrun for example_nested_branch_dag to 2026-05-06 00:00:00+00:00, run_after=2026-05-07 00:00:00+00:00
[2026-05-07T20:23:07.445+0000] {processor.py:183} INFO - Processing /home/airflow/.local/lib/python3.12/site-packages/airflow/example_dags/example_nested_branch_dag.py took 0.104 seconds
[2026-05-07T20:23:37.672+0000] {processor.py:161} INFO - Started process (PID=844) to work on /home/airflow/.local/lib/python3.12/site-packages/airflow/example_dags/example_nested_branch_dag.py
[2026-05-07T20:23:37.674+0000] {processor.py:830} INFO - Processing file /home/airflow/.local/lib/python3.12/site-packages/airflow/example_dags/example_nested_branch_dag.py for tasks to queue
[2026-05-07T20:23:37.677+0000] {logging_mixin.py:188} INFO - [2026-05-07T20:23:37.676+0000] {dagbag.py:545} INFO - Filling up the DagBag from /home/airflow/.local/lib/python3.12/site-packages/airflow/example_dags/example_nested_branch_dag.py
[2026-05-07T20:23:37.687+0000] {processor.py:840} INFO - DAG(s) 'example_nested_branch_dag' retrieved from /home/airflow/.local/lib/python3.12/site-packages/airflow/example_dags/example_nested_branch_dag.py
[2026-05-07T20:23:37.715+0000] {logging_mixin.py:188} INFO - [2026-05-07T20:23:37.714+0000] {dag.py:3096} INFO - Sync 1 DAGs
[2026-05-07T20:23:37.743+0000] {logging_mixin.py:188} INFO - [2026-05-07T20:23:37.742+0000] {dag.py:3954} INFO - Setting next_dagrun for example_nested_branch_dag to 2026-05-06 00:00:00+00:00, run_after=2026-05-07 00:00:00+00:00
[2026-05-07T20:23:37.771+0000] {processor.py:183} INFO - Processing /home/airflow/.local/lib/python3.12/site-packages/airflow/example_dags/example_nested_branch_dag.py took 0.106 seconds
[2026-05-07T20:24:08.104+0000] {processor.py:161} INFO - Started process (PID=902) to work on /home/airflow/.local/lib/python3.12/site-packages/airflow/example_dags/example_nested_branch_dag.py
[2026-05-07T20:24:08.105+0000] {processor.py:830} INFO - Processing file /home/airflow/.local/lib/python3.12/site-packages/airflow/example_dags/example_nested_branch_dag.py for tasks to queue
[2026-05-07T20:24:08.108+0000] {logging_mixin.py:188} INFO - [2026-05-07T20:24:08.108+0000] {dagbag.py:545} INFO - Filling up the DagBag from /home/airflow/.local/lib/python3.12/site-packages/airflow/example_dags/example_nested_branch_dag.py
[2026-05-07T20:24:08.119+0000] {processor.py:840} INFO - DAG(s) 'example_nested_branch_dag' retrieved from /home/airflow/.local/lib/python3.12/site-packages/airflow/example_dags/example_nested_branch_dag.py
[2026-05-07T20:24:08.145+0000] {logging_mixin.py:188} INFO - [2026-05-07T20:24:08.145+0000] {dag.py:3096} INFO - Sync 1 DAGs
[2026-05-07T20:24:08.166+0000] {logging_mixin.py:188} INFO - [2026-05-07T20:24:08.166+0000] {dag.py:3954} INFO - Setting next_dagrun for example_nested_branch_dag to 2026-05-06 00:00:00+00:00, run_after=2026-05-07 00:00:00+00:00
[2026-05-07T20:24:08.188+0000] {processor.py:183} INFO - Processing /home/airflow/.local/lib/python3.12/site-packages/airflow/example_dags/example_nested_branch_dag.py took 0.091 seconds
[2026-05-07T20:24:38.249+0000] {processor.py:161} INFO - Started process (PID=959) to work on /home/airflow/.local/lib/python3.12/site-packages/airflow/example_dags/example_nested_branch_dag.py
[2026-05-07T20:24:38.250+0000] {processor.py:830} INFO - Processing file /home/airflow/.local/lib/python3.12/site-packages/airflow/example_dags/example_nested_branch_dag.py for tasks to queue
[2026-05-07T20:24:38.252+0000] {logging_mixin.py:188} INFO - [2026-05-07T20:24:38.252+0000] {dagbag.py:545} INFO - Filling up the DagBag from /home/airflow/.local/lib/python3.12/site-packages/airflow/example_dags/example_nested_branch_dag.py
[2026-05-07T20:24:38.262+0000] {processor.py:840} INFO - DAG(s) 'example_nested_branch_dag' retrieved from /home/airflow/.local/lib/python3.12/site-packages/airflow/example_dags/example_nested_branch_dag.py
[2026-05-07T20:24:38.286+0000] {logging_mixin.py:188} INFO - [2026-05-07T20:24:38.285+0000] {dag.py:3096} INFO - Sync 1 DAGs
[2026-05-07T20:24:38.308+0000] {logging_mixin.py:188} INFO - [2026-05-07T20:24:38.308+0000] {dag.py:3954} INFO - Setting next_dagrun for example_nested_branch_dag to 2026-05-06 00:00:00+00:00, run_after=2026-05-07 00:00:00+00:00
[2026-05-07T20:24:38.340+0000] {processor.py:183} INFO - Processing /home/airflow/.local/lib/python3.12/site-packages/airflow/example_dags/example_nested_branch_dag.py took 0.096 seconds
[2026-05-07T20:25:08.670+0000] {processor.py:161} INFO - Started process (PID=1017) to work on /home/airflow/.local/lib/python3.12/site-packages/airflow/example_dags/example_nested_branch_dag.py
[2026-05-07T20:25:08.672+0000] {processor.py:830} INFO - Processing file /home/airflow/.local/lib/python3.12/site-packages/airflow/example_dags/example_nested_branch_dag.py for tasks to queue
[2026-05-07T20:25:08.673+0000] {logging_mixin.py:188} INFO - [2026-05-07T20:25:08.673+0000] {dagbag.py:545} INFO - Filling up the DagBag from /home/airflow/.local/lib/python3.12/site-packages/airflow/example_dags/example_nested_branch_dag.py
[2026-05-07T20:25:08.683+0000] {processor.py:840} INFO - DAG(s) 'example_nested_branch_dag' retrieved from /home/airflow/.local/lib/python3.12/site-packages/airflow/example_dags/example_nested_branch_dag.py
[2026-05-07T20:25:08.704+0000] {logging_mixin.py:188} INFO - [2026-05-07T20:25:08.704+0000] {dag.py:3096} INFO - Sync 1 DAGs
[2026-05-07T20:25:08.726+0000] {logging_mixin.py:188} INFO - [2026-05-07T20:25:08.725+0000] {dag.py:3954} INFO - Setting next_dagrun for example_nested_branch_dag to 2026-05-06 00:00:00+00:00, run_after=2026-05-07 00:00:00+00:00
[2026-05-07T20:25:08.752+0000] {processor.py:183} INFO - Processing /home/airflow/.local/lib/python3.12/site-packages/airflow/example_dags/example_nested_branch_dag.py took 0.088 seconds
[2026-05-07T20:25:40.290+0000] {processor.py:161} INFO - Started process (PID=1076) to work on /home/airflow/.local/lib/python3.12/site-packages/airflow/example_dags/example_nested_branch_dag.py
[2026-05-07T20:25:40.293+0000] {processor.py:830} INFO - Processing file /home/airflow/.local/lib/python3.12/site-packages/airflow/example_dags/example_nested_branch_dag.py for tasks to queue
[2026-05-07T20:25:40.296+0000] {logging_mixin.py:188} INFO - [2026-05-07T20:25:40.295+0000] {dagbag.py:545} INFO - Filling up the DagBag from /home/airflow/.local/lib/python3.12/site-packages/airflow/example_dags/example_nested_branch_dag.py
[2026-05-07T20:25:40.309+0000] {processor.py:840} INFO - DAG(s) 'example_nested_branch_dag' retrieved from /home/airflow/.local/lib/python3.12/site-packages/airflow/example_dags/example_nested_branch_dag.py
[2026-05-07T20:25:40.339+0000] {logging_mixin.py:188} INFO - [2026-05-07T20:25:40.339+0000] {dag.py:3096} INFO - Sync 1 DAGs
[2026-05-07T20:25:40.364+0000] {logging_mixin.py:188} INFO - [2026-05-07T20:25:40.363+0000] {dag.py:3954} INFO - Setting next_dagrun for example_nested_branch_dag to 2026-05-06 00:00:00+00:00, run_after=2026-05-07 00:00:00+00:00
[2026-05-07T20:25:40.390+0000] {processor.py:183} INFO - Processing /home/airflow/.local/lib/python3.12/site-packages/airflow/example_dags/example_nested_branch_dag.py took 0.107 seconds
[2026-05-07T20:26:11.120+0000] {processor.py:161} INFO - Started process (PID=1134) to work on /home/airflow/.local/lib/python3.12/site-packages/airflow/example_dags/example_nested_branch_dag.py
[2026-05-07T20:26:11.121+0000] {processor.py:830} INFO - Processing file /home/airflow/.local/lib/python3.12/site-packages/airflow/example_dags/example_nested_branch_dag.py for tasks to queue
[2026-05-07T20:26:11.128+0000] {logging_mixin.py:188} INFO - [2026-05-07T20:26:11.128+0000] {dagbag.py:545} INFO - Filling up the DagBag from /home/airflow/.local/lib/python3.12/site-packages/airflow/example_dags/example_nested_branch_dag.py
[2026-05-07T20:26:11.141+0000] {processor.py:840} INFO - DAG(s) 'example_nested_branch_dag' retrieved from /home/airflow/.local/lib/python3.12/site-packages/airflow/example_dags/example_nested_branch_dag.py
[2026-05-07T20:26:11.176+0000] {logging_mixin.py:188} INFO - [2026-05-07T20:26:11.175+0000] {dag.py:3096} INFO - Sync 1 DAGs
[2026-05-07T20:26:11.204+0000] {logging_mixin.py:188} INFO - [2026-05-07T20:26:11.204+0000] {dag.py:3954} INFO - Setting next_dagrun for example_nested_branch_dag to 2026-05-06 00:00:00+00:00, run_after=2026-05-07 00:00:00+00:00
[2026-05-07T20:26:11.235+0000] {processor.py:183} INFO - Processing /home/airflow/.local/lib/python3.12/site-packages/airflow/example_dags/example_nested_branch_dag.py took 0.123 seconds
[2026-05-07T20:26:41.662+0000] {processor.py:161} INFO - Started process (PID=1193) to work on /home/airflow/.local/lib/python3.12/site-packages/airflow/example_dags/example_nested_branch_dag.py
[2026-05-07T20:26:41.664+0000] {processor.py:830} INFO - Processing file /home/airflow/.local/lib/python3.12/site-packages/airflow/example_dags/example_nested_branch_dag.py for tasks to queue
[2026-05-07T20:26:41.675+0000] {logging_mixin.py:188} INFO - [2026-05-07T20:26:41.674+0000] {dagbag.py:545} INFO - Filling up the DagBag from /home/airflow/.local/lib/python3.12/site-packages/airflow/example_dags/example_nested_branch_dag.py
[2026-05-07T20:26:41.699+0000] {processor.py:840} INFO - DAG(s) 'example_nested_branch_dag' retrieved from /home/airflow/.local/lib/python3.12/site-packages/airflow/example_dags/example_nested_branch_dag.py
[2026-05-07T20:26:41.754+0000] {logging_mixin.py:188} INFO - [2026-05-07T20:26:41.753+0000] {dag.py:3096} INFO - Sync 1 DAGs
[2026-05-07T20:26:41.778+0000] {logging_mixin.py:188} INFO - [2026-05-07T20:26:41.778+0000] {dag.py:3954} INFO - Setting next_dagrun for example_nested_branch_dag to 2026-05-06 00:00:00+00:00, run_after=2026-05-07 00:00:00+00:00
[2026-05-07T20:26:41.802+0000] {processor.py:183} INFO - Processing /home/airflow/.local/lib/python3.12/site-packages/airflow/example_dags/example_nested_branch_dag.py took 0.163 seconds
[2026-05-07T20:27:12.786+0000] {processor.py:161} INFO - Started process (PID=1250) to work on /home/airflow/.local/lib/python3.12/site-packages/airflow/example_dags/example_nested_branch_dag.py
[2026-05-07T20:27:12.788+0000] {processor.py:830} INFO - Processing file /home/airflow/.local/lib/python3.12/site-packages/airflow/example_dags/example_nested_branch_dag.py for tasks to queue
[2026-05-07T20:27:12.791+0000] {logging_mixin.py:188} INFO - [2026-05-07T20:27:12.790+0000] {dagbag.py:545} INFO - Filling up the DagBag from /home/airflow/.local/lib/python3.12/site-packages/airflow/example_dags/example_nested_branch_dag.py
[2026-05-07T20:27:12.804+0000] {processor.py:840} INFO - DAG(s) 'example_nested_branch_dag' retrieved from /home/airflow/.local/lib/python3.12/site-packages/airflow/example_dags/example_nested_branch_dag.py
[2026-05-07T20:27:12.836+0000] {logging_mixin.py:188} INFO - [2026-05-07T20:27:12.836+0000] {dag.py:3096} INFO - Sync 1 DAGs
[2026-05-07T20:27:12.867+0000] {logging_mixin.py:188} INFO - [2026-05-07T20:27:12.866+0000] {dag.py:3954} INFO - Setting next_dagrun for example_nested_branch_dag to 2026-05-06 00:00:00+00:00, run_after=2026-05-07 00:00:00+00:00
[2026-05-07T20:27:12.899+0000] {processor.py:183} INFO - Processing /home/airflow/.local/lib/python3.12/site-packages/airflow/example_dags/example_nested_branch_dag.py took 0.119 seconds
[2026-05-07T20:27:43.143+0000] {processor.py:161} INFO - Started process (PID=1307) to work on /home/airflow/.local/lib/python3.12/site-packages/airflow/example_dags/example_nested_branch_dag.py
[2026-05-07T20:27:43.145+0000] {processor.py:830} INFO - Processing file /home/airflow/.local/lib/python3.12/site-packages/airflow/example_dags/example_nested_branch_dag.py for tasks to queue
[2026-05-07T20:27:43.147+0000] {logging_mixin.py:188} INFO - [2026-05-07T20:27:43.146+0000] {dagbag.py:545} INFO - Filling up the DagBag from /home/airflow/.local/lib/python3.12/site-packages/airflow/example_dags/example_nested_branch_dag.py
[2026-05-07T20:27:43.156+0000] {processor.py:840} INFO - DAG(s) 'example_nested_branch_dag' retrieved from /home/airflow/.local/lib/python3.12/site-packages/airflow/example_dags/example_nested_branch_dag.py
[2026-05-07T20:27:43.179+0000] {logging_mixin.py:188} INFO - [2026-05-07T20:27:43.178+0000] {dag.py:3096} INFO - Sync 1 DAGs
[2026-05-07T20:27:43.202+0000] {logging_mixin.py:188} INFO - [2026-05-07T20:27:43.202+0000] {dag.py:3954} INFO - Setting next_dagrun for example_nested_branch_dag to 2026-05-06 00:00:00+00:00, run_after=2026-05-07 00:00:00+00:00
[2026-05-07T20:27:43.223+0000] {processor.py:183} INFO - Processing /home/airflow/.local/lib/python3.12/site-packages/airflow/example_dags/example_nested_branch_dag.py took 0.085 seconds
[2026-05-07T20:28:14.437+0000] {processor.py:161} INFO - Started process (PID=1365) to work on /home/airflow/.local/lib/python3.12/site-packages/airflow/example_dags/example_nested_branch_dag.py
[2026-05-07T20:28:14.438+0000] {processor.py:830} INFO - Processing file /home/airflow/.local/lib/python3.12/site-packages/airflow/example_dags/example_nested_branch_dag.py for tasks to queue
[2026-05-07T20:28:14.441+0000] {logging_mixin.py:188} INFO - [2026-05-07T20:28:14.440+0000] {dagbag.py:545} INFO - Filling up the DagBag from /home/airflow/.local/lib/python3.12/site-packages/airflow/example_dags/example_nested_branch_dag.py
[2026-05-07T20:28:14.450+0000] {processor.py:840} INFO - DAG(s) 'example_nested_branch_dag' retrieved from /home/airflow/.local/lib/python3.12/site-packages/airflow/example_dags/example_nested_branch_dag.py
[2026-05-07T20:28:14.471+0000] {logging_mixin.py:188} INFO - [2026-05-07T20:28:14.470+0000] {dag.py:3096} INFO - Sync 1 DAGs
[2026-05-07T20:28:14.491+0000] {logging_mixin.py:188} INFO - [2026-05-07T20:28:14.491+0000] {dag.py:3954} INFO - Setting next_dagrun for example_nested_branch_dag to 2026-05-06 00:00:00+00:00, run_after=2026-05-07 00:00:00+00:00
[2026-05-07T20:28:14.590+0000] {processor.py:183} INFO - Processing /home/airflow/.local/lib/python3.12/site-packages/airflow/example_dags/example_nested_branch_dag.py took 0.158 seconds
[2026-05-07T20:28:44.683+0000] {processor.py:161} INFO - Started process (PID=1423) to work on /home/airflow/.local/lib/python3.12/site-packages/airflow/example_dags/example_nested_branch_dag.py
[2026-05-07T20:28:44.685+0000] {processor.py:830} INFO - Processing file /home/airflow/.local/lib/python3.12/site-packages/airflow/example_dags/example_nested_branch_dag.py for tasks to queue
[2026-05-07T20:28:44.688+0000] {logging_mixin.py:188} INFO - [2026-05-07T20:28:44.688+0000] {dagbag.py:545} INFO - Filling up the DagBag from /home/airflow/.local/lib/python3.12/site-packages/airflow/example_dags/example_nested_branch_dag.py
[2026-05-07T20:28:44.699+0000] {processor.py:840} INFO - DAG(s) 'example_nested_branch_dag' retrieved from /home/airflow/.local/lib/python3.12/site-packages/airflow/example_dags/example_nested_branch_dag.py
[2026-05-07T20:28:44.722+0000] {logging_mixin.py:188} INFO - [2026-05-07T20:28:44.721+0000] {dag.py:3096} INFO - Sync 1 DAGs
[2026-05-07T20:28:44.743+0000] {logging_mixin.py:188} INFO - [2026-05-07T20:28:44.743+0000] {dag.py:3954} INFO - Setting next_dagrun for example_nested_branch_dag to 2026-05-06 00:00:00+00:00, run_after=2026-05-07 00:00:00+00:00
[2026-05-07T20:28:44.837+0000] {processor.py:183} INFO - Processing /home/airflow/.local/lib/python3.12/site-packages/airflow/example_dags/example_nested_branch_dag.py took 0.160 seconds
[2026-05-07T20:29:15.069+0000] {processor.py:161} INFO - Started process (PID=1481) to work on /home/airflow/.local/lib/python3.12/site-packages/airflow/example_dags/example_nested_branch_dag.py
[2026-05-07T20:29:15.071+0000] {processor.py:830} INFO - Processing file /home/airflow/.local/lib/python3.12/site-packages/airflow/example_dags/example_nested_branch_dag.py for tasks to queue
[2026-05-07T20:29:15.076+0000] {logging_mixin.py:188} INFO - [2026-05-07T20:29:15.075+0000] {dagbag.py:545} INFO - Filling up the DagBag from /home/airflow/.local/lib/python3.12/site-packages/airflow/example_dags/example_nested_branch_dag.py
[2026-05-07T20:29:15.093+0000] {processor.py:840} INFO - DAG(s) 'example_nested_branch_dag' retrieved from /home/airflow/.local/lib/python3.12/site-packages/airflow/example_dags/example_nested_branch_dag.py
[2026-05-07T20:29:15.128+0000] {logging_mixin.py:188} INFO - [2026-05-07T20:29:15.128+0000] {dag.py:3096} INFO - Sync 1 DAGs
[2026-05-07T20:29:15.293+0000] {logging_mixin.py:188} INFO - [2026-05-07T20:29:15.292+0000] {dag.py:3954} INFO - Setting next_dagrun for example_nested_branch_dag to 2026-05-06 00:00:00+00:00, run_after=2026-05-07 00:00:00+00:00
[2026-05-07T20:29:15.397+0000] {processor.py:183} INFO - Processing /home/airflow/.local/lib/python3.12/site-packages/airflow/example_dags/example_nested_branch_dag.py took 0.336 seconds
[2026-05-07T20:29:46.024+0000] {processor.py:161} INFO - Started process (PID=1539) to work on /home/airflow/.local/lib/python3.12/site-packages/airflow/example_dags/example_nested_branch_dag.py
[2026-05-07T20:29:46.026+0000] {processor.py:830} INFO - Processing file /home/airflow/.local/lib/python3.12/site-packages/airflow/example_dags/example_nested_branch_dag.py for tasks to queue
[2026-05-07T20:29:46.028+0000] {logging_mixin.py:188} INFO - [2026-05-07T20:29:46.028+0000] {dagbag.py:545} INFO - Filling up the DagBag from /home/airflow/.local/lib/python3.12/site-packages/airflow/example_dags/example_nested_branch_dag.py
[2026-05-07T20:29:46.039+0000] {processor.py:840} INFO - DAG(s) 'example_nested_branch_dag' retrieved from /home/airflow/.local/lib/python3.12/site-packages/airflow/example_dags/example_nested_branch_dag.py
[2026-05-07T20:29:46.068+0000] {logging_mixin.py:188} INFO - [2026-05-07T20:29:46.068+0000] {dag.py:3096} INFO - Sync 1 DAGs
[2026-05-07T20:29:46.093+0000] {logging_mixin.py:188} INFO - [2026-05-07T20:29:46.092+0000] {dag.py:3954} INFO - Setting next_dagrun for example_nested_branch_dag to 2026-05-06 00:00:00+00:00, run_after=2026-05-07 00:00:00+00:00
[2026-05-07T20:29:46.119+0000] {processor.py:183} INFO - Processing /home/airflow/.local/lib/python3.12/site-packages/airflow/example_dags/example_nested_branch_dag.py took 0.102 seconds
[2026-05-07T20:30:16.932+0000] {processor.py:161} INFO - Started process (PID=1597) to work on /home/airflow/.local/lib/python3.12/site-packages/airflow/example_dags/example_nested_branch_dag.py
[2026-05-07T20:30:16.934+0000] {processor.py:830} INFO - Processing file /home/airflow/.local/lib/python3.12/site-packages/airflow/example_dags/example_nested_branch_dag.py for tasks to queue
[2026-05-07T20:30:16.936+0000] {logging_mixin.py:188} INFO - [2026-05-07T20:30:16.936+0000] {dagbag.py:545} INFO - Filling up the DagBag from /home/airflow/.local/lib/python3.12/site-packages/airflow/example_dags/example_nested_branch_dag.py
[2026-05-07T20:30:16.951+0000] {processor.py:840} INFO - DAG(s) 'example_nested_branch_dag' retrieved from /home/airflow/.local/lib/python3.12/site-packages/airflow/example_dags/example_nested_branch_dag.py
[2026-05-07T20:30:16.979+0000] {logging_mixin.py:188} INFO - [2026-05-07T20:30:16.979+0000] {dag.py:3096} INFO - Sync 1 DAGs
[2026-05-07T20:30:17.003+0000] {logging_mixin.py:188} INFO - [2026-05-07T20:30:17.003+0000] {dag.py:3954} INFO - Setting next_dagrun for example_nested_branch_dag to 2026-05-06 00:00:00+00:00, run_after=2026-05-07 00:00:00+00:00
[2026-05-07T20:30:17.029+0000] {processor.py:183} INFO - Processing /home/airflow/.local/lib/python3.12/site-packages/airflow/example_dags/example_nested_branch_dag.py took 0.106 seconds
[2026-05-07T20:30:47.199+0000] {processor.py:161} INFO - Started process (PID=1654) to work on /home/airflow/.local/lib/python3.12/site-packages/airflow/example_dags/example_nested_branch_dag.py
[2026-05-07T20:30:47.202+0000] {processor.py:830} INFO - Processing file /home/airflow/.local/lib/python3.12/site-packages/airflow/example_dags/example_nested_branch_dag.py for tasks to queue
[2026-05-07T20:30:47.205+0000] {logging_mixin.py:188} INFO - [2026-05-07T20:30:47.205+0000] {dagbag.py:545} INFO - Filling up the DagBag from /home/airflow/.local/lib/python3.12/site-packages/airflow/example_dags/example_nested_branch_dag.py
[2026-05-07T20:30:47.216+0000] {processor.py:840} INFO - DAG(s) 'example_nested_branch_dag' retrieved from /home/airflow/.local/lib/python3.12/site-packages/airflow/example_dags/example_nested_branch_dag.py
[2026-05-07T20:30:47.237+0000] {logging_mixin.py:188} INFO - [2026-05-07T20:30:47.237+0000] {dag.py:3096} INFO - Sync 1 DAGs
[2026-05-07T20:30:47.260+0000] {logging_mixin.py:188} INFO - [2026-05-07T20:30:47.260+0000] {dag.py:3954} INFO - Setting next_dagrun for example_nested_branch_dag to 2026-05-06 00:00:00+00:00, run_after=2026-05-07 00:00:00+00:00
[2026-05-07T20:30:47.334+0000] {processor.py:183} INFO - Processing /home/airflow/.local/lib/python3.12/site-packages/airflow/example_dags/example_nested_branch_dag.py took 0.143 seconds
[2026-05-07T20:31:17.407+0000] {processor.py:161} INFO - Started process (PID=1712) to work on /home/airflow/.local/lib/python3.12/site-packages/airflow/example_dags/example_nested_branch_dag.py
[2026-05-07T20:31:17.409+0000] {processor.py:830} INFO - Processing file /home/airflow/.local/lib/python3.12/site-packages/airflow/example_dags/example_nested_branch_dag.py for tasks to queue
[2026-05-07T20:31:17.411+0000] {logging_mixin.py:188} INFO - [2026-05-07T20:31:17.411+0000] {dagbag.py:545} INFO - Filling up the DagBag from /home/airflow/.local/lib/python3.12/site-packages/airflow/example_dags/example_nested_branch_dag.py
[2026-05-07T20:31:17.420+0000] {processor.py:840} INFO - DAG(s) 'example_nested_branch_dag' retrieved from /home/airflow/.local/lib/python3.12/site-packages/airflow/example_dags/example_nested_branch_dag.py
[2026-05-07T20:31:17.439+0000] {logging_mixin.py:188} INFO - [2026-05-07T20:31:17.439+0000] {dag.py:3096} INFO - Sync 1 DAGs
[2026-05-07T20:31:17.458+0000] {logging_mixin.py:188} INFO - [2026-05-07T20:31:17.458+0000] {dag.py:3954} INFO - Setting next_dagrun for example_nested_branch_dag to 2026-05-06 00:00:00+00:00, run_after=2026-05-07 00:00:00+00:00
[2026-05-07T20:31:17.478+0000] {processor.py:183} INFO - Processing /home/airflow/.local/lib/python3.12/site-packages/airflow/example_dags/example_nested_branch_dag.py took 0.077 seconds
[2026-05-07T20:31:47.727+0000] {processor.py:161} INFO - Started process (PID=1771) to work on /home/airflow/.local/lib/python3.12/site-packages/airflow/example_dags/example_nested_branch_dag.py
[2026-05-07T20:31:47.729+0000] {processor.py:830} INFO - Processing file /home/airflow/.local/lib/python3.12/site-packages/airflow/example_dags/example_nested_branch_dag.py for tasks to queue
[2026-05-07T20:31:47.731+0000] {logging_mixin.py:188} INFO - [2026-05-07T20:31:47.730+0000] {dagbag.py:545} INFO - Filling up the DagBag from /home/airflow/.local/lib/python3.12/site-packages/airflow/example_dags/example_nested_branch_dag.py
[2026-05-07T20:31:47.741+0000] {processor.py:840} INFO - DAG(s) 'example_nested_branch_dag' retrieved from /home/airflow/.local/lib/python3.12/site-packages/airflow/example_dags/example_nested_branch_dag.py
[2026-05-07T20:31:47.762+0000] {logging_mixin.py:188} INFO - [2026-05-07T20:31:47.762+0000] {dag.py:3096} INFO - Sync 1 DAGs
[2026-05-07T20:31:47.782+0000] {logging_mixin.py:188} INFO - [2026-05-07T20:31:47.782+0000] {dag.py:3954} INFO - Setting next_dagrun for example_nested_branch_dag to 2026-05-06 00:00:00+00:00, run_after=2026-05-07 00:00:00+00:00
[2026-05-07T20:31:47.805+0000] {processor.py:183} INFO - Processing /home/airflow/.local/lib/python3.12/site-packages/airflow/example_dags/example_nested_branch_dag.py took 0.086 seconds
[2026-05-07T20:32:18.760+0000] {processor.py:161} INFO - Started process (PID=1829) to work on /home/airflow/.local/lib/python3.12/site-packages/airflow/example_dags/example_nested_branch_dag.py
[2026-05-07T20:32:18.762+0000] {processor.py:830} INFO - Processing file /home/airflow/.local/lib/python3.12/site-packages/airflow/example_dags/example_nested_branch_dag.py for tasks to queue
[2026-05-07T20:32:18.764+0000] {logging_mixin.py:188} INFO - [2026-05-07T20:32:18.764+0000] {dagbag.py:545} INFO - Filling up the DagBag from /home/airflow/.local/lib/python3.12/site-packages/airflow/example_dags/example_nested_branch_dag.py
[2026-05-07T20:32:18.775+0000] {processor.py:840} INFO - DAG(s) 'example_nested_branch_dag' retrieved from /home/airflow/.local/lib/python3.12/site-packages/airflow/example_dags/example_nested_branch_dag.py
[2026-05-07T20:32:18.947+0000] {logging_mixin.py:188} INFO - [2026-05-07T20:32:18.947+0000] {dag.py:3096} INFO - Sync 1 DAGs
[2026-05-07T20:32:18.965+0000] {logging_mixin.py:188} INFO - [2026-05-07T20:32:18.964+0000] {dag.py:3954} INFO - Setting next_dagrun for example_nested_branch_dag to 2026-05-06 00:00:00+00:00, run_after=2026-05-07 00:00:00+00:00
[2026-05-07T20:32:19.056+0000] {processor.py:183} INFO - Processing /home/airflow/.local/lib/python3.12/site-packages/airflow/example_dags/example_nested_branch_dag.py took 0.302 seconds
[2026-05-07T20:32:49.131+0000] {processor.py:161} INFO - Started process (PID=1887) to work on /home/airflow/.local/lib/python3.12/site-packages/airflow/example_dags/example_nested_branch_dag.py
[2026-05-07T20:32:49.132+0000] {processor.py:830} INFO - Processing file /home/airflow/.local/lib/python3.12/site-packages/airflow/example_dags/example_nested_branch_dag.py for tasks to queue
[2026-05-07T20:32:49.135+0000] {logging_mixin.py:188} INFO - [2026-05-07T20:32:49.134+0000] {dagbag.py:545} INFO - Filling up the DagBag from /home/airflow/.local/lib/python3.12/site-packages/airflow/example_dags/example_nested_branch_dag.py
[2026-05-07T20:32:49.146+0000] {processor.py:840} INFO - DAG(s) 'example_nested_branch_dag' retrieved from /home/airflow/.local/lib/python3.12/site-packages/airflow/example_dags/example_nested_branch_dag.py
[2026-05-07T20:32:49.165+0000] {logging_mixin.py:188} INFO - [2026-05-07T20:32:49.165+0000] {dag.py:3096} INFO - Sync 1 DAGs
[2026-05-07T20:32:49.186+0000] {logging_mixin.py:188} INFO - [2026-05-07T20:32:49.186+0000] {dag.py:3954} INFO - Setting next_dagrun for example_nested_branch_dag to 2026-05-06 00:00:00+00:00, run_after=2026-05-07 00:00:00+00:00
[2026-05-07T20:32:49.281+0000] {processor.py:183} INFO - Processing /home/airflow/.local/lib/python3.12/site-packages/airflow/example_dags/example_nested_branch_dag.py took 0.158 seconds
[2026-05-07T20:33:19.742+0000] {processor.py:161} INFO - Started process (PID=1945) to work on /home/airflow/.local/lib/python3.12/site-packages/airflow/example_dags/example_nested_branch_dag.py
[2026-05-07T20:33:19.744+0000] {processor.py:830} INFO - Processing file /home/airflow/.local/lib/python3.12/site-packages/airflow/example_dags/example_nested_branch_dag.py for tasks to queue
[2026-05-07T20:33:19.746+0000] {logging_mixin.py:188} INFO - [2026-05-07T20:33:19.746+0000] {dagbag.py:545} INFO - Filling up the DagBag from /home/airflow/.local/lib/python3.12/site-packages/airflow/example_dags/example_nested_branch_dag.py
[2026-05-07T20:33:19.757+0000] {processor.py:840} INFO - DAG(s) 'example_nested_branch_dag' retrieved from /home/airflow/.local/lib/python3.12/site-packages/airflow/example_dags/example_nested_branch_dag.py
[2026-05-07T20:33:19.778+0000] {logging_mixin.py:188} INFO - [2026-05-07T20:33:19.778+0000] {dag.py:3096} INFO - Sync 1 DAGs
[2026-05-07T20:33:19.803+0000] {logging_mixin.py:188} INFO - [2026-05-07T20:33:19.802+0000] {dag.py:3954} INFO - Setting next_dagrun for example_nested_branch_dag to 2026-05-06 00:00:00+00:00, run_after=2026-05-07 00:00:00+00:00
[2026-05-07T20:33:19.848+0000] {processor.py:183} INFO - Processing /home/airflow/.local/lib/python3.12/site-packages/airflow/example_dags/example_nested_branch_dag.py took 0.117 seconds
[2026-05-07T20:33:49.944+0000] {processor.py:161} INFO - Started process (PID=2003) to work on /home/airflow/.local/lib/python3.12/site-packages/airflow/example_dags/example_nested_branch_dag.py
[2026-05-07T20:33:49.946+0000] {processor.py:830} INFO - Processing file /home/airflow/.local/lib/python3.12/site-packages/airflow/example_dags/example_nested_branch_dag.py for tasks to queue
[2026-05-07T20:33:49.949+0000] {logging_mixin.py:188} INFO - [2026-05-07T20:33:49.948+0000] {dagbag.py:545} INFO - Filling up the DagBag from /home/airflow/.local/lib/python3.12/site-packages/airflow/example_dags/example_nested_branch_dag.py
[2026-05-07T20:33:49.966+0000] {processor.py:840} INFO - DAG(s) 'example_nested_branch_dag' retrieved from /home/airflow/.local/lib/python3.12/site-packages/airflow/example_dags/example_nested_branch_dag.py
[2026-05-07T20:33:49.995+0000] {logging_mixin.py:188} INFO - [2026-05-07T20:33:49.995+0000] {dag.py:3096} INFO - Sync 1 DAGs
[2026-05-07T20:33:50.032+0000] {logging_mixin.py:188} INFO - [2026-05-07T20:33:50.032+0000] {dag.py:3954} INFO - Setting next_dagrun for example_nested_branch_dag to 2026-05-06 00:00:00+00:00, run_after=2026-05-07 00:00:00+00:00
[2026-05-07T20:33:50.056+0000] {processor.py:183} INFO - Processing /home/airflow/.local/lib/python3.12/site-packages/airflow/example_dags/example_nested_branch_dag.py took 0.122 seconds
[2026-05-07T20:34:20.379+0000] {processor.py:161} INFO - Started process (PID=2062) to work on /home/airflow/.local/lib/python3.12/site-packages/airflow/example_dags/example_nested_branch_dag.py
[2026-05-07T20:34:20.380+0000] {processor.py:830} INFO - Processing file /home/airflow/.local/lib/python3.12/site-packages/airflow/example_dags/example_nested_branch_dag.py for tasks to queue
[2026-05-07T20:34:20.383+0000] {logging_mixin.py:188} INFO - [2026-05-07T20:34:20.382+0000] {dagbag.py:545} INFO - Filling up the DagBag from /home/airflow/.local/lib/python3.12/site-packages/airflow/example_dags/example_nested_branch_dag.py
[2026-05-07T20:34:20.393+0000] {processor.py:840} INFO - DAG(s) 'example_nested_branch_dag' retrieved from /home/airflow/.local/lib/python3.12/site-packages/airflow/example_dags/example_nested_branch_dag.py
[2026-05-07T20:34:20.414+0000] {logging_mixin.py:188} INFO - [2026-05-07T20:34:20.414+0000] {dag.py:3096} INFO - Sync 1 DAGs
[2026-05-07T20:34:20.436+0000] {logging_mixin.py:188} INFO - [2026-05-07T20:34:20.435+0000] {dag.py:3954} INFO - Setting next_dagrun for example_nested_branch_dag to 2026-05-06 00:00:00+00:00, run_after=2026-05-07 00:00:00+00:00
[2026-05-07T20:34:20.521+0000] {processor.py:183} INFO - Processing /home/airflow/.local/lib/python3.12/site-packages/airflow/example_dags/example_nested_branch_dag.py took 0.149 seconds
[2026-05-07T20:34:51.058+0000] {processor.py:161} INFO - Started process (PID=2120) to work on /home/airflow/.local/lib/python3.12/site-packages/airflow/example_dags/example_nested_branch_dag.py
[2026-05-07T20:34:51.059+0000] {processor.py:830} INFO - Processing file /home/airflow/.local/lib/python3.12/site-packages/airflow/example_dags/example_nested_branch_dag.py for tasks to queue
[2026-05-07T20:34:51.062+0000] {logging_mixin.py:188} INFO - [2026-05-07T20:34:51.062+0000] {dagbag.py:545} INFO - Filling up the DagBag from /home/airflow/.local/lib/python3.12/site-packages/airflow/example_dags/example_nested_branch_dag.py
[2026-05-07T20:34:51.073+0000] {processor.py:840} INFO - DAG(s) 'example_nested_branch_dag' retrieved from /home/airflow/.local/lib/python3.12/site-packages/airflow/example_dags/example_nested_branch_dag.py
[2026-05-07T20:34:51.096+0000] {logging_mixin.py:188} INFO - [2026-05-07T20:34:51.096+0000] {dag.py:3096} INFO - Sync 1 DAGs
[2026-05-07T20:34:51.116+0000] {logging_mixin.py:188} INFO - [2026-05-07T20:34:51.116+0000] {dag.py:3954} INFO - Setting next_dagrun for example_nested_branch_dag to 2026-05-06 00:00:00+00:00, run_after=2026-05-07 00:00:00+00:00
[2026-05-07T20:34:51.136+0000] {processor.py:183} INFO - Processing /home/airflow/.local/lib/python3.12/site-packages/airflow/example_dags/example_nested_branch_dag.py took 0.088 seconds
[2026-05-07T20:35:21.508+0000] {processor.py:161} INFO - Started process (PID=2178) to work on /home/airflow/.local/lib/python3.12/site-packages/airflow/example_dags/example_nested_branch_dag.py
[2026-05-07T20:35:21.510+0000] {processor.py:830} INFO - Processing file /home/airflow/.local/lib/python3.12/site-packages/airflow/example_dags/example_nested_branch_dag.py for tasks to queue
[2026-05-07T20:35:21.512+0000] {logging_mixin.py:188} INFO - [2026-05-07T20:35:21.512+0000] {dagbag.py:545} INFO - Filling up the DagBag from /home/airflow/.local/lib/python3.12/site-packages/airflow/example_dags/example_nested_branch_dag.py
[2026-05-07T20:35:21.520+0000] {processor.py:840} INFO - DAG(s) 'example_nested_branch_dag' retrieved from /home/airflow/.local/lib/python3.12/site-packages/airflow/example_dags/example_nested_branch_dag.py
[2026-05-07T20:35:21.541+0000] {logging_mixin.py:188} INFO - [2026-05-07T20:35:21.541+0000] {dag.py:3096} INFO - Sync 1 DAGs
[2026-05-07T20:35:21.561+0000] {logging_mixin.py:188} INFO - [2026-05-07T20:35:21.561+0000] {dag.py:3954} INFO - Setting next_dagrun for example_nested_branch_dag to 2026-05-06 00:00:00+00:00, run_after=2026-05-07 00:00:00+00:00
[2026-05-07T20:35:21.656+0000] {processor.py:183} INFO - Processing /home/airflow/.local/lib/python3.12/site-packages/airflow/example_dags/example_nested_branch_dag.py took 0.155 seconds
[2026-05-07T20:35:52.309+0000] {processor.py:161} INFO - Started process (PID=2236) to work on /home/airflow/.local/lib/python3.12/site-packages/airflow/example_dags/example_nested_branch_dag.py
[2026-05-07T20:35:52.311+0000] {processor.py:830} INFO - Processing file /home/airflow/.local/lib/python3.12/site-packages/airflow/example_dags/example_nested_branch_dag.py for tasks to queue
[2026-05-07T20:35:52.313+0000] {logging_mixin.py:188} INFO - [2026-05-07T20:35:52.313+0000] {dagbag.py:545} INFO - Filling up the DagBag from /home/airflow/.local/lib/python3.12/site-packages/airflow/example_dags/example_nested_branch_dag.py
[2026-05-07T20:35:52.323+0000] {processor.py:840} INFO - DAG(s) 'example_nested_branch_dag' retrieved from /home/airflow/.local/lib/python3.12/site-packages/airflow/example_dags/example_nested_branch_dag.py
[2026-05-07T20:35:52.345+0000] {logging_mixin.py:188} INFO - [2026-05-07T20:35:52.345+0000] {dag.py:3096} INFO - Sync 1 DAGs
[2026-05-07T20:35:52.368+0000] {logging_mixin.py:188} INFO - [2026-05-07T20:35:52.368+0000] {dag.py:3954} INFO - Setting next_dagrun for example_nested_branch_dag to 2026-05-06 00:00:00+00:00, run_after=2026-05-07 00:00:00+00:00
[2026-05-07T20:35:52.444+0000] {processor.py:183} INFO - Processing /home/airflow/.local/lib/python3.12/site-packages/airflow/example_dags/example_nested_branch_dag.py took 0.140 seconds
[2026-05-07T20:36:22.611+0000] {processor.py:161} INFO - Started process (PID=2295) to work on /home/airflow/.local/lib/python3.12/site-packages/airflow/example_dags/example_nested_branch_dag.py
[2026-05-07T20:36:22.612+0000] {processor.py:830} INFO - Processing file /home/airflow/.local/lib/python3.12/site-packages/airflow/example_dags/example_nested_branch_dag.py for tasks to queue
[2026-05-07T20:36:22.614+0000] {logging_mixin.py:188} INFO - [2026-05-07T20:36:22.614+0000] {dagbag.py:545} INFO - Filling up the DagBag from /home/airflow/.local/lib/python3.12/site-packages/airflow/example_dags/example_nested_branch_dag.py
[2026-05-07T20:36:22.625+0000] {processor.py:840} INFO - DAG(s) 'example_nested_branch_dag' retrieved from /home/airflow/.local/lib/python3.12/site-packages/airflow/example_dags/example_nested_branch_dag.py
[2026-05-07T20:36:22.648+0000] {logging_mixin.py:188} INFO - [2026-05-07T20:36:22.648+0000] {dag.py:3096} INFO - Sync 1 DAGs
[2026-05-07T20:36:22.670+0000] {logging_mixin.py:188} INFO - [2026-05-07T20:36:22.670+0000] {dag.py:3954} INFO - Setting next_dagrun for example_nested_branch_dag to 2026-05-06 00:00:00+00:00, run_after=2026-05-07 00:00:00+00:00
[2026-05-07T20:36:22.735+0000] {processor.py:183} INFO - Processing /home/airflow/.local/lib/python3.12/site-packages/airflow/example_dags/example_nested_branch_dag.py took 0.130 seconds
[2026-05-07T20:36:53.349+0000] {processor.py:161} INFO - Started process (PID=2353) to work on /home/airflow/.local/lib/python3.12/site-packages/airflow/example_dags/example_nested_branch_dag.py
[2026-05-07T20:36:53.351+0000] {processor.py:830} INFO - Processing file /home/airflow/.local/lib/python3.12/site-packages/airflow/example_dags/example_nested_branch_dag.py for tasks to queue
[2026-05-07T20:36:53.356+0000] {logging_mixin.py:188} INFO - [2026-05-07T20:36:53.355+0000] {dagbag.py:545} INFO - Filling up the DagBag from /home/airflow/.local/lib/python3.12/site-packages/airflow/example_dags/example_nested_branch_dag.py
[2026-05-07T20:36:53.370+0000] {processor.py:840} INFO - DAG(s) 'example_nested_branch_dag' retrieved from /home/airflow/.local/lib/python3.12/site-packages/airflow/example_dags/example_nested_branch_dag.py
[2026-05-07T20:36:53.401+0000] {logging_mixin.py:188} INFO - [2026-05-07T20:36:53.401+0000] {dag.py:3096} INFO - Sync 1 DAGs
[2026-05-07T20:36:53.432+0000] {logging_mixin.py:188} INFO - [2026-05-07T20:36:53.432+0000] {dag.py:3954} INFO - Setting next_dagrun for example_nested_branch_dag to 2026-05-06 00:00:00+00:00, run_after=2026-05-07 00:00:00+00:00
[2026-05-07T20:36:53.515+0000] {processor.py:183} INFO - Processing /home/airflow/.local/lib/python3.12/site-packages/airflow/example_dags/example_nested_branch_dag.py took 0.173 seconds
[2026-05-07T20:37:24.300+0000] {processor.py:161} INFO - Started process (PID=2411) to work on /home/airflow/.local/lib/python3.12/site-packages/airflow/example_dags/example_nested_branch_dag.py
[2026-05-07T20:37:24.301+0000] {processor.py:830} INFO - Processing file /home/airflow/.local/lib/python3.12/site-packages/airflow/example_dags/example_nested_branch_dag.py for tasks to queue
[2026-05-07T20:37:24.303+0000] {logging_mixin.py:188} INFO - [2026-05-07T20:37:24.303+0000] {dagbag.py:545} INFO - Filling up the DagBag from /home/airflow/.local/lib/python3.12/site-packages/airflow/example_dags/example_nested_branch_dag.py
[2026-05-07T20:37:24.314+0000] {processor.py:840} INFO - DAG(s) 'example_nested_branch_dag' retrieved from /home/airflow/.local/lib/python3.12/site-packages/airflow/example_dags/example_nested_branch_dag.py
[2026-05-07T20:37:24.333+0000] {logging_mixin.py:188} INFO - [2026-05-07T20:37:24.333+0000] {dag.py:3096} INFO - Sync 1 DAGs
[2026-05-07T20:37:24.352+0000] {logging_mixin.py:188} INFO - [2026-05-07T20:37:24.352+0000] {dag.py:3954} INFO - Setting next_dagrun for example_nested_branch_dag to 2026-05-06 00:00:00+00:00, run_after=2026-05-07 00:00:00+00:00
[2026-05-07T20:37:24.450+0000] {processor.py:183} INFO - Processing /home/airflow/.local/lib/python3.12/site-packages/airflow/example_dags/example_nested_branch_dag.py took 0.155 seconds
[2026-05-07T20:37:54.662+0000] {processor.py:161} INFO - Started process (PID=2469) to work on /home/airflow/.local/lib/python3.12/site-packages/airflow/example_dags/example_nested_branch_dag.py
[2026-05-07T20:37:54.663+0000] {processor.py:830} INFO - Processing file /home/airflow/.local/lib/python3.12/site-packages/airflow/example_dags/example_nested_branch_dag.py for tasks to queue
[2026-05-07T20:37:54.665+0000] {logging_mixin.py:188} INFO - [2026-05-07T20:37:54.665+0000] {dagbag.py:545} INFO - Filling up the DagBag from /home/airflow/.local/lib/python3.12/site-packages/airflow/example_dags/example_nested_branch_dag.py
[2026-05-07T20:37:54.676+0000] {processor.py:840} INFO - DAG(s) 'example_nested_branch_dag' retrieved from /home/airflow/.local/lib/python3.12/site-packages/airflow/example_dags/example_nested_branch_dag.py
[2026-05-07T20:37:54.700+0000] {logging_mixin.py:188} INFO - [2026-05-07T20:37:54.700+0000] {dag.py:3096} INFO - Sync 1 DAGs
[2026-05-07T20:37:54.719+0000] {logging_mixin.py:188} INFO - [2026-05-07T20:37:54.719+0000] {dag.py:3954} INFO - Setting next_dagrun for example_nested_branch_dag to 2026-05-06 00:00:00+00:00, run_after=2026-05-07 00:00:00+00:00
[2026-05-07T20:37:54.809+0000] {processor.py:183} INFO - Processing /home/airflow/.local/lib/python3.12/site-packages/airflow/example_dags/example_nested_branch_dag.py took 0.156 seconds
[2026-05-07T20:38:24.929+0000] {processor.py:161} INFO - Started process (PID=2527) to work on /home/airflow/.local/lib/python3.12/site-packages/airflow/example_dags/example_nested_branch_dag.py
[2026-05-07T20:38:24.930+0000] {processor.py:830} INFO - Processing file /home/airflow/.local/lib/python3.12/site-packages/airflow/example_dags/example_nested_branch_dag.py for tasks to queue
[2026-05-07T20:38:24.934+0000] {logging_mixin.py:188} INFO - [2026-05-07T20:38:24.933+0000] {dagbag.py:545} INFO - Filling up the DagBag from /home/airflow/.local/lib/python3.12/site-packages/airflow/example_dags/example_nested_branch_dag.py
[2026-05-07T20:38:24.949+0000] {processor.py:840} INFO - DAG(s) 'example_nested_branch_dag' retrieved from /home/airflow/.local/lib/python3.12/site-packages/airflow/example_dags/example_nested_branch_dag.py
[2026-05-07T20:38:24.982+0000] {logging_mixin.py:188} INFO - [2026-05-07T20:38:24.982+0000] {dag.py:3096} INFO - Sync 1 DAGs
[2026-05-07T20:38:25.016+0000] {logging_mixin.py:188} INFO - [2026-05-07T20:38:25.016+0000] {dag.py:3954} INFO - Setting next_dagrun for example_nested_branch_dag to 2026-05-06 00:00:00+00:00, run_after=2026-05-07 00:00:00+00:00
[2026-05-07T20:38:25.105+0000] {processor.py:183} INFO - Processing /home/airflow/.local/lib/python3.12/site-packages/airflow/example_dags/example_nested_branch_dag.py took 0.184 seconds
[2026-05-07T20:38:55.333+0000] {processor.py:161} INFO - Started process (PID=2585) to work on /home/airflow/.local/lib/python3.12/site-packages/airflow/example_dags/example_nested_branch_dag.py
[2026-05-07T20:38:55.335+0000] {processor.py:830} INFO - Processing file /home/airflow/.local/lib/python3.12/site-packages/airflow/example_dags/example_nested_branch_dag.py for tasks to queue
[2026-05-07T20:38:55.338+0000] {logging_mixin.py:188} INFO - [2026-05-07T20:38:55.337+0000] {dagbag.py:545} INFO - Filling up the DagBag from /home/airflow/.local/lib/python3.12/site-packages/airflow/example_dags/example_nested_branch_dag.py
[2026-05-07T20:38:55.348+0000] {processor.py:840} INFO - DAG(s) 'example_nested_branch_dag' retrieved from /home/airflow/.local/lib/python3.12/site-packages/airflow/example_dags/example_nested_branch_dag.py
[2026-05-07T20:38:55.378+0000] {logging_mixin.py:188} INFO - [2026-05-07T20:38:55.378+0000] {dag.py:3096} INFO - Sync 1 DAGs
[2026-05-07T20:38:55.401+0000] {logging_mixin.py:188} INFO - [2026-05-07T20:38:55.401+0000] {dag.py:3954} INFO - Setting next_dagrun for example_nested_branch_dag to 2026-05-06 00:00:00+00:00, run_after=2026-05-07 00:00:00+00:00
[2026-05-07T20:38:55.453+0000] {processor.py:183} INFO - Processing /home/airflow/.local/lib/python3.12/site-packages/airflow/example_dags/example_nested_branch_dag.py took 0.131 seconds
[2026-05-07T20:39:25.795+0000] {processor.py:161} INFO - Started process (PID=2643) to work on /home/airflow/.local/lib/python3.12/site-packages/airflow/example_dags/example_nested_branch_dag.py
[2026-05-07T20:39:25.799+0000] {processor.py:830} INFO - Processing file /home/airflow/.local/lib/python3.12/site-packages/airflow/example_dags/example_nested_branch_dag.py for tasks to queue
[2026-05-07T20:39:25.802+0000] {logging_mixin.py:188} INFO - [2026-05-07T20:39:25.801+0000] {dagbag.py:545} INFO - Filling up the DagBag from /home/airflow/.local/lib/python3.12/site-packages/airflow/example_dags/example_nested_branch_dag.py
[2026-05-07T20:39:25.812+0000] {processor.py:840} INFO - DAG(s) 'example_nested_branch_dag' retrieved from /home/airflow/.local/lib/python3.12/site-packages/airflow/example_dags/example_nested_branch_dag.py
[2026-05-07T20:39:25.846+0000] {logging_mixin.py:188} INFO - [2026-05-07T20:39:25.845+0000] {dag.py:3096} INFO - Sync 1 DAGs
[2026-05-07T20:39:25.882+0000] {logging_mixin.py:188} INFO - [2026-05-07T20:39:25.881+0000] {dag.py:3954} INFO - Setting next_dagrun for example_nested_branch_dag to 2026-05-06 00:00:00+00:00, run_after=2026-05-07 00:00:00+00:00
[2026-05-07T20:39:25.907+0000] {processor.py:183} INFO - Processing /home/airflow/.local/lib/python3.12/site-packages/airflow/example_dags/example_nested_branch_dag.py took 0.121 seconds
[2026-05-07T20:39:56.051+0000] {processor.py:161} INFO - Started process (PID=2701) to work on /home/airflow/.local/lib/python3.12/site-packages/airflow/example_dags/example_nested_branch_dag.py
[2026-05-07T20:39:56.052+0000] {processor.py:830} INFO - Processing file /home/airflow/.local/lib/python3.12/site-packages/airflow/example_dags/example_nested_branch_dag.py for tasks to queue
[2026-05-07T20:39:56.055+0000] {logging_mixin.py:188} INFO - [2026-05-07T20:39:56.055+0000] {dagbag.py:545} INFO - Filling up the DagBag from /home/airflow/.local/lib/python3.12/site-packages/airflow/example_dags/example_nested_branch_dag.py
[2026-05-07T20:39:56.069+0000] {processor.py:840} INFO - DAG(s) 'example_nested_branch_dag' retrieved from /home/airflow/.local/lib/python3.12/site-packages/airflow/example_dags/example_nested_branch_dag.py
[2026-05-07T20:39:56.094+0000] {logging_mixin.py:188} INFO - [2026-05-07T20:39:56.094+0000] {dag.py:3096} INFO - Sync 1 DAGs
[2026-05-07T20:39:56.116+0000] {logging_mixin.py:188} INFO - [2026-05-07T20:39:56.116+0000] {dag.py:3954} INFO - Setting next_dagrun for example_nested_branch_dag to 2026-05-06 00:00:00+00:00, run_after=2026-05-07 00:00:00+00:00
[2026-05-07T20:39:56.137+0000] {processor.py:183} INFO - Processing /home/airflow/.local/lib/python3.12/site-packages/airflow/example_dags/example_nested_branch_dag.py took 0.093 seconds
[2026-05-07T20:40:26.528+0000] {processor.py:161} INFO - Started process (PID=2759) to work on /home/airflow/.local/lib/python3.12/site-packages/airflow/example_dags/example_nested_branch_dag.py
[2026-05-07T20:40:26.529+0000] {processor.py:830} INFO - Processing file /home/airflow/.local/lib/python3.12/site-packages/airflow/example_dags/example_nested_branch_dag.py for tasks to queue
[2026-05-07T20:40:26.532+0000] {logging_mixin.py:188} INFO - [2026-05-07T20:40:26.531+0000] {dagbag.py:545} INFO - Filling up the DagBag from /home/airflow/.local/lib/python3.12/site-packages/airflow/example_dags/example_nested_branch_dag.py
[2026-05-07T20:40:26.545+0000] {processor.py:840} INFO - DAG(s) 'example_nested_branch_dag' retrieved from /home/airflow/.local/lib/python3.12/site-packages/airflow/example_dags/example_nested_branch_dag.py
[2026-05-07T20:40:26.569+0000] {logging_mixin.py:188} INFO - [2026-05-07T20:40:26.568+0000] {dag.py:3096} INFO - Sync 1 DAGs
[2026-05-07T20:40:26.588+0000] {logging_mixin.py:188} INFO - [2026-05-07T20:40:26.587+0000] {dag.py:3954} INFO - Setting next_dagrun for example_nested_branch_dag to 2026-05-06 00:00:00+00:00, run_after=2026-05-07 00:00:00+00:00
[2026-05-07T20:40:26.608+0000] {processor.py:183} INFO - Processing /home/airflow/.local/lib/python3.12/site-packages/airflow/example_dags/example_nested_branch_dag.py took 0.091 seconds
[2026-05-07T20:40:57.059+0000] {processor.py:161} INFO - Started process (PID=2817) to work on /home/airflow/.local/lib/python3.12/site-packages/airflow/example_dags/example_nested_branch_dag.py
[2026-05-07T20:40:57.060+0000] {processor.py:830} INFO - Processing file /home/airflow/.local/lib/python3.12/site-packages/airflow/example_dags/example_nested_branch_dag.py for tasks to queue
[2026-05-07T20:40:57.062+0000] {logging_mixin.py:188} INFO - [2026-05-07T20:40:57.062+0000] {dagbag.py:545} INFO - Filling up the DagBag from /home/airflow/.local/lib/python3.12/site-packages/airflow/example_dags/example_nested_branch_dag.py
[2026-05-07T20:40:57.073+0000] {processor.py:840} INFO - DAG(s) 'example_nested_branch_dag' retrieved from /home/airflow/.local/lib/python3.12/site-packages/airflow/example_dags/example_nested_branch_dag.py
[2026-05-07T20:40:57.098+0000] {logging_mixin.py:188} INFO - [2026-05-07T20:40:57.098+0000] {dag.py:3096} INFO - Sync 1 DAGs
[2026-05-07T20:40:57.118+0000] {logging_mixin.py:188} INFO - [2026-05-07T20:40:57.117+0000] {dag.py:3954} INFO - Setting next_dagrun for example_nested_branch_dag to 2026-05-06 00:00:00+00:00, run_after=2026-05-07 00:00:00+00:00
[2026-05-07T20:40:57.206+0000] {processor.py:183} INFO - Processing /home/airflow/.local/lib/python3.12/site-packages/airflow/example_dags/example_nested_branch_dag.py took 0.154 seconds
[2026-05-07T20:41:27.775+0000] {processor.py:161} INFO - Started process (PID=2875) to work on /home/airflow/.local/lib/python3.12/site-packages/airflow/example_dags/example_nested_branch_dag.py
[2026-05-07T20:41:27.777+0000] {processor.py:830} INFO - Processing file /home/airflow/.local/lib/python3.12/site-packages/airflow/example_dags/example_nested_branch_dag.py for tasks to queue
[2026-05-07T20:41:27.778+0000] {logging_mixin.py:188} INFO - [2026-05-07T20:41:27.778+0000] {dagbag.py:545} INFO - Filling up the DagBag from /home/airflow/.local/lib/python3.12/site-packages/airflow/example_dags/example_nested_branch_dag.py
[2026-05-07T20:41:27.790+0000] {processor.py:840} INFO - DAG(s) 'example_nested_branch_dag' retrieved from /home/airflow/.local/lib/python3.12/site-packages/airflow/example_dags/example_nested_branch_dag.py
[2026-05-07T20:41:27.814+0000] {logging_mixin.py:188} INFO - [2026-05-07T20:41:27.813+0000] {dag.py:3096} INFO - Sync 1 DAGs
[2026-05-07T20:41:27.834+0000] {logging_mixin.py:188} INFO - [2026-05-07T20:41:27.834+0000] {dag.py:3954} INFO - Setting next_dagrun for example_nested_branch_dag to 2026-05-06 00:00:00+00:00, run_after=2026-05-07 00:00:00+00:00
[2026-05-07T20:41:27.928+0000] {processor.py:183} INFO - Processing /home/airflow/.local/lib/python3.12/site-packages/airflow/example_dags/example_nested_branch_dag.py took 0.160 seconds
[2026-05-07T20:41:58.184+0000] {processor.py:161} INFO - Started process (PID=2933) to work on /home/airflow/.local/lib/python3.12/site-packages/airflow/example_dags/example_nested_branch_dag.py
[2026-05-07T20:41:58.186+0000] {processor.py:830} INFO - Processing file /home/airflow/.local/lib/python3.12/site-packages/airflow/example_dags/example_nested_branch_dag.py for tasks to queue
[2026-05-07T20:41:58.188+0000] {logging_mixin.py:188} INFO - [2026-05-07T20:41:58.187+0000] {dagbag.py:545} INFO - Filling up the DagBag from /home/airflow/.local/lib/python3.12/site-packages/airflow/example_dags/example_nested_branch_dag.py
[2026-05-07T20:41:58.198+0000] {processor.py:840} INFO - DAG(s) 'example_nested_branch_dag' retrieved from /home/airflow/.local/lib/python3.12/site-packages/airflow/example_dags/example_nested_branch_dag.py
[2026-05-07T20:41:58.218+0000] {logging_mixin.py:188} INFO - [2026-05-07T20:41:58.218+0000] {dag.py:3096} INFO - Sync 1 DAGs
[2026-05-07T20:41:58.240+0000] {logging_mixin.py:188} INFO - [2026-05-07T20:41:58.240+0000] {dag.py:3954} INFO - Setting next_dagrun for example_nested_branch_dag to 2026-05-06 00:00:00+00:00, run_after=2026-05-07 00:00:00+00:00
[2026-05-07T20:41:58.340+0000] {processor.py:183} INFO - Processing /home/airflow/.local/lib/python3.12/site-packages/airflow/example_dags/example_nested_branch_dag.py took 0.162 seconds
[2026-05-07T20:42:28.704+0000] {processor.py:161} INFO - Started process (PID=2991) to work on /home/airflow/.local/lib/python3.12/site-packages/airflow/example_dags/example_nested_branch_dag.py
[2026-05-07T20:42:28.706+0000] {processor.py:830} INFO - Processing file /home/airflow/.local/lib/python3.12/site-packages/airflow/example_dags/example_nested_branch_dag.py for tasks to queue
[2026-05-07T20:42:28.708+0000] {logging_mixin.py:188} INFO - [2026-05-07T20:42:28.707+0000] {dagbag.py:545} INFO - Filling up the DagBag from /home/airflow/.local/lib/python3.12/site-packages/airflow/example_dags/example_nested_branch_dag.py
[2026-05-07T20:42:28.718+0000] {processor.py:840} INFO - DAG(s) 'example_nested_branch_dag' retrieved from /home/airflow/.local/lib/python3.12/site-packages/airflow/example_dags/example_nested_branch_dag.py
[2026-05-07T20:42:28.740+0000] {logging_mixin.py:188} INFO - [2026-05-07T20:42:28.740+0000] {dag.py:3096} INFO - Sync 1 DAGs
[2026-05-07T20:42:28.760+0000] {logging_mixin.py:188} INFO - [2026-05-07T20:42:28.760+0000] {dag.py:3954} INFO - Setting next_dagrun for example_nested_branch_dag to 2026-05-06 00:00:00+00:00, run_after=2026-05-07 00:00:00+00:00
[2026-05-07T20:42:28.812+0000] {processor.py:183} INFO - Processing /home/airflow/.local/lib/python3.12/site-packages/airflow/example_dags/example_nested_branch_dag.py took 0.114 seconds
