[2026-05-07T20:17:02.047+0000] {processor.py:161} INFO - Started process (PID=92) to work on /home/airflow/.local/lib/python3.12/site-packages/airflow/example_dags/example_latest_only.py
[2026-05-07T20:17:02.049+0000] {processor.py:830} INFO - Processing file /home/airflow/.local/lib/python3.12/site-packages/airflow/example_dags/example_latest_only.py for tasks to queue
[2026-05-07T20:17:02.053+0000] {logging_mixin.py:188} INFO - [2026-05-07T20:17:02.052+0000] {dagbag.py:545} INFO - Filling up the DagBag from /home/airflow/.local/lib/python3.12/site-packages/airflow/example_dags/example_latest_only.py
[2026-05-07T20:17:02.060+0000] {processor.py:840} INFO - DAG(s) 'latest_only' retrieved from /home/airflow/.local/lib/python3.12/site-packages/airflow/example_dags/example_latest_only.py
[2026-05-07T20:17:02.229+0000] {logging_mixin.py:188} INFO - [2026-05-07T20:17:02.229+0000] {dag.py:3096} INFO - Sync 1 DAGs
[2026-05-07T20:17:02.281+0000] {logging_mixin.py:188} INFO - [2026-05-07T20:17:02.281+0000] {dag.py:3954} INFO - Setting next_dagrun for latest_only to 2026-05-07 16:00:00+00:00, run_after=2026-05-07 20:00:00+00:00
[2026-05-07T20:17:02.324+0000] {processor.py:183} INFO - Processing /home/airflow/.local/lib/python3.12/site-packages/airflow/example_dags/example_latest_only.py took 0.285 seconds
[2026-05-07T20:17:33.017+0000] {processor.py:161} INFO - Started process (PID=150) to work on /home/airflow/.local/lib/python3.12/site-packages/airflow/example_dags/example_latest_only.py
[2026-05-07T20:17:33.019+0000] {processor.py:830} INFO - Processing file /home/airflow/.local/lib/python3.12/site-packages/airflow/example_dags/example_latest_only.py for tasks to queue
[2026-05-07T20:17:33.022+0000] {logging_mixin.py:188} INFO - [2026-05-07T20:17:33.021+0000] {dagbag.py:545} INFO - Filling up the DagBag from /home/airflow/.local/lib/python3.12/site-packages/airflow/example_dags/example_latest_only.py
[2026-05-07T20:17:33.031+0000] {processor.py:840} INFO - DAG(s) 'latest_only' retrieved from /home/airflow/.local/lib/python3.12/site-packages/airflow/example_dags/example_latest_only.py
[2026-05-07T20:17:33.057+0000] {logging_mixin.py:188} INFO - [2026-05-07T20:17:33.057+0000] {dag.py:3096} INFO - Sync 1 DAGs
[2026-05-07T20:17:33.082+0000] {logging_mixin.py:188} INFO - [2026-05-07T20:17:33.082+0000] {dag.py:3954} INFO - Setting next_dagrun for latest_only to 2026-05-07 16:00:00+00:00, run_after=2026-05-07 20:00:00+00:00
[2026-05-07T20:17:33.110+0000] {processor.py:183} INFO - Processing /home/airflow/.local/lib/python3.12/site-packages/airflow/example_dags/example_latest_only.py took 0.100 seconds
[2026-05-07T20:18:03.494+0000] {processor.py:161} INFO - Started process (PID=208) to work on /home/airflow/.local/lib/python3.12/site-packages/airflow/example_dags/example_latest_only.py
[2026-05-07T20:18:03.496+0000] {processor.py:830} INFO - Processing file /home/airflow/.local/lib/python3.12/site-packages/airflow/example_dags/example_latest_only.py for tasks to queue
[2026-05-07T20:18:03.499+0000] {logging_mixin.py:188} INFO - [2026-05-07T20:18:03.499+0000] {dagbag.py:545} INFO - Filling up the DagBag from /home/airflow/.local/lib/python3.12/site-packages/airflow/example_dags/example_latest_only.py
[2026-05-07T20:18:03.504+0000] {processor.py:840} INFO - DAG(s) 'latest_only' retrieved from /home/airflow/.local/lib/python3.12/site-packages/airflow/example_dags/example_latest_only.py
[2026-05-07T20:18:03.525+0000] {logging_mixin.py:188} INFO - [2026-05-07T20:18:03.525+0000] {dag.py:3096} INFO - Sync 1 DAGs
[2026-05-07T20:18:03.549+0000] {logging_mixin.py:188} INFO - [2026-05-07T20:18:03.549+0000] {dag.py:3954} INFO - Setting next_dagrun for latest_only to 2026-05-07 16:00:00+00:00, run_after=2026-05-07 20:00:00+00:00
[2026-05-07T20:18:03.570+0000] {processor.py:183} INFO - Processing /home/airflow/.local/lib/python3.12/site-packages/airflow/example_dags/example_latest_only.py took 0.081 seconds
[2026-05-07T20:18:34.229+0000] {processor.py:161} INFO - Started process (PID=266) to work on /home/airflow/.local/lib/python3.12/site-packages/airflow/example_dags/example_latest_only.py
[2026-05-07T20:18:34.230+0000] {processor.py:830} INFO - Processing file /home/airflow/.local/lib/python3.12/site-packages/airflow/example_dags/example_latest_only.py for tasks to queue
[2026-05-07T20:18:34.233+0000] {logging_mixin.py:188} INFO - [2026-05-07T20:18:34.233+0000] {dagbag.py:545} INFO - Filling up the DagBag from /home/airflow/.local/lib/python3.12/site-packages/airflow/example_dags/example_latest_only.py
[2026-05-07T20:18:34.238+0000] {processor.py:840} INFO - DAG(s) 'latest_only' retrieved from /home/airflow/.local/lib/python3.12/site-packages/airflow/example_dags/example_latest_only.py
[2026-05-07T20:18:34.260+0000] {logging_mixin.py:188} INFO - [2026-05-07T20:18:34.260+0000] {dag.py:3096} INFO - Sync 1 DAGs
[2026-05-07T20:18:34.283+0000] {logging_mixin.py:188} INFO - [2026-05-07T20:18:34.282+0000] {dag.py:3954} INFO - Setting next_dagrun for latest_only to 2026-05-07 16:00:00+00:00, run_after=2026-05-07 20:00:00+00:00
[2026-05-07T20:18:34.306+0000] {processor.py:183} INFO - Processing /home/airflow/.local/lib/python3.12/site-packages/airflow/example_dags/example_latest_only.py took 0.084 seconds
[2026-05-07T20:19:04.414+0000] {processor.py:161} INFO - Started process (PID=324) to work on /home/airflow/.local/lib/python3.12/site-packages/airflow/example_dags/example_latest_only.py
[2026-05-07T20:19:04.415+0000] {processor.py:830} INFO - Processing file /home/airflow/.local/lib/python3.12/site-packages/airflow/example_dags/example_latest_only.py for tasks to queue
[2026-05-07T20:19:04.418+0000] {logging_mixin.py:188} INFO - [2026-05-07T20:19:04.418+0000] {dagbag.py:545} INFO - Filling up the DagBag from /home/airflow/.local/lib/python3.12/site-packages/airflow/example_dags/example_latest_only.py
[2026-05-07T20:19:04.424+0000] {processor.py:840} INFO - DAG(s) 'latest_only' retrieved from /home/airflow/.local/lib/python3.12/site-packages/airflow/example_dags/example_latest_only.py
[2026-05-07T20:19:04.449+0000] {logging_mixin.py:188} INFO - [2026-05-07T20:19:04.449+0000] {dag.py:3096} INFO - Sync 1 DAGs
[2026-05-07T20:19:04.477+0000] {logging_mixin.py:188} INFO - [2026-05-07T20:19:04.477+0000] {dag.py:3954} INFO - Setting next_dagrun for latest_only to 2026-05-07 16:00:00+00:00, run_after=2026-05-07 20:00:00+00:00
[2026-05-07T20:19:04.506+0000] {processor.py:183} INFO - Processing /home/airflow/.local/lib/python3.12/site-packages/airflow/example_dags/example_latest_only.py took 0.101 seconds
[2026-05-07T20:19:34.647+0000] {processor.py:161} INFO - Started process (PID=381) to work on /home/airflow/.local/lib/python3.12/site-packages/airflow/example_dags/example_latest_only.py
[2026-05-07T20:19:34.649+0000] {processor.py:830} INFO - Processing file /home/airflow/.local/lib/python3.12/site-packages/airflow/example_dags/example_latest_only.py for tasks to queue
[2026-05-07T20:19:34.652+0000] {logging_mixin.py:188} INFO - [2026-05-07T20:19:34.652+0000] {dagbag.py:545} INFO - Filling up the DagBag from /home/airflow/.local/lib/python3.12/site-packages/airflow/example_dags/example_latest_only.py
[2026-05-07T20:19:34.657+0000] {processor.py:840} INFO - DAG(s) 'latest_only' retrieved from /home/airflow/.local/lib/python3.12/site-packages/airflow/example_dags/example_latest_only.py
[2026-05-07T20:19:34.683+0000] {logging_mixin.py:188} INFO - [2026-05-07T20:19:34.683+0000] {dag.py:3096} INFO - Sync 1 DAGs
[2026-05-07T20:19:34.707+0000] {logging_mixin.py:188} INFO - [2026-05-07T20:19:34.707+0000] {dag.py:3954} INFO - Setting next_dagrun for latest_only to 2026-05-07 16:00:00+00:00, run_after=2026-05-07 20:00:00+00:00
[2026-05-07T20:19:34.732+0000] {processor.py:183} INFO - Processing /home/airflow/.local/lib/python3.12/site-packages/airflow/example_dags/example_latest_only.py took 0.092 seconds
[2026-05-07T20:20:05.508+0000] {processor.py:161} INFO - Started process (PID=440) to work on /home/airflow/.local/lib/python3.12/site-packages/airflow/example_dags/example_latest_only.py
[2026-05-07T20:20:05.509+0000] {processor.py:830} INFO - Processing file /home/airflow/.local/lib/python3.12/site-packages/airflow/example_dags/example_latest_only.py for tasks to queue
[2026-05-07T20:20:05.512+0000] {logging_mixin.py:188} INFO - [2026-05-07T20:20:05.512+0000] {dagbag.py:545} INFO - Filling up the DagBag from /home/airflow/.local/lib/python3.12/site-packages/airflow/example_dags/example_latest_only.py
[2026-05-07T20:20:05.517+0000] {processor.py:840} INFO - DAG(s) 'latest_only' retrieved from /home/airflow/.local/lib/python3.12/site-packages/airflow/example_dags/example_latest_only.py
[2026-05-07T20:20:05.536+0000] {logging_mixin.py:188} INFO - [2026-05-07T20:20:05.536+0000] {dag.py:3096} INFO - Sync 1 DAGs
[2026-05-07T20:20:05.553+0000] {logging_mixin.py:188} INFO - [2026-05-07T20:20:05.553+0000] {dag.py:3954} INFO - Setting next_dagrun for latest_only to 2026-05-07 16:00:00+00:00, run_after=2026-05-07 20:00:00+00:00
[2026-05-07T20:20:05.572+0000] {processor.py:183} INFO - Processing /home/airflow/.local/lib/python3.12/site-packages/airflow/example_dags/example_latest_only.py took 0.070 seconds
[2026-05-07T20:20:36.017+0000] {processor.py:161} INFO - Started process (PID=498) to work on /home/airflow/.local/lib/python3.12/site-packages/airflow/example_dags/example_latest_only.py
[2026-05-07T20:20:36.018+0000] {processor.py:830} INFO - Processing file /home/airflow/.local/lib/python3.12/site-packages/airflow/example_dags/example_latest_only.py for tasks to queue
[2026-05-07T20:20:36.021+0000] {logging_mixin.py:188} INFO - [2026-05-07T20:20:36.021+0000] {dagbag.py:545} INFO - Filling up the DagBag from /home/airflow/.local/lib/python3.12/site-packages/airflow/example_dags/example_latest_only.py
[2026-05-07T20:20:36.027+0000] {processor.py:840} INFO - DAG(s) 'latest_only' retrieved from /home/airflow/.local/lib/python3.12/site-packages/airflow/example_dags/example_latest_only.py
[2026-05-07T20:20:36.050+0000] {logging_mixin.py:188} INFO - [2026-05-07T20:20:36.050+0000] {dag.py:3096} INFO - Sync 1 DAGs
[2026-05-07T20:20:36.069+0000] {logging_mixin.py:188} INFO - [2026-05-07T20:20:36.069+0000] {dag.py:3954} INFO - Setting next_dagrun for latest_only to 2026-05-07 16:00:00+00:00, run_after=2026-05-07 20:00:00+00:00
[2026-05-07T20:20:36.090+0000] {processor.py:183} INFO - Processing /home/airflow/.local/lib/python3.12/site-packages/airflow/example_dags/example_latest_only.py took 0.080 seconds
[2026-05-07T20:21:06.257+0000] {processor.py:161} INFO - Started process (PID=556) to work on /home/airflow/.local/lib/python3.12/site-packages/airflow/example_dags/example_latest_only.py
[2026-05-07T20:21:06.258+0000] {processor.py:830} INFO - Processing file /home/airflow/.local/lib/python3.12/site-packages/airflow/example_dags/example_latest_only.py for tasks to queue
[2026-05-07T20:21:06.262+0000] {logging_mixin.py:188} INFO - [2026-05-07T20:21:06.261+0000] {dagbag.py:545} INFO - Filling up the DagBag from /home/airflow/.local/lib/python3.12/site-packages/airflow/example_dags/example_latest_only.py
[2026-05-07T20:21:06.267+0000] {processor.py:840} INFO - DAG(s) 'latest_only' retrieved from /home/airflow/.local/lib/python3.12/site-packages/airflow/example_dags/example_latest_only.py
[2026-05-07T20:21:06.293+0000] {logging_mixin.py:188} INFO - [2026-05-07T20:21:06.293+0000] {dag.py:3096} INFO - Sync 1 DAGs
[2026-05-07T20:21:06.330+0000] {logging_mixin.py:188} INFO - [2026-05-07T20:21:06.330+0000] {dag.py:3954} INFO - Setting next_dagrun for latest_only to 2026-05-07 16:00:00+00:00, run_after=2026-05-07 20:00:00+00:00
[2026-05-07T20:21:06.360+0000] {processor.py:183} INFO - Processing /home/airflow/.local/lib/python3.12/site-packages/airflow/example_dags/example_latest_only.py took 0.109 seconds
[2026-05-07T20:21:36.831+0000] {processor.py:161} INFO - Started process (PID=614) to work on /home/airflow/.local/lib/python3.12/site-packages/airflow/example_dags/example_latest_only.py
[2026-05-07T20:21:36.832+0000] {processor.py:830} INFO - Processing file /home/airflow/.local/lib/python3.12/site-packages/airflow/example_dags/example_latest_only.py for tasks to queue
[2026-05-07T20:21:36.835+0000] {logging_mixin.py:188} INFO - [2026-05-07T20:21:36.834+0000] {dagbag.py:545} INFO - Filling up the DagBag from /home/airflow/.local/lib/python3.12/site-packages/airflow/example_dags/example_latest_only.py
[2026-05-07T20:21:36.841+0000] {processor.py:840} INFO - DAG(s) 'latest_only' retrieved from /home/airflow/.local/lib/python3.12/site-packages/airflow/example_dags/example_latest_only.py
[2026-05-07T20:21:36.866+0000] {logging_mixin.py:188} INFO - [2026-05-07T20:21:36.866+0000] {dag.py:3096} INFO - Sync 1 DAGs
[2026-05-07T20:21:36.891+0000] {logging_mixin.py:188} INFO - [2026-05-07T20:21:36.891+0000] {dag.py:3954} INFO - Setting next_dagrun for latest_only to 2026-05-07 16:00:00+00:00, run_after=2026-05-07 20:00:00+00:00
[2026-05-07T20:21:36.914+0000] {processor.py:183} INFO - Processing /home/airflow/.local/lib/python3.12/site-packages/airflow/example_dags/example_latest_only.py took 0.090 seconds
[2026-05-07T20:22:07.580+0000] {processor.py:161} INFO - Started process (PID=672) to work on /home/airflow/.local/lib/python3.12/site-packages/airflow/example_dags/example_latest_only.py
[2026-05-07T20:22:07.581+0000] {processor.py:830} INFO - Processing file /home/airflow/.local/lib/python3.12/site-packages/airflow/example_dags/example_latest_only.py for tasks to queue
[2026-05-07T20:22:07.584+0000] {logging_mixin.py:188} INFO - [2026-05-07T20:22:07.583+0000] {dagbag.py:545} INFO - Filling up the DagBag from /home/airflow/.local/lib/python3.12/site-packages/airflow/example_dags/example_latest_only.py
[2026-05-07T20:22:07.588+0000] {processor.py:840} INFO - DAG(s) 'latest_only' retrieved from /home/airflow/.local/lib/python3.12/site-packages/airflow/example_dags/example_latest_only.py
[2026-05-07T20:22:07.609+0000] {logging_mixin.py:188} INFO - [2026-05-07T20:22:07.608+0000] {dag.py:3096} INFO - Sync 1 DAGs
[2026-05-07T20:22:07.633+0000] {logging_mixin.py:188} INFO - [2026-05-07T20:22:07.632+0000] {dag.py:3954} INFO - Setting next_dagrun for latest_only to 2026-05-07 16:00:00+00:00, run_after=2026-05-07 20:00:00+00:00
[2026-05-07T20:22:07.656+0000] {processor.py:183} INFO - Processing /home/airflow/.local/lib/python3.12/site-packages/airflow/example_dags/example_latest_only.py took 0.082 seconds
[2026-05-07T20:22:37.980+0000] {processor.py:161} INFO - Started process (PID=731) to work on /home/airflow/.local/lib/python3.12/site-packages/airflow/example_dags/example_latest_only.py
[2026-05-07T20:22:37.982+0000] {processor.py:830} INFO - Processing file /home/airflow/.local/lib/python3.12/site-packages/airflow/example_dags/example_latest_only.py for tasks to queue
[2026-05-07T20:22:37.986+0000] {logging_mixin.py:188} INFO - [2026-05-07T20:22:37.985+0000] {dagbag.py:545} INFO - Filling up the DagBag from /home/airflow/.local/lib/python3.12/site-packages/airflow/example_dags/example_latest_only.py
[2026-05-07T20:22:37.992+0000] {processor.py:840} INFO - DAG(s) 'latest_only' retrieved from /home/airflow/.local/lib/python3.12/site-packages/airflow/example_dags/example_latest_only.py
[2026-05-07T20:22:38.017+0000] {logging_mixin.py:188} INFO - [2026-05-07T20:22:38.017+0000] {dag.py:3096} INFO - Sync 1 DAGs
[2026-05-07T20:22:38.045+0000] {logging_mixin.py:188} INFO - [2026-05-07T20:22:38.045+0000] {dag.py:3954} INFO - Setting next_dagrun for latest_only to 2026-05-07 16:00:00+00:00, run_after=2026-05-07 20:00:00+00:00
[2026-05-07T20:22:38.083+0000] {processor.py:183} INFO - Processing /home/airflow/.local/lib/python3.12/site-packages/airflow/example_dags/example_latest_only.py took 0.112 seconds
[2026-05-07T20:23:08.702+0000] {processor.py:161} INFO - Started process (PID=789) to work on /home/airflow/.local/lib/python3.12/site-packages/airflow/example_dags/example_latest_only.py
[2026-05-07T20:23:08.704+0000] {processor.py:830} INFO - Processing file /home/airflow/.local/lib/python3.12/site-packages/airflow/example_dags/example_latest_only.py for tasks to queue
[2026-05-07T20:23:08.707+0000] {logging_mixin.py:188} INFO - [2026-05-07T20:23:08.707+0000] {dagbag.py:545} INFO - Filling up the DagBag from /home/airflow/.local/lib/python3.12/site-packages/airflow/example_dags/example_latest_only.py
[2026-05-07T20:23:08.712+0000] {processor.py:840} INFO - DAG(s) 'latest_only' retrieved from /home/airflow/.local/lib/python3.12/site-packages/airflow/example_dags/example_latest_only.py
[2026-05-07T20:23:08.735+0000] {logging_mixin.py:188} INFO - [2026-05-07T20:23:08.735+0000] {dag.py:3096} INFO - Sync 1 DAGs
[2026-05-07T20:23:08.757+0000] {logging_mixin.py:188} INFO - [2026-05-07T20:23:08.757+0000] {dag.py:3954} INFO - Setting next_dagrun for latest_only to 2026-05-07 16:00:00+00:00, run_after=2026-05-07 20:00:00+00:00
[2026-05-07T20:23:08.780+0000] {processor.py:183} INFO - Processing /home/airflow/.local/lib/python3.12/site-packages/airflow/example_dags/example_latest_only.py took 0.084 seconds
[2026-05-07T20:23:39.025+0000] {processor.py:161} INFO - Started process (PID=848) to work on /home/airflow/.local/lib/python3.12/site-packages/airflow/example_dags/example_latest_only.py
[2026-05-07T20:23:39.027+0000] {processor.py:830} INFO - Processing file /home/airflow/.local/lib/python3.12/site-packages/airflow/example_dags/example_latest_only.py for tasks to queue
[2026-05-07T20:23:39.030+0000] {logging_mixin.py:188} INFO - [2026-05-07T20:23:39.029+0000] {dagbag.py:545} INFO - Filling up the DagBag from /home/airflow/.local/lib/python3.12/site-packages/airflow/example_dags/example_latest_only.py
[2026-05-07T20:23:39.034+0000] {processor.py:840} INFO - DAG(s) 'latest_only' retrieved from /home/airflow/.local/lib/python3.12/site-packages/airflow/example_dags/example_latest_only.py
[2026-05-07T20:23:39.055+0000] {logging_mixin.py:188} INFO - [2026-05-07T20:23:39.055+0000] {dag.py:3096} INFO - Sync 1 DAGs
[2026-05-07T20:23:39.078+0000] {logging_mixin.py:188} INFO - [2026-05-07T20:23:39.078+0000] {dag.py:3954} INFO - Setting next_dagrun for latest_only to 2026-05-07 16:00:00+00:00, run_after=2026-05-07 20:00:00+00:00
[2026-05-07T20:23:39.100+0000] {processor.py:183} INFO - Processing /home/airflow/.local/lib/python3.12/site-packages/airflow/example_dags/example_latest_only.py took 0.080 seconds
[2026-05-07T20:24:09.570+0000] {processor.py:161} INFO - Started process (PID=906) to work on /home/airflow/.local/lib/python3.12/site-packages/airflow/example_dags/example_latest_only.py
[2026-05-07T20:24:09.572+0000] {processor.py:830} INFO - Processing file /home/airflow/.local/lib/python3.12/site-packages/airflow/example_dags/example_latest_only.py for tasks to queue
[2026-05-07T20:24:09.574+0000] {logging_mixin.py:188} INFO - [2026-05-07T20:24:09.574+0000] {dagbag.py:545} INFO - Filling up the DagBag from /home/airflow/.local/lib/python3.12/site-packages/airflow/example_dags/example_latest_only.py
[2026-05-07T20:24:09.581+0000] {processor.py:840} INFO - DAG(s) 'latest_only' retrieved from /home/airflow/.local/lib/python3.12/site-packages/airflow/example_dags/example_latest_only.py
[2026-05-07T20:24:09.608+0000] {logging_mixin.py:188} INFO - [2026-05-07T20:24:09.607+0000] {dag.py:3096} INFO - Sync 1 DAGs
[2026-05-07T20:24:09.635+0000] {logging_mixin.py:188} INFO - [2026-05-07T20:24:09.635+0000] {dag.py:3954} INFO - Setting next_dagrun for latest_only to 2026-05-07 16:00:00+00:00, run_after=2026-05-07 20:00:00+00:00
[2026-05-07T20:24:09.666+0000] {processor.py:183} INFO - Processing /home/airflow/.local/lib/python3.12/site-packages/airflow/example_dags/example_latest_only.py took 0.103 seconds
[2026-05-07T20:24:39.961+0000] {processor.py:161} INFO - Started process (PID=964) to work on /home/airflow/.local/lib/python3.12/site-packages/airflow/example_dags/example_latest_only.py
[2026-05-07T20:24:39.963+0000] {processor.py:830} INFO - Processing file /home/airflow/.local/lib/python3.12/site-packages/airflow/example_dags/example_latest_only.py for tasks to queue
[2026-05-07T20:24:39.965+0000] {logging_mixin.py:188} INFO - [2026-05-07T20:24:39.964+0000] {dagbag.py:545} INFO - Filling up the DagBag from /home/airflow/.local/lib/python3.12/site-packages/airflow/example_dags/example_latest_only.py
[2026-05-07T20:24:39.969+0000] {processor.py:840} INFO - DAG(s) 'latest_only' retrieved from /home/airflow/.local/lib/python3.12/site-packages/airflow/example_dags/example_latest_only.py
[2026-05-07T20:24:39.989+0000] {logging_mixin.py:188} INFO - [2026-05-07T20:24:39.989+0000] {dag.py:3096} INFO - Sync 1 DAGs
[2026-05-07T20:24:40.009+0000] {logging_mixin.py:188} INFO - [2026-05-07T20:24:40.008+0000] {dag.py:3954} INFO - Setting next_dagrun for latest_only to 2026-05-07 16:00:00+00:00, run_after=2026-05-07 20:00:00+00:00
[2026-05-07T20:24:40.028+0000] {processor.py:183} INFO - Processing /home/airflow/.local/lib/python3.12/site-packages/airflow/example_dags/example_latest_only.py took 0.072 seconds
[2026-05-07T20:25:10.478+0000] {processor.py:161} INFO - Started process (PID=1022) to work on /home/airflow/.local/lib/python3.12/site-packages/airflow/example_dags/example_latest_only.py
[2026-05-07T20:25:10.482+0000] {processor.py:830} INFO - Processing file /home/airflow/.local/lib/python3.12/site-packages/airflow/example_dags/example_latest_only.py for tasks to queue
[2026-05-07T20:25:10.489+0000] {logging_mixin.py:188} INFO - [2026-05-07T20:25:10.488+0000] {dagbag.py:545} INFO - Filling up the DagBag from /home/airflow/.local/lib/python3.12/site-packages/airflow/example_dags/example_latest_only.py
[2026-05-07T20:25:10.501+0000] {processor.py:840} INFO - DAG(s) 'latest_only' retrieved from /home/airflow/.local/lib/python3.12/site-packages/airflow/example_dags/example_latest_only.py
[2026-05-07T20:25:10.522+0000] {logging_mixin.py:188} INFO - [2026-05-07T20:25:10.522+0000] {dag.py:3096} INFO - Sync 1 DAGs
[2026-05-07T20:25:10.540+0000] {logging_mixin.py:188} INFO - [2026-05-07T20:25:10.540+0000] {dag.py:3954} INFO - Setting next_dagrun for latest_only to 2026-05-07 16:00:00+00:00, run_after=2026-05-07 20:00:00+00:00
[2026-05-07T20:25:10.614+0000] {processor.py:183} INFO - Processing /home/airflow/.local/lib/python3.12/site-packages/airflow/example_dags/example_latest_only.py took 0.146 seconds
[2026-05-07T20:25:40.754+0000] {processor.py:161} INFO - Started process (PID=1080) to work on /home/airflow/.local/lib/python3.12/site-packages/airflow/example_dags/example_latest_only.py
[2026-05-07T20:25:40.755+0000] {processor.py:830} INFO - Processing file /home/airflow/.local/lib/python3.12/site-packages/airflow/example_dags/example_latest_only.py for tasks to queue
[2026-05-07T20:25:40.758+0000] {logging_mixin.py:188} INFO - [2026-05-07T20:25:40.757+0000] {dagbag.py:545} INFO - Filling up the DagBag from /home/airflow/.local/lib/python3.12/site-packages/airflow/example_dags/example_latest_only.py
[2026-05-07T20:25:40.765+0000] {processor.py:840} INFO - DAG(s) 'latest_only' retrieved from /home/airflow/.local/lib/python3.12/site-packages/airflow/example_dags/example_latest_only.py
[2026-05-07T20:25:40.793+0000] {logging_mixin.py:188} INFO - [2026-05-07T20:25:40.792+0000] {dag.py:3096} INFO - Sync 1 DAGs
[2026-05-07T20:25:40.823+0000] {logging_mixin.py:188} INFO - [2026-05-07T20:25:40.822+0000] {dag.py:3954} INFO - Setting next_dagrun for latest_only to 2026-05-07 16:00:00+00:00, run_after=2026-05-07 20:00:00+00:00
[2026-05-07T20:25:40.854+0000] {processor.py:183} INFO - Processing /home/airflow/.local/lib/python3.12/site-packages/airflow/example_dags/example_latest_only.py took 0.108 seconds
[2026-05-07T20:26:11.458+0000] {processor.py:161} INFO - Started process (PID=1138) to work on /home/airflow/.local/lib/python3.12/site-packages/airflow/example_dags/example_latest_only.py
[2026-05-07T20:26:11.460+0000] {processor.py:830} INFO - Processing file /home/airflow/.local/lib/python3.12/site-packages/airflow/example_dags/example_latest_only.py for tasks to queue
[2026-05-07T20:26:11.466+0000] {logging_mixin.py:188} INFO - [2026-05-07T20:26:11.465+0000] {dagbag.py:545} INFO - Filling up the DagBag from /home/airflow/.local/lib/python3.12/site-packages/airflow/example_dags/example_latest_only.py
[2026-05-07T20:26:11.476+0000] {processor.py:840} INFO - DAG(s) 'latest_only' retrieved from /home/airflow/.local/lib/python3.12/site-packages/airflow/example_dags/example_latest_only.py
[2026-05-07T20:26:11.517+0000] {logging_mixin.py:188} INFO - [2026-05-07T20:26:11.517+0000] {dag.py:3096} INFO - Sync 1 DAGs
[2026-05-07T20:26:11.554+0000] {logging_mixin.py:188} INFO - [2026-05-07T20:26:11.554+0000] {dag.py:3954} INFO - Setting next_dagrun for latest_only to 2026-05-07 16:00:00+00:00, run_after=2026-05-07 20:00:00+00:00
[2026-05-07T20:26:11.631+0000] {processor.py:183} INFO - Processing /home/airflow/.local/lib/python3.12/site-packages/airflow/example_dags/example_latest_only.py took 0.181 seconds
[2026-05-07T20:26:42.086+0000] {processor.py:161} INFO - Started process (PID=1197) to work on /home/airflow/.local/lib/python3.12/site-packages/airflow/example_dags/example_latest_only.py
[2026-05-07T20:26:42.088+0000] {processor.py:830} INFO - Processing file /home/airflow/.local/lib/python3.12/site-packages/airflow/example_dags/example_latest_only.py for tasks to queue
[2026-05-07T20:26:42.090+0000] {logging_mixin.py:188} INFO - [2026-05-07T20:26:42.090+0000] {dagbag.py:545} INFO - Filling up the DagBag from /home/airflow/.local/lib/python3.12/site-packages/airflow/example_dags/example_latest_only.py
[2026-05-07T20:26:42.095+0000] {processor.py:840} INFO - DAG(s) 'latest_only' retrieved from /home/airflow/.local/lib/python3.12/site-packages/airflow/example_dags/example_latest_only.py
[2026-05-07T20:26:42.113+0000] {logging_mixin.py:188} INFO - [2026-05-07T20:26:42.112+0000] {dag.py:3096} INFO - Sync 1 DAGs
[2026-05-07T20:26:42.131+0000] {logging_mixin.py:188} INFO - [2026-05-07T20:26:42.131+0000] {dag.py:3954} INFO - Setting next_dagrun for latest_only to 2026-05-07 16:00:00+00:00, run_after=2026-05-07 20:00:00+00:00
[2026-05-07T20:26:42.147+0000] {processor.py:183} INFO - Processing /home/airflow/.local/lib/python3.12/site-packages/airflow/example_dags/example_latest_only.py took 0.066 seconds
[2026-05-07T20:27:13.202+0000] {processor.py:161} INFO - Started process (PID=1254) to work on /home/airflow/.local/lib/python3.12/site-packages/airflow/example_dags/example_latest_only.py
[2026-05-07T20:27:13.203+0000] {processor.py:830} INFO - Processing file /home/airflow/.local/lib/python3.12/site-packages/airflow/example_dags/example_latest_only.py for tasks to queue
[2026-05-07T20:27:13.207+0000] {logging_mixin.py:188} INFO - [2026-05-07T20:27:13.207+0000] {dagbag.py:545} INFO - Filling up the DagBag from /home/airflow/.local/lib/python3.12/site-packages/airflow/example_dags/example_latest_only.py
[2026-05-07T20:27:13.214+0000] {processor.py:840} INFO - DAG(s) 'latest_only' retrieved from /home/airflow/.local/lib/python3.12/site-packages/airflow/example_dags/example_latest_only.py
[2026-05-07T20:27:13.245+0000] {logging_mixin.py:188} INFO - [2026-05-07T20:27:13.245+0000] {dag.py:3096} INFO - Sync 1 DAGs
[2026-05-07T20:27:13.280+0000] {logging_mixin.py:188} INFO - [2026-05-07T20:27:13.280+0000] {dag.py:3954} INFO - Setting next_dagrun for latest_only to 2026-05-07 16:00:00+00:00, run_after=2026-05-07 20:00:00+00:00
[2026-05-07T20:27:13.315+0000] {processor.py:183} INFO - Processing /home/airflow/.local/lib/python3.12/site-packages/airflow/example_dags/example_latest_only.py took 0.122 seconds
[2026-05-07T20:27:43.431+0000] {processor.py:161} INFO - Started process (PID=1311) to work on /home/airflow/.local/lib/python3.12/site-packages/airflow/example_dags/example_latest_only.py
[2026-05-07T20:27:43.433+0000] {processor.py:830} INFO - Processing file /home/airflow/.local/lib/python3.12/site-packages/airflow/example_dags/example_latest_only.py for tasks to queue
[2026-05-07T20:27:43.435+0000] {logging_mixin.py:188} INFO - [2026-05-07T20:27:43.435+0000] {dagbag.py:545} INFO - Filling up the DagBag from /home/airflow/.local/lib/python3.12/site-packages/airflow/example_dags/example_latest_only.py
[2026-05-07T20:27:43.441+0000] {processor.py:840} INFO - DAG(s) 'latest_only' retrieved from /home/airflow/.local/lib/python3.12/site-packages/airflow/example_dags/example_latest_only.py
[2026-05-07T20:27:43.461+0000] {logging_mixin.py:188} INFO - [2026-05-07T20:27:43.461+0000] {dag.py:3096} INFO - Sync 1 DAGs
[2026-05-07T20:27:43.481+0000] {logging_mixin.py:188} INFO - [2026-05-07T20:27:43.480+0000] {dag.py:3954} INFO - Setting next_dagrun for latest_only to 2026-05-07 16:00:00+00:00, run_after=2026-05-07 20:00:00+00:00
[2026-05-07T20:27:43.502+0000] {processor.py:183} INFO - Processing /home/airflow/.local/lib/python3.12/site-packages/airflow/example_dags/example_latest_only.py took 0.076 seconds
[2026-05-07T20:28:14.847+0000] {processor.py:161} INFO - Started process (PID=1369) to work on /home/airflow/.local/lib/python3.12/site-packages/airflow/example_dags/example_latest_only.py
[2026-05-07T20:28:14.849+0000] {processor.py:830} INFO - Processing file /home/airflow/.local/lib/python3.12/site-packages/airflow/example_dags/example_latest_only.py for tasks to queue
[2026-05-07T20:28:14.851+0000] {logging_mixin.py:188} INFO - [2026-05-07T20:28:14.851+0000] {dagbag.py:545} INFO - Filling up the DagBag from /home/airflow/.local/lib/python3.12/site-packages/airflow/example_dags/example_latest_only.py
[2026-05-07T20:28:14.856+0000] {processor.py:840} INFO - DAG(s) 'latest_only' retrieved from /home/airflow/.local/lib/python3.12/site-packages/airflow/example_dags/example_latest_only.py
[2026-05-07T20:28:14.878+0000] {logging_mixin.py:188} INFO - [2026-05-07T20:28:14.878+0000] {dag.py:3096} INFO - Sync 1 DAGs
[2026-05-07T20:28:14.900+0000] {logging_mixin.py:188} INFO - [2026-05-07T20:28:14.900+0000] {dag.py:3954} INFO - Setting next_dagrun for latest_only to 2026-05-07 16:00:00+00:00, run_after=2026-05-07 20:00:00+00:00
[2026-05-07T20:28:14.921+0000] {processor.py:183} INFO - Processing /home/airflow/.local/lib/python3.12/site-packages/airflow/example_dags/example_latest_only.py took 0.079 seconds
[2026-05-07T20:28:45.120+0000] {processor.py:161} INFO - Started process (PID=1427) to work on /home/airflow/.local/lib/python3.12/site-packages/airflow/example_dags/example_latest_only.py
[2026-05-07T20:28:45.121+0000] {processor.py:830} INFO - Processing file /home/airflow/.local/lib/python3.12/site-packages/airflow/example_dags/example_latest_only.py for tasks to queue
[2026-05-07T20:28:45.123+0000] {logging_mixin.py:188} INFO - [2026-05-07T20:28:45.123+0000] {dagbag.py:545} INFO - Filling up the DagBag from /home/airflow/.local/lib/python3.12/site-packages/airflow/example_dags/example_latest_only.py
[2026-05-07T20:28:45.128+0000] {processor.py:840} INFO - DAG(s) 'latest_only' retrieved from /home/airflow/.local/lib/python3.12/site-packages/airflow/example_dags/example_latest_only.py
[2026-05-07T20:28:45.148+0000] {logging_mixin.py:188} INFO - [2026-05-07T20:28:45.148+0000] {dag.py:3096} INFO - Sync 1 DAGs
[2026-05-07T20:28:45.172+0000] {logging_mixin.py:188} INFO - [2026-05-07T20:28:45.172+0000] {dag.py:3954} INFO - Setting next_dagrun for latest_only to 2026-05-07 16:00:00+00:00, run_after=2026-05-07 20:00:00+00:00
[2026-05-07T20:28:45.195+0000] {processor.py:183} INFO - Processing /home/airflow/.local/lib/python3.12/site-packages/airflow/example_dags/example_latest_only.py took 0.081 seconds
[2026-05-07T20:29:15.749+0000] {processor.py:161} INFO - Started process (PID=1485) to work on /home/airflow/.local/lib/python3.12/site-packages/airflow/example_dags/example_latest_only.py
[2026-05-07T20:29:15.751+0000] {processor.py:830} INFO - Processing file /home/airflow/.local/lib/python3.12/site-packages/airflow/example_dags/example_latest_only.py for tasks to queue
[2026-05-07T20:29:15.754+0000] {logging_mixin.py:188} INFO - [2026-05-07T20:29:15.754+0000] {dagbag.py:545} INFO - Filling up the DagBag from /home/airflow/.local/lib/python3.12/site-packages/airflow/example_dags/example_latest_only.py
[2026-05-07T20:29:15.759+0000] {processor.py:840} INFO - DAG(s) 'latest_only' retrieved from /home/airflow/.local/lib/python3.12/site-packages/airflow/example_dags/example_latest_only.py
[2026-05-07T20:29:15.784+0000] {logging_mixin.py:188} INFO - [2026-05-07T20:29:15.784+0000] {dag.py:3096} INFO - Sync 1 DAGs
[2026-05-07T20:29:15.811+0000] {logging_mixin.py:188} INFO - [2026-05-07T20:29:15.810+0000] {dag.py:3954} INFO - Setting next_dagrun for latest_only to 2026-05-07 16:00:00+00:00, run_after=2026-05-07 20:00:00+00:00
[2026-05-07T20:29:15.846+0000] {processor.py:183} INFO - Processing /home/airflow/.local/lib/python3.12/site-packages/airflow/example_dags/example_latest_only.py took 0.105 seconds
[2026-05-07T20:29:46.324+0000] {processor.py:161} INFO - Started process (PID=1543) to work on /home/airflow/.local/lib/python3.12/site-packages/airflow/example_dags/example_latest_only.py
[2026-05-07T20:29:46.325+0000] {processor.py:830} INFO - Processing file /home/airflow/.local/lib/python3.12/site-packages/airflow/example_dags/example_latest_only.py for tasks to queue
[2026-05-07T20:29:46.329+0000] {logging_mixin.py:188} INFO - [2026-05-07T20:29:46.328+0000] {dagbag.py:545} INFO - Filling up the DagBag from /home/airflow/.local/lib/python3.12/site-packages/airflow/example_dags/example_latest_only.py
[2026-05-07T20:29:46.334+0000] {processor.py:840} INFO - DAG(s) 'latest_only' retrieved from /home/airflow/.local/lib/python3.12/site-packages/airflow/example_dags/example_latest_only.py
[2026-05-07T20:29:46.360+0000] {logging_mixin.py:188} INFO - [2026-05-07T20:29:46.360+0000] {dag.py:3096} INFO - Sync 1 DAGs
[2026-05-07T20:29:46.385+0000] {logging_mixin.py:188} INFO - [2026-05-07T20:29:46.385+0000] {dag.py:3954} INFO - Setting next_dagrun for latest_only to 2026-05-07 16:00:00+00:00, run_after=2026-05-07 20:00:00+00:00
[2026-05-07T20:29:46.413+0000] {processor.py:183} INFO - Processing /home/airflow/.local/lib/python3.12/site-packages/airflow/example_dags/example_latest_only.py took 0.095 seconds
[2026-05-07T20:30:17.620+0000] {processor.py:161} INFO - Started process (PID=1601) to work on /home/airflow/.local/lib/python3.12/site-packages/airflow/example_dags/example_latest_only.py
[2026-05-07T20:30:17.622+0000] {processor.py:830} INFO - Processing file /home/airflow/.local/lib/python3.12/site-packages/airflow/example_dags/example_latest_only.py for tasks to queue
[2026-05-07T20:30:17.625+0000] {logging_mixin.py:188} INFO - [2026-05-07T20:30:17.625+0000] {dagbag.py:545} INFO - Filling up the DagBag from /home/airflow/.local/lib/python3.12/site-packages/airflow/example_dags/example_latest_only.py
[2026-05-07T20:30:17.633+0000] {processor.py:840} INFO - DAG(s) 'latest_only' retrieved from /home/airflow/.local/lib/python3.12/site-packages/airflow/example_dags/example_latest_only.py
[2026-05-07T20:30:17.664+0000] {logging_mixin.py:188} INFO - [2026-05-07T20:30:17.663+0000] {dag.py:3096} INFO - Sync 1 DAGs
[2026-05-07T20:30:17.689+0000] {logging_mixin.py:188} INFO - [2026-05-07T20:30:17.689+0000] {dag.py:3954} INFO - Setting next_dagrun for latest_only to 2026-05-07 16:00:00+00:00, run_after=2026-05-07 20:00:00+00:00
[2026-05-07T20:30:17.920+0000] {processor.py:183} INFO - Processing /home/airflow/.local/lib/python3.12/site-packages/airflow/example_dags/example_latest_only.py took 0.308 seconds
[2026-05-07T20:30:48.758+0000] {processor.py:161} INFO - Started process (PID=1659) to work on /home/airflow/.local/lib/python3.12/site-packages/airflow/example_dags/example_latest_only.py
[2026-05-07T20:30:48.759+0000] {processor.py:830} INFO - Processing file /home/airflow/.local/lib/python3.12/site-packages/airflow/example_dags/example_latest_only.py for tasks to queue
[2026-05-07T20:30:48.762+0000] {logging_mixin.py:188} INFO - [2026-05-07T20:30:48.762+0000] {dagbag.py:545} INFO - Filling up the DagBag from /home/airflow/.local/lib/python3.12/site-packages/airflow/example_dags/example_latest_only.py
[2026-05-07T20:30:48.767+0000] {processor.py:840} INFO - DAG(s) 'latest_only' retrieved from /home/airflow/.local/lib/python3.12/site-packages/airflow/example_dags/example_latest_only.py
[2026-05-07T20:30:48.789+0000] {logging_mixin.py:188} INFO - [2026-05-07T20:30:48.789+0000] {dag.py:3096} INFO - Sync 1 DAGs
[2026-05-07T20:30:48.811+0000] {logging_mixin.py:188} INFO - [2026-05-07T20:30:48.811+0000] {dag.py:3954} INFO - Setting next_dagrun for latest_only to 2026-05-07 16:00:00+00:00, run_after=2026-05-07 20:00:00+00:00
[2026-05-07T20:30:48.833+0000] {processor.py:183} INFO - Processing /home/airflow/.local/lib/python3.12/site-packages/airflow/example_dags/example_latest_only.py took 0.082 seconds
[2026-05-07T20:31:19.905+0000] {processor.py:161} INFO - Started process (PID=1717) to work on /home/airflow/.local/lib/python3.12/site-packages/airflow/example_dags/example_latest_only.py
[2026-05-07T20:31:19.907+0000] {processor.py:830} INFO - Processing file /home/airflow/.local/lib/python3.12/site-packages/airflow/example_dags/example_latest_only.py for tasks to queue
[2026-05-07T20:31:19.910+0000] {logging_mixin.py:188} INFO - [2026-05-07T20:31:19.910+0000] {dagbag.py:545} INFO - Filling up the DagBag from /home/airflow/.local/lib/python3.12/site-packages/airflow/example_dags/example_latest_only.py
[2026-05-07T20:31:19.918+0000] {processor.py:840} INFO - DAG(s) 'latest_only' retrieved from /home/airflow/.local/lib/python3.12/site-packages/airflow/example_dags/example_latest_only.py
[2026-05-07T20:31:19.944+0000] {logging_mixin.py:188} INFO - [2026-05-07T20:31:19.943+0000] {dag.py:3096} INFO - Sync 1 DAGs
[2026-05-07T20:31:19.965+0000] {logging_mixin.py:188} INFO - [2026-05-07T20:31:19.965+0000] {dag.py:3954} INFO - Setting next_dagrun for latest_only to 2026-05-07 16:00:00+00:00, run_after=2026-05-07 20:00:00+00:00
[2026-05-07T20:31:20.057+0000] {processor.py:183} INFO - Processing /home/airflow/.local/lib/python3.12/site-packages/airflow/example_dags/example_latest_only.py took 0.161 seconds
[2026-05-07T20:31:50.196+0000] {processor.py:161} INFO - Started process (PID=1776) to work on /home/airflow/.local/lib/python3.12/site-packages/airflow/example_dags/example_latest_only.py
[2026-05-07T20:31:50.198+0000] {processor.py:830} INFO - Processing file /home/airflow/.local/lib/python3.12/site-packages/airflow/example_dags/example_latest_only.py for tasks to queue
[2026-05-07T20:31:50.200+0000] {logging_mixin.py:188} INFO - [2026-05-07T20:31:50.199+0000] {dagbag.py:545} INFO - Filling up the DagBag from /home/airflow/.local/lib/python3.12/site-packages/airflow/example_dags/example_latest_only.py
[2026-05-07T20:31:50.205+0000] {processor.py:840} INFO - DAG(s) 'latest_only' retrieved from /home/airflow/.local/lib/python3.12/site-packages/airflow/example_dags/example_latest_only.py
[2026-05-07T20:31:50.227+0000] {logging_mixin.py:188} INFO - [2026-05-07T20:31:50.226+0000] {dag.py:3096} INFO - Sync 1 DAGs
[2026-05-07T20:31:50.248+0000] {logging_mixin.py:188} INFO - [2026-05-07T20:31:50.248+0000] {dag.py:3954} INFO - Setting next_dagrun for latest_only to 2026-05-07 16:00:00+00:00, run_after=2026-05-07 20:00:00+00:00
[2026-05-07T20:31:50.339+0000] {processor.py:183} INFO - Processing /home/airflow/.local/lib/python3.12/site-packages/airflow/example_dags/example_latest_only.py took 0.148 seconds
[2026-05-07T20:32:20.559+0000] {processor.py:161} INFO - Started process (PID=1833) to work on /home/airflow/.local/lib/python3.12/site-packages/airflow/example_dags/example_latest_only.py
[2026-05-07T20:32:20.561+0000] {processor.py:830} INFO - Processing file /home/airflow/.local/lib/python3.12/site-packages/airflow/example_dags/example_latest_only.py for tasks to queue
[2026-05-07T20:32:20.563+0000] {logging_mixin.py:188} INFO - [2026-05-07T20:32:20.562+0000] {dagbag.py:545} INFO - Filling up the DagBag from /home/airflow/.local/lib/python3.12/site-packages/airflow/example_dags/example_latest_only.py
[2026-05-07T20:32:20.567+0000] {processor.py:840} INFO - DAG(s) 'latest_only' retrieved from /home/airflow/.local/lib/python3.12/site-packages/airflow/example_dags/example_latest_only.py
[2026-05-07T20:32:20.754+0000] {logging_mixin.py:188} INFO - [2026-05-07T20:32:20.754+0000] {dag.py:3096} INFO - Sync 1 DAGs
[2026-05-07T20:32:20.771+0000] {logging_mixin.py:188} INFO - [2026-05-07T20:32:20.771+0000] {dag.py:3954} INFO - Setting next_dagrun for latest_only to 2026-05-07 16:00:00+00:00, run_after=2026-05-07 20:00:00+00:00
[2026-05-07T20:32:20.866+0000] {processor.py:183} INFO - Processing /home/airflow/.local/lib/python3.12/site-packages/airflow/example_dags/example_latest_only.py took 0.313 seconds
[2026-05-07T20:32:51.442+0000] {processor.py:161} INFO - Started process (PID=1891) to work on /home/airflow/.local/lib/python3.12/site-packages/airflow/example_dags/example_latest_only.py
[2026-05-07T20:32:51.444+0000] {processor.py:830} INFO - Processing file /home/airflow/.local/lib/python3.12/site-packages/airflow/example_dags/example_latest_only.py for tasks to queue
[2026-05-07T20:32:51.446+0000] {logging_mixin.py:188} INFO - [2026-05-07T20:32:51.445+0000] {dagbag.py:545} INFO - Filling up the DagBag from /home/airflow/.local/lib/python3.12/site-packages/airflow/example_dags/example_latest_only.py
[2026-05-07T20:32:51.451+0000] {processor.py:840} INFO - DAG(s) 'latest_only' retrieved from /home/airflow/.local/lib/python3.12/site-packages/airflow/example_dags/example_latest_only.py
[2026-05-07T20:32:51.469+0000] {logging_mixin.py:188} INFO - [2026-05-07T20:32:51.469+0000] {dag.py:3096} INFO - Sync 1 DAGs
[2026-05-07T20:32:51.492+0000] {logging_mixin.py:188} INFO - [2026-05-07T20:32:51.492+0000] {dag.py:3954} INFO - Setting next_dagrun for latest_only to 2026-05-07 16:00:00+00:00, run_after=2026-05-07 20:00:00+00:00
[2026-05-07T20:32:51.515+0000] {processor.py:183} INFO - Processing /home/airflow/.local/lib/python3.12/site-packages/airflow/example_dags/example_latest_only.py took 0.078 seconds
[2026-05-07T20:33:22.067+0000] {processor.py:161} INFO - Started process (PID=1949) to work on /home/airflow/.local/lib/python3.12/site-packages/airflow/example_dags/example_latest_only.py
[2026-05-07T20:33:22.068+0000] {processor.py:830} INFO - Processing file /home/airflow/.local/lib/python3.12/site-packages/airflow/example_dags/example_latest_only.py for tasks to queue
[2026-05-07T20:33:22.071+0000] {logging_mixin.py:188} INFO - [2026-05-07T20:33:22.071+0000] {dagbag.py:545} INFO - Filling up the DagBag from /home/airflow/.local/lib/python3.12/site-packages/airflow/example_dags/example_latest_only.py
[2026-05-07T20:33:22.077+0000] {processor.py:840} INFO - DAG(s) 'latest_only' retrieved from /home/airflow/.local/lib/python3.12/site-packages/airflow/example_dags/example_latest_only.py
[2026-05-07T20:33:22.102+0000] {logging_mixin.py:188} INFO - [2026-05-07T20:33:22.102+0000] {dag.py:3096} INFO - Sync 1 DAGs
[2026-05-07T20:33:22.127+0000] {logging_mixin.py:188} INFO - [2026-05-07T20:33:22.127+0000] {dag.py:3954} INFO - Setting next_dagrun for latest_only to 2026-05-07 16:00:00+00:00, run_after=2026-05-07 20:00:00+00:00
[2026-05-07T20:33:22.207+0000] {processor.py:183} INFO - Processing /home/airflow/.local/lib/python3.12/site-packages/airflow/example_dags/example_latest_only.py took 0.146 seconds
[2026-05-07T20:33:52.364+0000] {processor.py:161} INFO - Started process (PID=2007) to work on /home/airflow/.local/lib/python3.12/site-packages/airflow/example_dags/example_latest_only.py
[2026-05-07T20:33:52.366+0000] {processor.py:830} INFO - Processing file /home/airflow/.local/lib/python3.12/site-packages/airflow/example_dags/example_latest_only.py for tasks to queue
[2026-05-07T20:33:52.368+0000] {logging_mixin.py:188} INFO - [2026-05-07T20:33:52.368+0000] {dagbag.py:545} INFO - Filling up the DagBag from /home/airflow/.local/lib/python3.12/site-packages/airflow/example_dags/example_latest_only.py
[2026-05-07T20:33:52.374+0000] {processor.py:840} INFO - DAG(s) 'latest_only' retrieved from /home/airflow/.local/lib/python3.12/site-packages/airflow/example_dags/example_latest_only.py
[2026-05-07T20:33:52.396+0000] {logging_mixin.py:188} INFO - [2026-05-07T20:33:52.396+0000] {dag.py:3096} INFO - Sync 1 DAGs
[2026-05-07T20:33:52.417+0000] {logging_mixin.py:188} INFO - [2026-05-07T20:33:52.416+0000] {dag.py:3954} INFO - Setting next_dagrun for latest_only to 2026-05-07 16:00:00+00:00, run_after=2026-05-07 20:00:00+00:00
[2026-05-07T20:33:52.437+0000] {processor.py:183} INFO - Processing /home/airflow/.local/lib/python3.12/site-packages/airflow/example_dags/example_latest_only.py took 0.081 seconds
[2026-05-07T20:34:22.486+0000] {processor.py:161} INFO - Started process (PID=2065) to work on /home/airflow/.local/lib/python3.12/site-packages/airflow/example_dags/example_latest_only.py
[2026-05-07T20:34:22.488+0000] {processor.py:830} INFO - Processing file /home/airflow/.local/lib/python3.12/site-packages/airflow/example_dags/example_latest_only.py for tasks to queue
[2026-05-07T20:34:22.490+0000] {logging_mixin.py:188} INFO - [2026-05-07T20:34:22.490+0000] {dagbag.py:545} INFO - Filling up the DagBag from /home/airflow/.local/lib/python3.12/site-packages/airflow/example_dags/example_latest_only.py
[2026-05-07T20:34:22.496+0000] {processor.py:840} INFO - DAG(s) 'latest_only' retrieved from /home/airflow/.local/lib/python3.12/site-packages/airflow/example_dags/example_latest_only.py
[2026-05-07T20:34:22.518+0000] {logging_mixin.py:188} INFO - [2026-05-07T20:34:22.517+0000] {dag.py:3096} INFO - Sync 1 DAGs
[2026-05-07T20:34:22.541+0000] {logging_mixin.py:188} INFO - [2026-05-07T20:34:22.541+0000] {dag.py:3954} INFO - Setting next_dagrun for latest_only to 2026-05-07 16:00:00+00:00, run_after=2026-05-07 20:00:00+00:00
[2026-05-07T20:34:22.639+0000] {processor.py:183} INFO - Processing /home/airflow/.local/lib/python3.12/site-packages/airflow/example_dags/example_latest_only.py took 0.163 seconds
[2026-05-07T20:34:53.189+0000] {processor.py:161} INFO - Started process (PID=2124) to work on /home/airflow/.local/lib/python3.12/site-packages/airflow/example_dags/example_latest_only.py
[2026-05-07T20:34:53.190+0000] {processor.py:830} INFO - Processing file /home/airflow/.local/lib/python3.12/site-packages/airflow/example_dags/example_latest_only.py for tasks to queue
[2026-05-07T20:34:53.193+0000] {logging_mixin.py:188} INFO - [2026-05-07T20:34:53.193+0000] {dagbag.py:545} INFO - Filling up the DagBag from /home/airflow/.local/lib/python3.12/site-packages/airflow/example_dags/example_latest_only.py
[2026-05-07T20:34:53.198+0000] {processor.py:840} INFO - DAG(s) 'latest_only' retrieved from /home/airflow/.local/lib/python3.12/site-packages/airflow/example_dags/example_latest_only.py
[2026-05-07T20:34:53.221+0000] {logging_mixin.py:188} INFO - [2026-05-07T20:34:53.221+0000] {dag.py:3096} INFO - Sync 1 DAGs
[2026-05-07T20:34:53.245+0000] {logging_mixin.py:188} INFO - [2026-05-07T20:34:53.245+0000] {dag.py:3954} INFO - Setting next_dagrun for latest_only to 2026-05-07 16:00:00+00:00, run_after=2026-05-07 20:00:00+00:00
[2026-05-07T20:34:53.267+0000] {processor.py:183} INFO - Processing /home/airflow/.local/lib/python3.12/site-packages/airflow/example_dags/example_latest_only.py took 0.085 seconds
[2026-05-07T20:35:23.728+0000] {processor.py:161} INFO - Started process (PID=2182) to work on /home/airflow/.local/lib/python3.12/site-packages/airflow/example_dags/example_latest_only.py
[2026-05-07T20:35:23.730+0000] {processor.py:830} INFO - Processing file /home/airflow/.local/lib/python3.12/site-packages/airflow/example_dags/example_latest_only.py for tasks to queue
[2026-05-07T20:35:23.732+0000] {logging_mixin.py:188} INFO - [2026-05-07T20:35:23.732+0000] {dagbag.py:545} INFO - Filling up the DagBag from /home/airflow/.local/lib/python3.12/site-packages/airflow/example_dags/example_latest_only.py
[2026-05-07T20:35:23.741+0000] {processor.py:840} INFO - DAG(s) 'latest_only' retrieved from /home/airflow/.local/lib/python3.12/site-packages/airflow/example_dags/example_latest_only.py
[2026-05-07T20:35:23.767+0000] {logging_mixin.py:188} INFO - [2026-05-07T20:35:23.766+0000] {dag.py:3096} INFO - Sync 1 DAGs
[2026-05-07T20:35:23.788+0000] {logging_mixin.py:188} INFO - [2026-05-07T20:35:23.788+0000] {dag.py:3954} INFO - Setting next_dagrun for latest_only to 2026-05-07 16:00:00+00:00, run_after=2026-05-07 20:00:00+00:00
[2026-05-07T20:35:23.811+0000] {processor.py:183} INFO - Processing /home/airflow/.local/lib/python3.12/site-packages/airflow/example_dags/example_latest_only.py took 0.089 seconds
[2026-05-07T20:35:54.611+0000] {processor.py:161} INFO - Started process (PID=2240) to work on /home/airflow/.local/lib/python3.12/site-packages/airflow/example_dags/example_latest_only.py
[2026-05-07T20:35:54.612+0000] {processor.py:830} INFO - Processing file /home/airflow/.local/lib/python3.12/site-packages/airflow/example_dags/example_latest_only.py for tasks to queue
[2026-05-07T20:35:54.614+0000] {logging_mixin.py:188} INFO - [2026-05-07T20:35:54.614+0000] {dagbag.py:545} INFO - Filling up the DagBag from /home/airflow/.local/lib/python3.12/site-packages/airflow/example_dags/example_latest_only.py
[2026-05-07T20:35:54.619+0000] {processor.py:840} INFO - DAG(s) 'latest_only' retrieved from /home/airflow/.local/lib/python3.12/site-packages/airflow/example_dags/example_latest_only.py
[2026-05-07T20:35:54.643+0000] {logging_mixin.py:188} INFO - [2026-05-07T20:35:54.642+0000] {dag.py:3096} INFO - Sync 1 DAGs
[2026-05-07T20:35:54.666+0000] {logging_mixin.py:188} INFO - [2026-05-07T20:35:54.666+0000] {dag.py:3954} INFO - Setting next_dagrun for latest_only to 2026-05-07 16:00:00+00:00, run_after=2026-05-07 20:00:00+00:00
[2026-05-07T20:35:54.689+0000] {processor.py:183} INFO - Processing /home/airflow/.local/lib/python3.12/site-packages/airflow/example_dags/example_latest_only.py took 0.084 seconds
[2026-05-07T20:36:24.912+0000] {processor.py:161} INFO - Started process (PID=2299) to work on /home/airflow/.local/lib/python3.12/site-packages/airflow/example_dags/example_latest_only.py
[2026-05-07T20:36:24.914+0000] {processor.py:830} INFO - Processing file /home/airflow/.local/lib/python3.12/site-packages/airflow/example_dags/example_latest_only.py for tasks to queue
[2026-05-07T20:36:24.917+0000] {logging_mixin.py:188} INFO - [2026-05-07T20:36:24.916+0000] {dagbag.py:545} INFO - Filling up the DagBag from /home/airflow/.local/lib/python3.12/site-packages/airflow/example_dags/example_latest_only.py
[2026-05-07T20:36:24.922+0000] {processor.py:840} INFO - DAG(s) 'latest_only' retrieved from /home/airflow/.local/lib/python3.12/site-packages/airflow/example_dags/example_latest_only.py
[2026-05-07T20:36:24.940+0000] {logging_mixin.py:188} INFO - [2026-05-07T20:36:24.940+0000] {dag.py:3096} INFO - Sync 1 DAGs
[2026-05-07T20:36:24.960+0000] {logging_mixin.py:188} INFO - [2026-05-07T20:36:24.960+0000] {dag.py:3954} INFO - Setting next_dagrun for latest_only to 2026-05-07 16:00:00+00:00, run_after=2026-05-07 20:00:00+00:00
[2026-05-07T20:36:24.979+0000] {processor.py:183} INFO - Processing /home/airflow/.local/lib/python3.12/site-packages/airflow/example_dags/example_latest_only.py took 0.072 seconds
[2026-05-07T20:36:55.689+0000] {processor.py:161} INFO - Started process (PID=2357) to work on /home/airflow/.local/lib/python3.12/site-packages/airflow/example_dags/example_latest_only.py
[2026-05-07T20:36:55.690+0000] {processor.py:830} INFO - Processing file /home/airflow/.local/lib/python3.12/site-packages/airflow/example_dags/example_latest_only.py for tasks to queue
[2026-05-07T20:36:55.693+0000] {logging_mixin.py:188} INFO - [2026-05-07T20:36:55.692+0000] {dagbag.py:545} INFO - Filling up the DagBag from /home/airflow/.local/lib/python3.12/site-packages/airflow/example_dags/example_latest_only.py
[2026-05-07T20:36:55.698+0000] {processor.py:840} INFO - DAG(s) 'latest_only' retrieved from /home/airflow/.local/lib/python3.12/site-packages/airflow/example_dags/example_latest_only.py
[2026-05-07T20:36:55.717+0000] {logging_mixin.py:188} INFO - [2026-05-07T20:36:55.717+0000] {dag.py:3096} INFO - Sync 1 DAGs
[2026-05-07T20:36:55.743+0000] {logging_mixin.py:188} INFO - [2026-05-07T20:36:55.743+0000] {dag.py:3954} INFO - Setting next_dagrun for latest_only to 2026-05-07 16:00:00+00:00, run_after=2026-05-07 20:00:00+00:00
[2026-05-07T20:36:55.765+0000] {processor.py:183} INFO - Processing /home/airflow/.local/lib/python3.12/site-packages/airflow/example_dags/example_latest_only.py took 0.082 seconds
[2026-05-07T20:37:26.550+0000] {processor.py:161} INFO - Started process (PID=2415) to work on /home/airflow/.local/lib/python3.12/site-packages/airflow/example_dags/example_latest_only.py
[2026-05-07T20:37:26.552+0000] {processor.py:830} INFO - Processing file /home/airflow/.local/lib/python3.12/site-packages/airflow/example_dags/example_latest_only.py for tasks to queue
[2026-05-07T20:37:26.554+0000] {logging_mixin.py:188} INFO - [2026-05-07T20:37:26.554+0000] {dagbag.py:545} INFO - Filling up the DagBag from /home/airflow/.local/lib/python3.12/site-packages/airflow/example_dags/example_latest_only.py
[2026-05-07T20:37:26.559+0000] {processor.py:840} INFO - DAG(s) 'latest_only' retrieved from /home/airflow/.local/lib/python3.12/site-packages/airflow/example_dags/example_latest_only.py
[2026-05-07T20:37:26.580+0000] {logging_mixin.py:188} INFO - [2026-05-07T20:37:26.580+0000] {dag.py:3096} INFO - Sync 1 DAGs
[2026-05-07T20:37:26.602+0000] {logging_mixin.py:188} INFO - [2026-05-07T20:37:26.602+0000] {dag.py:3954} INFO - Setting next_dagrun for latest_only to 2026-05-07 16:00:00+00:00, run_after=2026-05-07 20:00:00+00:00
[2026-05-07T20:37:26.622+0000] {processor.py:183} INFO - Processing /home/airflow/.local/lib/python3.12/site-packages/airflow/example_dags/example_latest_only.py took 0.077 seconds
[2026-05-07T20:37:56.932+0000] {processor.py:161} INFO - Started process (PID=2473) to work on /home/airflow/.local/lib/python3.12/site-packages/airflow/example_dags/example_latest_only.py
[2026-05-07T20:37:56.934+0000] {processor.py:830} INFO - Processing file /home/airflow/.local/lib/python3.12/site-packages/airflow/example_dags/example_latest_only.py for tasks to queue
[2026-05-07T20:37:56.936+0000] {logging_mixin.py:188} INFO - [2026-05-07T20:37:56.936+0000] {dagbag.py:545} INFO - Filling up the DagBag from /home/airflow/.local/lib/python3.12/site-packages/airflow/example_dags/example_latest_only.py
[2026-05-07T20:37:56.941+0000] {processor.py:840} INFO - DAG(s) 'latest_only' retrieved from /home/airflow/.local/lib/python3.12/site-packages/airflow/example_dags/example_latest_only.py
[2026-05-07T20:37:56.963+0000] {logging_mixin.py:188} INFO - [2026-05-07T20:37:56.963+0000] {dag.py:3096} INFO - Sync 1 DAGs
[2026-05-07T20:37:56.987+0000] {logging_mixin.py:188} INFO - [2026-05-07T20:37:56.987+0000] {dag.py:3954} INFO - Setting next_dagrun for latest_only to 2026-05-07 16:00:00+00:00, run_after=2026-05-07 20:00:00+00:00
[2026-05-07T20:37:57.015+0000] {processor.py:183} INFO - Processing /home/airflow/.local/lib/python3.12/site-packages/airflow/example_dags/example_latest_only.py took 0.089 seconds
[2026-05-07T20:38:27.243+0000] {processor.py:161} INFO - Started process (PID=2531) to work on /home/airflow/.local/lib/python3.12/site-packages/airflow/example_dags/example_latest_only.py
[2026-05-07T20:38:27.244+0000] {processor.py:830} INFO - Processing file /home/airflow/.local/lib/python3.12/site-packages/airflow/example_dags/example_latest_only.py for tasks to queue
[2026-05-07T20:38:27.246+0000] {logging_mixin.py:188} INFO - [2026-05-07T20:38:27.246+0000] {dagbag.py:545} INFO - Filling up the DagBag from /home/airflow/.local/lib/python3.12/site-packages/airflow/example_dags/example_latest_only.py
[2026-05-07T20:38:27.250+0000] {processor.py:840} INFO - DAG(s) 'latest_only' retrieved from /home/airflow/.local/lib/python3.12/site-packages/airflow/example_dags/example_latest_only.py
[2026-05-07T20:38:27.268+0000] {logging_mixin.py:188} INFO - [2026-05-07T20:38:27.268+0000] {dag.py:3096} INFO - Sync 1 DAGs
[2026-05-07T20:38:27.287+0000] {logging_mixin.py:188} INFO - [2026-05-07T20:38:27.287+0000] {dag.py:3954} INFO - Setting next_dagrun for latest_only to 2026-05-07 16:00:00+00:00, run_after=2026-05-07 20:00:00+00:00
[2026-05-07T20:38:27.386+0000] {processor.py:183} INFO - Processing /home/airflow/.local/lib/python3.12/site-packages/airflow/example_dags/example_latest_only.py took 0.151 seconds
[2026-05-07T20:38:57.571+0000] {processor.py:161} INFO - Started process (PID=2589) to work on /home/airflow/.local/lib/python3.12/site-packages/airflow/example_dags/example_latest_only.py
[2026-05-07T20:38:57.573+0000] {processor.py:830} INFO - Processing file /home/airflow/.local/lib/python3.12/site-packages/airflow/example_dags/example_latest_only.py for tasks to queue
[2026-05-07T20:38:57.577+0000] {logging_mixin.py:188} INFO - [2026-05-07T20:38:57.576+0000] {dagbag.py:545} INFO - Filling up the DagBag from /home/airflow/.local/lib/python3.12/site-packages/airflow/example_dags/example_latest_only.py
[2026-05-07T20:38:57.586+0000] {processor.py:840} INFO - DAG(s) 'latest_only' retrieved from /home/airflow/.local/lib/python3.12/site-packages/airflow/example_dags/example_latest_only.py
[2026-05-07T20:38:57.613+0000] {logging_mixin.py:188} INFO - [2026-05-07T20:38:57.613+0000] {dag.py:3096} INFO - Sync 1 DAGs
[2026-05-07T20:38:57.639+0000] {logging_mixin.py:188} INFO - [2026-05-07T20:38:57.639+0000] {dag.py:3954} INFO - Setting next_dagrun for latest_only to 2026-05-07 16:00:00+00:00, run_after=2026-05-07 20:00:00+00:00
[2026-05-07T20:38:57.729+0000] {processor.py:183} INFO - Processing /home/airflow/.local/lib/python3.12/site-packages/airflow/example_dags/example_latest_only.py took 0.168 seconds
[2026-05-07T20:39:27.992+0000] {processor.py:161} INFO - Started process (PID=2647) to work on /home/airflow/.local/lib/python3.12/site-packages/airflow/example_dags/example_latest_only.py
[2026-05-07T20:39:27.994+0000] {processor.py:830} INFO - Processing file /home/airflow/.local/lib/python3.12/site-packages/airflow/example_dags/example_latest_only.py for tasks to queue
[2026-05-07T20:39:27.998+0000] {logging_mixin.py:188} INFO - [2026-05-07T20:39:27.998+0000] {dagbag.py:545} INFO - Filling up the DagBag from /home/airflow/.local/lib/python3.12/site-packages/airflow/example_dags/example_latest_only.py
[2026-05-07T20:39:28.007+0000] {processor.py:840} INFO - DAG(s) 'latest_only' retrieved from /home/airflow/.local/lib/python3.12/site-packages/airflow/example_dags/example_latest_only.py
[2026-05-07T20:39:28.035+0000] {logging_mixin.py:188} INFO - [2026-05-07T20:39:28.034+0000] {dag.py:3096} INFO - Sync 1 DAGs
[2026-05-07T20:39:28.065+0000] {logging_mixin.py:188} INFO - [2026-05-07T20:39:28.065+0000] {dag.py:3954} INFO - Setting next_dagrun for latest_only to 2026-05-07 16:00:00+00:00, run_after=2026-05-07 20:00:00+00:00
[2026-05-07T20:39:28.106+0000] {processor.py:183} INFO - Processing /home/airflow/.local/lib/python3.12/site-packages/airflow/example_dags/example_latest_only.py took 0.122 seconds
[2026-05-07T20:39:58.271+0000] {processor.py:161} INFO - Started process (PID=2705) to work on /home/airflow/.local/lib/python3.12/site-packages/airflow/example_dags/example_latest_only.py
[2026-05-07T20:39:58.272+0000] {processor.py:830} INFO - Processing file /home/airflow/.local/lib/python3.12/site-packages/airflow/example_dags/example_latest_only.py for tasks to queue
[2026-05-07T20:39:58.275+0000] {logging_mixin.py:188} INFO - [2026-05-07T20:39:58.275+0000] {dagbag.py:545} INFO - Filling up the DagBag from /home/airflow/.local/lib/python3.12/site-packages/airflow/example_dags/example_latest_only.py
[2026-05-07T20:39:58.279+0000] {processor.py:840} INFO - DAG(s) 'latest_only' retrieved from /home/airflow/.local/lib/python3.12/site-packages/airflow/example_dags/example_latest_only.py
[2026-05-07T20:39:58.302+0000] {logging_mixin.py:188} INFO - [2026-05-07T20:39:58.302+0000] {dag.py:3096} INFO - Sync 1 DAGs
[2026-05-07T20:39:58.328+0000] {logging_mixin.py:188} INFO - [2026-05-07T20:39:58.328+0000] {dag.py:3954} INFO - Setting next_dagrun for latest_only to 2026-05-07 16:00:00+00:00, run_after=2026-05-07 20:00:00+00:00
[2026-05-07T20:39:58.362+0000] {processor.py:183} INFO - Processing /home/airflow/.local/lib/python3.12/site-packages/airflow/example_dags/example_latest_only.py took 0.097 seconds
[2026-05-07T20:40:28.834+0000] {processor.py:161} INFO - Started process (PID=2763) to work on /home/airflow/.local/lib/python3.12/site-packages/airflow/example_dags/example_latest_only.py
[2026-05-07T20:40:28.836+0000] {processor.py:830} INFO - Processing file /home/airflow/.local/lib/python3.12/site-packages/airflow/example_dags/example_latest_only.py for tasks to queue
[2026-05-07T20:40:28.838+0000] {logging_mixin.py:188} INFO - [2026-05-07T20:40:28.838+0000] {dagbag.py:545} INFO - Filling up the DagBag from /home/airflow/.local/lib/python3.12/site-packages/airflow/example_dags/example_latest_only.py
[2026-05-07T20:40:28.843+0000] {processor.py:840} INFO - DAG(s) 'latest_only' retrieved from /home/airflow/.local/lib/python3.12/site-packages/airflow/example_dags/example_latest_only.py
[2026-05-07T20:40:28.862+0000] {logging_mixin.py:188} INFO - [2026-05-07T20:40:28.862+0000] {dag.py:3096} INFO - Sync 1 DAGs
[2026-05-07T20:40:28.881+0000] {logging_mixin.py:188} INFO - [2026-05-07T20:40:28.881+0000] {dag.py:3954} INFO - Setting next_dagrun for latest_only to 2026-05-07 16:00:00+00:00, run_after=2026-05-07 20:00:00+00:00
[2026-05-07T20:40:28.898+0000] {processor.py:183} INFO - Processing /home/airflow/.local/lib/python3.12/site-packages/airflow/example_dags/example_latest_only.py took 0.070 seconds
[2026-05-07T20:40:59.374+0000] {processor.py:161} INFO - Started process (PID=2821) to work on /home/airflow/.local/lib/python3.12/site-packages/airflow/example_dags/example_latest_only.py
[2026-05-07T20:40:59.375+0000] {processor.py:830} INFO - Processing file /home/airflow/.local/lib/python3.12/site-packages/airflow/example_dags/example_latest_only.py for tasks to queue
[2026-05-07T20:40:59.378+0000] {logging_mixin.py:188} INFO - [2026-05-07T20:40:59.377+0000] {dagbag.py:545} INFO - Filling up the DagBag from /home/airflow/.local/lib/python3.12/site-packages/airflow/example_dags/example_latest_only.py
[2026-05-07T20:40:59.382+0000] {processor.py:840} INFO - DAG(s) 'latest_only' retrieved from /home/airflow/.local/lib/python3.12/site-packages/airflow/example_dags/example_latest_only.py
[2026-05-07T20:40:59.402+0000] {logging_mixin.py:188} INFO - [2026-05-07T20:40:59.402+0000] {dag.py:3096} INFO - Sync 1 DAGs
[2026-05-07T20:40:59.420+0000] {logging_mixin.py:188} INFO - [2026-05-07T20:40:59.420+0000] {dag.py:3954} INFO - Setting next_dagrun for latest_only to 2026-05-07 16:00:00+00:00, run_after=2026-05-07 20:00:00+00:00
[2026-05-07T20:40:59.440+0000] {processor.py:183} INFO - Processing /home/airflow/.local/lib/python3.12/site-packages/airflow/example_dags/example_latest_only.py took 0.071 seconds
[2026-05-07T20:41:29.986+0000] {processor.py:161} INFO - Started process (PID=2879) to work on /home/airflow/.local/lib/python3.12/site-packages/airflow/example_dags/example_latest_only.py
[2026-05-07T20:41:29.987+0000] {processor.py:830} INFO - Processing file /home/airflow/.local/lib/python3.12/site-packages/airflow/example_dags/example_latest_only.py for tasks to queue
[2026-05-07T20:41:29.990+0000] {logging_mixin.py:188} INFO - [2026-05-07T20:41:29.989+0000] {dagbag.py:545} INFO - Filling up the DagBag from /home/airflow/.local/lib/python3.12/site-packages/airflow/example_dags/example_latest_only.py
[2026-05-07T20:41:29.998+0000] {processor.py:840} INFO - DAG(s) 'latest_only' retrieved from /home/airflow/.local/lib/python3.12/site-packages/airflow/example_dags/example_latest_only.py
[2026-05-07T20:41:30.023+0000] {logging_mixin.py:188} INFO - [2026-05-07T20:41:30.023+0000] {dag.py:3096} INFO - Sync 1 DAGs
[2026-05-07T20:41:30.063+0000] {logging_mixin.py:188} INFO - [2026-05-07T20:41:30.063+0000] {dag.py:3954} INFO - Setting next_dagrun for latest_only to 2026-05-07 16:00:00+00:00, run_after=2026-05-07 20:00:00+00:00
[2026-05-07T20:41:30.103+0000] {processor.py:183} INFO - Processing /home/airflow/.local/lib/python3.12/site-packages/airflow/example_dags/example_latest_only.py took 0.122 seconds
[2026-05-07T20:42:00.537+0000] {processor.py:161} INFO - Started process (PID=2937) to work on /home/airflow/.local/lib/python3.12/site-packages/airflow/example_dags/example_latest_only.py
[2026-05-07T20:42:00.538+0000] {processor.py:830} INFO - Processing file /home/airflow/.local/lib/python3.12/site-packages/airflow/example_dags/example_latest_only.py for tasks to queue
[2026-05-07T20:42:00.540+0000] {logging_mixin.py:188} INFO - [2026-05-07T20:42:00.540+0000] {dagbag.py:545} INFO - Filling up the DagBag from /home/airflow/.local/lib/python3.12/site-packages/airflow/example_dags/example_latest_only.py
[2026-05-07T20:42:00.545+0000] {processor.py:840} INFO - DAG(s) 'latest_only' retrieved from /home/airflow/.local/lib/python3.12/site-packages/airflow/example_dags/example_latest_only.py
[2026-05-07T20:42:00.562+0000] {logging_mixin.py:188} INFO - [2026-05-07T20:42:00.562+0000] {dag.py:3096} INFO - Sync 1 DAGs
[2026-05-07T20:42:00.580+0000] {logging_mixin.py:188} INFO - [2026-05-07T20:42:00.579+0000] {dag.py:3954} INFO - Setting next_dagrun for latest_only to 2026-05-07 16:00:00+00:00, run_after=2026-05-07 20:00:00+00:00
[2026-05-07T20:42:00.598+0000] {processor.py:183} INFO - Processing /home/airflow/.local/lib/python3.12/site-packages/airflow/example_dags/example_latest_only.py took 0.067 seconds
[2026-05-07T20:42:30.879+0000] {processor.py:161} INFO - Started process (PID=2995) to work on /home/airflow/.local/lib/python3.12/site-packages/airflow/example_dags/example_latest_only.py
[2026-05-07T20:42:30.880+0000] {processor.py:830} INFO - Processing file /home/airflow/.local/lib/python3.12/site-packages/airflow/example_dags/example_latest_only.py for tasks to queue
[2026-05-07T20:42:30.883+0000] {logging_mixin.py:188} INFO - [2026-05-07T20:42:30.882+0000] {dagbag.py:545} INFO - Filling up the DagBag from /home/airflow/.local/lib/python3.12/site-packages/airflow/example_dags/example_latest_only.py
[2026-05-07T20:42:30.888+0000] {processor.py:840} INFO - DAG(s) 'latest_only' retrieved from /home/airflow/.local/lib/python3.12/site-packages/airflow/example_dags/example_latest_only.py
[2026-05-07T20:42:30.911+0000] {logging_mixin.py:188} INFO - [2026-05-07T20:42:30.911+0000] {dag.py:3096} INFO - Sync 1 DAGs
[2026-05-07T20:42:30.932+0000] {logging_mixin.py:188} INFO - [2026-05-07T20:42:30.932+0000] {dag.py:3954} INFO - Setting next_dagrun for latest_only to 2026-05-07 16:00:00+00:00, run_after=2026-05-07 20:00:00+00:00
[2026-05-07T20:42:30.952+0000] {processor.py:183} INFO - Processing /home/airflow/.local/lib/python3.12/site-packages/airflow/example_dags/example_latest_only.py took 0.079 seconds
