[2026-05-07T20:16:58.523+0000] {processor.py:161} INFO - Started process (PID=78) to work on /home/airflow/.local/lib/python3.12/site-packages/airflow/example_dags/example_task_group_decorator.py
[2026-05-07T20:16:58.525+0000] {processor.py:830} INFO - Processing file /home/airflow/.local/lib/python3.12/site-packages/airflow/example_dags/example_task_group_decorator.py for tasks to queue
[2026-05-07T20:16:58.530+0000] {logging_mixin.py:188} INFO - [2026-05-07T20:16:58.529+0000] {dagbag.py:545} INFO - Filling up the DagBag from /home/airflow/.local/lib/python3.12/site-packages/airflow/example_dags/example_task_group_decorator.py
[2026-05-07T20:16:58.574+0000] {processor.py:840} INFO - DAG(s) 'example_task_group_decorator' retrieved from /home/airflow/.local/lib/python3.12/site-packages/airflow/example_dags/example_task_group_decorator.py
[2026-05-07T20:16:58.838+0000] {logging_mixin.py:188} INFO - [2026-05-07T20:16:58.837+0000] {dag.py:3096} INFO - Sync 1 DAGs
[2026-05-07T20:16:58.920+0000] {logging_mixin.py:188} INFO - [2026-05-07T20:16:58.919+0000] {dag.py:3954} INFO - Setting next_dagrun for example_task_group_decorator to 2026-05-06 00:00:00+00:00, run_after=2026-05-07 00:00:00+00:00
[2026-05-07T20:16:59.046+0000] {processor.py:183} INFO - Processing /home/airflow/.local/lib/python3.12/site-packages/airflow/example_dags/example_task_group_decorator.py took 0.538 seconds
[2026-05-07T20:17:29.817+0000] {processor.py:161} INFO - Started process (PID=136) to work on /home/airflow/.local/lib/python3.12/site-packages/airflow/example_dags/example_task_group_decorator.py
[2026-05-07T20:17:29.818+0000] {processor.py:830} INFO - Processing file /home/airflow/.local/lib/python3.12/site-packages/airflow/example_dags/example_task_group_decorator.py for tasks to queue
[2026-05-07T20:17:29.820+0000] {logging_mixin.py:188} INFO - [2026-05-07T20:17:29.820+0000] {dagbag.py:545} INFO - Filling up the DagBag from /home/airflow/.local/lib/python3.12/site-packages/airflow/example_dags/example_task_group_decorator.py
[2026-05-07T20:17:29.835+0000] {processor.py:840} INFO - DAG(s) 'example_task_group_decorator' retrieved from /home/airflow/.local/lib/python3.12/site-packages/airflow/example_dags/example_task_group_decorator.py
[2026-05-07T20:17:29.860+0000] {logging_mixin.py:188} INFO - [2026-05-07T20:17:29.860+0000] {dag.py:3096} INFO - Sync 1 DAGs
[2026-05-07T20:17:29.885+0000] {logging_mixin.py:188} INFO - [2026-05-07T20:17:29.884+0000] {dag.py:3954} INFO - Setting next_dagrun for example_task_group_decorator to 2026-05-06 00:00:00+00:00, run_after=2026-05-07 00:00:00+00:00
[2026-05-07T20:17:29.921+0000] {processor.py:183} INFO - Processing /home/airflow/.local/lib/python3.12/site-packages/airflow/example_dags/example_task_group_decorator.py took 0.109 seconds
[2026-05-07T20:18:00.290+0000] {processor.py:161} INFO - Started process (PID=194) to work on /home/airflow/.local/lib/python3.12/site-packages/airflow/example_dags/example_task_group_decorator.py
[2026-05-07T20:18:00.292+0000] {processor.py:830} INFO - Processing file /home/airflow/.local/lib/python3.12/site-packages/airflow/example_dags/example_task_group_decorator.py for tasks to queue
[2026-05-07T20:18:00.295+0000] {logging_mixin.py:188} INFO - [2026-05-07T20:18:00.295+0000] {dagbag.py:545} INFO - Filling up the DagBag from /home/airflow/.local/lib/python3.12/site-packages/airflow/example_dags/example_task_group_decorator.py
[2026-05-07T20:18:00.321+0000] {processor.py:840} INFO - DAG(s) 'example_task_group_decorator' retrieved from /home/airflow/.local/lib/python3.12/site-packages/airflow/example_dags/example_task_group_decorator.py
[2026-05-07T20:18:00.370+0000] {logging_mixin.py:188} INFO - [2026-05-07T20:18:00.370+0000] {dag.py:3096} INFO - Sync 1 DAGs
[2026-05-07T20:18:00.419+0000] {logging_mixin.py:188} INFO - [2026-05-07T20:18:00.418+0000] {dag.py:3954} INFO - Setting next_dagrun for example_task_group_decorator to 2026-05-06 00:00:00+00:00, run_after=2026-05-07 00:00:00+00:00
[2026-05-07T20:18:00.490+0000] {processor.py:183} INFO - Processing /home/airflow/.local/lib/python3.12/site-packages/airflow/example_dags/example_task_group_decorator.py took 0.208 seconds
[2026-05-07T20:18:30.943+0000] {processor.py:161} INFO - Started process (PID=252) to work on /home/airflow/.local/lib/python3.12/site-packages/airflow/example_dags/example_task_group_decorator.py
[2026-05-07T20:18:30.944+0000] {processor.py:830} INFO - Processing file /home/airflow/.local/lib/python3.12/site-packages/airflow/example_dags/example_task_group_decorator.py for tasks to queue
[2026-05-07T20:18:30.947+0000] {logging_mixin.py:188} INFO - [2026-05-07T20:18:30.946+0000] {dagbag.py:545} INFO - Filling up the DagBag from /home/airflow/.local/lib/python3.12/site-packages/airflow/example_dags/example_task_group_decorator.py
[2026-05-07T20:18:30.962+0000] {processor.py:840} INFO - DAG(s) 'example_task_group_decorator' retrieved from /home/airflow/.local/lib/python3.12/site-packages/airflow/example_dags/example_task_group_decorator.py
[2026-05-07T20:18:30.991+0000] {logging_mixin.py:188} INFO - [2026-05-07T20:18:30.991+0000] {dag.py:3096} INFO - Sync 1 DAGs
[2026-05-07T20:18:31.021+0000] {logging_mixin.py:188} INFO - [2026-05-07T20:18:31.021+0000] {dag.py:3954} INFO - Setting next_dagrun for example_task_group_decorator to 2026-05-06 00:00:00+00:00, run_after=2026-05-07 00:00:00+00:00
[2026-05-07T20:18:31.056+0000] {processor.py:183} INFO - Processing /home/airflow/.local/lib/python3.12/site-packages/airflow/example_dags/example_task_group_decorator.py took 0.120 seconds
[2026-05-07T20:19:01.167+0000] {processor.py:161} INFO - Started process (PID=310) to work on /home/airflow/.local/lib/python3.12/site-packages/airflow/example_dags/example_task_group_decorator.py
[2026-05-07T20:19:01.168+0000] {processor.py:830} INFO - Processing file /home/airflow/.local/lib/python3.12/site-packages/airflow/example_dags/example_task_group_decorator.py for tasks to queue
[2026-05-07T20:19:01.171+0000] {logging_mixin.py:188} INFO - [2026-05-07T20:19:01.170+0000] {dagbag.py:545} INFO - Filling up the DagBag from /home/airflow/.local/lib/python3.12/site-packages/airflow/example_dags/example_task_group_decorator.py
[2026-05-07T20:19:01.183+0000] {processor.py:840} INFO - DAG(s) 'example_task_group_decorator' retrieved from /home/airflow/.local/lib/python3.12/site-packages/airflow/example_dags/example_task_group_decorator.py
[2026-05-07T20:19:01.207+0000] {logging_mixin.py:188} INFO - [2026-05-07T20:19:01.207+0000] {dag.py:3096} INFO - Sync 1 DAGs
[2026-05-07T20:19:01.235+0000] {logging_mixin.py:188} INFO - [2026-05-07T20:19:01.235+0000] {dag.py:3954} INFO - Setting next_dagrun for example_task_group_decorator to 2026-05-06 00:00:00+00:00, run_after=2026-05-07 00:00:00+00:00
[2026-05-07T20:19:01.344+0000] {processor.py:183} INFO - Processing /home/airflow/.local/lib/python3.12/site-packages/airflow/example_dags/example_task_group_decorator.py took 0.182 seconds
[2026-05-07T20:19:31.855+0000] {processor.py:161} INFO - Started process (PID=368) to work on /home/airflow/.local/lib/python3.12/site-packages/airflow/example_dags/example_task_group_decorator.py
[2026-05-07T20:19:31.858+0000] {processor.py:830} INFO - Processing file /home/airflow/.local/lib/python3.12/site-packages/airflow/example_dags/example_task_group_decorator.py for tasks to queue
[2026-05-07T20:19:31.860+0000] {logging_mixin.py:188} INFO - [2026-05-07T20:19:31.860+0000] {dagbag.py:545} INFO - Filling up the DagBag from /home/airflow/.local/lib/python3.12/site-packages/airflow/example_dags/example_task_group_decorator.py
[2026-05-07T20:19:31.875+0000] {processor.py:840} INFO - DAG(s) 'example_task_group_decorator' retrieved from /home/airflow/.local/lib/python3.12/site-packages/airflow/example_dags/example_task_group_decorator.py
[2026-05-07T20:19:31.902+0000] {logging_mixin.py:188} INFO - [2026-05-07T20:19:31.902+0000] {dag.py:3096} INFO - Sync 1 DAGs
[2026-05-07T20:19:31.924+0000] {logging_mixin.py:188} INFO - [2026-05-07T20:19:31.924+0000] {dag.py:3954} INFO - Setting next_dagrun for example_task_group_decorator to 2026-05-06 00:00:00+00:00, run_after=2026-05-07 00:00:00+00:00
[2026-05-07T20:19:31.952+0000] {processor.py:183} INFO - Processing /home/airflow/.local/lib/python3.12/site-packages/airflow/example_dags/example_task_group_decorator.py took 0.103 seconds
[2026-05-07T20:20:02.194+0000] {processor.py:161} INFO - Started process (PID=426) to work on /home/airflow/.local/lib/python3.12/site-packages/airflow/example_dags/example_task_group_decorator.py
[2026-05-07T20:20:02.195+0000] {processor.py:830} INFO - Processing file /home/airflow/.local/lib/python3.12/site-packages/airflow/example_dags/example_task_group_decorator.py for tasks to queue
[2026-05-07T20:20:02.198+0000] {logging_mixin.py:188} INFO - [2026-05-07T20:20:02.197+0000] {dagbag.py:545} INFO - Filling up the DagBag from /home/airflow/.local/lib/python3.12/site-packages/airflow/example_dags/example_task_group_decorator.py
[2026-05-07T20:20:02.218+0000] {processor.py:840} INFO - DAG(s) 'example_task_group_decorator' retrieved from /home/airflow/.local/lib/python3.12/site-packages/airflow/example_dags/example_task_group_decorator.py
[2026-05-07T20:20:02.258+0000] {logging_mixin.py:188} INFO - [2026-05-07T20:20:02.258+0000] {dag.py:3096} INFO - Sync 1 DAGs
[2026-05-07T20:20:02.299+0000] {logging_mixin.py:188} INFO - [2026-05-07T20:20:02.299+0000] {dag.py:3954} INFO - Setting next_dagrun for example_task_group_decorator to 2026-05-06 00:00:00+00:00, run_after=2026-05-07 00:00:00+00:00
[2026-05-07T20:20:02.335+0000] {processor.py:183} INFO - Processing /home/airflow/.local/lib/python3.12/site-packages/airflow/example_dags/example_task_group_decorator.py took 0.146 seconds
[2026-05-07T20:20:32.529+0000] {processor.py:161} INFO - Started process (PID=484) to work on /home/airflow/.local/lib/python3.12/site-packages/airflow/example_dags/example_task_group_decorator.py
[2026-05-07T20:20:32.531+0000] {processor.py:830} INFO - Processing file /home/airflow/.local/lib/python3.12/site-packages/airflow/example_dags/example_task_group_decorator.py for tasks to queue
[2026-05-07T20:20:32.534+0000] {logging_mixin.py:188} INFO - [2026-05-07T20:20:32.533+0000] {dagbag.py:545} INFO - Filling up the DagBag from /home/airflow/.local/lib/python3.12/site-packages/airflow/example_dags/example_task_group_decorator.py
[2026-05-07T20:20:32.547+0000] {processor.py:840} INFO - DAG(s) 'example_task_group_decorator' retrieved from /home/airflow/.local/lib/python3.12/site-packages/airflow/example_dags/example_task_group_decorator.py
[2026-05-07T20:20:32.572+0000] {logging_mixin.py:188} INFO - [2026-05-07T20:20:32.572+0000] {dag.py:3096} INFO - Sync 1 DAGs
[2026-05-07T20:20:32.593+0000] {logging_mixin.py:188} INFO - [2026-05-07T20:20:32.593+0000] {dag.py:3954} INFO - Setting next_dagrun for example_task_group_decorator to 2026-05-06 00:00:00+00:00, run_after=2026-05-07 00:00:00+00:00
[2026-05-07T20:20:32.672+0000] {processor.py:183} INFO - Processing /home/airflow/.local/lib/python3.12/site-packages/airflow/example_dags/example_task_group_decorator.py took 0.147 seconds
[2026-05-07T20:21:02.842+0000] {processor.py:161} INFO - Started process (PID=542) to work on /home/airflow/.local/lib/python3.12/site-packages/airflow/example_dags/example_task_group_decorator.py
[2026-05-07T20:21:02.844+0000] {processor.py:830} INFO - Processing file /home/airflow/.local/lib/python3.12/site-packages/airflow/example_dags/example_task_group_decorator.py for tasks to queue
[2026-05-07T20:21:02.846+0000] {logging_mixin.py:188} INFO - [2026-05-07T20:21:02.846+0000] {dagbag.py:545} INFO - Filling up the DagBag from /home/airflow/.local/lib/python3.12/site-packages/airflow/example_dags/example_task_group_decorator.py
[2026-05-07T20:21:02.935+0000] {processor.py:840} INFO - DAG(s) 'example_task_group_decorator' retrieved from /home/airflow/.local/lib/python3.12/site-packages/airflow/example_dags/example_task_group_decorator.py
[2026-05-07T20:21:02.962+0000] {logging_mixin.py:188} INFO - [2026-05-07T20:21:02.962+0000] {dag.py:3096} INFO - Sync 1 DAGs
[2026-05-07T20:21:02.984+0000] {logging_mixin.py:188} INFO - [2026-05-07T20:21:02.984+0000] {dag.py:3954} INFO - Setting next_dagrun for example_task_group_decorator to 2026-05-06 00:00:00+00:00, run_after=2026-05-07 00:00:00+00:00
[2026-05-07T20:21:03.008+0000] {processor.py:183} INFO - Processing /home/airflow/.local/lib/python3.12/site-packages/airflow/example_dags/example_task_group_decorator.py took 0.172 seconds
[2026-05-07T20:21:33.286+0000] {processor.py:161} INFO - Started process (PID=600) to work on /home/airflow/.local/lib/python3.12/site-packages/airflow/example_dags/example_task_group_decorator.py
[2026-05-07T20:21:33.287+0000] {processor.py:830} INFO - Processing file /home/airflow/.local/lib/python3.12/site-packages/airflow/example_dags/example_task_group_decorator.py for tasks to queue
[2026-05-07T20:21:33.290+0000] {logging_mixin.py:188} INFO - [2026-05-07T20:21:33.289+0000] {dagbag.py:545} INFO - Filling up the DagBag from /home/airflow/.local/lib/python3.12/site-packages/airflow/example_dags/example_task_group_decorator.py
[2026-05-07T20:21:33.303+0000] {processor.py:840} INFO - DAG(s) 'example_task_group_decorator' retrieved from /home/airflow/.local/lib/python3.12/site-packages/airflow/example_dags/example_task_group_decorator.py
[2026-05-07T20:21:33.330+0000] {logging_mixin.py:188} INFO - [2026-05-07T20:21:33.330+0000] {dag.py:3096} INFO - Sync 1 DAGs
[2026-05-07T20:21:33.359+0000] {logging_mixin.py:188} INFO - [2026-05-07T20:21:33.359+0000] {dag.py:3954} INFO - Setting next_dagrun for example_task_group_decorator to 2026-05-06 00:00:00+00:00, run_after=2026-05-07 00:00:00+00:00
[2026-05-07T20:21:33.392+0000] {processor.py:183} INFO - Processing /home/airflow/.local/lib/python3.12/site-packages/airflow/example_dags/example_task_group_decorator.py took 0.111 seconds
[2026-05-07T20:22:03.624+0000] {processor.py:161} INFO - Started process (PID=658) to work on /home/airflow/.local/lib/python3.12/site-packages/airflow/example_dags/example_task_group_decorator.py
[2026-05-07T20:22:03.625+0000] {processor.py:830} INFO - Processing file /home/airflow/.local/lib/python3.12/site-packages/airflow/example_dags/example_task_group_decorator.py for tasks to queue
[2026-05-07T20:22:03.628+0000] {logging_mixin.py:188} INFO - [2026-05-07T20:22:03.627+0000] {dagbag.py:545} INFO - Filling up the DagBag from /home/airflow/.local/lib/python3.12/site-packages/airflow/example_dags/example_task_group_decorator.py
[2026-05-07T20:22:03.641+0000] {processor.py:840} INFO - DAG(s) 'example_task_group_decorator' retrieved from /home/airflow/.local/lib/python3.12/site-packages/airflow/example_dags/example_task_group_decorator.py
[2026-05-07T20:22:03.670+0000] {logging_mixin.py:188} INFO - [2026-05-07T20:22:03.670+0000] {dag.py:3096} INFO - Sync 1 DAGs
[2026-05-07T20:22:03.691+0000] {logging_mixin.py:188} INFO - [2026-05-07T20:22:03.690+0000] {dag.py:3954} INFO - Setting next_dagrun for example_task_group_decorator to 2026-05-06 00:00:00+00:00, run_after=2026-05-07 00:00:00+00:00
[2026-05-07T20:22:03.712+0000] {processor.py:183} INFO - Processing /home/airflow/.local/lib/python3.12/site-packages/airflow/example_dags/example_task_group_decorator.py took 0.094 seconds
[2026-05-07T20:22:33.784+0000] {processor.py:161} INFO - Started process (PID=717) to work on /home/airflow/.local/lib/python3.12/site-packages/airflow/example_dags/example_task_group_decorator.py
[2026-05-07T20:22:33.786+0000] {processor.py:830} INFO - Processing file /home/airflow/.local/lib/python3.12/site-packages/airflow/example_dags/example_task_group_decorator.py for tasks to queue
[2026-05-07T20:22:33.790+0000] {logging_mixin.py:188} INFO - [2026-05-07T20:22:33.789+0000] {dagbag.py:545} INFO - Filling up the DagBag from /home/airflow/.local/lib/python3.12/site-packages/airflow/example_dags/example_task_group_decorator.py
[2026-05-07T20:22:33.804+0000] {processor.py:840} INFO - DAG(s) 'example_task_group_decorator' retrieved from /home/airflow/.local/lib/python3.12/site-packages/airflow/example_dags/example_task_group_decorator.py
[2026-05-07T20:22:33.835+0000] {logging_mixin.py:188} INFO - [2026-05-07T20:22:33.834+0000] {dag.py:3096} INFO - Sync 1 DAGs
[2026-05-07T20:22:33.861+0000] {logging_mixin.py:188} INFO - [2026-05-07T20:22:33.861+0000] {dag.py:3954} INFO - Setting next_dagrun for example_task_group_decorator to 2026-05-06 00:00:00+00:00, run_after=2026-05-07 00:00:00+00:00
[2026-05-07T20:22:33.895+0000] {processor.py:183} INFO - Processing /home/airflow/.local/lib/python3.12/site-packages/airflow/example_dags/example_task_group_decorator.py took 0.117 seconds
[2026-05-07T20:23:04.485+0000] {processor.py:161} INFO - Started process (PID=775) to work on /home/airflow/.local/lib/python3.12/site-packages/airflow/example_dags/example_task_group_decorator.py
[2026-05-07T20:23:04.487+0000] {processor.py:830} INFO - Processing file /home/airflow/.local/lib/python3.12/site-packages/airflow/example_dags/example_task_group_decorator.py for tasks to queue
[2026-05-07T20:23:04.489+0000] {logging_mixin.py:188} INFO - [2026-05-07T20:23:04.489+0000] {dagbag.py:545} INFO - Filling up the DagBag from /home/airflow/.local/lib/python3.12/site-packages/airflow/example_dags/example_task_group_decorator.py
[2026-05-07T20:23:04.506+0000] {processor.py:840} INFO - DAG(s) 'example_task_group_decorator' retrieved from /home/airflow/.local/lib/python3.12/site-packages/airflow/example_dags/example_task_group_decorator.py
[2026-05-07T20:23:04.534+0000] {logging_mixin.py:188} INFO - [2026-05-07T20:23:04.534+0000] {dag.py:3096} INFO - Sync 1 DAGs
[2026-05-07T20:23:04.554+0000] {logging_mixin.py:188} INFO - [2026-05-07T20:23:04.554+0000] {dag.py:3954} INFO - Setting next_dagrun for example_task_group_decorator to 2026-05-06 00:00:00+00:00, run_after=2026-05-07 00:00:00+00:00
[2026-05-07T20:23:04.578+0000] {processor.py:183} INFO - Processing /home/airflow/.local/lib/python3.12/site-packages/airflow/example_dags/example_task_group_decorator.py took 0.099 seconds
[2026-05-07T20:23:34.868+0000] {processor.py:161} INFO - Started process (PID=834) to work on /home/airflow/.local/lib/python3.12/site-packages/airflow/example_dags/example_task_group_decorator.py
[2026-05-07T20:23:34.869+0000] {processor.py:830} INFO - Processing file /home/airflow/.local/lib/python3.12/site-packages/airflow/example_dags/example_task_group_decorator.py for tasks to queue
[2026-05-07T20:23:34.872+0000] {logging_mixin.py:188} INFO - [2026-05-07T20:23:34.871+0000] {dagbag.py:545} INFO - Filling up the DagBag from /home/airflow/.local/lib/python3.12/site-packages/airflow/example_dags/example_task_group_decorator.py
[2026-05-07T20:23:34.884+0000] {processor.py:840} INFO - DAG(s) 'example_task_group_decorator' retrieved from /home/airflow/.local/lib/python3.12/site-packages/airflow/example_dags/example_task_group_decorator.py
[2026-05-07T20:23:34.909+0000] {logging_mixin.py:188} INFO - [2026-05-07T20:23:34.908+0000] {dag.py:3096} INFO - Sync 1 DAGs
[2026-05-07T20:23:34.928+0000] {logging_mixin.py:188} INFO - [2026-05-07T20:23:34.928+0000] {dag.py:3954} INFO - Setting next_dagrun for example_task_group_decorator to 2026-05-06 00:00:00+00:00, run_after=2026-05-07 00:00:00+00:00
[2026-05-07T20:23:34.954+0000] {processor.py:183} INFO - Processing /home/airflow/.local/lib/python3.12/site-packages/airflow/example_dags/example_task_group_decorator.py took 0.092 seconds
[2026-05-07T20:24:05.289+0000] {processor.py:161} INFO - Started process (PID=892) to work on /home/airflow/.local/lib/python3.12/site-packages/airflow/example_dags/example_task_group_decorator.py
[2026-05-07T20:24:05.291+0000] {processor.py:830} INFO - Processing file /home/airflow/.local/lib/python3.12/site-packages/airflow/example_dags/example_task_group_decorator.py for tasks to queue
[2026-05-07T20:24:05.293+0000] {logging_mixin.py:188} INFO - [2026-05-07T20:24:05.293+0000] {dagbag.py:545} INFO - Filling up the DagBag from /home/airflow/.local/lib/python3.12/site-packages/airflow/example_dags/example_task_group_decorator.py
[2026-05-07T20:24:05.305+0000] {processor.py:840} INFO - DAG(s) 'example_task_group_decorator' retrieved from /home/airflow/.local/lib/python3.12/site-packages/airflow/example_dags/example_task_group_decorator.py
[2026-05-07T20:24:05.332+0000] {logging_mixin.py:188} INFO - [2026-05-07T20:24:05.331+0000] {dag.py:3096} INFO - Sync 1 DAGs
[2026-05-07T20:24:05.353+0000] {logging_mixin.py:188} INFO - [2026-05-07T20:24:05.353+0000] {dag.py:3954} INFO - Setting next_dagrun for example_task_group_decorator to 2026-05-06 00:00:00+00:00, run_after=2026-05-07 00:00:00+00:00
[2026-05-07T20:24:05.376+0000] {processor.py:183} INFO - Processing /home/airflow/.local/lib/python3.12/site-packages/airflow/example_dags/example_task_group_decorator.py took 0.092 seconds
[2026-05-07T20:24:35.592+0000] {processor.py:161} INFO - Started process (PID=950) to work on /home/airflow/.local/lib/python3.12/site-packages/airflow/example_dags/example_task_group_decorator.py
[2026-05-07T20:24:35.594+0000] {processor.py:830} INFO - Processing file /home/airflow/.local/lib/python3.12/site-packages/airflow/example_dags/example_task_group_decorator.py for tasks to queue
[2026-05-07T20:24:35.596+0000] {logging_mixin.py:188} INFO - [2026-05-07T20:24:35.596+0000] {dagbag.py:545} INFO - Filling up the DagBag from /home/airflow/.local/lib/python3.12/site-packages/airflow/example_dags/example_task_group_decorator.py
[2026-05-07T20:24:35.610+0000] {processor.py:840} INFO - DAG(s) 'example_task_group_decorator' retrieved from /home/airflow/.local/lib/python3.12/site-packages/airflow/example_dags/example_task_group_decorator.py
[2026-05-07T20:24:35.635+0000] {logging_mixin.py:188} INFO - [2026-05-07T20:24:35.634+0000] {dag.py:3096} INFO - Sync 1 DAGs
[2026-05-07T20:24:35.657+0000] {logging_mixin.py:188} INFO - [2026-05-07T20:24:35.657+0000] {dag.py:3954} INFO - Setting next_dagrun for example_task_group_decorator to 2026-05-06 00:00:00+00:00, run_after=2026-05-07 00:00:00+00:00
[2026-05-07T20:24:35.681+0000] {processor.py:183} INFO - Processing /home/airflow/.local/lib/python3.12/site-packages/airflow/example_dags/example_task_group_decorator.py took 0.094 seconds
[2026-05-07T20:25:05.782+0000] {processor.py:161} INFO - Started process (PID=1008) to work on /home/airflow/.local/lib/python3.12/site-packages/airflow/example_dags/example_task_group_decorator.py
[2026-05-07T20:25:05.783+0000] {processor.py:830} INFO - Processing file /home/airflow/.local/lib/python3.12/site-packages/airflow/example_dags/example_task_group_decorator.py for tasks to queue
[2026-05-07T20:25:05.785+0000] {logging_mixin.py:188} INFO - [2026-05-07T20:25:05.785+0000] {dagbag.py:545} INFO - Filling up the DagBag from /home/airflow/.local/lib/python3.12/site-packages/airflow/example_dags/example_task_group_decorator.py
[2026-05-07T20:25:05.797+0000] {processor.py:840} INFO - DAG(s) 'example_task_group_decorator' retrieved from /home/airflow/.local/lib/python3.12/site-packages/airflow/example_dags/example_task_group_decorator.py
[2026-05-07T20:25:05.822+0000] {logging_mixin.py:188} INFO - [2026-05-07T20:25:05.822+0000] {dag.py:3096} INFO - Sync 1 DAGs
[2026-05-07T20:25:05.843+0000] {logging_mixin.py:188} INFO - [2026-05-07T20:25:05.843+0000] {dag.py:3954} INFO - Setting next_dagrun for example_task_group_decorator to 2026-05-06 00:00:00+00:00, run_after=2026-05-07 00:00:00+00:00
[2026-05-07T20:25:05.866+0000] {processor.py:183} INFO - Processing /home/airflow/.local/lib/python3.12/site-packages/airflow/example_dags/example_task_group_decorator.py took 0.090 seconds
[2026-05-07T20:25:36.072+0000] {processor.py:161} INFO - Started process (PID=1066) to work on /home/airflow/.local/lib/python3.12/site-packages/airflow/example_dags/example_task_group_decorator.py
[2026-05-07T20:25:36.074+0000] {processor.py:830} INFO - Processing file /home/airflow/.local/lib/python3.12/site-packages/airflow/example_dags/example_task_group_decorator.py for tasks to queue
[2026-05-07T20:25:36.078+0000] {logging_mixin.py:188} INFO - [2026-05-07T20:25:36.077+0000] {dagbag.py:545} INFO - Filling up the DagBag from /home/airflow/.local/lib/python3.12/site-packages/airflow/example_dags/example_task_group_decorator.py
[2026-05-07T20:25:36.097+0000] {processor.py:840} INFO - DAG(s) 'example_task_group_decorator' retrieved from /home/airflow/.local/lib/python3.12/site-packages/airflow/example_dags/example_task_group_decorator.py
[2026-05-07T20:25:36.137+0000] {logging_mixin.py:188} INFO - [2026-05-07T20:25:36.136+0000] {dag.py:3096} INFO - Sync 1 DAGs
[2026-05-07T20:25:36.164+0000] {logging_mixin.py:188} INFO - [2026-05-07T20:25:36.164+0000] {dag.py:3954} INFO - Setting next_dagrun for example_task_group_decorator to 2026-05-06 00:00:00+00:00, run_after=2026-05-07 00:00:00+00:00
[2026-05-07T20:25:36.194+0000] {processor.py:183} INFO - Processing /home/airflow/.local/lib/python3.12/site-packages/airflow/example_dags/example_task_group_decorator.py took 0.132 seconds
[2026-05-07T20:26:06.838+0000] {processor.py:161} INFO - Started process (PID=1124) to work on /home/airflow/.local/lib/python3.12/site-packages/airflow/example_dags/example_task_group_decorator.py
[2026-05-07T20:26:06.839+0000] {processor.py:830} INFO - Processing file /home/airflow/.local/lib/python3.12/site-packages/airflow/example_dags/example_task_group_decorator.py for tasks to queue
[2026-05-07T20:26:06.843+0000] {logging_mixin.py:188} INFO - [2026-05-07T20:26:06.842+0000] {dagbag.py:545} INFO - Filling up the DagBag from /home/airflow/.local/lib/python3.12/site-packages/airflow/example_dags/example_task_group_decorator.py
[2026-05-07T20:26:06.862+0000] {processor.py:840} INFO - DAG(s) 'example_task_group_decorator' retrieved from /home/airflow/.local/lib/python3.12/site-packages/airflow/example_dags/example_task_group_decorator.py
[2026-05-07T20:26:06.896+0000] {logging_mixin.py:188} INFO - [2026-05-07T20:26:06.896+0000] {dag.py:3096} INFO - Sync 1 DAGs
[2026-05-07T20:26:06.930+0000] {logging_mixin.py:188} INFO - [2026-05-07T20:26:06.930+0000] {dag.py:3954} INFO - Setting next_dagrun for example_task_group_decorator to 2026-05-06 00:00:00+00:00, run_after=2026-05-07 00:00:00+00:00
[2026-05-07T20:26:06.962+0000] {processor.py:183} INFO - Processing /home/airflow/.local/lib/python3.12/site-packages/airflow/example_dags/example_task_group_decorator.py took 0.134 seconds
[2026-05-07T20:26:37.666+0000] {processor.py:161} INFO - Started process (PID=1183) to work on /home/airflow/.local/lib/python3.12/site-packages/airflow/example_dags/example_task_group_decorator.py
[2026-05-07T20:26:37.669+0000] {processor.py:830} INFO - Processing file /home/airflow/.local/lib/python3.12/site-packages/airflow/example_dags/example_task_group_decorator.py for tasks to queue
[2026-05-07T20:26:37.674+0000] {logging_mixin.py:188} INFO - [2026-05-07T20:26:37.673+0000] {dagbag.py:545} INFO - Filling up the DagBag from /home/airflow/.local/lib/python3.12/site-packages/airflow/example_dags/example_task_group_decorator.py
[2026-05-07T20:26:37.690+0000] {processor.py:840} INFO - DAG(s) 'example_task_group_decorator' retrieved from /home/airflow/.local/lib/python3.12/site-packages/airflow/example_dags/example_task_group_decorator.py
[2026-05-07T20:26:37.721+0000] {logging_mixin.py:188} INFO - [2026-05-07T20:26:37.721+0000] {dag.py:3096} INFO - Sync 1 DAGs
[2026-05-07T20:26:37.750+0000] {logging_mixin.py:188} INFO - [2026-05-07T20:26:37.749+0000] {dag.py:3954} INFO - Setting next_dagrun for example_task_group_decorator to 2026-05-06 00:00:00+00:00, run_after=2026-05-07 00:00:00+00:00
[2026-05-07T20:26:37.778+0000] {processor.py:183} INFO - Processing /home/airflow/.local/lib/python3.12/site-packages/airflow/example_dags/example_task_group_decorator.py took 0.122 seconds
[2026-05-07T20:27:08.534+0000] {processor.py:161} INFO - Started process (PID=1240) to work on /home/airflow/.local/lib/python3.12/site-packages/airflow/example_dags/example_task_group_decorator.py
[2026-05-07T20:27:08.536+0000] {processor.py:830} INFO - Processing file /home/airflow/.local/lib/python3.12/site-packages/airflow/example_dags/example_task_group_decorator.py for tasks to queue
[2026-05-07T20:27:08.540+0000] {logging_mixin.py:188} INFO - [2026-05-07T20:27:08.539+0000] {dagbag.py:545} INFO - Filling up the DagBag from /home/airflow/.local/lib/python3.12/site-packages/airflow/example_dags/example_task_group_decorator.py
[2026-05-07T20:27:08.556+0000] {processor.py:840} INFO - DAG(s) 'example_task_group_decorator' retrieved from /home/airflow/.local/lib/python3.12/site-packages/airflow/example_dags/example_task_group_decorator.py
[2026-05-07T20:27:08.587+0000] {logging_mixin.py:188} INFO - [2026-05-07T20:27:08.586+0000] {dag.py:3096} INFO - Sync 1 DAGs
[2026-05-07T20:27:08.614+0000] {logging_mixin.py:188} INFO - [2026-05-07T20:27:08.613+0000] {dag.py:3954} INFO - Setting next_dagrun for example_task_group_decorator to 2026-05-06 00:00:00+00:00, run_after=2026-05-07 00:00:00+00:00
[2026-05-07T20:27:08.642+0000] {processor.py:183} INFO - Processing /home/airflow/.local/lib/python3.12/site-packages/airflow/example_dags/example_task_group_decorator.py took 0.117 seconds
[2026-05-07T20:27:39.036+0000] {processor.py:161} INFO - Started process (PID=1297) to work on /home/airflow/.local/lib/python3.12/site-packages/airflow/example_dags/example_task_group_decorator.py
[2026-05-07T20:27:39.038+0000] {processor.py:830} INFO - Processing file /home/airflow/.local/lib/python3.12/site-packages/airflow/example_dags/example_task_group_decorator.py for tasks to queue
[2026-05-07T20:27:39.040+0000] {logging_mixin.py:188} INFO - [2026-05-07T20:27:39.040+0000] {dagbag.py:545} INFO - Filling up the DagBag from /home/airflow/.local/lib/python3.12/site-packages/airflow/example_dags/example_task_group_decorator.py
[2026-05-07T20:27:39.052+0000] {processor.py:840} INFO - DAG(s) 'example_task_group_decorator' retrieved from /home/airflow/.local/lib/python3.12/site-packages/airflow/example_dags/example_task_group_decorator.py
[2026-05-07T20:27:39.077+0000] {logging_mixin.py:188} INFO - [2026-05-07T20:27:39.077+0000] {dag.py:3096} INFO - Sync 1 DAGs
[2026-05-07T20:27:39.096+0000] {logging_mixin.py:188} INFO - [2026-05-07T20:27:39.096+0000] {dag.py:3954} INFO - Setting next_dagrun for example_task_group_decorator to 2026-05-06 00:00:00+00:00, run_after=2026-05-07 00:00:00+00:00
[2026-05-07T20:27:39.177+0000] {processor.py:183} INFO - Processing /home/airflow/.local/lib/python3.12/site-packages/airflow/example_dags/example_task_group_decorator.py took 0.147 seconds
[2026-05-07T20:28:09.262+0000] {processor.py:161} INFO - Started process (PID=1355) to work on /home/airflow/.local/lib/python3.12/site-packages/airflow/example_dags/example_task_group_decorator.py
[2026-05-07T20:28:09.263+0000] {processor.py:830} INFO - Processing file /home/airflow/.local/lib/python3.12/site-packages/airflow/example_dags/example_task_group_decorator.py for tasks to queue
[2026-05-07T20:28:09.265+0000] {logging_mixin.py:188} INFO - [2026-05-07T20:28:09.265+0000] {dagbag.py:545} INFO - Filling up the DagBag from /home/airflow/.local/lib/python3.12/site-packages/airflow/example_dags/example_task_group_decorator.py
[2026-05-07T20:28:09.279+0000] {processor.py:840} INFO - DAG(s) 'example_task_group_decorator' retrieved from /home/airflow/.local/lib/python3.12/site-packages/airflow/example_dags/example_task_group_decorator.py
[2026-05-07T20:28:09.313+0000] {logging_mixin.py:188} INFO - [2026-05-07T20:28:09.313+0000] {dag.py:3096} INFO - Sync 1 DAGs
[2026-05-07T20:28:09.344+0000] {logging_mixin.py:188} INFO - [2026-05-07T20:28:09.343+0000] {dag.py:3954} INFO - Setting next_dagrun for example_task_group_decorator to 2026-05-06 00:00:00+00:00, run_after=2026-05-07 00:00:00+00:00
[2026-05-07T20:28:09.399+0000] {processor.py:183} INFO - Processing /home/airflow/.local/lib/python3.12/site-packages/airflow/example_dags/example_task_group_decorator.py took 0.144 seconds
[2026-05-07T20:28:39.827+0000] {processor.py:161} INFO - Started process (PID=1413) to work on /home/airflow/.local/lib/python3.12/site-packages/airflow/example_dags/example_task_group_decorator.py
[2026-05-07T20:28:39.828+0000] {processor.py:830} INFO - Processing file /home/airflow/.local/lib/python3.12/site-packages/airflow/example_dags/example_task_group_decorator.py for tasks to queue
[2026-05-07T20:28:39.831+0000] {logging_mixin.py:188} INFO - [2026-05-07T20:28:39.830+0000] {dagbag.py:545} INFO - Filling up the DagBag from /home/airflow/.local/lib/python3.12/site-packages/airflow/example_dags/example_task_group_decorator.py
[2026-05-07T20:28:39.844+0000] {processor.py:840} INFO - DAG(s) 'example_task_group_decorator' retrieved from /home/airflow/.local/lib/python3.12/site-packages/airflow/example_dags/example_task_group_decorator.py
[2026-05-07T20:28:39.871+0000] {logging_mixin.py:188} INFO - [2026-05-07T20:28:39.871+0000] {dag.py:3096} INFO - Sync 1 DAGs
[2026-05-07T20:28:39.894+0000] {logging_mixin.py:188} INFO - [2026-05-07T20:28:39.894+0000] {dag.py:3954} INFO - Setting next_dagrun for example_task_group_decorator to 2026-05-06 00:00:00+00:00, run_after=2026-05-07 00:00:00+00:00
[2026-05-07T20:28:39.952+0000] {processor.py:183} INFO - Processing /home/airflow/.local/lib/python3.12/site-packages/airflow/example_dags/example_task_group_decorator.py took 0.131 seconds
[2026-05-07T20:29:10.210+0000] {processor.py:161} INFO - Started process (PID=1471) to work on /home/airflow/.local/lib/python3.12/site-packages/airflow/example_dags/example_task_group_decorator.py
[2026-05-07T20:29:10.212+0000] {processor.py:830} INFO - Processing file /home/airflow/.local/lib/python3.12/site-packages/airflow/example_dags/example_task_group_decorator.py for tasks to queue
[2026-05-07T20:29:10.214+0000] {logging_mixin.py:188} INFO - [2026-05-07T20:29:10.214+0000] {dagbag.py:545} INFO - Filling up the DagBag from /home/airflow/.local/lib/python3.12/site-packages/airflow/example_dags/example_task_group_decorator.py
[2026-05-07T20:29:10.227+0000] {processor.py:840} INFO - DAG(s) 'example_task_group_decorator' retrieved from /home/airflow/.local/lib/python3.12/site-packages/airflow/example_dags/example_task_group_decorator.py
[2026-05-07T20:29:10.249+0000] {logging_mixin.py:188} INFO - [2026-05-07T20:29:10.248+0000] {dag.py:3096} INFO - Sync 1 DAGs
[2026-05-07T20:29:10.272+0000] {logging_mixin.py:188} INFO - [2026-05-07T20:29:10.272+0000] {dag.py:3954} INFO - Setting next_dagrun for example_task_group_decorator to 2026-05-06 00:00:00+00:00, run_after=2026-05-07 00:00:00+00:00
[2026-05-07T20:29:10.311+0000] {processor.py:183} INFO - Processing /home/airflow/.local/lib/python3.12/site-packages/airflow/example_dags/example_task_group_decorator.py took 0.105 seconds
[2026-05-07T20:29:40.896+0000] {processor.py:161} INFO - Started process (PID=1529) to work on /home/airflow/.local/lib/python3.12/site-packages/airflow/example_dags/example_task_group_decorator.py
[2026-05-07T20:29:40.898+0000] {processor.py:830} INFO - Processing file /home/airflow/.local/lib/python3.12/site-packages/airflow/example_dags/example_task_group_decorator.py for tasks to queue
[2026-05-07T20:29:40.900+0000] {logging_mixin.py:188} INFO - [2026-05-07T20:29:40.900+0000] {dagbag.py:545} INFO - Filling up the DagBag from /home/airflow/.local/lib/python3.12/site-packages/airflow/example_dags/example_task_group_decorator.py
[2026-05-07T20:29:40.913+0000] {processor.py:840} INFO - DAG(s) 'example_task_group_decorator' retrieved from /home/airflow/.local/lib/python3.12/site-packages/airflow/example_dags/example_task_group_decorator.py
[2026-05-07T20:29:40.937+0000] {logging_mixin.py:188} INFO - [2026-05-07T20:29:40.937+0000] {dag.py:3096} INFO - Sync 1 DAGs
[2026-05-07T20:29:40.959+0000] {logging_mixin.py:188} INFO - [2026-05-07T20:29:40.959+0000] {dag.py:3954} INFO - Setting next_dagrun for example_task_group_decorator to 2026-05-06 00:00:00+00:00, run_after=2026-05-07 00:00:00+00:00
[2026-05-07T20:29:41.052+0000] {processor.py:183} INFO - Processing /home/airflow/.local/lib/python3.12/site-packages/airflow/example_dags/example_task_group_decorator.py took 0.160 seconds
[2026-05-07T20:30:11.175+0000] {processor.py:161} INFO - Started process (PID=1587) to work on /home/airflow/.local/lib/python3.12/site-packages/airflow/example_dags/example_task_group_decorator.py
[2026-05-07T20:30:11.176+0000] {processor.py:830} INFO - Processing file /home/airflow/.local/lib/python3.12/site-packages/airflow/example_dags/example_task_group_decorator.py for tasks to queue
[2026-05-07T20:30:11.180+0000] {logging_mixin.py:188} INFO - [2026-05-07T20:30:11.180+0000] {dagbag.py:545} INFO - Filling up the DagBag from /home/airflow/.local/lib/python3.12/site-packages/airflow/example_dags/example_task_group_decorator.py
[2026-05-07T20:30:11.192+0000] {processor.py:840} INFO - DAG(s) 'example_task_group_decorator' retrieved from /home/airflow/.local/lib/python3.12/site-packages/airflow/example_dags/example_task_group_decorator.py
[2026-05-07T20:30:11.218+0000] {logging_mixin.py:188} INFO - [2026-05-07T20:30:11.218+0000] {dag.py:3096} INFO - Sync 1 DAGs
[2026-05-07T20:30:11.242+0000] {logging_mixin.py:188} INFO - [2026-05-07T20:30:11.241+0000] {dag.py:3954} INFO - Setting next_dagrun for example_task_group_decorator to 2026-05-06 00:00:00+00:00, run_after=2026-05-07 00:00:00+00:00
[2026-05-07T20:30:11.326+0000] {processor.py:183} INFO - Processing /home/airflow/.local/lib/python3.12/site-packages/airflow/example_dags/example_task_group_decorator.py took 0.157 seconds
[2026-05-07T20:30:41.443+0000] {processor.py:161} INFO - Started process (PID=1645) to work on /home/airflow/.local/lib/python3.12/site-packages/airflow/example_dags/example_task_group_decorator.py
[2026-05-07T20:30:41.444+0000] {processor.py:830} INFO - Processing file /home/airflow/.local/lib/python3.12/site-packages/airflow/example_dags/example_task_group_decorator.py for tasks to queue
[2026-05-07T20:30:41.446+0000] {logging_mixin.py:188} INFO - [2026-05-07T20:30:41.446+0000] {dagbag.py:545} INFO - Filling up the DagBag from /home/airflow/.local/lib/python3.12/site-packages/airflow/example_dags/example_task_group_decorator.py
[2026-05-07T20:30:41.458+0000] {processor.py:840} INFO - DAG(s) 'example_task_group_decorator' retrieved from /home/airflow/.local/lib/python3.12/site-packages/airflow/example_dags/example_task_group_decorator.py
[2026-05-07T20:30:41.485+0000] {logging_mixin.py:188} INFO - [2026-05-07T20:30:41.485+0000] {dag.py:3096} INFO - Sync 1 DAGs
[2026-05-07T20:30:41.511+0000] {logging_mixin.py:188} INFO - [2026-05-07T20:30:41.510+0000] {dag.py:3954} INFO - Setting next_dagrun for example_task_group_decorator to 2026-05-06 00:00:00+00:00, run_after=2026-05-07 00:00:00+00:00
[2026-05-07T20:30:41.564+0000] {processor.py:183} INFO - Processing /home/airflow/.local/lib/python3.12/site-packages/airflow/example_dags/example_task_group_decorator.py took 0.128 seconds
[2026-05-07T20:31:11.694+0000] {processor.py:161} INFO - Started process (PID=1703) to work on /home/airflow/.local/lib/python3.12/site-packages/airflow/example_dags/example_task_group_decorator.py
[2026-05-07T20:31:11.696+0000] {processor.py:830} INFO - Processing file /home/airflow/.local/lib/python3.12/site-packages/airflow/example_dags/example_task_group_decorator.py for tasks to queue
[2026-05-07T20:31:11.698+0000] {logging_mixin.py:188} INFO - [2026-05-07T20:31:11.697+0000] {dagbag.py:545} INFO - Filling up the DagBag from /home/airflow/.local/lib/python3.12/site-packages/airflow/example_dags/example_task_group_decorator.py
[2026-05-07T20:31:11.712+0000] {processor.py:840} INFO - DAG(s) 'example_task_group_decorator' retrieved from /home/airflow/.local/lib/python3.12/site-packages/airflow/example_dags/example_task_group_decorator.py
[2026-05-07T20:31:11.735+0000] {logging_mixin.py:188} INFO - [2026-05-07T20:31:11.735+0000] {dag.py:3096} INFO - Sync 1 DAGs
[2026-05-07T20:31:11.755+0000] {logging_mixin.py:188} INFO - [2026-05-07T20:31:11.755+0000] {dag.py:3954} INFO - Setting next_dagrun for example_task_group_decorator to 2026-05-06 00:00:00+00:00, run_after=2026-05-07 00:00:00+00:00
[2026-05-07T20:31:11.837+0000] {processor.py:183} INFO - Processing /home/airflow/.local/lib/python3.12/site-packages/airflow/example_dags/example_task_group_decorator.py took 0.149 seconds
[2026-05-07T20:31:42.576+0000] {processor.py:161} INFO - Started process (PID=1762) to work on /home/airflow/.local/lib/python3.12/site-packages/airflow/example_dags/example_task_group_decorator.py
[2026-05-07T20:31:42.578+0000] {processor.py:830} INFO - Processing file /home/airflow/.local/lib/python3.12/site-packages/airflow/example_dags/example_task_group_decorator.py for tasks to queue
[2026-05-07T20:31:42.580+0000] {logging_mixin.py:188} INFO - [2026-05-07T20:31:42.579+0000] {dagbag.py:545} INFO - Filling up the DagBag from /home/airflow/.local/lib/python3.12/site-packages/airflow/example_dags/example_task_group_decorator.py
[2026-05-07T20:31:42.592+0000] {processor.py:840} INFO - DAG(s) 'example_task_group_decorator' retrieved from /home/airflow/.local/lib/python3.12/site-packages/airflow/example_dags/example_task_group_decorator.py
[2026-05-07T20:31:42.618+0000] {logging_mixin.py:188} INFO - [2026-05-07T20:31:42.618+0000] {dag.py:3096} INFO - Sync 1 DAGs
[2026-05-07T20:31:42.793+0000] {logging_mixin.py:188} INFO - [2026-05-07T20:31:42.793+0000] {dag.py:3954} INFO - Setting next_dagrun for example_task_group_decorator to 2026-05-06 00:00:00+00:00, run_after=2026-05-07 00:00:00+00:00
[2026-05-07T20:31:42.869+0000] {processor.py:183} INFO - Processing /home/airflow/.local/lib/python3.12/site-packages/airflow/example_dags/example_task_group_decorator.py took 0.299 seconds
[2026-05-07T20:32:13.523+0000] {processor.py:161} INFO - Started process (PID=1820) to work on /home/airflow/.local/lib/python3.12/site-packages/airflow/example_dags/example_task_group_decorator.py
[2026-05-07T20:32:13.525+0000] {processor.py:830} INFO - Processing file /home/airflow/.local/lib/python3.12/site-packages/airflow/example_dags/example_task_group_decorator.py for tasks to queue
[2026-05-07T20:32:13.526+0000] {logging_mixin.py:188} INFO - [2026-05-07T20:32:13.526+0000] {dagbag.py:545} INFO - Filling up the DagBag from /home/airflow/.local/lib/python3.12/site-packages/airflow/example_dags/example_task_group_decorator.py
[2026-05-07T20:32:13.539+0000] {processor.py:840} INFO - DAG(s) 'example_task_group_decorator' retrieved from /home/airflow/.local/lib/python3.12/site-packages/airflow/example_dags/example_task_group_decorator.py
[2026-05-07T20:32:13.563+0000] {logging_mixin.py:188} INFO - [2026-05-07T20:32:13.562+0000] {dag.py:3096} INFO - Sync 1 DAGs
[2026-05-07T20:32:13.718+0000] {logging_mixin.py:188} INFO - [2026-05-07T20:32:13.718+0000] {dag.py:3954} INFO - Setting next_dagrun for example_task_group_decorator to 2026-05-06 00:00:00+00:00, run_after=2026-05-07 00:00:00+00:00
[2026-05-07T20:32:13.807+0000] {processor.py:183} INFO - Processing /home/airflow/.local/lib/python3.12/site-packages/airflow/example_dags/example_task_group_decorator.py took 0.291 seconds
[2026-05-07T20:32:44.455+0000] {processor.py:161} INFO - Started process (PID=1878) to work on /home/airflow/.local/lib/python3.12/site-packages/airflow/example_dags/example_task_group_decorator.py
[2026-05-07T20:32:44.456+0000] {processor.py:830} INFO - Processing file /home/airflow/.local/lib/python3.12/site-packages/airflow/example_dags/example_task_group_decorator.py for tasks to queue
[2026-05-07T20:32:44.458+0000] {logging_mixin.py:188} INFO - [2026-05-07T20:32:44.458+0000] {dagbag.py:545} INFO - Filling up the DagBag from /home/airflow/.local/lib/python3.12/site-packages/airflow/example_dags/example_task_group_decorator.py
[2026-05-07T20:32:44.471+0000] {processor.py:840} INFO - DAG(s) 'example_task_group_decorator' retrieved from /home/airflow/.local/lib/python3.12/site-packages/airflow/example_dags/example_task_group_decorator.py
[2026-05-07T20:32:44.495+0000] {logging_mixin.py:188} INFO - [2026-05-07T20:32:44.494+0000] {dag.py:3096} INFO - Sync 1 DAGs
[2026-05-07T20:32:44.514+0000] {logging_mixin.py:188} INFO - [2026-05-07T20:32:44.514+0000] {dag.py:3954} INFO - Setting next_dagrun for example_task_group_decorator to 2026-05-06 00:00:00+00:00, run_after=2026-05-07 00:00:00+00:00
[2026-05-07T20:32:44.568+0000] {processor.py:183} INFO - Processing /home/airflow/.local/lib/python3.12/site-packages/airflow/example_dags/example_task_group_decorator.py took 0.118 seconds
[2026-05-07T20:33:14.905+0000] {processor.py:161} INFO - Started process (PID=1936) to work on /home/airflow/.local/lib/python3.12/site-packages/airflow/example_dags/example_task_group_decorator.py
[2026-05-07T20:33:14.907+0000] {processor.py:830} INFO - Processing file /home/airflow/.local/lib/python3.12/site-packages/airflow/example_dags/example_task_group_decorator.py for tasks to queue
[2026-05-07T20:33:14.909+0000] {logging_mixin.py:188} INFO - [2026-05-07T20:33:14.909+0000] {dagbag.py:545} INFO - Filling up the DagBag from /home/airflow/.local/lib/python3.12/site-packages/airflow/example_dags/example_task_group_decorator.py
[2026-05-07T20:33:14.923+0000] {processor.py:840} INFO - DAG(s) 'example_task_group_decorator' retrieved from /home/airflow/.local/lib/python3.12/site-packages/airflow/example_dags/example_task_group_decorator.py
[2026-05-07T20:33:14.954+0000] {logging_mixin.py:188} INFO - [2026-05-07T20:33:14.953+0000] {dag.py:3096} INFO - Sync 1 DAGs
[2026-05-07T20:33:14.981+0000] {logging_mixin.py:188} INFO - [2026-05-07T20:33:14.980+0000] {dag.py:3954} INFO - Setting next_dagrun for example_task_group_decorator to 2026-05-06 00:00:00+00:00, run_after=2026-05-07 00:00:00+00:00
[2026-05-07T20:33:15.005+0000] {processor.py:183} INFO - Processing /home/airflow/.local/lib/python3.12/site-packages/airflow/example_dags/example_task_group_decorator.py took 0.106 seconds
[2026-05-07T20:33:45.178+0000] {processor.py:161} INFO - Started process (PID=1994) to work on /home/airflow/.local/lib/python3.12/site-packages/airflow/example_dags/example_task_group_decorator.py
[2026-05-07T20:33:45.180+0000] {processor.py:830} INFO - Processing file /home/airflow/.local/lib/python3.12/site-packages/airflow/example_dags/example_task_group_decorator.py for tasks to queue
[2026-05-07T20:33:45.183+0000] {logging_mixin.py:188} INFO - [2026-05-07T20:33:45.183+0000] {dagbag.py:545} INFO - Filling up the DagBag from /home/airflow/.local/lib/python3.12/site-packages/airflow/example_dags/example_task_group_decorator.py
[2026-05-07T20:33:45.198+0000] {processor.py:840} INFO - DAG(s) 'example_task_group_decorator' retrieved from /home/airflow/.local/lib/python3.12/site-packages/airflow/example_dags/example_task_group_decorator.py
[2026-05-07T20:33:45.228+0000] {logging_mixin.py:188} INFO - [2026-05-07T20:33:45.228+0000] {dag.py:3096} INFO - Sync 1 DAGs
[2026-05-07T20:33:45.251+0000] {logging_mixin.py:188} INFO - [2026-05-07T20:33:45.250+0000] {dag.py:3954} INFO - Setting next_dagrun for example_task_group_decorator to 2026-05-06 00:00:00+00:00, run_after=2026-05-07 00:00:00+00:00
[2026-05-07T20:33:45.276+0000] {processor.py:183} INFO - Processing /home/airflow/.local/lib/python3.12/site-packages/airflow/example_dags/example_task_group_decorator.py took 0.105 seconds
[2026-05-07T20:34:15.865+0000] {processor.py:161} INFO - Started process (PID=2053) to work on /home/airflow/.local/lib/python3.12/site-packages/airflow/example_dags/example_task_group_decorator.py
[2026-05-07T20:34:15.866+0000] {processor.py:830} INFO - Processing file /home/airflow/.local/lib/python3.12/site-packages/airflow/example_dags/example_task_group_decorator.py for tasks to queue
[2026-05-07T20:34:15.869+0000] {logging_mixin.py:188} INFO - [2026-05-07T20:34:15.868+0000] {dagbag.py:545} INFO - Filling up the DagBag from /home/airflow/.local/lib/python3.12/site-packages/airflow/example_dags/example_task_group_decorator.py
[2026-05-07T20:34:15.882+0000] {processor.py:840} INFO - DAG(s) 'example_task_group_decorator' retrieved from /home/airflow/.local/lib/python3.12/site-packages/airflow/example_dags/example_task_group_decorator.py
[2026-05-07T20:34:15.907+0000] {logging_mixin.py:188} INFO - [2026-05-07T20:34:15.907+0000] {dag.py:3096} INFO - Sync 1 DAGs
[2026-05-07T20:34:15.927+0000] {logging_mixin.py:188} INFO - [2026-05-07T20:34:15.927+0000] {dag.py:3954} INFO - Setting next_dagrun for example_task_group_decorator to 2026-05-06 00:00:00+00:00, run_after=2026-05-07 00:00:00+00:00
[2026-05-07T20:34:15.950+0000] {processor.py:183} INFO - Processing /home/airflow/.local/lib/python3.12/site-packages/airflow/example_dags/example_task_group_decorator.py took 0.090 seconds
[2026-05-07T20:34:46.286+0000] {processor.py:161} INFO - Started process (PID=2111) to work on /home/airflow/.local/lib/python3.12/site-packages/airflow/example_dags/example_task_group_decorator.py
[2026-05-07T20:34:46.288+0000] {processor.py:830} INFO - Processing file /home/airflow/.local/lib/python3.12/site-packages/airflow/example_dags/example_task_group_decorator.py for tasks to queue
[2026-05-07T20:34:46.290+0000] {logging_mixin.py:188} INFO - [2026-05-07T20:34:46.290+0000] {dagbag.py:545} INFO - Filling up the DagBag from /home/airflow/.local/lib/python3.12/site-packages/airflow/example_dags/example_task_group_decorator.py
[2026-05-07T20:34:46.303+0000] {processor.py:840} INFO - DAG(s) 'example_task_group_decorator' retrieved from /home/airflow/.local/lib/python3.12/site-packages/airflow/example_dags/example_task_group_decorator.py
[2026-05-07T20:34:46.326+0000] {logging_mixin.py:188} INFO - [2026-05-07T20:34:46.326+0000] {dag.py:3096} INFO - Sync 1 DAGs
[2026-05-07T20:34:46.347+0000] {logging_mixin.py:188} INFO - [2026-05-07T20:34:46.347+0000] {dag.py:3954} INFO - Setting next_dagrun for example_task_group_decorator to 2026-05-06 00:00:00+00:00, run_after=2026-05-07 00:00:00+00:00
[2026-05-07T20:34:46.443+0000] {processor.py:183} INFO - Processing /home/airflow/.local/lib/python3.12/site-packages/airflow/example_dags/example_task_group_decorator.py took 0.163 seconds
[2026-05-07T20:35:16.764+0000] {processor.py:161} INFO - Started process (PID=2169) to work on /home/airflow/.local/lib/python3.12/site-packages/airflow/example_dags/example_task_group_decorator.py
[2026-05-07T20:35:16.765+0000] {processor.py:830} INFO - Processing file /home/airflow/.local/lib/python3.12/site-packages/airflow/example_dags/example_task_group_decorator.py for tasks to queue
[2026-05-07T20:35:16.769+0000] {logging_mixin.py:188} INFO - [2026-05-07T20:35:16.768+0000] {dagbag.py:545} INFO - Filling up the DagBag from /home/airflow/.local/lib/python3.12/site-packages/airflow/example_dags/example_task_group_decorator.py
[2026-05-07T20:35:16.793+0000] {processor.py:840} INFO - DAG(s) 'example_task_group_decorator' retrieved from /home/airflow/.local/lib/python3.12/site-packages/airflow/example_dags/example_task_group_decorator.py
[2026-05-07T20:35:16.829+0000] {logging_mixin.py:188} INFO - [2026-05-07T20:35:16.829+0000] {dag.py:3096} INFO - Sync 1 DAGs
[2026-05-07T20:35:16.859+0000] {logging_mixin.py:188} INFO - [2026-05-07T20:35:16.858+0000] {dag.py:3954} INFO - Setting next_dagrun for example_task_group_decorator to 2026-05-06 00:00:00+00:00, run_after=2026-05-07 00:00:00+00:00
[2026-05-07T20:35:16.954+0000] {processor.py:183} INFO - Processing /home/airflow/.local/lib/python3.12/site-packages/airflow/example_dags/example_task_group_decorator.py took 0.201 seconds
[2026-05-07T20:35:47.360+0000] {processor.py:161} INFO - Started process (PID=2227) to work on /home/airflow/.local/lib/python3.12/site-packages/airflow/example_dags/example_task_group_decorator.py
[2026-05-07T20:35:47.362+0000] {processor.py:830} INFO - Processing file /home/airflow/.local/lib/python3.12/site-packages/airflow/example_dags/example_task_group_decorator.py for tasks to queue
[2026-05-07T20:35:47.364+0000] {logging_mixin.py:188} INFO - [2026-05-07T20:35:47.364+0000] {dagbag.py:545} INFO - Filling up the DagBag from /home/airflow/.local/lib/python3.12/site-packages/airflow/example_dags/example_task_group_decorator.py
[2026-05-07T20:35:47.377+0000] {processor.py:840} INFO - DAG(s) 'example_task_group_decorator' retrieved from /home/airflow/.local/lib/python3.12/site-packages/airflow/example_dags/example_task_group_decorator.py
[2026-05-07T20:35:47.402+0000] {logging_mixin.py:188} INFO - [2026-05-07T20:35:47.402+0000] {dag.py:3096} INFO - Sync 1 DAGs
[2026-05-07T20:35:47.421+0000] {logging_mixin.py:188} INFO - [2026-05-07T20:35:47.421+0000] {dag.py:3954} INFO - Setting next_dagrun for example_task_group_decorator to 2026-05-06 00:00:00+00:00, run_after=2026-05-07 00:00:00+00:00
[2026-05-07T20:35:47.517+0000] {processor.py:183} INFO - Processing /home/airflow/.local/lib/python3.12/site-packages/airflow/example_dags/example_task_group_decorator.py took 0.162 seconds
[2026-05-07T20:36:17.902+0000] {processor.py:161} INFO - Started process (PID=2286) to work on /home/airflow/.local/lib/python3.12/site-packages/airflow/example_dags/example_task_group_decorator.py
[2026-05-07T20:36:17.904+0000] {processor.py:830} INFO - Processing file /home/airflow/.local/lib/python3.12/site-packages/airflow/example_dags/example_task_group_decorator.py for tasks to queue
[2026-05-07T20:36:17.908+0000] {logging_mixin.py:188} INFO - [2026-05-07T20:36:17.908+0000] {dagbag.py:545} INFO - Filling up the DagBag from /home/airflow/.local/lib/python3.12/site-packages/airflow/example_dags/example_task_group_decorator.py
[2026-05-07T20:36:17.922+0000] {processor.py:840} INFO - DAG(s) 'example_task_group_decorator' retrieved from /home/airflow/.local/lib/python3.12/site-packages/airflow/example_dags/example_task_group_decorator.py
[2026-05-07T20:36:17.950+0000] {logging_mixin.py:188} INFO - [2026-05-07T20:36:17.949+0000] {dag.py:3096} INFO - Sync 1 DAGs
[2026-05-07T20:36:17.970+0000] {logging_mixin.py:188} INFO - [2026-05-07T20:36:17.970+0000] {dag.py:3954} INFO - Setting next_dagrun for example_task_group_decorator to 2026-05-06 00:00:00+00:00, run_after=2026-05-07 00:00:00+00:00
[2026-05-07T20:36:17.994+0000] {processor.py:183} INFO - Processing /home/airflow/.local/lib/python3.12/site-packages/airflow/example_dags/example_task_group_decorator.py took 0.099 seconds
[2026-05-07T20:36:48.792+0000] {processor.py:161} INFO - Started process (PID=2344) to work on /home/airflow/.local/lib/python3.12/site-packages/airflow/example_dags/example_task_group_decorator.py
[2026-05-07T20:36:48.793+0000] {processor.py:830} INFO - Processing file /home/airflow/.local/lib/python3.12/site-packages/airflow/example_dags/example_task_group_decorator.py for tasks to queue
[2026-05-07T20:36:48.795+0000] {logging_mixin.py:188} INFO - [2026-05-07T20:36:48.795+0000] {dagbag.py:545} INFO - Filling up the DagBag from /home/airflow/.local/lib/python3.12/site-packages/airflow/example_dags/example_task_group_decorator.py
[2026-05-07T20:36:48.812+0000] {processor.py:840} INFO - DAG(s) 'example_task_group_decorator' retrieved from /home/airflow/.local/lib/python3.12/site-packages/airflow/example_dags/example_task_group_decorator.py
[2026-05-07T20:36:48.840+0000] {logging_mixin.py:188} INFO - [2026-05-07T20:36:48.840+0000] {dag.py:3096} INFO - Sync 1 DAGs
[2026-05-07T20:36:48.862+0000] {logging_mixin.py:188} INFO - [2026-05-07T20:36:48.862+0000] {dag.py:3954} INFO - Setting next_dagrun for example_task_group_decorator to 2026-05-06 00:00:00+00:00, run_after=2026-05-07 00:00:00+00:00
[2026-05-07T20:36:48.925+0000] {processor.py:183} INFO - Processing /home/airflow/.local/lib/python3.12/site-packages/airflow/example_dags/example_task_group_decorator.py took 0.138 seconds
[2026-05-07T20:37:19.345+0000] {processor.py:161} INFO - Started process (PID=2402) to work on /home/airflow/.local/lib/python3.12/site-packages/airflow/example_dags/example_task_group_decorator.py
[2026-05-07T20:37:19.346+0000] {processor.py:830} INFO - Processing file /home/airflow/.local/lib/python3.12/site-packages/airflow/example_dags/example_task_group_decorator.py for tasks to queue
[2026-05-07T20:37:19.350+0000] {logging_mixin.py:188} INFO - [2026-05-07T20:37:19.349+0000] {dagbag.py:545} INFO - Filling up the DagBag from /home/airflow/.local/lib/python3.12/site-packages/airflow/example_dags/example_task_group_decorator.py
[2026-05-07T20:37:19.364+0000] {processor.py:840} INFO - DAG(s) 'example_task_group_decorator' retrieved from /home/airflow/.local/lib/python3.12/site-packages/airflow/example_dags/example_task_group_decorator.py
[2026-05-07T20:37:19.395+0000] {logging_mixin.py:188} INFO - [2026-05-07T20:37:19.395+0000] {dag.py:3096} INFO - Sync 1 DAGs
[2026-05-07T20:37:19.422+0000] {logging_mixin.py:188} INFO - [2026-05-07T20:37:19.421+0000] {dag.py:3954} INFO - Setting next_dagrun for example_task_group_decorator to 2026-05-06 00:00:00+00:00, run_after=2026-05-07 00:00:00+00:00
[2026-05-07T20:37:19.501+0000] {processor.py:183} INFO - Processing /home/airflow/.local/lib/python3.12/site-packages/airflow/example_dags/example_task_group_decorator.py took 0.164 seconds
[2026-05-07T20:37:49.591+0000] {processor.py:161} INFO - Started process (PID=2460) to work on /home/airflow/.local/lib/python3.12/site-packages/airflow/example_dags/example_task_group_decorator.py
[2026-05-07T20:37:49.591+0000] {processor.py:830} INFO - Processing file /home/airflow/.local/lib/python3.12/site-packages/airflow/example_dags/example_task_group_decorator.py for tasks to queue
[2026-05-07T20:37:49.593+0000] {logging_mixin.py:188} INFO - [2026-05-07T20:37:49.593+0000] {dagbag.py:545} INFO - Filling up the DagBag from /home/airflow/.local/lib/python3.12/site-packages/airflow/example_dags/example_task_group_decorator.py
[2026-05-07T20:37:49.610+0000] {processor.py:840} INFO - DAG(s) 'example_task_group_decorator' retrieved from /home/airflow/.local/lib/python3.12/site-packages/airflow/example_dags/example_task_group_decorator.py
[2026-05-07T20:37:49.633+0000] {logging_mixin.py:188} INFO - [2026-05-07T20:37:49.633+0000] {dag.py:3096} INFO - Sync 1 DAGs
[2026-05-07T20:37:49.652+0000] {logging_mixin.py:188} INFO - [2026-05-07T20:37:49.652+0000] {dag.py:3954} INFO - Setting next_dagrun for example_task_group_decorator to 2026-05-06 00:00:00+00:00, run_after=2026-05-07 00:00:00+00:00
[2026-05-07T20:37:49.746+0000] {processor.py:183} INFO - Processing /home/airflow/.local/lib/python3.12/site-packages/airflow/example_dags/example_task_group_decorator.py took 0.163 seconds
[2026-05-07T20:38:19.911+0000] {processor.py:161} INFO - Started process (PID=2518) to work on /home/airflow/.local/lib/python3.12/site-packages/airflow/example_dags/example_task_group_decorator.py
[2026-05-07T20:38:19.912+0000] {processor.py:830} INFO - Processing file /home/airflow/.local/lib/python3.12/site-packages/airflow/example_dags/example_task_group_decorator.py for tasks to queue
[2026-05-07T20:38:19.915+0000] {logging_mixin.py:188} INFO - [2026-05-07T20:38:19.915+0000] {dagbag.py:545} INFO - Filling up the DagBag from /home/airflow/.local/lib/python3.12/site-packages/airflow/example_dags/example_task_group_decorator.py
[2026-05-07T20:38:19.936+0000] {processor.py:840} INFO - DAG(s) 'example_task_group_decorator' retrieved from /home/airflow/.local/lib/python3.12/site-packages/airflow/example_dags/example_task_group_decorator.py
[2026-05-07T20:38:19.974+0000] {logging_mixin.py:188} INFO - [2026-05-07T20:38:19.973+0000] {dag.py:3096} INFO - Sync 1 DAGs
[2026-05-07T20:38:20.029+0000] {logging_mixin.py:188} INFO - [2026-05-07T20:38:20.028+0000] {dag.py:3954} INFO - Setting next_dagrun for example_task_group_decorator to 2026-05-06 00:00:00+00:00, run_after=2026-05-07 00:00:00+00:00
[2026-05-07T20:38:20.068+0000] {processor.py:183} INFO - Processing /home/airflow/.local/lib/python3.12/site-packages/airflow/example_dags/example_task_group_decorator.py took 0.167 seconds
[2026-05-07T20:38:50.330+0000] {processor.py:161} INFO - Started process (PID=2576) to work on /home/airflow/.local/lib/python3.12/site-packages/airflow/example_dags/example_task_group_decorator.py
[2026-05-07T20:38:50.332+0000] {processor.py:830} INFO - Processing file /home/airflow/.local/lib/python3.12/site-packages/airflow/example_dags/example_task_group_decorator.py for tasks to queue
[2026-05-07T20:38:50.334+0000] {logging_mixin.py:188} INFO - [2026-05-07T20:38:50.334+0000] {dagbag.py:545} INFO - Filling up the DagBag from /home/airflow/.local/lib/python3.12/site-packages/airflow/example_dags/example_task_group_decorator.py
[2026-05-07T20:38:50.349+0000] {processor.py:840} INFO - DAG(s) 'example_task_group_decorator' retrieved from /home/airflow/.local/lib/python3.12/site-packages/airflow/example_dags/example_task_group_decorator.py
[2026-05-07T20:38:50.373+0000] {logging_mixin.py:188} INFO - [2026-05-07T20:38:50.372+0000] {dag.py:3096} INFO - Sync 1 DAGs
[2026-05-07T20:38:50.392+0000] {logging_mixin.py:188} INFO - [2026-05-07T20:38:50.392+0000] {dag.py:3954} INFO - Setting next_dagrun for example_task_group_decorator to 2026-05-06 00:00:00+00:00, run_after=2026-05-07 00:00:00+00:00
[2026-05-07T20:38:50.488+0000] {processor.py:183} INFO - Processing /home/airflow/.local/lib/python3.12/site-packages/airflow/example_dags/example_task_group_decorator.py took 0.163 seconds
[2026-05-07T20:39:20.855+0000] {processor.py:161} INFO - Started process (PID=2634) to work on /home/airflow/.local/lib/python3.12/site-packages/airflow/example_dags/example_task_group_decorator.py
[2026-05-07T20:39:20.856+0000] {processor.py:830} INFO - Processing file /home/airflow/.local/lib/python3.12/site-packages/airflow/example_dags/example_task_group_decorator.py for tasks to queue
[2026-05-07T20:39:20.858+0000] {logging_mixin.py:188} INFO - [2026-05-07T20:39:20.858+0000] {dagbag.py:545} INFO - Filling up the DagBag from /home/airflow/.local/lib/python3.12/site-packages/airflow/example_dags/example_task_group_decorator.py
[2026-05-07T20:39:20.871+0000] {processor.py:840} INFO - DAG(s) 'example_task_group_decorator' retrieved from /home/airflow/.local/lib/python3.12/site-packages/airflow/example_dags/example_task_group_decorator.py
[2026-05-07T20:39:20.895+0000] {logging_mixin.py:188} INFO - [2026-05-07T20:39:20.894+0000] {dag.py:3096} INFO - Sync 1 DAGs
[2026-05-07T20:39:20.917+0000] {logging_mixin.py:188} INFO - [2026-05-07T20:39:20.917+0000] {dag.py:3954} INFO - Setting next_dagrun for example_task_group_decorator to 2026-05-06 00:00:00+00:00, run_after=2026-05-07 00:00:00+00:00
[2026-05-07T20:39:21.014+0000] {processor.py:183} INFO - Processing /home/airflow/.local/lib/python3.12/site-packages/airflow/example_dags/example_task_group_decorator.py took 0.165 seconds
[2026-05-07T20:39:51.131+0000] {processor.py:161} INFO - Started process (PID=2692) to work on /home/airflow/.local/lib/python3.12/site-packages/airflow/example_dags/example_task_group_decorator.py
[2026-05-07T20:39:51.133+0000] {processor.py:830} INFO - Processing file /home/airflow/.local/lib/python3.12/site-packages/airflow/example_dags/example_task_group_decorator.py for tasks to queue
[2026-05-07T20:39:51.136+0000] {logging_mixin.py:188} INFO - [2026-05-07T20:39:51.136+0000] {dagbag.py:545} INFO - Filling up the DagBag from /home/airflow/.local/lib/python3.12/site-packages/airflow/example_dags/example_task_group_decorator.py
[2026-05-07T20:39:51.155+0000] {processor.py:840} INFO - DAG(s) 'example_task_group_decorator' retrieved from /home/airflow/.local/lib/python3.12/site-packages/airflow/example_dags/example_task_group_decorator.py
[2026-05-07T20:39:51.208+0000] {logging_mixin.py:188} INFO - [2026-05-07T20:39:51.207+0000] {dag.py:3096} INFO - Sync 1 DAGs
[2026-05-07T20:39:51.245+0000] {logging_mixin.py:188} INFO - [2026-05-07T20:39:51.244+0000] {dag.py:3954} INFO - Setting next_dagrun for example_task_group_decorator to 2026-05-06 00:00:00+00:00, run_after=2026-05-07 00:00:00+00:00
[2026-05-07T20:39:51.277+0000] {processor.py:183} INFO - Processing /home/airflow/.local/lib/python3.12/site-packages/airflow/example_dags/example_task_group_decorator.py took 0.156 seconds
[2026-05-07T20:40:21.798+0000] {processor.py:161} INFO - Started process (PID=2750) to work on /home/airflow/.local/lib/python3.12/site-packages/airflow/example_dags/example_task_group_decorator.py
[2026-05-07T20:40:21.799+0000] {processor.py:830} INFO - Processing file /home/airflow/.local/lib/python3.12/site-packages/airflow/example_dags/example_task_group_decorator.py for tasks to queue
[2026-05-07T20:40:21.801+0000] {logging_mixin.py:188} INFO - [2026-05-07T20:40:21.801+0000] {dagbag.py:545} INFO - Filling up the DagBag from /home/airflow/.local/lib/python3.12/site-packages/airflow/example_dags/example_task_group_decorator.py
[2026-05-07T20:40:21.814+0000] {processor.py:840} INFO - DAG(s) 'example_task_group_decorator' retrieved from /home/airflow/.local/lib/python3.12/site-packages/airflow/example_dags/example_task_group_decorator.py
[2026-05-07T20:40:21.839+0000] {logging_mixin.py:188} INFO - [2026-05-07T20:40:21.839+0000] {dag.py:3096} INFO - Sync 1 DAGs
[2026-05-07T20:40:21.861+0000] {logging_mixin.py:188} INFO - [2026-05-07T20:40:21.861+0000] {dag.py:3954} INFO - Setting next_dagrun for example_task_group_decorator to 2026-05-06 00:00:00+00:00, run_after=2026-05-07 00:00:00+00:00
[2026-05-07T20:40:21.882+0000] {processor.py:183} INFO - Processing /home/airflow/.local/lib/python3.12/site-packages/airflow/example_dags/example_task_group_decorator.py took 0.090 seconds
[2026-05-07T20:40:52.181+0000] {processor.py:161} INFO - Started process (PID=2808) to work on /home/airflow/.local/lib/python3.12/site-packages/airflow/example_dags/example_task_group_decorator.py
[2026-05-07T20:40:52.182+0000] {processor.py:830} INFO - Processing file /home/airflow/.local/lib/python3.12/site-packages/airflow/example_dags/example_task_group_decorator.py for tasks to queue
[2026-05-07T20:40:52.184+0000] {logging_mixin.py:188} INFO - [2026-05-07T20:40:52.184+0000] {dagbag.py:545} INFO - Filling up the DagBag from /home/airflow/.local/lib/python3.12/site-packages/airflow/example_dags/example_task_group_decorator.py
[2026-05-07T20:40:52.199+0000] {processor.py:840} INFO - DAG(s) 'example_task_group_decorator' retrieved from /home/airflow/.local/lib/python3.12/site-packages/airflow/example_dags/example_task_group_decorator.py
[2026-05-07T20:40:52.242+0000] {logging_mixin.py:188} INFO - [2026-05-07T20:40:52.241+0000] {dag.py:3096} INFO - Sync 1 DAGs
[2026-05-07T20:40:52.267+0000] {logging_mixin.py:188} INFO - [2026-05-07T20:40:52.267+0000] {dag.py:3954} INFO - Setting next_dagrun for example_task_group_decorator to 2026-05-06 00:00:00+00:00, run_after=2026-05-07 00:00:00+00:00
[2026-05-07T20:40:52.296+0000] {processor.py:183} INFO - Processing /home/airflow/.local/lib/python3.12/site-packages/airflow/example_dags/example_task_group_decorator.py took 0.120 seconds
[2026-05-07T20:41:22.988+0000] {processor.py:161} INFO - Started process (PID=2866) to work on /home/airflow/.local/lib/python3.12/site-packages/airflow/example_dags/example_task_group_decorator.py
[2026-05-07T20:41:22.989+0000] {processor.py:830} INFO - Processing file /home/airflow/.local/lib/python3.12/site-packages/airflow/example_dags/example_task_group_decorator.py for tasks to queue
[2026-05-07T20:41:22.992+0000] {logging_mixin.py:188} INFO - [2026-05-07T20:41:22.991+0000] {dagbag.py:545} INFO - Filling up the DagBag from /home/airflow/.local/lib/python3.12/site-packages/airflow/example_dags/example_task_group_decorator.py
[2026-05-07T20:41:23.004+0000] {processor.py:840} INFO - DAG(s) 'example_task_group_decorator' retrieved from /home/airflow/.local/lib/python3.12/site-packages/airflow/example_dags/example_task_group_decorator.py
[2026-05-07T20:41:23.029+0000] {logging_mixin.py:188} INFO - [2026-05-07T20:41:23.028+0000] {dag.py:3096} INFO - Sync 1 DAGs
[2026-05-07T20:41:23.048+0000] {logging_mixin.py:188} INFO - [2026-05-07T20:41:23.048+0000] {dag.py:3954} INFO - Setting next_dagrun for example_task_group_decorator to 2026-05-06 00:00:00+00:00, run_after=2026-05-07 00:00:00+00:00
[2026-05-07T20:41:23.144+0000] {processor.py:183} INFO - Processing /home/airflow/.local/lib/python3.12/site-packages/airflow/example_dags/example_task_group_decorator.py took 0.163 seconds
[2026-05-07T20:41:53.263+0000] {processor.py:161} INFO - Started process (PID=2924) to work on /home/airflow/.local/lib/python3.12/site-packages/airflow/example_dags/example_task_group_decorator.py
[2026-05-07T20:41:53.264+0000] {processor.py:830} INFO - Processing file /home/airflow/.local/lib/python3.12/site-packages/airflow/example_dags/example_task_group_decorator.py for tasks to queue
[2026-05-07T20:41:53.266+0000] {logging_mixin.py:188} INFO - [2026-05-07T20:41:53.266+0000] {dagbag.py:545} INFO - Filling up the DagBag from /home/airflow/.local/lib/python3.12/site-packages/airflow/example_dags/example_task_group_decorator.py
[2026-05-07T20:41:53.281+0000] {processor.py:840} INFO - DAG(s) 'example_task_group_decorator' retrieved from /home/airflow/.local/lib/python3.12/site-packages/airflow/example_dags/example_task_group_decorator.py
[2026-05-07T20:41:53.303+0000] {logging_mixin.py:188} INFO - [2026-05-07T20:41:53.303+0000] {dag.py:3096} INFO - Sync 1 DAGs
[2026-05-07T20:41:53.324+0000] {logging_mixin.py:188} INFO - [2026-05-07T20:41:53.323+0000] {dag.py:3954} INFO - Setting next_dagrun for example_task_group_decorator to 2026-05-06 00:00:00+00:00, run_after=2026-05-07 00:00:00+00:00
[2026-05-07T20:41:53.420+0000] {processor.py:183} INFO - Processing /home/airflow/.local/lib/python3.12/site-packages/airflow/example_dags/example_task_group_decorator.py took 0.165 seconds
[2026-05-07T20:42:23.768+0000] {processor.py:161} INFO - Started process (PID=2982) to work on /home/airflow/.local/lib/python3.12/site-packages/airflow/example_dags/example_task_group_decorator.py
[2026-05-07T20:42:23.769+0000] {processor.py:830} INFO - Processing file /home/airflow/.local/lib/python3.12/site-packages/airflow/example_dags/example_task_group_decorator.py for tasks to queue
[2026-05-07T20:42:23.772+0000] {logging_mixin.py:188} INFO - [2026-05-07T20:42:23.771+0000] {dagbag.py:545} INFO - Filling up the DagBag from /home/airflow/.local/lib/python3.12/site-packages/airflow/example_dags/example_task_group_decorator.py
[2026-05-07T20:42:23.785+0000] {processor.py:840} INFO - DAG(s) 'example_task_group_decorator' retrieved from /home/airflow/.local/lib/python3.12/site-packages/airflow/example_dags/example_task_group_decorator.py
[2026-05-07T20:42:23.809+0000] {logging_mixin.py:188} INFO - [2026-05-07T20:42:23.808+0000] {dag.py:3096} INFO - Sync 1 DAGs
[2026-05-07T20:42:23.829+0000] {logging_mixin.py:188} INFO - [2026-05-07T20:42:23.828+0000] {dag.py:3954} INFO - Setting next_dagrun for example_task_group_decorator to 2026-05-06 00:00:00+00:00, run_after=2026-05-07 00:00:00+00:00
[2026-05-07T20:42:23.917+0000] {processor.py:183} INFO - Processing /home/airflow/.local/lib/python3.12/site-packages/airflow/example_dags/example_task_group_decorator.py took 0.155 seconds
