[2026-05-07T20:17:02.382+0000] {processor.py:161} INFO - Started process (PID=94) to work on /home/airflow/.local/lib/python3.12/site-packages/airflow/example_dags/example_external_task_marker_dag.py
[2026-05-07T20:17:02.384+0000] {processor.py:830} INFO - Processing file /home/airflow/.local/lib/python3.12/site-packages/airflow/example_dags/example_external_task_marker_dag.py for tasks to queue
[2026-05-07T20:17:02.387+0000] {logging_mixin.py:188} INFO - [2026-05-07T20:17:02.386+0000] {dagbag.py:545} INFO - Filling up the DagBag from /home/airflow/.local/lib/python3.12/site-packages/airflow/example_dags/example_external_task_marker_dag.py
[2026-05-07T20:17:02.400+0000] {processor.py:840} INFO - DAG(s) 'example_external_task_marker_child', 'example_external_task_marker_parent' retrieved from /home/airflow/.local/lib/python3.12/site-packages/airflow/example_dags/example_external_task_marker_dag.py
[2026-05-07T20:17:02.551+0000] {logging_mixin.py:188} INFO - [2026-05-07T20:17:02.550+0000] {dag.py:3096} INFO - Sync 2 DAGs
[2026-05-07T20:17:02.566+0000] {logging_mixin.py:188} INFO - [2026-05-07T20:17:02.566+0000] {dag.py:3954} INFO - Setting next_dagrun for example_external_task_marker_child to None, run_after=None
[2026-05-07T20:17:02.571+0000] {logging_mixin.py:188} INFO - [2026-05-07T20:17:02.571+0000] {dag.py:3954} INFO - Setting next_dagrun for example_external_task_marker_parent to None, run_after=None
[2026-05-07T20:17:02.601+0000] {processor.py:183} INFO - Processing /home/airflow/.local/lib/python3.12/site-packages/airflow/example_dags/example_external_task_marker_dag.py took 0.228 seconds
[2026-05-07T20:17:33.150+0000] {processor.py:161} INFO - Started process (PID=152) to work on /home/airflow/.local/lib/python3.12/site-packages/airflow/example_dags/example_external_task_marker_dag.py
[2026-05-07T20:17:33.152+0000] {processor.py:830} INFO - Processing file /home/airflow/.local/lib/python3.12/site-packages/airflow/example_dags/example_external_task_marker_dag.py for tasks to queue
[2026-05-07T20:17:33.155+0000] {logging_mixin.py:188} INFO - [2026-05-07T20:17:33.154+0000] {dagbag.py:545} INFO - Filling up the DagBag from /home/airflow/.local/lib/python3.12/site-packages/airflow/example_dags/example_external_task_marker_dag.py
[2026-05-07T20:17:33.163+0000] {processor.py:840} INFO - DAG(s) 'example_external_task_marker_child', 'example_external_task_marker_parent' retrieved from /home/airflow/.local/lib/python3.12/site-packages/airflow/example_dags/example_external_task_marker_dag.py
[2026-05-07T20:17:33.192+0000] {logging_mixin.py:188} INFO - [2026-05-07T20:17:33.192+0000] {dag.py:3096} INFO - Sync 2 DAGs
[2026-05-07T20:17:33.208+0000] {logging_mixin.py:188} INFO - [2026-05-07T20:17:33.208+0000] {dag.py:3954} INFO - Setting next_dagrun for example_external_task_marker_child to None, run_after=None
[2026-05-07T20:17:33.213+0000] {logging_mixin.py:188} INFO - [2026-05-07T20:17:33.213+0000] {dag.py:3954} INFO - Setting next_dagrun for example_external_task_marker_parent to None, run_after=None
[2026-05-07T20:17:33.242+0000] {processor.py:183} INFO - Processing /home/airflow/.local/lib/python3.12/site-packages/airflow/example_dags/example_external_task_marker_dag.py took 0.098 seconds
[2026-05-07T20:18:03.610+0000] {processor.py:161} INFO - Started process (PID=210) to work on /home/airflow/.local/lib/python3.12/site-packages/airflow/example_dags/example_external_task_marker_dag.py
[2026-05-07T20:18:03.612+0000] {processor.py:830} INFO - Processing file /home/airflow/.local/lib/python3.12/site-packages/airflow/example_dags/example_external_task_marker_dag.py for tasks to queue
[2026-05-07T20:18:03.615+0000] {logging_mixin.py:188} INFO - [2026-05-07T20:18:03.615+0000] {dagbag.py:545} INFO - Filling up the DagBag from /home/airflow/.local/lib/python3.12/site-packages/airflow/example_dags/example_external_task_marker_dag.py
[2026-05-07T20:18:03.623+0000] {processor.py:840} INFO - DAG(s) 'example_external_task_marker_child', 'example_external_task_marker_parent' retrieved from /home/airflow/.local/lib/python3.12/site-packages/airflow/example_dags/example_external_task_marker_dag.py
[2026-05-07T20:18:03.648+0000] {logging_mixin.py:188} INFO - [2026-05-07T20:18:03.648+0000] {dag.py:3096} INFO - Sync 2 DAGs
[2026-05-07T20:18:03.663+0000] {logging_mixin.py:188} INFO - [2026-05-07T20:18:03.663+0000] {dag.py:3954} INFO - Setting next_dagrun for example_external_task_marker_child to None, run_after=None
[2026-05-07T20:18:03.668+0000] {logging_mixin.py:188} INFO - [2026-05-07T20:18:03.668+0000] {dag.py:3954} INFO - Setting next_dagrun for example_external_task_marker_parent to None, run_after=None
[2026-05-07T20:18:03.688+0000] {processor.py:183} INFO - Processing /home/airflow/.local/lib/python3.12/site-packages/airflow/example_dags/example_external_task_marker_dag.py took 0.084 seconds
[2026-05-07T20:18:34.344+0000] {processor.py:161} INFO - Started process (PID=268) to work on /home/airflow/.local/lib/python3.12/site-packages/airflow/example_dags/example_external_task_marker_dag.py
[2026-05-07T20:18:34.346+0000] {processor.py:830} INFO - Processing file /home/airflow/.local/lib/python3.12/site-packages/airflow/example_dags/example_external_task_marker_dag.py for tasks to queue
[2026-05-07T20:18:34.348+0000] {logging_mixin.py:188} INFO - [2026-05-07T20:18:34.348+0000] {dagbag.py:545} INFO - Filling up the DagBag from /home/airflow/.local/lib/python3.12/site-packages/airflow/example_dags/example_external_task_marker_dag.py
[2026-05-07T20:18:34.355+0000] {processor.py:840} INFO - DAG(s) 'example_external_task_marker_parent', 'example_external_task_marker_child' retrieved from /home/airflow/.local/lib/python3.12/site-packages/airflow/example_dags/example_external_task_marker_dag.py
[2026-05-07T20:18:34.383+0000] {logging_mixin.py:188} INFO - [2026-05-07T20:18:34.383+0000] {dag.py:3096} INFO - Sync 2 DAGs
[2026-05-07T20:18:34.402+0000] {logging_mixin.py:188} INFO - [2026-05-07T20:18:34.402+0000] {dag.py:3954} INFO - Setting next_dagrun for example_external_task_marker_child to None, run_after=None
[2026-05-07T20:18:34.407+0000] {logging_mixin.py:188} INFO - [2026-05-07T20:18:34.407+0000] {dag.py:3954} INFO - Setting next_dagrun for example_external_task_marker_parent to None, run_after=None
[2026-05-07T20:18:34.432+0000] {processor.py:183} INFO - Processing /home/airflow/.local/lib/python3.12/site-packages/airflow/example_dags/example_external_task_marker_dag.py took 0.093 seconds
[2026-05-07T20:19:04.680+0000] {processor.py:161} INFO - Started process (PID=326) to work on /home/airflow/.local/lib/python3.12/site-packages/airflow/example_dags/example_external_task_marker_dag.py
[2026-05-07T20:19:04.684+0000] {processor.py:830} INFO - Processing file /home/airflow/.local/lib/python3.12/site-packages/airflow/example_dags/example_external_task_marker_dag.py for tasks to queue
[2026-05-07T20:19:04.688+0000] {logging_mixin.py:188} INFO - [2026-05-07T20:19:04.688+0000] {dagbag.py:545} INFO - Filling up the DagBag from /home/airflow/.local/lib/python3.12/site-packages/airflow/example_dags/example_external_task_marker_dag.py
[2026-05-07T20:19:04.697+0000] {processor.py:840} INFO - DAG(s) 'example_external_task_marker_parent', 'example_external_task_marker_child' retrieved from /home/airflow/.local/lib/python3.12/site-packages/airflow/example_dags/example_external_task_marker_dag.py
[2026-05-07T20:19:04.731+0000] {logging_mixin.py:188} INFO - [2026-05-07T20:19:04.731+0000] {dag.py:3096} INFO - Sync 2 DAGs
[2026-05-07T20:19:04.747+0000] {logging_mixin.py:188} INFO - [2026-05-07T20:19:04.747+0000] {dag.py:3954} INFO - Setting next_dagrun for example_external_task_marker_child to None, run_after=None
[2026-05-07T20:19:04.754+0000] {logging_mixin.py:188} INFO - [2026-05-07T20:19:04.754+0000] {dag.py:3954} INFO - Setting next_dagrun for example_external_task_marker_parent to None, run_after=None
[2026-05-07T20:19:04.784+0000] {processor.py:183} INFO - Processing /home/airflow/.local/lib/python3.12/site-packages/airflow/example_dags/example_external_task_marker_dag.py took 0.112 seconds
[2026-05-07T20:19:35.154+0000] {processor.py:161} INFO - Started process (PID=384) to work on /home/airflow/.local/lib/python3.12/site-packages/airflow/example_dags/example_external_task_marker_dag.py
[2026-05-07T20:19:35.158+0000] {processor.py:830} INFO - Processing file /home/airflow/.local/lib/python3.12/site-packages/airflow/example_dags/example_external_task_marker_dag.py for tasks to queue
[2026-05-07T20:19:35.164+0000] {logging_mixin.py:188} INFO - [2026-05-07T20:19:35.163+0000] {dagbag.py:545} INFO - Filling up the DagBag from /home/airflow/.local/lib/python3.12/site-packages/airflow/example_dags/example_external_task_marker_dag.py
[2026-05-07T20:19:35.178+0000] {processor.py:840} INFO - DAG(s) 'example_external_task_marker_parent', 'example_external_task_marker_child' retrieved from /home/airflow/.local/lib/python3.12/site-packages/airflow/example_dags/example_external_task_marker_dag.py
[2026-05-07T20:19:35.217+0000] {logging_mixin.py:188} INFO - [2026-05-07T20:19:35.217+0000] {dag.py:3096} INFO - Sync 2 DAGs
[2026-05-07T20:19:35.239+0000] {logging_mixin.py:188} INFO - [2026-05-07T20:19:35.237+0000] {dag.py:3954} INFO - Setting next_dagrun for example_external_task_marker_child to None, run_after=None
[2026-05-07T20:19:35.244+0000] {logging_mixin.py:188} INFO - [2026-05-07T20:19:35.244+0000] {dag.py:3954} INFO - Setting next_dagrun for example_external_task_marker_parent to None, run_after=None
[2026-05-07T20:19:35.273+0000] {processor.py:183} INFO - Processing /home/airflow/.local/lib/python3.12/site-packages/airflow/example_dags/example_external_task_marker_dag.py took 0.135 seconds
[2026-05-07T20:20:05.750+0000] {processor.py:161} INFO - Started process (PID=442) to work on /home/airflow/.local/lib/python3.12/site-packages/airflow/example_dags/example_external_task_marker_dag.py
[2026-05-07T20:20:05.752+0000] {processor.py:830} INFO - Processing file /home/airflow/.local/lib/python3.12/site-packages/airflow/example_dags/example_external_task_marker_dag.py for tasks to queue
[2026-05-07T20:20:05.755+0000] {logging_mixin.py:188} INFO - [2026-05-07T20:20:05.755+0000] {dagbag.py:545} INFO - Filling up the DagBag from /home/airflow/.local/lib/python3.12/site-packages/airflow/example_dags/example_external_task_marker_dag.py
[2026-05-07T20:20:05.762+0000] {processor.py:840} INFO - DAG(s) 'example_external_task_marker_child', 'example_external_task_marker_parent' retrieved from /home/airflow/.local/lib/python3.12/site-packages/airflow/example_dags/example_external_task_marker_dag.py
[2026-05-07T20:20:05.786+0000] {logging_mixin.py:188} INFO - [2026-05-07T20:20:05.786+0000] {dag.py:3096} INFO - Sync 2 DAGs
[2026-05-07T20:20:05.800+0000] {logging_mixin.py:188} INFO - [2026-05-07T20:20:05.800+0000] {dag.py:3954} INFO - Setting next_dagrun for example_external_task_marker_child to None, run_after=None
[2026-05-07T20:20:05.806+0000] {logging_mixin.py:188} INFO - [2026-05-07T20:20:05.805+0000] {dag.py:3954} INFO - Setting next_dagrun for example_external_task_marker_parent to None, run_after=None
[2026-05-07T20:20:05.830+0000] {processor.py:183} INFO - Processing /home/airflow/.local/lib/python3.12/site-packages/airflow/example_dags/example_external_task_marker_dag.py took 0.085 seconds
[2026-05-07T20:20:36.268+0000] {processor.py:161} INFO - Started process (PID=500) to work on /home/airflow/.local/lib/python3.12/site-packages/airflow/example_dags/example_external_task_marker_dag.py
[2026-05-07T20:20:36.270+0000] {processor.py:830} INFO - Processing file /home/airflow/.local/lib/python3.12/site-packages/airflow/example_dags/example_external_task_marker_dag.py for tasks to queue
[2026-05-07T20:20:36.273+0000] {logging_mixin.py:188} INFO - [2026-05-07T20:20:36.272+0000] {dagbag.py:545} INFO - Filling up the DagBag from /home/airflow/.local/lib/python3.12/site-packages/airflow/example_dags/example_external_task_marker_dag.py
[2026-05-07T20:20:36.280+0000] {processor.py:840} INFO - DAG(s) 'example_external_task_marker_child', 'example_external_task_marker_parent' retrieved from /home/airflow/.local/lib/python3.12/site-packages/airflow/example_dags/example_external_task_marker_dag.py
[2026-05-07T20:20:36.306+0000] {logging_mixin.py:188} INFO - [2026-05-07T20:20:36.306+0000] {dag.py:3096} INFO - Sync 2 DAGs
[2026-05-07T20:20:36.319+0000] {logging_mixin.py:188} INFO - [2026-05-07T20:20:36.318+0000] {dag.py:3954} INFO - Setting next_dagrun for example_external_task_marker_child to None, run_after=None
[2026-05-07T20:20:36.323+0000] {logging_mixin.py:188} INFO - [2026-05-07T20:20:36.323+0000] {dag.py:3954} INFO - Setting next_dagrun for example_external_task_marker_parent to None, run_after=None
[2026-05-07T20:20:36.341+0000] {processor.py:183} INFO - Processing /home/airflow/.local/lib/python3.12/site-packages/airflow/example_dags/example_external_task_marker_dag.py took 0.079 seconds
[2026-05-07T20:21:06.411+0000] {processor.py:161} INFO - Started process (PID=558) to work on /home/airflow/.local/lib/python3.12/site-packages/airflow/example_dags/example_external_task_marker_dag.py
[2026-05-07T20:21:06.412+0000] {processor.py:830} INFO - Processing file /home/airflow/.local/lib/python3.12/site-packages/airflow/example_dags/example_external_task_marker_dag.py for tasks to queue
[2026-05-07T20:21:06.416+0000] {logging_mixin.py:188} INFO - [2026-05-07T20:21:06.415+0000] {dagbag.py:545} INFO - Filling up the DagBag from /home/airflow/.local/lib/python3.12/site-packages/airflow/example_dags/example_external_task_marker_dag.py
[2026-05-07T20:21:06.424+0000] {processor.py:840} INFO - DAG(s) 'example_external_task_marker_child', 'example_external_task_marker_parent' retrieved from /home/airflow/.local/lib/python3.12/site-packages/airflow/example_dags/example_external_task_marker_dag.py
[2026-05-07T20:21:06.455+0000] {logging_mixin.py:188} INFO - [2026-05-07T20:21:06.455+0000] {dag.py:3096} INFO - Sync 2 DAGs
[2026-05-07T20:21:06.474+0000] {logging_mixin.py:188} INFO - [2026-05-07T20:21:06.474+0000] {dag.py:3954} INFO - Setting next_dagrun for example_external_task_marker_child to None, run_after=None
[2026-05-07T20:21:06.480+0000] {logging_mixin.py:188} INFO - [2026-05-07T20:21:06.480+0000] {dag.py:3954} INFO - Setting next_dagrun for example_external_task_marker_parent to None, run_after=None
[2026-05-07T20:21:06.507+0000] {processor.py:183} INFO - Processing /home/airflow/.local/lib/python3.12/site-packages/airflow/example_dags/example_external_task_marker_dag.py took 0.103 seconds
[2026-05-07T20:21:36.950+0000] {processor.py:161} INFO - Started process (PID=616) to work on /home/airflow/.local/lib/python3.12/site-packages/airflow/example_dags/example_external_task_marker_dag.py
[2026-05-07T20:21:36.951+0000] {processor.py:830} INFO - Processing file /home/airflow/.local/lib/python3.12/site-packages/airflow/example_dags/example_external_task_marker_dag.py for tasks to queue
[2026-05-07T20:21:36.953+0000] {logging_mixin.py:188} INFO - [2026-05-07T20:21:36.953+0000] {dagbag.py:545} INFO - Filling up the DagBag from /home/airflow/.local/lib/python3.12/site-packages/airflow/example_dags/example_external_task_marker_dag.py
[2026-05-07T20:21:36.960+0000] {processor.py:840} INFO - DAG(s) 'example_external_task_marker_parent', 'example_external_task_marker_child' retrieved from /home/airflow/.local/lib/python3.12/site-packages/airflow/example_dags/example_external_task_marker_dag.py
[2026-05-07T20:21:36.991+0000] {logging_mixin.py:188} INFO - [2026-05-07T20:21:36.990+0000] {dag.py:3096} INFO - Sync 2 DAGs
[2026-05-07T20:21:37.004+0000] {logging_mixin.py:188} INFO - [2026-05-07T20:21:37.004+0000] {dag.py:3954} INFO - Setting next_dagrun for example_external_task_marker_child to None, run_after=None
[2026-05-07T20:21:37.009+0000] {logging_mixin.py:188} INFO - [2026-05-07T20:21:37.009+0000] {dag.py:3954} INFO - Setting next_dagrun for example_external_task_marker_parent to None, run_after=None
[2026-05-07T20:21:37.033+0000] {processor.py:183} INFO - Processing /home/airflow/.local/lib/python3.12/site-packages/airflow/example_dags/example_external_task_marker_dag.py took 0.089 seconds
[2026-05-07T20:22:07.703+0000] {processor.py:161} INFO - Started process (PID=674) to work on /home/airflow/.local/lib/python3.12/site-packages/airflow/example_dags/example_external_task_marker_dag.py
[2026-05-07T20:22:07.704+0000] {processor.py:830} INFO - Processing file /home/airflow/.local/lib/python3.12/site-packages/airflow/example_dags/example_external_task_marker_dag.py for tasks to queue
[2026-05-07T20:22:07.707+0000] {logging_mixin.py:188} INFO - [2026-05-07T20:22:07.706+0000] {dagbag.py:545} INFO - Filling up the DagBag from /home/airflow/.local/lib/python3.12/site-packages/airflow/example_dags/example_external_task_marker_dag.py
[2026-05-07T20:22:07.717+0000] {processor.py:840} INFO - DAG(s) 'example_external_task_marker_parent', 'example_external_task_marker_child' retrieved from /home/airflow/.local/lib/python3.12/site-packages/airflow/example_dags/example_external_task_marker_dag.py
[2026-05-07T20:22:07.748+0000] {logging_mixin.py:188} INFO - [2026-05-07T20:22:07.747+0000] {dag.py:3096} INFO - Sync 2 DAGs
[2026-05-07T20:22:07.761+0000] {logging_mixin.py:188} INFO - [2026-05-07T20:22:07.761+0000] {dag.py:3954} INFO - Setting next_dagrun for example_external_task_marker_child to None, run_after=None
[2026-05-07T20:22:07.767+0000] {logging_mixin.py:188} INFO - [2026-05-07T20:22:07.767+0000] {dag.py:3954} INFO - Setting next_dagrun for example_external_task_marker_parent to None, run_after=None
[2026-05-07T20:22:07.789+0000] {processor.py:183} INFO - Processing /home/airflow/.local/lib/python3.12/site-packages/airflow/example_dags/example_external_task_marker_dag.py took 0.095 seconds
[2026-05-07T20:22:38.127+0000] {processor.py:161} INFO - Started process (PID=733) to work on /home/airflow/.local/lib/python3.12/site-packages/airflow/example_dags/example_external_task_marker_dag.py
[2026-05-07T20:22:38.129+0000] {processor.py:830} INFO - Processing file /home/airflow/.local/lib/python3.12/site-packages/airflow/example_dags/example_external_task_marker_dag.py for tasks to queue
[2026-05-07T20:22:38.131+0000] {logging_mixin.py:188} INFO - [2026-05-07T20:22:38.131+0000] {dagbag.py:545} INFO - Filling up the DagBag from /home/airflow/.local/lib/python3.12/site-packages/airflow/example_dags/example_external_task_marker_dag.py
[2026-05-07T20:22:38.139+0000] {processor.py:840} INFO - DAG(s) 'example_external_task_marker_child', 'example_external_task_marker_parent' retrieved from /home/airflow/.local/lib/python3.12/site-packages/airflow/example_dags/example_external_task_marker_dag.py
[2026-05-07T20:22:38.169+0000] {logging_mixin.py:188} INFO - [2026-05-07T20:22:38.169+0000] {dag.py:3096} INFO - Sync 2 DAGs
[2026-05-07T20:22:38.182+0000] {logging_mixin.py:188} INFO - [2026-05-07T20:22:38.182+0000] {dag.py:3954} INFO - Setting next_dagrun for example_external_task_marker_child to None, run_after=None
[2026-05-07T20:22:38.188+0000] {logging_mixin.py:188} INFO - [2026-05-07T20:22:38.188+0000] {dag.py:3954} INFO - Setting next_dagrun for example_external_task_marker_parent to None, run_after=None
[2026-05-07T20:22:38.215+0000] {processor.py:183} INFO - Processing /home/airflow/.local/lib/python3.12/site-packages/airflow/example_dags/example_external_task_marker_dag.py took 0.094 seconds
[2026-05-07T20:23:08.825+0000] {processor.py:161} INFO - Started process (PID=791) to work on /home/airflow/.local/lib/python3.12/site-packages/airflow/example_dags/example_external_task_marker_dag.py
[2026-05-07T20:23:08.826+0000] {processor.py:830} INFO - Processing file /home/airflow/.local/lib/python3.12/site-packages/airflow/example_dags/example_external_task_marker_dag.py for tasks to queue
[2026-05-07T20:23:08.829+0000] {logging_mixin.py:188} INFO - [2026-05-07T20:23:08.829+0000] {dagbag.py:545} INFO - Filling up the DagBag from /home/airflow/.local/lib/python3.12/site-packages/airflow/example_dags/example_external_task_marker_dag.py
[2026-05-07T20:23:08.835+0000] {processor.py:840} INFO - DAG(s) 'example_external_task_marker_parent', 'example_external_task_marker_child' retrieved from /home/airflow/.local/lib/python3.12/site-packages/airflow/example_dags/example_external_task_marker_dag.py
[2026-05-07T20:23:08.865+0000] {logging_mixin.py:188} INFO - [2026-05-07T20:23:08.865+0000] {dag.py:3096} INFO - Sync 2 DAGs
[2026-05-07T20:23:08.878+0000] {logging_mixin.py:188} INFO - [2026-05-07T20:23:08.878+0000] {dag.py:3954} INFO - Setting next_dagrun for example_external_task_marker_child to None, run_after=None
[2026-05-07T20:23:08.882+0000] {logging_mixin.py:188} INFO - [2026-05-07T20:23:08.882+0000] {dag.py:3954} INFO - Setting next_dagrun for example_external_task_marker_parent to None, run_after=None
[2026-05-07T20:23:08.902+0000] {processor.py:183} INFO - Processing /home/airflow/.local/lib/python3.12/site-packages/airflow/example_dags/example_external_task_marker_dag.py took 0.083 seconds
[2026-05-07T20:23:39.137+0000] {processor.py:161} INFO - Started process (PID=850) to work on /home/airflow/.local/lib/python3.12/site-packages/airflow/example_dags/example_external_task_marker_dag.py
[2026-05-07T20:23:39.139+0000] {processor.py:830} INFO - Processing file /home/airflow/.local/lib/python3.12/site-packages/airflow/example_dags/example_external_task_marker_dag.py for tasks to queue
[2026-05-07T20:23:39.141+0000] {logging_mixin.py:188} INFO - [2026-05-07T20:23:39.141+0000] {dagbag.py:545} INFO - Filling up the DagBag from /home/airflow/.local/lib/python3.12/site-packages/airflow/example_dags/example_external_task_marker_dag.py
[2026-05-07T20:23:39.148+0000] {processor.py:840} INFO - DAG(s) 'example_external_task_marker_child', 'example_external_task_marker_parent' retrieved from /home/airflow/.local/lib/python3.12/site-packages/airflow/example_dags/example_external_task_marker_dag.py
[2026-05-07T20:23:39.172+0000] {logging_mixin.py:188} INFO - [2026-05-07T20:23:39.172+0000] {dag.py:3096} INFO - Sync 2 DAGs
[2026-05-07T20:23:39.189+0000] {logging_mixin.py:188} INFO - [2026-05-07T20:23:39.189+0000] {dag.py:3954} INFO - Setting next_dagrun for example_external_task_marker_child to None, run_after=None
[2026-05-07T20:23:39.201+0000] {logging_mixin.py:188} INFO - [2026-05-07T20:23:39.201+0000] {dag.py:3954} INFO - Setting next_dagrun for example_external_task_marker_parent to None, run_after=None
[2026-05-07T20:23:39.229+0000] {processor.py:183} INFO - Processing /home/airflow/.local/lib/python3.12/site-packages/airflow/example_dags/example_external_task_marker_dag.py took 0.097 seconds
[2026-05-07T20:24:09.703+0000] {processor.py:161} INFO - Started process (PID=908) to work on /home/airflow/.local/lib/python3.12/site-packages/airflow/example_dags/example_external_task_marker_dag.py
[2026-05-07T20:24:09.705+0000] {processor.py:830} INFO - Processing file /home/airflow/.local/lib/python3.12/site-packages/airflow/example_dags/example_external_task_marker_dag.py for tasks to queue
[2026-05-07T20:24:09.707+0000] {logging_mixin.py:188} INFO - [2026-05-07T20:24:09.707+0000] {dagbag.py:545} INFO - Filling up the DagBag from /home/airflow/.local/lib/python3.12/site-packages/airflow/example_dags/example_external_task_marker_dag.py
[2026-05-07T20:24:09.714+0000] {processor.py:840} INFO - DAG(s) 'example_external_task_marker_parent', 'example_external_task_marker_child' retrieved from /home/airflow/.local/lib/python3.12/site-packages/airflow/example_dags/example_external_task_marker_dag.py
[2026-05-07T20:24:09.740+0000] {logging_mixin.py:188} INFO - [2026-05-07T20:24:09.740+0000] {dag.py:3096} INFO - Sync 2 DAGs
[2026-05-07T20:24:09.756+0000] {logging_mixin.py:188} INFO - [2026-05-07T20:24:09.756+0000] {dag.py:3954} INFO - Setting next_dagrun for example_external_task_marker_child to None, run_after=None
[2026-05-07T20:24:09.761+0000] {logging_mixin.py:188} INFO - [2026-05-07T20:24:09.761+0000] {dag.py:3954} INFO - Setting next_dagrun for example_external_task_marker_parent to None, run_after=None
[2026-05-07T20:24:09.782+0000] {processor.py:183} INFO - Processing /home/airflow/.local/lib/python3.12/site-packages/airflow/example_dags/example_external_task_marker_dag.py took 0.084 seconds
[2026-05-07T20:24:40.075+0000] {processor.py:161} INFO - Started process (PID=966) to work on /home/airflow/.local/lib/python3.12/site-packages/airflow/example_dags/example_external_task_marker_dag.py
[2026-05-07T20:24:40.076+0000] {processor.py:830} INFO - Processing file /home/airflow/.local/lib/python3.12/site-packages/airflow/example_dags/example_external_task_marker_dag.py for tasks to queue
[2026-05-07T20:24:40.079+0000] {logging_mixin.py:188} INFO - [2026-05-07T20:24:40.079+0000] {dagbag.py:545} INFO - Filling up the DagBag from /home/airflow/.local/lib/python3.12/site-packages/airflow/example_dags/example_external_task_marker_dag.py
[2026-05-07T20:24:40.086+0000] {processor.py:840} INFO - DAG(s) 'example_external_task_marker_parent', 'example_external_task_marker_child' retrieved from /home/airflow/.local/lib/python3.12/site-packages/airflow/example_dags/example_external_task_marker_dag.py
[2026-05-07T20:24:40.111+0000] {logging_mixin.py:188} INFO - [2026-05-07T20:24:40.111+0000] {dag.py:3096} INFO - Sync 2 DAGs
[2026-05-07T20:24:40.123+0000] {logging_mixin.py:188} INFO - [2026-05-07T20:24:40.123+0000] {dag.py:3954} INFO - Setting next_dagrun for example_external_task_marker_child to None, run_after=None
[2026-05-07T20:24:40.127+0000] {logging_mixin.py:188} INFO - [2026-05-07T20:24:40.127+0000] {dag.py:3954} INFO - Setting next_dagrun for example_external_task_marker_parent to None, run_after=None
[2026-05-07T20:24:40.147+0000] {processor.py:183} INFO - Processing /home/airflow/.local/lib/python3.12/site-packages/airflow/example_dags/example_external_task_marker_dag.py took 0.079 seconds
[2026-05-07T20:25:10.668+0000] {processor.py:161} INFO - Started process (PID=1024) to work on /home/airflow/.local/lib/python3.12/site-packages/airflow/example_dags/example_external_task_marker_dag.py
[2026-05-07T20:25:10.670+0000] {processor.py:830} INFO - Processing file /home/airflow/.local/lib/python3.12/site-packages/airflow/example_dags/example_external_task_marker_dag.py for tasks to queue
[2026-05-07T20:25:10.672+0000] {logging_mixin.py:188} INFO - [2026-05-07T20:25:10.672+0000] {dagbag.py:545} INFO - Filling up the DagBag from /home/airflow/.local/lib/python3.12/site-packages/airflow/example_dags/example_external_task_marker_dag.py
[2026-05-07T20:25:10.679+0000] {processor.py:840} INFO - DAG(s) 'example_external_task_marker_parent', 'example_external_task_marker_child' retrieved from /home/airflow/.local/lib/python3.12/site-packages/airflow/example_dags/example_external_task_marker_dag.py
[2026-05-07T20:25:10.704+0000] {logging_mixin.py:188} INFO - [2026-05-07T20:25:10.704+0000] {dag.py:3096} INFO - Sync 2 DAGs
[2026-05-07T20:25:10.718+0000] {logging_mixin.py:188} INFO - [2026-05-07T20:25:10.718+0000] {dag.py:3954} INFO - Setting next_dagrun for example_external_task_marker_child to None, run_after=None
[2026-05-07T20:25:10.723+0000] {logging_mixin.py:188} INFO - [2026-05-07T20:25:10.723+0000] {dag.py:3954} INFO - Setting next_dagrun for example_external_task_marker_parent to None, run_after=None
[2026-05-07T20:25:10.744+0000] {processor.py:183} INFO - Processing /home/airflow/.local/lib/python3.12/site-packages/airflow/example_dags/example_external_task_marker_dag.py took 0.082 seconds
[2026-05-07T20:25:40.969+0000] {processor.py:161} INFO - Started process (PID=1082) to work on /home/airflow/.local/lib/python3.12/site-packages/airflow/example_dags/example_external_task_marker_dag.py
[2026-05-07T20:25:40.971+0000] {processor.py:830} INFO - Processing file /home/airflow/.local/lib/python3.12/site-packages/airflow/example_dags/example_external_task_marker_dag.py for tasks to queue
[2026-05-07T20:25:40.975+0000] {logging_mixin.py:188} INFO - [2026-05-07T20:25:40.974+0000] {dagbag.py:545} INFO - Filling up the DagBag from /home/airflow/.local/lib/python3.12/site-packages/airflow/example_dags/example_external_task_marker_dag.py
[2026-05-07T20:25:40.989+0000] {processor.py:840} INFO - DAG(s) 'example_external_task_marker_parent', 'example_external_task_marker_child' retrieved from /home/airflow/.local/lib/python3.12/site-packages/airflow/example_dags/example_external_task_marker_dag.py
[2026-05-07T20:25:41.036+0000] {logging_mixin.py:188} INFO - [2026-05-07T20:25:41.036+0000] {dag.py:3096} INFO - Sync 2 DAGs
[2026-05-07T20:25:41.059+0000] {logging_mixin.py:188} INFO - [2026-05-07T20:25:41.058+0000] {dag.py:3954} INFO - Setting next_dagrun for example_external_task_marker_child to None, run_after=None
[2026-05-07T20:25:41.066+0000] {logging_mixin.py:188} INFO - [2026-05-07T20:25:41.066+0000] {dag.py:3954} INFO - Setting next_dagrun for example_external_task_marker_parent to None, run_after=None
[2026-05-07T20:25:41.093+0000] {processor.py:183} INFO - Processing /home/airflow/.local/lib/python3.12/site-packages/airflow/example_dags/example_external_task_marker_dag.py took 0.145 seconds
[2026-05-07T20:26:11.688+0000] {processor.py:161} INFO - Started process (PID=1140) to work on /home/airflow/.local/lib/python3.12/site-packages/airflow/example_dags/example_external_task_marker_dag.py
[2026-05-07T20:26:11.690+0000] {processor.py:830} INFO - Processing file /home/airflow/.local/lib/python3.12/site-packages/airflow/example_dags/example_external_task_marker_dag.py for tasks to queue
[2026-05-07T20:26:11.694+0000] {logging_mixin.py:188} INFO - [2026-05-07T20:26:11.693+0000] {dagbag.py:545} INFO - Filling up the DagBag from /home/airflow/.local/lib/python3.12/site-packages/airflow/example_dags/example_external_task_marker_dag.py
[2026-05-07T20:26:11.704+0000] {processor.py:840} INFO - DAG(s) 'example_external_task_marker_parent', 'example_external_task_marker_child' retrieved from /home/airflow/.local/lib/python3.12/site-packages/airflow/example_dags/example_external_task_marker_dag.py
[2026-05-07T20:26:11.744+0000] {logging_mixin.py:188} INFO - [2026-05-07T20:26:11.744+0000] {dag.py:3096} INFO - Sync 2 DAGs
[2026-05-07T20:26:11.762+0000] {logging_mixin.py:188} INFO - [2026-05-07T20:26:11.761+0000] {dag.py:3954} INFO - Setting next_dagrun for example_external_task_marker_child to None, run_after=None
[2026-05-07T20:26:11.771+0000] {logging_mixin.py:188} INFO - [2026-05-07T20:26:11.770+0000] {dag.py:3954} INFO - Setting next_dagrun for example_external_task_marker_parent to None, run_after=None
[2026-05-07T20:26:11.812+0000] {processor.py:183} INFO - Processing /home/airflow/.local/lib/python3.12/site-packages/airflow/example_dags/example_external_task_marker_dag.py took 0.134 seconds
[2026-05-07T20:26:42.190+0000] {processor.py:161} INFO - Started process (PID=1199) to work on /home/airflow/.local/lib/python3.12/site-packages/airflow/example_dags/example_external_task_marker_dag.py
[2026-05-07T20:26:42.191+0000] {processor.py:830} INFO - Processing file /home/airflow/.local/lib/python3.12/site-packages/airflow/example_dags/example_external_task_marker_dag.py for tasks to queue
[2026-05-07T20:26:42.193+0000] {logging_mixin.py:188} INFO - [2026-05-07T20:26:42.193+0000] {dagbag.py:545} INFO - Filling up the DagBag from /home/airflow/.local/lib/python3.12/site-packages/airflow/example_dags/example_external_task_marker_dag.py
[2026-05-07T20:26:42.199+0000] {processor.py:840} INFO - DAG(s) 'example_external_task_marker_parent', 'example_external_task_marker_child' retrieved from /home/airflow/.local/lib/python3.12/site-packages/airflow/example_dags/example_external_task_marker_dag.py
[2026-05-07T20:26:42.223+0000] {logging_mixin.py:188} INFO - [2026-05-07T20:26:42.222+0000] {dag.py:3096} INFO - Sync 2 DAGs
[2026-05-07T20:26:42.236+0000] {logging_mixin.py:188} INFO - [2026-05-07T20:26:42.235+0000] {dag.py:3954} INFO - Setting next_dagrun for example_external_task_marker_child to None, run_after=None
[2026-05-07T20:26:42.241+0000] {logging_mixin.py:188} INFO - [2026-05-07T20:26:42.240+0000] {dag.py:3954} INFO - Setting next_dagrun for example_external_task_marker_parent to None, run_after=None
[2026-05-07T20:26:42.259+0000] {processor.py:183} INFO - Processing /home/airflow/.local/lib/python3.12/site-packages/airflow/example_dags/example_external_task_marker_dag.py took 0.074 seconds
[2026-05-07T20:27:13.506+0000] {processor.py:161} INFO - Started process (PID=1256) to work on /home/airflow/.local/lib/python3.12/site-packages/airflow/example_dags/example_external_task_marker_dag.py
[2026-05-07T20:27:13.507+0000] {processor.py:830} INFO - Processing file /home/airflow/.local/lib/python3.12/site-packages/airflow/example_dags/example_external_task_marker_dag.py for tasks to queue
[2026-05-07T20:27:13.510+0000] {logging_mixin.py:188} INFO - [2026-05-07T20:27:13.510+0000] {dagbag.py:545} INFO - Filling up the DagBag from /home/airflow/.local/lib/python3.12/site-packages/airflow/example_dags/example_external_task_marker_dag.py
[2026-05-07T20:27:13.517+0000] {processor.py:840} INFO - DAG(s) 'example_external_task_marker_child', 'example_external_task_marker_parent' retrieved from /home/airflow/.local/lib/python3.12/site-packages/airflow/example_dags/example_external_task_marker_dag.py
[2026-05-07T20:27:13.545+0000] {logging_mixin.py:188} INFO - [2026-05-07T20:27:13.545+0000] {dag.py:3096} INFO - Sync 2 DAGs
[2026-05-07T20:27:13.562+0000] {logging_mixin.py:188} INFO - [2026-05-07T20:27:13.561+0000] {dag.py:3954} INFO - Setting next_dagrun for example_external_task_marker_child to None, run_after=None
[2026-05-07T20:27:13.566+0000] {logging_mixin.py:188} INFO - [2026-05-07T20:27:13.566+0000] {dag.py:3954} INFO - Setting next_dagrun for example_external_task_marker_parent to None, run_after=None
[2026-05-07T20:27:13.660+0000] {processor.py:183} INFO - Processing /home/airflow/.local/lib/python3.12/site-packages/airflow/example_dags/example_external_task_marker_dag.py took 0.159 seconds
[2026-05-07T20:27:44.567+0000] {processor.py:161} INFO - Started process (PID=1313) to work on /home/airflow/.local/lib/python3.12/site-packages/airflow/example_dags/example_external_task_marker_dag.py
[2026-05-07T20:27:44.569+0000] {processor.py:830} INFO - Processing file /home/airflow/.local/lib/python3.12/site-packages/airflow/example_dags/example_external_task_marker_dag.py for tasks to queue
[2026-05-07T20:27:44.571+0000] {logging_mixin.py:188} INFO - [2026-05-07T20:27:44.571+0000] {dagbag.py:545} INFO - Filling up the DagBag from /home/airflow/.local/lib/python3.12/site-packages/airflow/example_dags/example_external_task_marker_dag.py
[2026-05-07T20:27:44.580+0000] {processor.py:840} INFO - DAG(s) 'example_external_task_marker_parent', 'example_external_task_marker_child' retrieved from /home/airflow/.local/lib/python3.12/site-packages/airflow/example_dags/example_external_task_marker_dag.py
[2026-05-07T20:27:44.611+0000] {logging_mixin.py:188} INFO - [2026-05-07T20:27:44.610+0000] {dag.py:3096} INFO - Sync 2 DAGs
[2026-05-07T20:27:44.627+0000] {logging_mixin.py:188} INFO - [2026-05-07T20:27:44.626+0000] {dag.py:3954} INFO - Setting next_dagrun for example_external_task_marker_child to None, run_after=None
[2026-05-07T20:27:44.633+0000] {logging_mixin.py:188} INFO - [2026-05-07T20:27:44.633+0000] {dag.py:3954} INFO - Setting next_dagrun for example_external_task_marker_parent to None, run_after=None
[2026-05-07T20:27:44.661+0000] {processor.py:183} INFO - Processing /home/airflow/.local/lib/python3.12/site-packages/airflow/example_dags/example_external_task_marker_dag.py took 0.099 seconds
[2026-05-07T20:28:14.962+0000] {processor.py:161} INFO - Started process (PID=1371) to work on /home/airflow/.local/lib/python3.12/site-packages/airflow/example_dags/example_external_task_marker_dag.py
[2026-05-07T20:28:14.963+0000] {processor.py:830} INFO - Processing file /home/airflow/.local/lib/python3.12/site-packages/airflow/example_dags/example_external_task_marker_dag.py for tasks to queue
[2026-05-07T20:28:14.966+0000] {logging_mixin.py:188} INFO - [2026-05-07T20:28:14.965+0000] {dagbag.py:545} INFO - Filling up the DagBag from /home/airflow/.local/lib/python3.12/site-packages/airflow/example_dags/example_external_task_marker_dag.py
[2026-05-07T20:28:14.973+0000] {processor.py:840} INFO - DAG(s) 'example_external_task_marker_parent', 'example_external_task_marker_child' retrieved from /home/airflow/.local/lib/python3.12/site-packages/airflow/example_dags/example_external_task_marker_dag.py
[2026-05-07T20:28:14.997+0000] {logging_mixin.py:188} INFO - [2026-05-07T20:28:14.997+0000] {dag.py:3096} INFO - Sync 2 DAGs
[2026-05-07T20:28:15.009+0000] {logging_mixin.py:188} INFO - [2026-05-07T20:28:15.009+0000] {dag.py:3954} INFO - Setting next_dagrun for example_external_task_marker_child to None, run_after=None
[2026-05-07T20:28:15.014+0000] {logging_mixin.py:188} INFO - [2026-05-07T20:28:15.013+0000] {dag.py:3954} INFO - Setting next_dagrun for example_external_task_marker_parent to None, run_after=None
[2026-05-07T20:28:15.035+0000] {processor.py:183} INFO - Processing /home/airflow/.local/lib/python3.12/site-packages/airflow/example_dags/example_external_task_marker_dag.py took 0.077 seconds
[2026-05-07T20:28:45.232+0000] {processor.py:161} INFO - Started process (PID=1429) to work on /home/airflow/.local/lib/python3.12/site-packages/airflow/example_dags/example_external_task_marker_dag.py
[2026-05-07T20:28:45.233+0000] {processor.py:830} INFO - Processing file /home/airflow/.local/lib/python3.12/site-packages/airflow/example_dags/example_external_task_marker_dag.py for tasks to queue
[2026-05-07T20:28:45.235+0000] {logging_mixin.py:188} INFO - [2026-05-07T20:28:45.235+0000] {dagbag.py:545} INFO - Filling up the DagBag from /home/airflow/.local/lib/python3.12/site-packages/airflow/example_dags/example_external_task_marker_dag.py
[2026-05-07T20:28:45.242+0000] {processor.py:840} INFO - DAG(s) 'example_external_task_marker_parent', 'example_external_task_marker_child' retrieved from /home/airflow/.local/lib/python3.12/site-packages/airflow/example_dags/example_external_task_marker_dag.py
[2026-05-07T20:28:45.265+0000] {logging_mixin.py:188} INFO - [2026-05-07T20:28:45.265+0000] {dag.py:3096} INFO - Sync 2 DAGs
[2026-05-07T20:28:45.279+0000] {logging_mixin.py:188} INFO - [2026-05-07T20:28:45.279+0000] {dag.py:3954} INFO - Setting next_dagrun for example_external_task_marker_child to None, run_after=None
[2026-05-07T20:28:45.284+0000] {logging_mixin.py:188} INFO - [2026-05-07T20:28:45.284+0000] {dag.py:3954} INFO - Setting next_dagrun for example_external_task_marker_parent to None, run_after=None
[2026-05-07T20:28:45.305+0000] {processor.py:183} INFO - Processing /home/airflow/.local/lib/python3.12/site-packages/airflow/example_dags/example_external_task_marker_dag.py took 0.078 seconds
[2026-05-07T20:29:15.897+0000] {processor.py:161} INFO - Started process (PID=1487) to work on /home/airflow/.local/lib/python3.12/site-packages/airflow/example_dags/example_external_task_marker_dag.py
[2026-05-07T20:29:15.899+0000] {processor.py:830} INFO - Processing file /home/airflow/.local/lib/python3.12/site-packages/airflow/example_dags/example_external_task_marker_dag.py for tasks to queue
[2026-05-07T20:29:15.903+0000] {logging_mixin.py:188} INFO - [2026-05-07T20:29:15.902+0000] {dagbag.py:545} INFO - Filling up the DagBag from /home/airflow/.local/lib/python3.12/site-packages/airflow/example_dags/example_external_task_marker_dag.py
[2026-05-07T20:29:15.910+0000] {processor.py:840} INFO - DAG(s) 'example_external_task_marker_parent', 'example_external_task_marker_child' retrieved from /home/airflow/.local/lib/python3.12/site-packages/airflow/example_dags/example_external_task_marker_dag.py
[2026-05-07T20:29:15.941+0000] {logging_mixin.py:188} INFO - [2026-05-07T20:29:15.941+0000] {dag.py:3096} INFO - Sync 2 DAGs
[2026-05-07T20:29:15.956+0000] {logging_mixin.py:188} INFO - [2026-05-07T20:29:15.956+0000] {dag.py:3954} INFO - Setting next_dagrun for example_external_task_marker_child to None, run_after=None
[2026-05-07T20:29:15.962+0000] {logging_mixin.py:188} INFO - [2026-05-07T20:29:15.962+0000] {dag.py:3954} INFO - Setting next_dagrun for example_external_task_marker_parent to None, run_after=None
[2026-05-07T20:29:15.988+0000] {processor.py:183} INFO - Processing /home/airflow/.local/lib/python3.12/site-packages/airflow/example_dags/example_external_task_marker_dag.py took 0.099 seconds
[2026-05-07T20:29:46.457+0000] {processor.py:161} INFO - Started process (PID=1545) to work on /home/airflow/.local/lib/python3.12/site-packages/airflow/example_dags/example_external_task_marker_dag.py
[2026-05-07T20:29:46.459+0000] {processor.py:830} INFO - Processing file /home/airflow/.local/lib/python3.12/site-packages/airflow/example_dags/example_external_task_marker_dag.py for tasks to queue
[2026-05-07T20:29:46.462+0000] {logging_mixin.py:188} INFO - [2026-05-07T20:29:46.461+0000] {dagbag.py:545} INFO - Filling up the DagBag from /home/airflow/.local/lib/python3.12/site-packages/airflow/example_dags/example_external_task_marker_dag.py
[2026-05-07T20:29:46.471+0000] {processor.py:840} INFO - DAG(s) 'example_external_task_marker_child', 'example_external_task_marker_parent' retrieved from /home/airflow/.local/lib/python3.12/site-packages/airflow/example_dags/example_external_task_marker_dag.py
[2026-05-07T20:29:46.504+0000] {logging_mixin.py:188} INFO - [2026-05-07T20:29:46.503+0000] {dag.py:3096} INFO - Sync 2 DAGs
[2026-05-07T20:29:46.521+0000] {logging_mixin.py:188} INFO - [2026-05-07T20:29:46.521+0000] {dag.py:3954} INFO - Setting next_dagrun for example_external_task_marker_child to None, run_after=None
[2026-05-07T20:29:46.527+0000] {logging_mixin.py:188} INFO - [2026-05-07T20:29:46.527+0000] {dag.py:3954} INFO - Setting next_dagrun for example_external_task_marker_parent to None, run_after=None
[2026-05-07T20:29:46.558+0000] {processor.py:183} INFO - Processing /home/airflow/.local/lib/python3.12/site-packages/airflow/example_dags/example_external_task_marker_dag.py took 0.107 seconds
[2026-05-07T20:30:17.960+0000] {processor.py:161} INFO - Started process (PID=1603) to work on /home/airflow/.local/lib/python3.12/site-packages/airflow/example_dags/example_external_task_marker_dag.py
[2026-05-07T20:30:17.963+0000] {processor.py:830} INFO - Processing file /home/airflow/.local/lib/python3.12/site-packages/airflow/example_dags/example_external_task_marker_dag.py for tasks to queue
[2026-05-07T20:30:17.966+0000] {logging_mixin.py:188} INFO - [2026-05-07T20:30:17.965+0000] {dagbag.py:545} INFO - Filling up the DagBag from /home/airflow/.local/lib/python3.12/site-packages/airflow/example_dags/example_external_task_marker_dag.py
[2026-05-07T20:30:17.975+0000] {processor.py:840} INFO - DAG(s) 'example_external_task_marker_child', 'example_external_task_marker_parent' retrieved from /home/airflow/.local/lib/python3.12/site-packages/airflow/example_dags/example_external_task_marker_dag.py
[2026-05-07T20:30:18.004+0000] {logging_mixin.py:188} INFO - [2026-05-07T20:30:18.003+0000] {dag.py:3096} INFO - Sync 2 DAGs
[2026-05-07T20:30:18.017+0000] {logging_mixin.py:188} INFO - [2026-05-07T20:30:18.017+0000] {dag.py:3954} INFO - Setting next_dagrun for example_external_task_marker_child to None, run_after=None
[2026-05-07T20:30:18.023+0000] {logging_mixin.py:188} INFO - [2026-05-07T20:30:18.022+0000] {dag.py:3954} INFO - Setting next_dagrun for example_external_task_marker_parent to None, run_after=None
[2026-05-07T20:30:18.048+0000] {processor.py:183} INFO - Processing /home/airflow/.local/lib/python3.12/site-packages/airflow/example_dags/example_external_task_marker_dag.py took 0.095 seconds
[2026-05-07T20:30:48.872+0000] {processor.py:161} INFO - Started process (PID=1661) to work on /home/airflow/.local/lib/python3.12/site-packages/airflow/example_dags/example_external_task_marker_dag.py
[2026-05-07T20:30:48.873+0000] {processor.py:830} INFO - Processing file /home/airflow/.local/lib/python3.12/site-packages/airflow/example_dags/example_external_task_marker_dag.py for tasks to queue
[2026-05-07T20:30:48.875+0000] {logging_mixin.py:188} INFO - [2026-05-07T20:30:48.874+0000] {dagbag.py:545} INFO - Filling up the DagBag from /home/airflow/.local/lib/python3.12/site-packages/airflow/example_dags/example_external_task_marker_dag.py
[2026-05-07T20:30:48.881+0000] {processor.py:840} INFO - DAG(s) 'example_external_task_marker_child', 'example_external_task_marker_parent' retrieved from /home/airflow/.local/lib/python3.12/site-packages/airflow/example_dags/example_external_task_marker_dag.py
[2026-05-07T20:30:48.905+0000] {logging_mixin.py:188} INFO - [2026-05-07T20:30:48.904+0000] {dag.py:3096} INFO - Sync 2 DAGs
[2026-05-07T20:30:48.916+0000] {logging_mixin.py:188} INFO - [2026-05-07T20:30:48.916+0000] {dag.py:3954} INFO - Setting next_dagrun for example_external_task_marker_child to None, run_after=None
[2026-05-07T20:30:48.920+0000] {logging_mixin.py:188} INFO - [2026-05-07T20:30:48.920+0000] {dag.py:3954} INFO - Setting next_dagrun for example_external_task_marker_parent to None, run_after=None
[2026-05-07T20:30:48.940+0000] {processor.py:183} INFO - Processing /home/airflow/.local/lib/python3.12/site-packages/airflow/example_dags/example_external_task_marker_dag.py took 0.075 seconds
[2026-05-07T20:31:20.235+0000] {processor.py:161} INFO - Started process (PID=1719) to work on /home/airflow/.local/lib/python3.12/site-packages/airflow/example_dags/example_external_task_marker_dag.py
[2026-05-07T20:31:20.237+0000] {processor.py:830} INFO - Processing file /home/airflow/.local/lib/python3.12/site-packages/airflow/example_dags/example_external_task_marker_dag.py for tasks to queue
[2026-05-07T20:31:20.239+0000] {logging_mixin.py:188} INFO - [2026-05-07T20:31:20.239+0000] {dagbag.py:545} INFO - Filling up the DagBag from /home/airflow/.local/lib/python3.12/site-packages/airflow/example_dags/example_external_task_marker_dag.py
[2026-05-07T20:31:20.245+0000] {processor.py:840} INFO - DAG(s) 'example_external_task_marker_parent', 'example_external_task_marker_child' retrieved from /home/airflow/.local/lib/python3.12/site-packages/airflow/example_dags/example_external_task_marker_dag.py
[2026-05-07T20:31:20.270+0000] {logging_mixin.py:188} INFO - [2026-05-07T20:31:20.270+0000] {dag.py:3096} INFO - Sync 2 DAGs
[2026-05-07T20:31:20.283+0000] {logging_mixin.py:188} INFO - [2026-05-07T20:31:20.282+0000] {dag.py:3954} INFO - Setting next_dagrun for example_external_task_marker_child to None, run_after=None
[2026-05-07T20:31:20.287+0000] {logging_mixin.py:188} INFO - [2026-05-07T20:31:20.287+0000] {dag.py:3954} INFO - Setting next_dagrun for example_external_task_marker_parent to None, run_after=None
[2026-05-07T20:31:20.304+0000] {processor.py:183} INFO - Processing /home/airflow/.local/lib/python3.12/site-packages/airflow/example_dags/example_external_task_marker_dag.py took 0.074 seconds
[2026-05-07T20:31:50.550+0000] {processor.py:161} INFO - Started process (PID=1778) to work on /home/airflow/.local/lib/python3.12/site-packages/airflow/example_dags/example_external_task_marker_dag.py
[2026-05-07T20:31:50.551+0000] {processor.py:830} INFO - Processing file /home/airflow/.local/lib/python3.12/site-packages/airflow/example_dags/example_external_task_marker_dag.py for tasks to queue
[2026-05-07T20:31:50.554+0000] {logging_mixin.py:188} INFO - [2026-05-07T20:31:50.553+0000] {dagbag.py:545} INFO - Filling up the DagBag from /home/airflow/.local/lib/python3.12/site-packages/airflow/example_dags/example_external_task_marker_dag.py
[2026-05-07T20:31:50.560+0000] {processor.py:840} INFO - DAG(s) 'example_external_task_marker_parent', 'example_external_task_marker_child' retrieved from /home/airflow/.local/lib/python3.12/site-packages/airflow/example_dags/example_external_task_marker_dag.py
[2026-05-07T20:31:50.588+0000] {logging_mixin.py:188} INFO - [2026-05-07T20:31:50.588+0000] {dag.py:3096} INFO - Sync 2 DAGs
[2026-05-07T20:31:50.603+0000] {logging_mixin.py:188} INFO - [2026-05-07T20:31:50.602+0000] {dag.py:3954} INFO - Setting next_dagrun for example_external_task_marker_child to None, run_after=None
[2026-05-07T20:31:50.608+0000] {logging_mixin.py:188} INFO - [2026-05-07T20:31:50.608+0000] {dag.py:3954} INFO - Setting next_dagrun for example_external_task_marker_parent to None, run_after=None
[2026-05-07T20:31:50.627+0000] {processor.py:183} INFO - Processing /home/airflow/.local/lib/python3.12/site-packages/airflow/example_dags/example_external_task_marker_dag.py took 0.084 seconds
[2026-05-07T20:32:21.246+0000] {processor.py:161} INFO - Started process (PID=1836) to work on /home/airflow/.local/lib/python3.12/site-packages/airflow/example_dags/example_external_task_marker_dag.py
[2026-05-07T20:32:21.247+0000] {processor.py:830} INFO - Processing file /home/airflow/.local/lib/python3.12/site-packages/airflow/example_dags/example_external_task_marker_dag.py for tasks to queue
[2026-05-07T20:32:21.250+0000] {logging_mixin.py:188} INFO - [2026-05-07T20:32:21.249+0000] {dagbag.py:545} INFO - Filling up the DagBag from /home/airflow/.local/lib/python3.12/site-packages/airflow/example_dags/example_external_task_marker_dag.py
[2026-05-07T20:32:21.255+0000] {processor.py:840} INFO - DAG(s) 'example_external_task_marker_parent', 'example_external_task_marker_child' retrieved from /home/airflow/.local/lib/python3.12/site-packages/airflow/example_dags/example_external_task_marker_dag.py
[2026-05-07T20:32:21.436+0000] {logging_mixin.py:188} INFO - [2026-05-07T20:32:21.436+0000] {dag.py:3096} INFO - Sync 2 DAGs
[2026-05-07T20:32:21.446+0000] {logging_mixin.py:188} INFO - [2026-05-07T20:32:21.446+0000] {dag.py:3954} INFO - Setting next_dagrun for example_external_task_marker_child to None, run_after=None
[2026-05-07T20:32:21.450+0000] {logging_mixin.py:188} INFO - [2026-05-07T20:32:21.449+0000] {dag.py:3954} INFO - Setting next_dagrun for example_external_task_marker_parent to None, run_after=None
[2026-05-07T20:32:21.470+0000] {processor.py:183} INFO - Processing /home/airflow/.local/lib/python3.12/site-packages/airflow/example_dags/example_external_task_marker_dag.py took 0.231 seconds
[2026-05-07T20:32:51.725+0000] {processor.py:161} INFO - Started process (PID=1894) to work on /home/airflow/.local/lib/python3.12/site-packages/airflow/example_dags/example_external_task_marker_dag.py
[2026-05-07T20:32:51.727+0000] {processor.py:830} INFO - Processing file /home/airflow/.local/lib/python3.12/site-packages/airflow/example_dags/example_external_task_marker_dag.py for tasks to queue
[2026-05-07T20:32:51.730+0000] {logging_mixin.py:188} INFO - [2026-05-07T20:32:51.730+0000] {dagbag.py:545} INFO - Filling up the DagBag from /home/airflow/.local/lib/python3.12/site-packages/airflow/example_dags/example_external_task_marker_dag.py
[2026-05-07T20:32:51.736+0000] {processor.py:840} INFO - DAG(s) 'example_external_task_marker_child', 'example_external_task_marker_parent' retrieved from /home/airflow/.local/lib/python3.12/site-packages/airflow/example_dags/example_external_task_marker_dag.py
[2026-05-07T20:32:51.763+0000] {logging_mixin.py:188} INFO - [2026-05-07T20:32:51.762+0000] {dag.py:3096} INFO - Sync 2 DAGs
[2026-05-07T20:32:51.777+0000] {logging_mixin.py:188} INFO - [2026-05-07T20:32:51.776+0000] {dag.py:3954} INFO - Setting next_dagrun for example_external_task_marker_child to None, run_after=None
[2026-05-07T20:32:51.781+0000] {logging_mixin.py:188} INFO - [2026-05-07T20:32:51.781+0000] {dag.py:3954} INFO - Setting next_dagrun for example_external_task_marker_parent to None, run_after=None
[2026-05-07T20:32:51.798+0000] {processor.py:183} INFO - Processing /home/airflow/.local/lib/python3.12/site-packages/airflow/example_dags/example_external_task_marker_dag.py took 0.078 seconds
[2026-05-07T20:33:22.482+0000] {processor.py:161} INFO - Started process (PID=1951) to work on /home/airflow/.local/lib/python3.12/site-packages/airflow/example_dags/example_external_task_marker_dag.py
[2026-05-07T20:33:22.483+0000] {processor.py:830} INFO - Processing file /home/airflow/.local/lib/python3.12/site-packages/airflow/example_dags/example_external_task_marker_dag.py for tasks to queue
[2026-05-07T20:33:22.485+0000] {logging_mixin.py:188} INFO - [2026-05-07T20:33:22.485+0000] {dagbag.py:545} INFO - Filling up the DagBag from /home/airflow/.local/lib/python3.12/site-packages/airflow/example_dags/example_external_task_marker_dag.py
[2026-05-07T20:33:22.491+0000] {processor.py:840} INFO - DAG(s) 'example_external_task_marker_child', 'example_external_task_marker_parent' retrieved from /home/airflow/.local/lib/python3.12/site-packages/airflow/example_dags/example_external_task_marker_dag.py
[2026-05-07T20:33:22.512+0000] {logging_mixin.py:188} INFO - [2026-05-07T20:33:22.511+0000] {dag.py:3096} INFO - Sync 2 DAGs
[2026-05-07T20:33:22.521+0000] {logging_mixin.py:188} INFO - [2026-05-07T20:33:22.521+0000] {dag.py:3954} INFO - Setting next_dagrun for example_external_task_marker_child to None, run_after=None
[2026-05-07T20:33:22.525+0000] {logging_mixin.py:188} INFO - [2026-05-07T20:33:22.525+0000] {dag.py:3954} INFO - Setting next_dagrun for example_external_task_marker_parent to None, run_after=None
[2026-05-07T20:33:22.609+0000] {processor.py:183} INFO - Processing /home/airflow/.local/lib/python3.12/site-packages/airflow/example_dags/example_external_task_marker_dag.py took 0.132 seconds
[2026-05-07T20:33:53.569+0000] {processor.py:161} INFO - Started process (PID=2010) to work on /home/airflow/.local/lib/python3.12/site-packages/airflow/example_dags/example_external_task_marker_dag.py
[2026-05-07T20:33:53.570+0000] {processor.py:830} INFO - Processing file /home/airflow/.local/lib/python3.12/site-packages/airflow/example_dags/example_external_task_marker_dag.py for tasks to queue
[2026-05-07T20:33:53.572+0000] {logging_mixin.py:188} INFO - [2026-05-07T20:33:53.572+0000] {dagbag.py:545} INFO - Filling up the DagBag from /home/airflow/.local/lib/python3.12/site-packages/airflow/example_dags/example_external_task_marker_dag.py
[2026-05-07T20:33:53.579+0000] {processor.py:840} INFO - DAG(s) 'example_external_task_marker_parent', 'example_external_task_marker_child' retrieved from /home/airflow/.local/lib/python3.12/site-packages/airflow/example_dags/example_external_task_marker_dag.py
[2026-05-07T20:33:53.602+0000] {logging_mixin.py:188} INFO - [2026-05-07T20:33:53.601+0000] {dag.py:3096} INFO - Sync 2 DAGs
[2026-05-07T20:33:53.614+0000] {logging_mixin.py:188} INFO - [2026-05-07T20:33:53.614+0000] {dag.py:3954} INFO - Setting next_dagrun for example_external_task_marker_child to None, run_after=None
[2026-05-07T20:33:53.618+0000] {logging_mixin.py:188} INFO - [2026-05-07T20:33:53.618+0000] {dag.py:3954} INFO - Setting next_dagrun for example_external_task_marker_parent to None, run_after=None
[2026-05-07T20:33:53.636+0000] {processor.py:183} INFO - Processing /home/airflow/.local/lib/python3.12/site-packages/airflow/example_dags/example_external_task_marker_dag.py took 0.074 seconds
[2026-05-07T20:34:23.885+0000] {processor.py:161} INFO - Started process (PID=2069) to work on /home/airflow/.local/lib/python3.12/site-packages/airflow/example_dags/example_external_task_marker_dag.py
[2026-05-07T20:34:23.886+0000] {processor.py:830} INFO - Processing file /home/airflow/.local/lib/python3.12/site-packages/airflow/example_dags/example_external_task_marker_dag.py for tasks to queue
[2026-05-07T20:34:23.889+0000] {logging_mixin.py:188} INFO - [2026-05-07T20:34:23.888+0000] {dagbag.py:545} INFO - Filling up the DagBag from /home/airflow/.local/lib/python3.12/site-packages/airflow/example_dags/example_external_task_marker_dag.py
[2026-05-07T20:34:23.895+0000] {processor.py:840} INFO - DAG(s) 'example_external_task_marker_child', 'example_external_task_marker_parent' retrieved from /home/airflow/.local/lib/python3.12/site-packages/airflow/example_dags/example_external_task_marker_dag.py
[2026-05-07T20:34:23.918+0000] {logging_mixin.py:188} INFO - [2026-05-07T20:34:23.918+0000] {dag.py:3096} INFO - Sync 2 DAGs
[2026-05-07T20:34:23.931+0000] {logging_mixin.py:188} INFO - [2026-05-07T20:34:23.930+0000] {dag.py:3954} INFO - Setting next_dagrun for example_external_task_marker_child to None, run_after=None
[2026-05-07T20:34:23.935+0000] {logging_mixin.py:188} INFO - [2026-05-07T20:34:23.935+0000] {dag.py:3954} INFO - Setting next_dagrun for example_external_task_marker_parent to None, run_after=None
[2026-05-07T20:34:23.955+0000] {processor.py:183} INFO - Processing /home/airflow/.local/lib/python3.12/site-packages/airflow/example_dags/example_external_task_marker_dag.py took 0.076 seconds
[2026-05-07T20:34:54.325+0000] {processor.py:161} INFO - Started process (PID=2127) to work on /home/airflow/.local/lib/python3.12/site-packages/airflow/example_dags/example_external_task_marker_dag.py
[2026-05-07T20:34:54.326+0000] {processor.py:830} INFO - Processing file /home/airflow/.local/lib/python3.12/site-packages/airflow/example_dags/example_external_task_marker_dag.py for tasks to queue
[2026-05-07T20:34:54.328+0000] {logging_mixin.py:188} INFO - [2026-05-07T20:34:54.328+0000] {dagbag.py:545} INFO - Filling up the DagBag from /home/airflow/.local/lib/python3.12/site-packages/airflow/example_dags/example_external_task_marker_dag.py
[2026-05-07T20:34:54.336+0000] {processor.py:840} INFO - DAG(s) 'example_external_task_marker_parent', 'example_external_task_marker_child' retrieved from /home/airflow/.local/lib/python3.12/site-packages/airflow/example_dags/example_external_task_marker_dag.py
[2026-05-07T20:34:54.360+0000] {logging_mixin.py:188} INFO - [2026-05-07T20:34:54.360+0000] {dag.py:3096} INFO - Sync 2 DAGs
[2026-05-07T20:34:54.372+0000] {logging_mixin.py:188} INFO - [2026-05-07T20:34:54.371+0000] {dag.py:3954} INFO - Setting next_dagrun for example_external_task_marker_child to None, run_after=None
[2026-05-07T20:34:54.375+0000] {logging_mixin.py:188} INFO - [2026-05-07T20:34:54.375+0000] {dag.py:3954} INFO - Setting next_dagrun for example_external_task_marker_parent to None, run_after=None
[2026-05-07T20:34:54.458+0000] {processor.py:183} INFO - Processing /home/airflow/.local/lib/python3.12/site-packages/airflow/example_dags/example_external_task_marker_dag.py took 0.138 seconds
[2026-05-07T20:35:24.864+0000] {processor.py:161} INFO - Started process (PID=2185) to work on /home/airflow/.local/lib/python3.12/site-packages/airflow/example_dags/example_external_task_marker_dag.py
[2026-05-07T20:35:24.865+0000] {processor.py:830} INFO - Processing file /home/airflow/.local/lib/python3.12/site-packages/airflow/example_dags/example_external_task_marker_dag.py for tasks to queue
[2026-05-07T20:35:24.867+0000] {logging_mixin.py:188} INFO - [2026-05-07T20:35:24.867+0000] {dagbag.py:545} INFO - Filling up the DagBag from /home/airflow/.local/lib/python3.12/site-packages/airflow/example_dags/example_external_task_marker_dag.py
[2026-05-07T20:35:24.873+0000] {processor.py:840} INFO - DAG(s) 'example_external_task_marker_child', 'example_external_task_marker_parent' retrieved from /home/airflow/.local/lib/python3.12/site-packages/airflow/example_dags/example_external_task_marker_dag.py
[2026-05-07T20:35:24.897+0000] {logging_mixin.py:188} INFO - [2026-05-07T20:35:24.897+0000] {dag.py:3096} INFO - Sync 2 DAGs
[2026-05-07T20:35:24.911+0000] {logging_mixin.py:188} INFO - [2026-05-07T20:35:24.911+0000] {dag.py:3954} INFO - Setting next_dagrun for example_external_task_marker_child to None, run_after=None
[2026-05-07T20:35:24.915+0000] {logging_mixin.py:188} INFO - [2026-05-07T20:35:24.915+0000] {dag.py:3954} INFO - Setting next_dagrun for example_external_task_marker_parent to None, run_after=None
[2026-05-07T20:35:24.933+0000] {processor.py:183} INFO - Processing /home/airflow/.local/lib/python3.12/site-packages/airflow/example_dags/example_external_task_marker_dag.py took 0.075 seconds
[2026-05-07T20:35:55.752+0000] {processor.py:161} INFO - Started process (PID=2243) to work on /home/airflow/.local/lib/python3.12/site-packages/airflow/example_dags/example_external_task_marker_dag.py
[2026-05-07T20:35:55.753+0000] {processor.py:830} INFO - Processing file /home/airflow/.local/lib/python3.12/site-packages/airflow/example_dags/example_external_task_marker_dag.py for tasks to queue
[2026-05-07T20:35:55.756+0000] {logging_mixin.py:188} INFO - [2026-05-07T20:35:55.755+0000] {dagbag.py:545} INFO - Filling up the DagBag from /home/airflow/.local/lib/python3.12/site-packages/airflow/example_dags/example_external_task_marker_dag.py
[2026-05-07T20:35:55.764+0000] {processor.py:840} INFO - DAG(s) 'example_external_task_marker_child', 'example_external_task_marker_parent' retrieved from /home/airflow/.local/lib/python3.12/site-packages/airflow/example_dags/example_external_task_marker_dag.py
[2026-05-07T20:35:55.789+0000] {logging_mixin.py:188} INFO - [2026-05-07T20:35:55.789+0000] {dag.py:3096} INFO - Sync 2 DAGs
[2026-05-07T20:35:55.801+0000] {logging_mixin.py:188} INFO - [2026-05-07T20:35:55.801+0000] {dag.py:3954} INFO - Setting next_dagrun for example_external_task_marker_child to None, run_after=None
[2026-05-07T20:35:55.804+0000] {logging_mixin.py:188} INFO - [2026-05-07T20:35:55.804+0000] {dag.py:3954} INFO - Setting next_dagrun for example_external_task_marker_parent to None, run_after=None
[2026-05-07T20:35:55.888+0000] {processor.py:183} INFO - Processing /home/airflow/.local/lib/python3.12/site-packages/airflow/example_dags/example_external_task_marker_dag.py took 0.143 seconds
[2026-05-07T20:36:26.040+0000] {processor.py:161} INFO - Started process (PID=2302) to work on /home/airflow/.local/lib/python3.12/site-packages/airflow/example_dags/example_external_task_marker_dag.py
[2026-05-07T20:36:26.042+0000] {processor.py:830} INFO - Processing file /home/airflow/.local/lib/python3.12/site-packages/airflow/example_dags/example_external_task_marker_dag.py for tasks to queue
[2026-05-07T20:36:26.045+0000] {logging_mixin.py:188} INFO - [2026-05-07T20:36:26.045+0000] {dagbag.py:545} INFO - Filling up the DagBag from /home/airflow/.local/lib/python3.12/site-packages/airflow/example_dags/example_external_task_marker_dag.py
[2026-05-07T20:36:26.052+0000] {processor.py:840} INFO - DAG(s) 'example_external_task_marker_child', 'example_external_task_marker_parent' retrieved from /home/airflow/.local/lib/python3.12/site-packages/airflow/example_dags/example_external_task_marker_dag.py
[2026-05-07T20:36:26.076+0000] {logging_mixin.py:188} INFO - [2026-05-07T20:36:26.075+0000] {dag.py:3096} INFO - Sync 2 DAGs
[2026-05-07T20:36:26.089+0000] {logging_mixin.py:188} INFO - [2026-05-07T20:36:26.089+0000] {dag.py:3954} INFO - Setting next_dagrun for example_external_task_marker_child to None, run_after=None
[2026-05-07T20:36:26.093+0000] {logging_mixin.py:188} INFO - [2026-05-07T20:36:26.093+0000] {dag.py:3954} INFO - Setting next_dagrun for example_external_task_marker_parent to None, run_after=None
[2026-05-07T20:36:26.176+0000] {processor.py:183} INFO - Processing /home/airflow/.local/lib/python3.12/site-packages/airflow/example_dags/example_external_task_marker_dag.py took 0.142 seconds
[2026-05-07T20:36:56.825+0000] {processor.py:161} INFO - Started process (PID=2360) to work on /home/airflow/.local/lib/python3.12/site-packages/airflow/example_dags/example_external_task_marker_dag.py
[2026-05-07T20:36:56.826+0000] {processor.py:830} INFO - Processing file /home/airflow/.local/lib/python3.12/site-packages/airflow/example_dags/example_external_task_marker_dag.py for tasks to queue
[2026-05-07T20:36:56.828+0000] {logging_mixin.py:188} INFO - [2026-05-07T20:36:56.828+0000] {dagbag.py:545} INFO - Filling up the DagBag from /home/airflow/.local/lib/python3.12/site-packages/airflow/example_dags/example_external_task_marker_dag.py
[2026-05-07T20:36:56.835+0000] {processor.py:840} INFO - DAG(s) 'example_external_task_marker_parent', 'example_external_task_marker_child' retrieved from /home/airflow/.local/lib/python3.12/site-packages/airflow/example_dags/example_external_task_marker_dag.py
[2026-05-07T20:36:56.858+0000] {logging_mixin.py:188} INFO - [2026-05-07T20:36:56.857+0000] {dag.py:3096} INFO - Sync 2 DAGs
[2026-05-07T20:36:56.869+0000] {logging_mixin.py:188} INFO - [2026-05-07T20:36:56.869+0000] {dag.py:3954} INFO - Setting next_dagrun for example_external_task_marker_child to None, run_after=None
[2026-05-07T20:36:56.874+0000] {logging_mixin.py:188} INFO - [2026-05-07T20:36:56.873+0000] {dag.py:3954} INFO - Setting next_dagrun for example_external_task_marker_parent to None, run_after=None
[2026-05-07T20:36:56.892+0000] {processor.py:183} INFO - Processing /home/airflow/.local/lib/python3.12/site-packages/airflow/example_dags/example_external_task_marker_dag.py took 0.074 seconds
[2026-05-07T20:37:27.671+0000] {processor.py:161} INFO - Started process (PID=2418) to work on /home/airflow/.local/lib/python3.12/site-packages/airflow/example_dags/example_external_task_marker_dag.py
[2026-05-07T20:37:27.673+0000] {processor.py:830} INFO - Processing file /home/airflow/.local/lib/python3.12/site-packages/airflow/example_dags/example_external_task_marker_dag.py for tasks to queue
[2026-05-07T20:37:27.676+0000] {logging_mixin.py:188} INFO - [2026-05-07T20:37:27.675+0000] {dagbag.py:545} INFO - Filling up the DagBag from /home/airflow/.local/lib/python3.12/site-packages/airflow/example_dags/example_external_task_marker_dag.py
[2026-05-07T20:37:27.682+0000] {processor.py:840} INFO - DAG(s) 'example_external_task_marker_parent', 'example_external_task_marker_child' retrieved from /home/airflow/.local/lib/python3.12/site-packages/airflow/example_dags/example_external_task_marker_dag.py
[2026-05-07T20:37:27.711+0000] {logging_mixin.py:188} INFO - [2026-05-07T20:37:27.710+0000] {dag.py:3096} INFO - Sync 2 DAGs
[2026-05-07T20:37:27.723+0000] {logging_mixin.py:188} INFO - [2026-05-07T20:37:27.723+0000] {dag.py:3954} INFO - Setting next_dagrun for example_external_task_marker_child to None, run_after=None
[2026-05-07T20:37:27.728+0000] {logging_mixin.py:188} INFO - [2026-05-07T20:37:27.728+0000] {dag.py:3954} INFO - Setting next_dagrun for example_external_task_marker_parent to None, run_after=None
[2026-05-07T20:37:27.750+0000] {processor.py:183} INFO - Processing /home/airflow/.local/lib/python3.12/site-packages/airflow/example_dags/example_external_task_marker_dag.py took 0.084 seconds
[2026-05-07T20:37:58.075+0000] {processor.py:161} INFO - Started process (PID=2476) to work on /home/airflow/.local/lib/python3.12/site-packages/airflow/example_dags/example_external_task_marker_dag.py
[2026-05-07T20:37:58.077+0000] {processor.py:830} INFO - Processing file /home/airflow/.local/lib/python3.12/site-packages/airflow/example_dags/example_external_task_marker_dag.py for tasks to queue
[2026-05-07T20:37:58.080+0000] {logging_mixin.py:188} INFO - [2026-05-07T20:37:58.080+0000] {dagbag.py:545} INFO - Filling up the DagBag from /home/airflow/.local/lib/python3.12/site-packages/airflow/example_dags/example_external_task_marker_dag.py
[2026-05-07T20:37:58.090+0000] {processor.py:840} INFO - DAG(s) 'example_external_task_marker_child', 'example_external_task_marker_parent' retrieved from /home/airflow/.local/lib/python3.12/site-packages/airflow/example_dags/example_external_task_marker_dag.py
[2026-05-07T20:37:58.125+0000] {logging_mixin.py:188} INFO - [2026-05-07T20:37:58.125+0000] {dag.py:3096} INFO - Sync 2 DAGs
[2026-05-07T20:37:58.143+0000] {logging_mixin.py:188} INFO - [2026-05-07T20:37:58.143+0000] {dag.py:3954} INFO - Setting next_dagrun for example_external_task_marker_child to None, run_after=None
[2026-05-07T20:37:58.149+0000] {logging_mixin.py:188} INFO - [2026-05-07T20:37:58.149+0000] {dag.py:3954} INFO - Setting next_dagrun for example_external_task_marker_parent to None, run_after=None
[2026-05-07T20:37:58.210+0000] {processor.py:183} INFO - Processing /home/airflow/.local/lib/python3.12/site-packages/airflow/example_dags/example_external_task_marker_dag.py took 0.143 seconds
[2026-05-07T20:38:28.452+0000] {processor.py:161} INFO - Started process (PID=2534) to work on /home/airflow/.local/lib/python3.12/site-packages/airflow/example_dags/example_external_task_marker_dag.py
[2026-05-07T20:38:28.453+0000] {processor.py:830} INFO - Processing file /home/airflow/.local/lib/python3.12/site-packages/airflow/example_dags/example_external_task_marker_dag.py for tasks to queue
[2026-05-07T20:38:28.457+0000] {logging_mixin.py:188} INFO - [2026-05-07T20:38:28.456+0000] {dagbag.py:545} INFO - Filling up the DagBag from /home/airflow/.local/lib/python3.12/site-packages/airflow/example_dags/example_external_task_marker_dag.py
[2026-05-07T20:38:28.465+0000] {processor.py:840} INFO - DAG(s) 'example_external_task_marker_child', 'example_external_task_marker_parent' retrieved from /home/airflow/.local/lib/python3.12/site-packages/airflow/example_dags/example_external_task_marker_dag.py
[2026-05-07T20:38:28.493+0000] {logging_mixin.py:188} INFO - [2026-05-07T20:38:28.492+0000] {dag.py:3096} INFO - Sync 2 DAGs
[2026-05-07T20:38:28.506+0000] {logging_mixin.py:188} INFO - [2026-05-07T20:38:28.505+0000] {dag.py:3954} INFO - Setting next_dagrun for example_external_task_marker_child to None, run_after=None
[2026-05-07T20:38:28.510+0000] {logging_mixin.py:188} INFO - [2026-05-07T20:38:28.510+0000] {dag.py:3954} INFO - Setting next_dagrun for example_external_task_marker_parent to None, run_after=None
[2026-05-07T20:38:28.531+0000] {processor.py:183} INFO - Processing /home/airflow/.local/lib/python3.12/site-packages/airflow/example_dags/example_external_task_marker_dag.py took 0.087 seconds
[2026-05-07T20:38:58.651+0000] {processor.py:161} INFO - Started process (PID=2591) to work on /home/airflow/.local/lib/python3.12/site-packages/airflow/example_dags/example_external_task_marker_dag.py
[2026-05-07T20:38:58.652+0000] {processor.py:830} INFO - Processing file /home/airflow/.local/lib/python3.12/site-packages/airflow/example_dags/example_external_task_marker_dag.py for tasks to queue
[2026-05-07T20:38:58.655+0000] {logging_mixin.py:188} INFO - [2026-05-07T20:38:58.654+0000] {dagbag.py:545} INFO - Filling up the DagBag from /home/airflow/.local/lib/python3.12/site-packages/airflow/example_dags/example_external_task_marker_dag.py
[2026-05-07T20:38:58.662+0000] {processor.py:840} INFO - DAG(s) 'example_external_task_marker_parent', 'example_external_task_marker_child' retrieved from /home/airflow/.local/lib/python3.12/site-packages/airflow/example_dags/example_external_task_marker_dag.py
[2026-05-07T20:38:58.685+0000] {logging_mixin.py:188} INFO - [2026-05-07T20:38:58.685+0000] {dag.py:3096} INFO - Sync 2 DAGs
[2026-05-07T20:38:58.698+0000] {logging_mixin.py:188} INFO - [2026-05-07T20:38:58.698+0000] {dag.py:3954} INFO - Setting next_dagrun for example_external_task_marker_child to None, run_after=None
[2026-05-07T20:38:58.701+0000] {logging_mixin.py:188} INFO - [2026-05-07T20:38:58.701+0000] {dag.py:3954} INFO - Setting next_dagrun for example_external_task_marker_parent to None, run_after=None
[2026-05-07T20:38:58.786+0000] {processor.py:183} INFO - Processing /home/airflow/.local/lib/python3.12/site-packages/airflow/example_dags/example_external_task_marker_dag.py took 0.141 seconds
[2026-05-07T20:39:29.214+0000] {processor.py:161} INFO - Started process (PID=2650) to work on /home/airflow/.local/lib/python3.12/site-packages/airflow/example_dags/example_external_task_marker_dag.py
[2026-05-07T20:39:29.219+0000] {processor.py:830} INFO - Processing file /home/airflow/.local/lib/python3.12/site-packages/airflow/example_dags/example_external_task_marker_dag.py for tasks to queue
[2026-05-07T20:39:29.228+0000] {logging_mixin.py:188} INFO - [2026-05-07T20:39:29.225+0000] {dagbag.py:545} INFO - Filling up the DagBag from /home/airflow/.local/lib/python3.12/site-packages/airflow/example_dags/example_external_task_marker_dag.py
[2026-05-07T20:39:29.251+0000] {processor.py:840} INFO - DAG(s) 'example_external_task_marker_child', 'example_external_task_marker_parent' retrieved from /home/airflow/.local/lib/python3.12/site-packages/airflow/example_dags/example_external_task_marker_dag.py
[2026-05-07T20:39:29.375+0000] {logging_mixin.py:188} INFO - [2026-05-07T20:39:29.374+0000] {dag.py:3096} INFO - Sync 2 DAGs
[2026-05-07T20:39:29.416+0000] {logging_mixin.py:188} INFO - [2026-05-07T20:39:29.415+0000] {dag.py:3954} INFO - Setting next_dagrun for example_external_task_marker_child to None, run_after=None
[2026-05-07T20:39:29.433+0000] {logging_mixin.py:188} INFO - [2026-05-07T20:39:29.433+0000] {dag.py:3954} INFO - Setting next_dagrun for example_external_task_marker_parent to None, run_after=None
[2026-05-07T20:39:29.465+0000] {processor.py:183} INFO - Processing /home/airflow/.local/lib/python3.12/site-packages/airflow/example_dags/example_external_task_marker_dag.py took 0.271 seconds
[2026-05-07T20:39:59.545+0000] {processor.py:161} INFO - Started process (PID=2707) to work on /home/airflow/.local/lib/python3.12/site-packages/airflow/example_dags/example_external_task_marker_dag.py
[2026-05-07T20:39:59.547+0000] {processor.py:830} INFO - Processing file /home/airflow/.local/lib/python3.12/site-packages/airflow/example_dags/example_external_task_marker_dag.py for tasks to queue
[2026-05-07T20:39:59.550+0000] {logging_mixin.py:188} INFO - [2026-05-07T20:39:59.550+0000] {dagbag.py:545} INFO - Filling up the DagBag from /home/airflow/.local/lib/python3.12/site-packages/airflow/example_dags/example_external_task_marker_dag.py
[2026-05-07T20:39:59.558+0000] {processor.py:840} INFO - DAG(s) 'example_external_task_marker_child', 'example_external_task_marker_parent' retrieved from /home/airflow/.local/lib/python3.12/site-packages/airflow/example_dags/example_external_task_marker_dag.py
[2026-05-07T20:39:59.589+0000] {logging_mixin.py:188} INFO - [2026-05-07T20:39:59.589+0000] {dag.py:3096} INFO - Sync 2 DAGs
[2026-05-07T20:39:59.601+0000] {logging_mixin.py:188} INFO - [2026-05-07T20:39:59.601+0000] {dag.py:3954} INFO - Setting next_dagrun for example_external_task_marker_child to None, run_after=None
[2026-05-07T20:39:59.606+0000] {logging_mixin.py:188} INFO - [2026-05-07T20:39:59.606+0000] {dag.py:3954} INFO - Setting next_dagrun for example_external_task_marker_parent to None, run_after=None
[2026-05-07T20:39:59.707+0000] {processor.py:183} INFO - Processing /home/airflow/.local/lib/python3.12/site-packages/airflow/example_dags/example_external_task_marker_dag.py took 0.167 seconds
[2026-05-07T20:40:29.981+0000] {processor.py:161} INFO - Started process (PID=2765) to work on /home/airflow/.local/lib/python3.12/site-packages/airflow/example_dags/example_external_task_marker_dag.py
[2026-05-07T20:40:29.983+0000] {processor.py:830} INFO - Processing file /home/airflow/.local/lib/python3.12/site-packages/airflow/example_dags/example_external_task_marker_dag.py for tasks to queue
[2026-05-07T20:40:29.988+0000] {logging_mixin.py:188} INFO - [2026-05-07T20:40:29.987+0000] {dagbag.py:545} INFO - Filling up the DagBag from /home/airflow/.local/lib/python3.12/site-packages/airflow/example_dags/example_external_task_marker_dag.py
[2026-05-07T20:40:29.995+0000] {processor.py:840} INFO - DAG(s) 'example_external_task_marker_child', 'example_external_task_marker_parent' retrieved from /home/airflow/.local/lib/python3.12/site-packages/airflow/example_dags/example_external_task_marker_dag.py
[2026-05-07T20:40:30.034+0000] {logging_mixin.py:188} INFO - [2026-05-07T20:40:30.033+0000] {dag.py:3096} INFO - Sync 2 DAGs
[2026-05-07T20:40:30.065+0000] {logging_mixin.py:188} INFO - [2026-05-07T20:40:30.064+0000] {dag.py:3954} INFO - Setting next_dagrun for example_external_task_marker_child to None, run_after=None
[2026-05-07T20:40:30.074+0000] {logging_mixin.py:188} INFO - [2026-05-07T20:40:30.074+0000] {dag.py:3954} INFO - Setting next_dagrun for example_external_task_marker_parent to None, run_after=None
[2026-05-07T20:40:30.123+0000] {processor.py:183} INFO - Processing /home/airflow/.local/lib/python3.12/site-packages/airflow/example_dags/example_external_task_marker_dag.py took 0.151 seconds
[2026-05-07T20:41:00.504+0000] {processor.py:161} INFO - Started process (PID=2823) to work on /home/airflow/.local/lib/python3.12/site-packages/airflow/example_dags/example_external_task_marker_dag.py
[2026-05-07T20:41:00.506+0000] {processor.py:830} INFO - Processing file /home/airflow/.local/lib/python3.12/site-packages/airflow/example_dags/example_external_task_marker_dag.py for tasks to queue
[2026-05-07T20:41:00.509+0000] {logging_mixin.py:188} INFO - [2026-05-07T20:41:00.509+0000] {dagbag.py:545} INFO - Filling up the DagBag from /home/airflow/.local/lib/python3.12/site-packages/airflow/example_dags/example_external_task_marker_dag.py
[2026-05-07T20:41:00.517+0000] {processor.py:840} INFO - DAG(s) 'example_external_task_marker_child', 'example_external_task_marker_parent' retrieved from /home/airflow/.local/lib/python3.12/site-packages/airflow/example_dags/example_external_task_marker_dag.py
[2026-05-07T20:41:00.544+0000] {logging_mixin.py:188} INFO - [2026-05-07T20:41:00.544+0000] {dag.py:3096} INFO - Sync 2 DAGs
[2026-05-07T20:41:00.556+0000] {logging_mixin.py:188} INFO - [2026-05-07T20:41:00.556+0000] {dag.py:3954} INFO - Setting next_dagrun for example_external_task_marker_child to None, run_after=None
[2026-05-07T20:41:00.560+0000] {logging_mixin.py:188} INFO - [2026-05-07T20:41:00.560+0000] {dag.py:3954} INFO - Setting next_dagrun for example_external_task_marker_parent to None, run_after=None
[2026-05-07T20:41:00.583+0000] {processor.py:183} INFO - Processing /home/airflow/.local/lib/python3.12/site-packages/airflow/example_dags/example_external_task_marker_dag.py took 0.086 seconds
[2026-05-07T20:41:31.201+0000] {processor.py:161} INFO - Started process (PID=2882) to work on /home/airflow/.local/lib/python3.12/site-packages/airflow/example_dags/example_external_task_marker_dag.py
[2026-05-07T20:41:31.203+0000] {processor.py:830} INFO - Processing file /home/airflow/.local/lib/python3.12/site-packages/airflow/example_dags/example_external_task_marker_dag.py for tasks to queue
[2026-05-07T20:41:31.205+0000] {logging_mixin.py:188} INFO - [2026-05-07T20:41:31.205+0000] {dagbag.py:545} INFO - Filling up the DagBag from /home/airflow/.local/lib/python3.12/site-packages/airflow/example_dags/example_external_task_marker_dag.py
[2026-05-07T20:41:31.213+0000] {processor.py:840} INFO - DAG(s) 'example_external_task_marker_parent', 'example_external_task_marker_child' retrieved from /home/airflow/.local/lib/python3.12/site-packages/airflow/example_dags/example_external_task_marker_dag.py
[2026-05-07T20:41:31.244+0000] {logging_mixin.py:188} INFO - [2026-05-07T20:41:31.244+0000] {dag.py:3096} INFO - Sync 2 DAGs
[2026-05-07T20:41:31.257+0000] {logging_mixin.py:188} INFO - [2026-05-07T20:41:31.257+0000] {dag.py:3954} INFO - Setting next_dagrun for example_external_task_marker_child to None, run_after=None
[2026-05-07T20:41:31.262+0000] {logging_mixin.py:188} INFO - [2026-05-07T20:41:31.261+0000] {dag.py:3954} INFO - Setting next_dagrun for example_external_task_marker_parent to None, run_after=None
[2026-05-07T20:41:31.327+0000] {processor.py:183} INFO - Processing /home/airflow/.local/lib/python3.12/site-packages/airflow/example_dags/example_external_task_marker_dag.py took 0.133 seconds
[2026-05-07T20:42:01.652+0000] {processor.py:161} INFO - Started process (PID=2940) to work on /home/airflow/.local/lib/python3.12/site-packages/airflow/example_dags/example_external_task_marker_dag.py
[2026-05-07T20:42:01.653+0000] {processor.py:830} INFO - Processing file /home/airflow/.local/lib/python3.12/site-packages/airflow/example_dags/example_external_task_marker_dag.py for tasks to queue
[2026-05-07T20:42:01.655+0000] {logging_mixin.py:188} INFO - [2026-05-07T20:42:01.655+0000] {dagbag.py:545} INFO - Filling up the DagBag from /home/airflow/.local/lib/python3.12/site-packages/airflow/example_dags/example_external_task_marker_dag.py
[2026-05-07T20:42:01.664+0000] {processor.py:840} INFO - DAG(s) 'example_external_task_marker_child', 'example_external_task_marker_parent' retrieved from /home/airflow/.local/lib/python3.12/site-packages/airflow/example_dags/example_external_task_marker_dag.py
[2026-05-07T20:42:01.692+0000] {logging_mixin.py:188} INFO - [2026-05-07T20:42:01.692+0000] {dag.py:3096} INFO - Sync 2 DAGs
[2026-05-07T20:42:01.706+0000] {logging_mixin.py:188} INFO - [2026-05-07T20:42:01.706+0000] {dag.py:3954} INFO - Setting next_dagrun for example_external_task_marker_child to None, run_after=None
[2026-05-07T20:42:01.711+0000] {logging_mixin.py:188} INFO - [2026-05-07T20:42:01.711+0000] {dag.py:3954} INFO - Setting next_dagrun for example_external_task_marker_parent to None, run_after=None
[2026-05-07T20:42:01.735+0000] {processor.py:183} INFO - Processing /home/airflow/.local/lib/python3.12/site-packages/airflow/example_dags/example_external_task_marker_dag.py took 0.093 seconds
[2026-05-07T20:42:32.025+0000] {processor.py:161} INFO - Started process (PID=2998) to work on /home/airflow/.local/lib/python3.12/site-packages/airflow/example_dags/example_external_task_marker_dag.py
[2026-05-07T20:42:32.026+0000] {processor.py:830} INFO - Processing file /home/airflow/.local/lib/python3.12/site-packages/airflow/example_dags/example_external_task_marker_dag.py for tasks to queue
[2026-05-07T20:42:32.029+0000] {logging_mixin.py:188} INFO - [2026-05-07T20:42:32.028+0000] {dagbag.py:545} INFO - Filling up the DagBag from /home/airflow/.local/lib/python3.12/site-packages/airflow/example_dags/example_external_task_marker_dag.py
[2026-05-07T20:42:32.036+0000] {processor.py:840} INFO - DAG(s) 'example_external_task_marker_parent', 'example_external_task_marker_child' retrieved from /home/airflow/.local/lib/python3.12/site-packages/airflow/example_dags/example_external_task_marker_dag.py
[2026-05-07T20:42:32.060+0000] {logging_mixin.py:188} INFO - [2026-05-07T20:42:32.060+0000] {dag.py:3096} INFO - Sync 2 DAGs
[2026-05-07T20:42:32.073+0000] {logging_mixin.py:188} INFO - [2026-05-07T20:42:32.073+0000] {dag.py:3954} INFO - Setting next_dagrun for example_external_task_marker_child to None, run_after=None
[2026-05-07T20:42:32.078+0000] {logging_mixin.py:188} INFO - [2026-05-07T20:42:32.078+0000] {dag.py:3954} INFO - Setting next_dagrun for example_external_task_marker_parent to None, run_after=None
[2026-05-07T20:42:32.157+0000] {processor.py:183} INFO - Processing /home/airflow/.local/lib/python3.12/site-packages/airflow/example_dags/example_external_task_marker_dag.py took 0.139 seconds
