[2026-05-07T20:16:59.923+0000] {processor.py:161} INFO - Started process (PID=82) to work on /home/airflow/.local/lib/python3.12/site-packages/airflow/example_dags/example_dag_decorator.py
[2026-05-07T20:16:59.925+0000] {processor.py:830} INFO - Processing file /home/airflow/.local/lib/python3.12/site-packages/airflow/example_dags/example_dag_decorator.py for tasks to queue
[2026-05-07T20:16:59.929+0000] {logging_mixin.py:188} INFO - [2026-05-07T20:16:59.928+0000] {dagbag.py:545} INFO - Filling up the DagBag from /home/airflow/.local/lib/python3.12/site-packages/airflow/example_dags/example_dag_decorator.py
[2026-05-07T20:17:00.391+0000] {processor.py:840} INFO - DAG(s) 'example_dag_decorator' retrieved from /home/airflow/.local/lib/python3.12/site-packages/airflow/example_dags/example_dag_decorator.py
[2026-05-07T20:17:00.553+0000] {logging_mixin.py:188} INFO - [2026-05-07T20:17:00.553+0000] {dag.py:3096} INFO - Sync 1 DAGs
[2026-05-07T20:17:00.589+0000] {logging_mixin.py:188} INFO - [2026-05-07T20:17:00.589+0000] {dag.py:3954} INFO - Setting next_dagrun for example_dag_decorator to None, run_after=None
[2026-05-07T20:17:00.634+0000] {processor.py:183} INFO - Processing /home/airflow/.local/lib/python3.12/site-packages/airflow/example_dags/example_dag_decorator.py took 0.727 seconds
[2026-05-07T20:17:31.116+0000] {processor.py:161} INFO - Started process (PID=140) to work on /home/airflow/.local/lib/python3.12/site-packages/airflow/example_dags/example_dag_decorator.py
[2026-05-07T20:17:31.119+0000] {processor.py:830} INFO - Processing file /home/airflow/.local/lib/python3.12/site-packages/airflow/example_dags/example_dag_decorator.py for tasks to queue
[2026-05-07T20:17:31.123+0000] {logging_mixin.py:188} INFO - [2026-05-07T20:17:31.122+0000] {dagbag.py:545} INFO - Filling up the DagBag from /home/airflow/.local/lib/python3.12/site-packages/airflow/example_dags/example_dag_decorator.py
[2026-05-07T20:17:31.306+0000] {processor.py:840} INFO - DAG(s) 'example_dag_decorator' retrieved from /home/airflow/.local/lib/python3.12/site-packages/airflow/example_dags/example_dag_decorator.py
[2026-05-07T20:17:31.333+0000] {logging_mixin.py:188} INFO - [2026-05-07T20:17:31.333+0000] {dag.py:3096} INFO - Sync 1 DAGs
[2026-05-07T20:17:31.347+0000] {logging_mixin.py:188} INFO - [2026-05-07T20:17:31.347+0000] {dag.py:3954} INFO - Setting next_dagrun for example_dag_decorator to None, run_after=None
[2026-05-07T20:17:31.373+0000] {processor.py:183} INFO - Processing /home/airflow/.local/lib/python3.12/site-packages/airflow/example_dags/example_dag_decorator.py took 0.263 seconds
[2026-05-07T20:18:01.739+0000] {processor.py:161} INFO - Started process (PID=198) to work on /home/airflow/.local/lib/python3.12/site-packages/airflow/example_dags/example_dag_decorator.py
[2026-05-07T20:18:01.742+0000] {processor.py:830} INFO - Processing file /home/airflow/.local/lib/python3.12/site-packages/airflow/example_dags/example_dag_decorator.py for tasks to queue
[2026-05-07T20:18:01.745+0000] {logging_mixin.py:188} INFO - [2026-05-07T20:18:01.744+0000] {dagbag.py:545} INFO - Filling up the DagBag from /home/airflow/.local/lib/python3.12/site-packages/airflow/example_dags/example_dag_decorator.py
[2026-05-07T20:18:01.854+0000] {processor.py:840} INFO - DAG(s) 'example_dag_decorator' retrieved from /home/airflow/.local/lib/python3.12/site-packages/airflow/example_dags/example_dag_decorator.py
[2026-05-07T20:18:01.959+0000] {logging_mixin.py:188} INFO - [2026-05-07T20:18:01.959+0000] {dag.py:3096} INFO - Sync 1 DAGs
[2026-05-07T20:18:01.971+0000] {logging_mixin.py:188} INFO - [2026-05-07T20:18:01.971+0000] {dag.py:3954} INFO - Setting next_dagrun for example_dag_decorator to None, run_after=None
[2026-05-07T20:18:01.993+0000] {processor.py:183} INFO - Processing /home/airflow/.local/lib/python3.12/site-packages/airflow/example_dags/example_dag_decorator.py took 0.260 seconds
[2026-05-07T20:18:32.138+0000] {processor.py:161} INFO - Started process (PID=256) to work on /home/airflow/.local/lib/python3.12/site-packages/airflow/example_dags/example_dag_decorator.py
[2026-05-07T20:18:32.140+0000] {processor.py:830} INFO - Processing file /home/airflow/.local/lib/python3.12/site-packages/airflow/example_dags/example_dag_decorator.py for tasks to queue
[2026-05-07T20:18:32.144+0000] {logging_mixin.py:188} INFO - [2026-05-07T20:18:32.144+0000] {dagbag.py:545} INFO - Filling up the DagBag from /home/airflow/.local/lib/python3.12/site-packages/airflow/example_dags/example_dag_decorator.py
[2026-05-07T20:18:32.263+0000] {processor.py:840} INFO - DAG(s) 'example_dag_decorator' retrieved from /home/airflow/.local/lib/python3.12/site-packages/airflow/example_dags/example_dag_decorator.py
[2026-05-07T20:18:32.392+0000] {logging_mixin.py:188} INFO - [2026-05-07T20:18:32.392+0000] {dag.py:3096} INFO - Sync 1 DAGs
[2026-05-07T20:18:32.407+0000] {logging_mixin.py:188} INFO - [2026-05-07T20:18:32.406+0000] {dag.py:3954} INFO - Setting next_dagrun for example_dag_decorator to None, run_after=None
[2026-05-07T20:18:32.434+0000] {processor.py:183} INFO - Processing /home/airflow/.local/lib/python3.12/site-packages/airflow/example_dags/example_dag_decorator.py took 0.304 seconds
[2026-05-07T20:19:02.606+0000] {processor.py:161} INFO - Started process (PID=314) to work on /home/airflow/.local/lib/python3.12/site-packages/airflow/example_dags/example_dag_decorator.py
[2026-05-07T20:19:02.608+0000] {processor.py:830} INFO - Processing file /home/airflow/.local/lib/python3.12/site-packages/airflow/example_dags/example_dag_decorator.py for tasks to queue
[2026-05-07T20:19:02.610+0000] {logging_mixin.py:188} INFO - [2026-05-07T20:19:02.609+0000] {dagbag.py:545} INFO - Filling up the DagBag from /home/airflow/.local/lib/python3.12/site-packages/airflow/example_dags/example_dag_decorator.py
[2026-05-07T20:19:02.691+0000] {processor.py:840} INFO - DAG(s) 'example_dag_decorator' retrieved from /home/airflow/.local/lib/python3.12/site-packages/airflow/example_dags/example_dag_decorator.py
[2026-05-07T20:19:02.785+0000] {logging_mixin.py:188} INFO - [2026-05-07T20:19:02.785+0000] {dag.py:3096} INFO - Sync 1 DAGs
[2026-05-07T20:19:02.796+0000] {logging_mixin.py:188} INFO - [2026-05-07T20:19:02.796+0000] {dag.py:3954} INFO - Setting next_dagrun for example_dag_decorator to None, run_after=None
[2026-05-07T20:19:02.818+0000] {processor.py:183} INFO - Processing /home/airflow/.local/lib/python3.12/site-packages/airflow/example_dags/example_dag_decorator.py took 0.217 seconds
[2026-05-07T20:19:33.017+0000] {processor.py:161} INFO - Started process (PID=372) to work on /home/airflow/.local/lib/python3.12/site-packages/airflow/example_dags/example_dag_decorator.py
[2026-05-07T20:19:33.084+0000] {processor.py:830} INFO - Processing file /home/airflow/.local/lib/python3.12/site-packages/airflow/example_dags/example_dag_decorator.py for tasks to queue
[2026-05-07T20:19:33.088+0000] {logging_mixin.py:188} INFO - [2026-05-07T20:19:33.088+0000] {dagbag.py:545} INFO - Filling up the DagBag from /home/airflow/.local/lib/python3.12/site-packages/airflow/example_dags/example_dag_decorator.py
[2026-05-07T20:19:33.187+0000] {processor.py:840} INFO - DAG(s) 'example_dag_decorator' retrieved from /home/airflow/.local/lib/python3.12/site-packages/airflow/example_dags/example_dag_decorator.py
[2026-05-07T20:19:33.285+0000] {logging_mixin.py:188} INFO - [2026-05-07T20:19:33.285+0000] {dag.py:3096} INFO - Sync 1 DAGs
[2026-05-07T20:19:33.296+0000] {logging_mixin.py:188} INFO - [2026-05-07T20:19:33.295+0000] {dag.py:3954} INFO - Setting next_dagrun for example_dag_decorator to None, run_after=None
[2026-05-07T20:19:33.318+0000] {processor.py:183} INFO - Processing /home/airflow/.local/lib/python3.12/site-packages/airflow/example_dags/example_dag_decorator.py took 0.307 seconds
[2026-05-07T20:20:03.649+0000] {processor.py:161} INFO - Started process (PID=430) to work on /home/airflow/.local/lib/python3.12/site-packages/airflow/example_dags/example_dag_decorator.py
[2026-05-07T20:20:03.651+0000] {processor.py:830} INFO - Processing file /home/airflow/.local/lib/python3.12/site-packages/airflow/example_dags/example_dag_decorator.py for tasks to queue
[2026-05-07T20:20:03.655+0000] {logging_mixin.py:188} INFO - [2026-05-07T20:20:03.654+0000] {dagbag.py:545} INFO - Filling up the DagBag from /home/airflow/.local/lib/python3.12/site-packages/airflow/example_dags/example_dag_decorator.py
[2026-05-07T20:20:03.748+0000] {processor.py:840} INFO - DAG(s) 'example_dag_decorator' retrieved from /home/airflow/.local/lib/python3.12/site-packages/airflow/example_dags/example_dag_decorator.py
[2026-05-07T20:20:03.841+0000] {logging_mixin.py:188} INFO - [2026-05-07T20:20:03.841+0000] {dag.py:3096} INFO - Sync 1 DAGs
[2026-05-07T20:20:03.851+0000] {logging_mixin.py:188} INFO - [2026-05-07T20:20:03.851+0000] {dag.py:3954} INFO - Setting next_dagrun for example_dag_decorator to None, run_after=None
[2026-05-07T20:20:03.874+0000] {processor.py:183} INFO - Processing /home/airflow/.local/lib/python3.12/site-packages/airflow/example_dags/example_dag_decorator.py took 0.237 seconds
[2026-05-07T20:20:34.006+0000] {processor.py:161} INFO - Started process (PID=489) to work on /home/airflow/.local/lib/python3.12/site-packages/airflow/example_dags/example_dag_decorator.py
[2026-05-07T20:20:34.007+0000] {processor.py:830} INFO - Processing file /home/airflow/.local/lib/python3.12/site-packages/airflow/example_dags/example_dag_decorator.py for tasks to queue
[2026-05-07T20:20:34.009+0000] {logging_mixin.py:188} INFO - [2026-05-07T20:20:34.009+0000] {dagbag.py:545} INFO - Filling up the DagBag from /home/airflow/.local/lib/python3.12/site-packages/airflow/example_dags/example_dag_decorator.py
[2026-05-07T20:20:34.087+0000] {processor.py:840} INFO - DAG(s) 'example_dag_decorator' retrieved from /home/airflow/.local/lib/python3.12/site-packages/airflow/example_dags/example_dag_decorator.py
[2026-05-07T20:20:34.189+0000] {logging_mixin.py:188} INFO - [2026-05-07T20:20:34.189+0000] {dag.py:3096} INFO - Sync 1 DAGs
[2026-05-07T20:20:34.201+0000] {logging_mixin.py:188} INFO - [2026-05-07T20:20:34.200+0000] {dag.py:3954} INFO - Setting next_dagrun for example_dag_decorator to None, run_after=None
[2026-05-07T20:20:34.222+0000] {processor.py:183} INFO - Processing /home/airflow/.local/lib/python3.12/site-packages/airflow/example_dags/example_dag_decorator.py took 0.222 seconds
[2026-05-07T20:21:04.323+0000] {processor.py:161} INFO - Started process (PID=547) to work on /home/airflow/.local/lib/python3.12/site-packages/airflow/example_dags/example_dag_decorator.py
[2026-05-07T20:21:04.325+0000] {processor.py:830} INFO - Processing file /home/airflow/.local/lib/python3.12/site-packages/airflow/example_dags/example_dag_decorator.py for tasks to queue
[2026-05-07T20:21:04.327+0000] {logging_mixin.py:188} INFO - [2026-05-07T20:21:04.327+0000] {dagbag.py:545} INFO - Filling up the DagBag from /home/airflow/.local/lib/python3.12/site-packages/airflow/example_dags/example_dag_decorator.py
[2026-05-07T20:21:04.404+0000] {processor.py:840} INFO - DAG(s) 'example_dag_decorator' retrieved from /home/airflow/.local/lib/python3.12/site-packages/airflow/example_dags/example_dag_decorator.py
[2026-05-07T20:21:04.481+0000] {logging_mixin.py:188} INFO - [2026-05-07T20:21:04.481+0000] {dag.py:3096} INFO - Sync 1 DAGs
[2026-05-07T20:21:04.490+0000] {logging_mixin.py:188} INFO - [2026-05-07T20:21:04.490+0000] {dag.py:3954} INFO - Setting next_dagrun for example_dag_decorator to None, run_after=None
[2026-05-07T20:21:04.580+0000] {processor.py:183} INFO - Processing /home/airflow/.local/lib/python3.12/site-packages/airflow/example_dags/example_dag_decorator.py took 0.262 seconds
[2026-05-07T20:21:34.833+0000] {processor.py:161} INFO - Started process (PID=605) to work on /home/airflow/.local/lib/python3.12/site-packages/airflow/example_dags/example_dag_decorator.py
[2026-05-07T20:21:34.836+0000] {processor.py:830} INFO - Processing file /home/airflow/.local/lib/python3.12/site-packages/airflow/example_dags/example_dag_decorator.py for tasks to queue
[2026-05-07T20:21:34.838+0000] {logging_mixin.py:188} INFO - [2026-05-07T20:21:34.838+0000] {dagbag.py:545} INFO - Filling up the DagBag from /home/airflow/.local/lib/python3.12/site-packages/airflow/example_dags/example_dag_decorator.py
[2026-05-07T20:21:34.948+0000] {processor.py:840} INFO - DAG(s) 'example_dag_decorator' retrieved from /home/airflow/.local/lib/python3.12/site-packages/airflow/example_dags/example_dag_decorator.py
[2026-05-07T20:21:35.040+0000] {logging_mixin.py:188} INFO - [2026-05-07T20:21:35.040+0000] {dag.py:3096} INFO - Sync 1 DAGs
[2026-05-07T20:21:35.049+0000] {logging_mixin.py:188} INFO - [2026-05-07T20:21:35.049+0000] {dag.py:3954} INFO - Setting next_dagrun for example_dag_decorator to None, run_after=None
[2026-05-07T20:21:35.066+0000] {processor.py:183} INFO - Processing /home/airflow/.local/lib/python3.12/site-packages/airflow/example_dags/example_dag_decorator.py took 0.244 seconds
[2026-05-07T20:22:05.891+0000] {processor.py:161} INFO - Started process (PID=663) to work on /home/airflow/.local/lib/python3.12/site-packages/airflow/example_dags/example_dag_decorator.py
[2026-05-07T20:22:05.892+0000] {processor.py:830} INFO - Processing file /home/airflow/.local/lib/python3.12/site-packages/airflow/example_dags/example_dag_decorator.py for tasks to queue
[2026-05-07T20:22:05.895+0000] {logging_mixin.py:188} INFO - [2026-05-07T20:22:05.895+0000] {dagbag.py:545} INFO - Filling up the DagBag from /home/airflow/.local/lib/python3.12/site-packages/airflow/example_dags/example_dag_decorator.py
[2026-05-07T20:22:06.025+0000] {processor.py:840} INFO - DAG(s) 'example_dag_decorator' retrieved from /home/airflow/.local/lib/python3.12/site-packages/airflow/example_dags/example_dag_decorator.py
[2026-05-07T20:22:06.122+0000] {logging_mixin.py:188} INFO - [2026-05-07T20:22:06.122+0000] {dag.py:3096} INFO - Sync 1 DAGs
[2026-05-07T20:22:06.136+0000] {logging_mixin.py:188} INFO - [2026-05-07T20:22:06.135+0000] {dag.py:3954} INFO - Setting next_dagrun for example_dag_decorator to None, run_after=None
[2026-05-07T20:22:06.161+0000] {processor.py:183} INFO - Processing /home/airflow/.local/lib/python3.12/site-packages/airflow/example_dags/example_dag_decorator.py took 0.275 seconds
[2026-05-07T20:22:36.234+0000] {processor.py:161} INFO - Started process (PID=722) to work on /home/airflow/.local/lib/python3.12/site-packages/airflow/example_dags/example_dag_decorator.py
[2026-05-07T20:22:36.237+0000] {processor.py:830} INFO - Processing file /home/airflow/.local/lib/python3.12/site-packages/airflow/example_dags/example_dag_decorator.py for tasks to queue
[2026-05-07T20:22:36.239+0000] {logging_mixin.py:188} INFO - [2026-05-07T20:22:36.239+0000] {dagbag.py:545} INFO - Filling up the DagBag from /home/airflow/.local/lib/python3.12/site-packages/airflow/example_dags/example_dag_decorator.py
[2026-05-07T20:22:36.334+0000] {processor.py:840} INFO - DAG(s) 'example_dag_decorator' retrieved from /home/airflow/.local/lib/python3.12/site-packages/airflow/example_dags/example_dag_decorator.py
[2026-05-07T20:22:36.442+0000] {logging_mixin.py:188} INFO - [2026-05-07T20:22:36.441+0000] {dag.py:3096} INFO - Sync 1 DAGs
[2026-05-07T20:22:36.453+0000] {logging_mixin.py:188} INFO - [2026-05-07T20:22:36.453+0000] {dag.py:3954} INFO - Setting next_dagrun for example_dag_decorator to None, run_after=None
[2026-05-07T20:22:36.481+0000] {processor.py:183} INFO - Processing /home/airflow/.local/lib/python3.12/site-packages/airflow/example_dags/example_dag_decorator.py took 0.253 seconds
[2026-05-07T20:23:06.905+0000] {processor.py:161} INFO - Started process (PID=780) to work on /home/airflow/.local/lib/python3.12/site-packages/airflow/example_dags/example_dag_decorator.py
[2026-05-07T20:23:06.907+0000] {processor.py:830} INFO - Processing file /home/airflow/.local/lib/python3.12/site-packages/airflow/example_dags/example_dag_decorator.py for tasks to queue
[2026-05-07T20:23:06.910+0000] {logging_mixin.py:188} INFO - [2026-05-07T20:23:06.910+0000] {dagbag.py:545} INFO - Filling up the DagBag from /home/airflow/.local/lib/python3.12/site-packages/airflow/example_dags/example_dag_decorator.py
[2026-05-07T20:23:07.001+0000] {processor.py:840} INFO - DAG(s) 'example_dag_decorator' retrieved from /home/airflow/.local/lib/python3.12/site-packages/airflow/example_dags/example_dag_decorator.py
[2026-05-07T20:23:07.266+0000] {logging_mixin.py:188} INFO - [2026-05-07T20:23:07.266+0000] {dag.py:3096} INFO - Sync 1 DAGs
[2026-05-07T20:23:07.275+0000] {logging_mixin.py:188} INFO - [2026-05-07T20:23:07.275+0000] {dag.py:3954} INFO - Setting next_dagrun for example_dag_decorator to None, run_after=None
[2026-05-07T20:23:07.300+0000] {processor.py:183} INFO - Processing /home/airflow/.local/lib/python3.12/site-packages/airflow/example_dags/example_dag_decorator.py took 0.401 seconds
[2026-05-07T20:23:37.461+0000] {processor.py:161} INFO - Started process (PID=842) to work on /home/airflow/.local/lib/python3.12/site-packages/airflow/example_dags/example_dag_decorator.py
[2026-05-07T20:23:37.463+0000] {processor.py:830} INFO - Processing file /home/airflow/.local/lib/python3.12/site-packages/airflow/example_dags/example_dag_decorator.py for tasks to queue
[2026-05-07T20:23:37.465+0000] {logging_mixin.py:188} INFO - [2026-05-07T20:23:37.465+0000] {dagbag.py:545} INFO - Filling up the DagBag from /home/airflow/.local/lib/python3.12/site-packages/airflow/example_dags/example_dag_decorator.py
[2026-05-07T20:23:37.556+0000] {processor.py:840} INFO - DAG(s) 'example_dag_decorator' retrieved from /home/airflow/.local/lib/python3.12/site-packages/airflow/example_dags/example_dag_decorator.py
[2026-05-07T20:23:37.657+0000] {logging_mixin.py:188} INFO - [2026-05-07T20:23:37.657+0000] {dag.py:3096} INFO - Sync 1 DAGs
[2026-05-07T20:23:37.818+0000] {logging_mixin.py:188} INFO - [2026-05-07T20:23:37.818+0000] {dag.py:3954} INFO - Setting next_dagrun for example_dag_decorator to None, run_after=None
[2026-05-07T20:23:37.841+0000] {processor.py:183} INFO - Processing /home/airflow/.local/lib/python3.12/site-packages/airflow/example_dags/example_dag_decorator.py took 0.386 seconds
[2026-05-07T20:24:07.990+0000] {processor.py:161} INFO - Started process (PID=900) to work on /home/airflow/.local/lib/python3.12/site-packages/airflow/example_dags/example_dag_decorator.py
[2026-05-07T20:24:07.992+0000] {processor.py:830} INFO - Processing file /home/airflow/.local/lib/python3.12/site-packages/airflow/example_dags/example_dag_decorator.py for tasks to queue
[2026-05-07T20:24:07.994+0000] {logging_mixin.py:188} INFO - [2026-05-07T20:24:07.994+0000] {dagbag.py:545} INFO - Filling up the DagBag from /home/airflow/.local/lib/python3.12/site-packages/airflow/example_dags/example_dag_decorator.py
[2026-05-07T20:24:08.075+0000] {processor.py:840} INFO - DAG(s) 'example_dag_decorator' retrieved from /home/airflow/.local/lib/python3.12/site-packages/airflow/example_dags/example_dag_decorator.py
[2026-05-07T20:24:08.169+0000] {logging_mixin.py:188} INFO - [2026-05-07T20:24:08.169+0000] {dag.py:3096} INFO - Sync 1 DAGs
[2026-05-07T20:24:08.179+0000] {logging_mixin.py:188} INFO - [2026-05-07T20:24:08.179+0000] {dag.py:3954} INFO - Setting next_dagrun for example_dag_decorator to None, run_after=None
[2026-05-07T20:24:08.334+0000] {processor.py:183} INFO - Processing /home/airflow/.local/lib/python3.12/site-packages/airflow/example_dags/example_dag_decorator.py took 0.350 seconds
[2026-05-07T20:24:38.402+0000] {processor.py:161} INFO - Started process (PID=960) to work on /home/airflow/.local/lib/python3.12/site-packages/airflow/example_dags/example_dag_decorator.py
[2026-05-07T20:24:38.403+0000] {processor.py:830} INFO - Processing file /home/airflow/.local/lib/python3.12/site-packages/airflow/example_dags/example_dag_decorator.py for tasks to queue
[2026-05-07T20:24:38.406+0000] {logging_mixin.py:188} INFO - [2026-05-07T20:24:38.405+0000] {dagbag.py:545} INFO - Filling up the DagBag from /home/airflow/.local/lib/python3.12/site-packages/airflow/example_dags/example_dag_decorator.py
[2026-05-07T20:24:38.481+0000] {processor.py:840} INFO - DAG(s) 'example_dag_decorator' retrieved from /home/airflow/.local/lib/python3.12/site-packages/airflow/example_dags/example_dag_decorator.py
[2026-05-07T20:24:38.567+0000] {logging_mixin.py:188} INFO - [2026-05-07T20:24:38.566+0000] {dag.py:3096} INFO - Sync 1 DAGs
[2026-05-07T20:24:38.577+0000] {logging_mixin.py:188} INFO - [2026-05-07T20:24:38.577+0000] {dag.py:3954} INFO - Setting next_dagrun for example_dag_decorator to None, run_after=None
[2026-05-07T20:24:38.663+0000] {processor.py:183} INFO - Processing /home/airflow/.local/lib/python3.12/site-packages/airflow/example_dags/example_dag_decorator.py took 0.267 seconds
[2026-05-07T20:25:08.794+0000] {processor.py:161} INFO - Started process (PID=1018) to work on /home/airflow/.local/lib/python3.12/site-packages/airflow/example_dags/example_dag_decorator.py
[2026-05-07T20:25:08.795+0000] {processor.py:830} INFO - Processing file /home/airflow/.local/lib/python3.12/site-packages/airflow/example_dags/example_dag_decorator.py for tasks to queue
[2026-05-07T20:25:08.797+0000] {logging_mixin.py:188} INFO - [2026-05-07T20:25:08.797+0000] {dagbag.py:545} INFO - Filling up the DagBag from /home/airflow/.local/lib/python3.12/site-packages/airflow/example_dags/example_dag_decorator.py
[2026-05-07T20:25:08.873+0000] {processor.py:840} INFO - DAG(s) 'example_dag_decorator' retrieved from /home/airflow/.local/lib/python3.12/site-packages/airflow/example_dags/example_dag_decorator.py
[2026-05-07T20:25:09.072+0000] {logging_mixin.py:188} INFO - [2026-05-07T20:25:09.072+0000] {dag.py:3096} INFO - Sync 1 DAGs
[2026-05-07T20:25:09.080+0000] {logging_mixin.py:188} INFO - [2026-05-07T20:25:09.080+0000] {dag.py:3954} INFO - Setting next_dagrun for example_dag_decorator to None, run_after=None
[2026-05-07T20:25:09.170+0000] {processor.py:183} INFO - Processing /home/airflow/.local/lib/python3.12/site-packages/airflow/example_dags/example_dag_decorator.py took 0.382 seconds
[2026-05-07T20:25:39.470+0000] {processor.py:161} INFO - Started process (PID=1071) to work on /home/airflow/.local/lib/python3.12/site-packages/airflow/example_dags/example_dag_decorator.py
[2026-05-07T20:25:39.474+0000] {processor.py:830} INFO - Processing file /home/airflow/.local/lib/python3.12/site-packages/airflow/example_dags/example_dag_decorator.py for tasks to queue
[2026-05-07T20:25:39.479+0000] {logging_mixin.py:188} INFO - [2026-05-07T20:25:39.479+0000] {dagbag.py:545} INFO - Filling up the DagBag from /home/airflow/.local/lib/python3.12/site-packages/airflow/example_dags/example_dag_decorator.py
[2026-05-07T20:25:39.708+0000] {processor.py:840} INFO - DAG(s) 'example_dag_decorator' retrieved from /home/airflow/.local/lib/python3.12/site-packages/airflow/example_dags/example_dag_decorator.py
[2026-05-07T20:25:39.857+0000] {logging_mixin.py:188} INFO - [2026-05-07T20:25:39.856+0000] {dag.py:3096} INFO - Sync 1 DAGs
[2026-05-07T20:25:40.053+0000] {logging_mixin.py:188} INFO - [2026-05-07T20:25:40.052+0000] {dag.py:3954} INFO - Setting next_dagrun for example_dag_decorator to None, run_after=None
[2026-05-07T20:25:40.079+0000] {processor.py:183} INFO - Processing /home/airflow/.local/lib/python3.12/site-packages/airflow/example_dags/example_dag_decorator.py took 0.627 seconds
[2026-05-07T20:26:10.366+0000] {processor.py:161} INFO - Started process (PID=1129) to work on /home/airflow/.local/lib/python3.12/site-packages/airflow/example_dags/example_dag_decorator.py
[2026-05-07T20:26:10.368+0000] {processor.py:830} INFO - Processing file /home/airflow/.local/lib/python3.12/site-packages/airflow/example_dags/example_dag_decorator.py for tasks to queue
[2026-05-07T20:26:10.372+0000] {logging_mixin.py:188} INFO - [2026-05-07T20:26:10.371+0000] {dagbag.py:545} INFO - Filling up the DagBag from /home/airflow/.local/lib/python3.12/site-packages/airflow/example_dags/example_dag_decorator.py
[2026-05-07T20:26:10.494+0000] {processor.py:840} INFO - DAG(s) 'example_dag_decorator' retrieved from /home/airflow/.local/lib/python3.12/site-packages/airflow/example_dags/example_dag_decorator.py
[2026-05-07T20:26:10.668+0000] {logging_mixin.py:188} INFO - [2026-05-07T20:26:10.667+0000] {dag.py:3096} INFO - Sync 1 DAGs
[2026-05-07T20:26:10.679+0000] {logging_mixin.py:188} INFO - [2026-05-07T20:26:10.679+0000] {dag.py:3954} INFO - Setting next_dagrun for example_dag_decorator to None, run_after=None
[2026-05-07T20:26:10.919+0000] {processor.py:183} INFO - Processing /home/airflow/.local/lib/python3.12/site-packages/airflow/example_dags/example_dag_decorator.py took 0.561 seconds
[2026-05-07T20:26:41.209+0000] {processor.py:161} INFO - Started process (PID=1190) to work on /home/airflow/.local/lib/python3.12/site-packages/airflow/example_dags/example_dag_decorator.py
[2026-05-07T20:26:41.211+0000] {processor.py:830} INFO - Processing file /home/airflow/.local/lib/python3.12/site-packages/airflow/example_dags/example_dag_decorator.py for tasks to queue
[2026-05-07T20:26:41.214+0000] {logging_mixin.py:188} INFO - [2026-05-07T20:26:41.213+0000] {dagbag.py:545} INFO - Filling up the DagBag from /home/airflow/.local/lib/python3.12/site-packages/airflow/example_dags/example_dag_decorator.py
[2026-05-07T20:26:41.302+0000] {processor.py:840} INFO - DAG(s) 'example_dag_decorator' retrieved from /home/airflow/.local/lib/python3.12/site-packages/airflow/example_dags/example_dag_decorator.py
[2026-05-07T20:26:41.797+0000] {logging_mixin.py:188} INFO - [2026-05-07T20:26:41.797+0000] {dag.py:3096} INFO - Sync 1 DAGs
[2026-05-07T20:26:41.806+0000] {logging_mixin.py:188} INFO - [2026-05-07T20:26:41.806+0000] {dag.py:3954} INFO - Setting next_dagrun for example_dag_decorator to None, run_after=None
[2026-05-07T20:26:41.831+0000] {processor.py:183} INFO - Processing /home/airflow/.local/lib/python3.12/site-packages/airflow/example_dags/example_dag_decorator.py took 0.627 seconds
[2026-05-07T20:27:11.967+0000] {processor.py:161} INFO - Started process (PID=1245) to work on /home/airflow/.local/lib/python3.12/site-packages/airflow/example_dags/example_dag_decorator.py
[2026-05-07T20:27:11.969+0000] {processor.py:830} INFO - Processing file /home/airflow/.local/lib/python3.12/site-packages/airflow/example_dags/example_dag_decorator.py for tasks to queue
[2026-05-07T20:27:11.972+0000] {logging_mixin.py:188} INFO - [2026-05-07T20:27:11.972+0000] {dagbag.py:545} INFO - Filling up the DagBag from /home/airflow/.local/lib/python3.12/site-packages/airflow/example_dags/example_dag_decorator.py
[2026-05-07T20:27:12.090+0000] {processor.py:840} INFO - DAG(s) 'example_dag_decorator' retrieved from /home/airflow/.local/lib/python3.12/site-packages/airflow/example_dags/example_dag_decorator.py
[2026-05-07T20:27:12.488+0000] {logging_mixin.py:188} INFO - [2026-05-07T20:27:12.487+0000] {dag.py:3096} INFO - Sync 1 DAGs
[2026-05-07T20:27:12.501+0000] {logging_mixin.py:188} INFO - [2026-05-07T20:27:12.501+0000] {dag.py:3954} INFO - Setting next_dagrun for example_dag_decorator to None, run_after=None
[2026-05-07T20:27:12.574+0000] {processor.py:183} INFO - Processing /home/airflow/.local/lib/python3.12/site-packages/airflow/example_dags/example_dag_decorator.py took 0.613 seconds
[2026-05-07T20:27:42.704+0000] {processor.py:161} INFO - Started process (PID=1302) to work on /home/airflow/.local/lib/python3.12/site-packages/airflow/example_dags/example_dag_decorator.py
[2026-05-07T20:27:42.706+0000] {processor.py:830} INFO - Processing file /home/airflow/.local/lib/python3.12/site-packages/airflow/example_dags/example_dag_decorator.py for tasks to queue
[2026-05-07T20:27:42.709+0000] {logging_mixin.py:188} INFO - [2026-05-07T20:27:42.709+0000] {dagbag.py:545} INFO - Filling up the DagBag from /home/airflow/.local/lib/python3.12/site-packages/airflow/example_dags/example_dag_decorator.py
[2026-05-07T20:27:42.796+0000] {processor.py:840} INFO - DAG(s) 'example_dag_decorator' retrieved from /home/airflow/.local/lib/python3.12/site-packages/airflow/example_dags/example_dag_decorator.py
[2026-05-07T20:27:43.032+0000] {logging_mixin.py:188} INFO - [2026-05-07T20:27:43.032+0000] {dag.py:3096} INFO - Sync 1 DAGs
[2026-05-07T20:27:43.042+0000] {logging_mixin.py:188} INFO - [2026-05-07T20:27:43.041+0000] {dag.py:3954} INFO - Setting next_dagrun for example_dag_decorator to None, run_after=None
[2026-05-07T20:27:43.061+0000] {processor.py:183} INFO - Processing /home/airflow/.local/lib/python3.12/site-packages/airflow/example_dags/example_dag_decorator.py took 0.363 seconds
[2026-05-07T20:28:13.694+0000] {processor.py:161} INFO - Started process (PID=1360) to work on /home/airflow/.local/lib/python3.12/site-packages/airflow/example_dags/example_dag_decorator.py
[2026-05-07T20:28:13.695+0000] {processor.py:830} INFO - Processing file /home/airflow/.local/lib/python3.12/site-packages/airflow/example_dags/example_dag_decorator.py for tasks to queue
[2026-05-07T20:28:13.698+0000] {logging_mixin.py:188} INFO - [2026-05-07T20:28:13.698+0000] {dagbag.py:545} INFO - Filling up the DagBag from /home/airflow/.local/lib/python3.12/site-packages/airflow/example_dags/example_dag_decorator.py
[2026-05-07T20:28:13.793+0000] {processor.py:840} INFO - DAG(s) 'example_dag_decorator' retrieved from /home/airflow/.local/lib/python3.12/site-packages/airflow/example_dags/example_dag_decorator.py
[2026-05-07T20:28:14.065+0000] {logging_mixin.py:188} INFO - [2026-05-07T20:28:14.065+0000] {dag.py:3096} INFO - Sync 1 DAGs
[2026-05-07T20:28:14.074+0000] {logging_mixin.py:188} INFO - [2026-05-07T20:28:14.074+0000] {dag.py:3954} INFO - Setting next_dagrun for example_dag_decorator to None, run_after=None
[2026-05-07T20:28:14.168+0000] {processor.py:183} INFO - Processing /home/airflow/.local/lib/python3.12/site-packages/airflow/example_dags/example_dag_decorator.py took 0.479 seconds
[2026-05-07T20:28:44.451+0000] {processor.py:161} INFO - Started process (PID=1420) to work on /home/airflow/.local/lib/python3.12/site-packages/airflow/example_dags/example_dag_decorator.py
[2026-05-07T20:28:44.453+0000] {processor.py:830} INFO - Processing file /home/airflow/.local/lib/python3.12/site-packages/airflow/example_dags/example_dag_decorator.py for tasks to queue
[2026-05-07T20:28:44.456+0000] {logging_mixin.py:188} INFO - [2026-05-07T20:28:44.455+0000] {dagbag.py:545} INFO - Filling up the DagBag from /home/airflow/.local/lib/python3.12/site-packages/airflow/example_dags/example_dag_decorator.py
[2026-05-07T20:28:44.537+0000] {processor.py:840} INFO - DAG(s) 'example_dag_decorator' retrieved from /home/airflow/.local/lib/python3.12/site-packages/airflow/example_dags/example_dag_decorator.py
[2026-05-07T20:28:44.761+0000] {logging_mixin.py:188} INFO - [2026-05-07T20:28:44.760+0000] {dag.py:3096} INFO - Sync 1 DAGs
[2026-05-07T20:28:44.768+0000] {logging_mixin.py:188} INFO - [2026-05-07T20:28:44.768+0000] {dag.py:3954} INFO - Setting next_dagrun for example_dag_decorator to None, run_after=None
[2026-05-07T20:28:44.837+0000] {processor.py:183} INFO - Processing /home/airflow/.local/lib/python3.12/site-packages/airflow/example_dags/example_dag_decorator.py took 0.391 seconds
[2026-05-07T20:29:14.920+0000] {processor.py:161} INFO - Started process (PID=1479) to work on /home/airflow/.local/lib/python3.12/site-packages/airflow/example_dags/example_dag_decorator.py
[2026-05-07T20:29:14.921+0000] {processor.py:830} INFO - Processing file /home/airflow/.local/lib/python3.12/site-packages/airflow/example_dags/example_dag_decorator.py for tasks to queue
[2026-05-07T20:29:14.924+0000] {logging_mixin.py:188} INFO - [2026-05-07T20:29:14.924+0000] {dagbag.py:545} INFO - Filling up the DagBag from /home/airflow/.local/lib/python3.12/site-packages/airflow/example_dags/example_dag_decorator.py
[2026-05-07T20:29:15.015+0000] {processor.py:840} INFO - DAG(s) 'example_dag_decorator' retrieved from /home/airflow/.local/lib/python3.12/site-packages/airflow/example_dags/example_dag_decorator.py
[2026-05-07T20:29:15.425+0000] {logging_mixin.py:188} INFO - [2026-05-07T20:29:15.424+0000] {dag.py:3096} INFO - Sync 1 DAGs
[2026-05-07T20:29:15.439+0000] {logging_mixin.py:188} INFO - [2026-05-07T20:29:15.439+0000] {dag.py:3954} INFO - Setting next_dagrun for example_dag_decorator to None, run_after=None
[2026-05-07T20:29:15.471+0000] {processor.py:183} INFO - Processing /home/airflow/.local/lib/python3.12/site-packages/airflow/example_dags/example_dag_decorator.py took 0.557 seconds
[2026-05-07T20:29:45.649+0000] {processor.py:161} INFO - Started process (PID=1538) to work on /home/airflow/.local/lib/python3.12/site-packages/airflow/example_dags/example_dag_decorator.py
[2026-05-07T20:29:45.650+0000] {processor.py:830} INFO - Processing file /home/airflow/.local/lib/python3.12/site-packages/airflow/example_dags/example_dag_decorator.py for tasks to queue
[2026-05-07T20:29:45.652+0000] {logging_mixin.py:188} INFO - [2026-05-07T20:29:45.652+0000] {dagbag.py:545} INFO - Filling up the DagBag from /home/airflow/.local/lib/python3.12/site-packages/airflow/example_dags/example_dag_decorator.py
[2026-05-07T20:29:45.723+0000] {processor.py:840} INFO - DAG(s) 'example_dag_decorator' retrieved from /home/airflow/.local/lib/python3.12/site-packages/airflow/example_dags/example_dag_decorator.py
[2026-05-07T20:29:45.928+0000] {logging_mixin.py:188} INFO - [2026-05-07T20:29:45.928+0000] {dag.py:3096} INFO - Sync 1 DAGs
[2026-05-07T20:29:45.937+0000] {logging_mixin.py:188} INFO - [2026-05-07T20:29:45.937+0000] {dag.py:3954} INFO - Setting next_dagrun for example_dag_decorator to None, run_after=None
[2026-05-07T20:29:45.957+0000] {processor.py:183} INFO - Processing /home/airflow/.local/lib/python3.12/site-packages/airflow/example_dags/example_dag_decorator.py took 0.314 seconds
[2026-05-07T20:30:16.935+0000] {processor.py:161} INFO - Started process (PID=1596) to work on /home/airflow/.local/lib/python3.12/site-packages/airflow/example_dags/example_dag_decorator.py
[2026-05-07T20:30:16.937+0000] {processor.py:830} INFO - Processing file /home/airflow/.local/lib/python3.12/site-packages/airflow/example_dags/example_dag_decorator.py for tasks to queue
[2026-05-07T20:30:16.941+0000] {logging_mixin.py:188} INFO - [2026-05-07T20:30:16.940+0000] {dagbag.py:545} INFO - Filling up the DagBag from /home/airflow/.local/lib/python3.12/site-packages/airflow/example_dags/example_dag_decorator.py
[2026-05-07T20:30:17.231+0000] {processor.py:840} INFO - DAG(s) 'example_dag_decorator' retrieved from /home/airflow/.local/lib/python3.12/site-packages/airflow/example_dags/example_dag_decorator.py
[2026-05-07T20:30:17.352+0000] {logging_mixin.py:188} INFO - [2026-05-07T20:30:17.352+0000] {dag.py:3096} INFO - Sync 1 DAGs
[2026-05-07T20:30:17.366+0000] {logging_mixin.py:188} INFO - [2026-05-07T20:30:17.365+0000] {dag.py:3954} INFO - Setting next_dagrun for example_dag_decorator to None, run_after=None
[2026-05-07T20:30:17.398+0000] {processor.py:183} INFO - Processing /home/airflow/.local/lib/python3.12/site-packages/airflow/example_dags/example_dag_decorator.py took 0.471 seconds
[2026-05-07T20:30:48.277+0000] {processor.py:161} INFO - Started process (PID=1656) to work on /home/airflow/.local/lib/python3.12/site-packages/airflow/example_dags/example_dag_decorator.py
[2026-05-07T20:30:48.279+0000] {processor.py:830} INFO - Processing file /home/airflow/.local/lib/python3.12/site-packages/airflow/example_dags/example_dag_decorator.py for tasks to queue
[2026-05-07T20:30:48.281+0000] {logging_mixin.py:188} INFO - [2026-05-07T20:30:48.281+0000] {dagbag.py:545} INFO - Filling up the DagBag from /home/airflow/.local/lib/python3.12/site-packages/airflow/example_dags/example_dag_decorator.py
[2026-05-07T20:30:48.559+0000] {processor.py:840} INFO - DAG(s) 'example_dag_decorator' retrieved from /home/airflow/.local/lib/python3.12/site-packages/airflow/example_dags/example_dag_decorator.py
[2026-05-07T20:30:48.665+0000] {logging_mixin.py:188} INFO - [2026-05-07T20:30:48.664+0000] {dag.py:3096} INFO - Sync 1 DAGs
[2026-05-07T20:30:48.680+0000] {logging_mixin.py:188} INFO - [2026-05-07T20:30:48.680+0000] {dag.py:3954} INFO - Setting next_dagrun for example_dag_decorator to None, run_after=None
[2026-05-07T20:30:48.710+0000] {processor.py:183} INFO - Processing /home/airflow/.local/lib/python3.12/site-packages/airflow/example_dags/example_dag_decorator.py took 0.437 seconds
[2026-05-07T20:31:19.455+0000] {processor.py:161} INFO - Started process (PID=1714) to work on /home/airflow/.local/lib/python3.12/site-packages/airflow/example_dags/example_dag_decorator.py
[2026-05-07T20:31:19.457+0000] {processor.py:830} INFO - Processing file /home/airflow/.local/lib/python3.12/site-packages/airflow/example_dags/example_dag_decorator.py for tasks to queue
[2026-05-07T20:31:19.459+0000] {logging_mixin.py:188} INFO - [2026-05-07T20:31:19.458+0000] {dagbag.py:545} INFO - Filling up the DagBag from /home/airflow/.local/lib/python3.12/site-packages/airflow/example_dags/example_dag_decorator.py
[2026-05-07T20:31:19.546+0000] {processor.py:840} INFO - DAG(s) 'example_dag_decorator' retrieved from /home/airflow/.local/lib/python3.12/site-packages/airflow/example_dags/example_dag_decorator.py
[2026-05-07T20:31:19.949+0000] {logging_mixin.py:188} INFO - [2026-05-07T20:31:19.948+0000] {dag.py:3096} INFO - Sync 1 DAGs
[2026-05-07T20:31:19.957+0000] {logging_mixin.py:188} INFO - [2026-05-07T20:31:19.957+0000] {dag.py:3954} INFO - Setting next_dagrun for example_dag_decorator to None, run_after=None
[2026-05-07T20:31:20.054+0000] {processor.py:183} INFO - Processing /home/airflow/.local/lib/python3.12/site-packages/airflow/example_dags/example_dag_decorator.py took 0.604 seconds
[2026-05-07T20:31:50.193+0000] {processor.py:161} INFO - Started process (PID=1775) to work on /home/airflow/.local/lib/python3.12/site-packages/airflow/example_dags/example_dag_decorator.py
[2026-05-07T20:31:50.195+0000] {processor.py:830} INFO - Processing file /home/airflow/.local/lib/python3.12/site-packages/airflow/example_dags/example_dag_decorator.py for tasks to queue
[2026-05-07T20:31:50.197+0000] {logging_mixin.py:188} INFO - [2026-05-07T20:31:50.197+0000] {dagbag.py:545} INFO - Filling up the DagBag from /home/airflow/.local/lib/python3.12/site-packages/airflow/example_dags/example_dag_decorator.py
[2026-05-07T20:31:50.282+0000] {processor.py:840} INFO - DAG(s) 'example_dag_decorator' retrieved from /home/airflow/.local/lib/python3.12/site-packages/airflow/example_dags/example_dag_decorator.py
[2026-05-07T20:31:50.516+0000] {logging_mixin.py:188} INFO - [2026-05-07T20:31:50.516+0000] {dag.py:3096} INFO - Sync 1 DAGs
[2026-05-07T20:31:50.526+0000] {logging_mixin.py:188} INFO - [2026-05-07T20:31:50.526+0000] {dag.py:3954} INFO - Setting next_dagrun for example_dag_decorator to None, run_after=None
[2026-05-07T20:31:50.549+0000] {processor.py:183} INFO - Processing /home/airflow/.local/lib/python3.12/site-packages/airflow/example_dags/example_dag_decorator.py took 0.363 seconds
[2026-05-07T20:32:20.910+0000] {processor.py:161} INFO - Started process (PID=1834) to work on /home/airflow/.local/lib/python3.12/site-packages/airflow/example_dags/example_dag_decorator.py
[2026-05-07T20:32:20.911+0000] {processor.py:830} INFO - Processing file /home/airflow/.local/lib/python3.12/site-packages/airflow/example_dags/example_dag_decorator.py for tasks to queue
[2026-05-07T20:32:20.913+0000] {logging_mixin.py:188} INFO - [2026-05-07T20:32:20.913+0000] {dagbag.py:545} INFO - Filling up the DagBag from /home/airflow/.local/lib/python3.12/site-packages/airflow/example_dags/example_dag_decorator.py
[2026-05-07T20:32:21.111+0000] {processor.py:840} INFO - DAG(s) 'example_dag_decorator' retrieved from /home/airflow/.local/lib/python3.12/site-packages/airflow/example_dags/example_dag_decorator.py
[2026-05-07T20:32:21.181+0000] {logging_mixin.py:188} INFO - [2026-05-07T20:32:21.181+0000] {dag.py:3096} INFO - Sync 1 DAGs
[2026-05-07T20:32:21.188+0000] {logging_mixin.py:188} INFO - [2026-05-07T20:32:21.188+0000] {dag.py:3954} INFO - Setting next_dagrun for example_dag_decorator to None, run_after=None
[2026-05-07T20:32:21.203+0000] {processor.py:183} INFO - Processing /home/airflow/.local/lib/python3.12/site-packages/airflow/example_dags/example_dag_decorator.py took 0.299 seconds
[2026-05-07T20:32:51.558+0000] {processor.py:161} INFO - Started process (PID=1892) to work on /home/airflow/.local/lib/python3.12/site-packages/airflow/example_dags/example_dag_decorator.py
[2026-05-07T20:32:51.560+0000] {processor.py:830} INFO - Processing file /home/airflow/.local/lib/python3.12/site-packages/airflow/example_dags/example_dag_decorator.py for tasks to queue
[2026-05-07T20:32:51.562+0000] {logging_mixin.py:188} INFO - [2026-05-07T20:32:51.562+0000] {dagbag.py:545} INFO - Filling up the DagBag from /home/airflow/.local/lib/python3.12/site-packages/airflow/example_dags/example_dag_decorator.py
[2026-05-07T20:32:51.672+0000] {processor.py:840} INFO - DAG(s) 'example_dag_decorator' retrieved from /home/airflow/.local/lib/python3.12/site-packages/airflow/example_dags/example_dag_decorator.py
[2026-05-07T20:32:51.768+0000] {logging_mixin.py:188} INFO - [2026-05-07T20:32:51.768+0000] {dag.py:3096} INFO - Sync 1 DAGs
[2026-05-07T20:32:51.777+0000] {logging_mixin.py:188} INFO - [2026-05-07T20:32:51.777+0000] {dag.py:3954} INFO - Setting next_dagrun for example_dag_decorator to None, run_after=None
[2026-05-07T20:32:51.798+0000] {processor.py:183} INFO - Processing /home/airflow/.local/lib/python3.12/site-packages/airflow/example_dags/example_dag_decorator.py took 0.245 seconds
[2026-05-07T20:33:22.653+0000] {processor.py:161} INFO - Started process (PID=1952) to work on /home/airflow/.local/lib/python3.12/site-packages/airflow/example_dags/example_dag_decorator.py
[2026-05-07T20:33:22.654+0000] {processor.py:830} INFO - Processing file /home/airflow/.local/lib/python3.12/site-packages/airflow/example_dags/example_dag_decorator.py for tasks to queue
[2026-05-07T20:33:22.657+0000] {logging_mixin.py:188} INFO - [2026-05-07T20:33:22.657+0000] {dagbag.py:545} INFO - Filling up the DagBag from /home/airflow/.local/lib/python3.12/site-packages/airflow/example_dags/example_dag_decorator.py
[2026-05-07T20:33:22.746+0000] {processor.py:840} INFO - DAG(s) 'example_dag_decorator' retrieved from /home/airflow/.local/lib/python3.12/site-packages/airflow/example_dags/example_dag_decorator.py
[2026-05-07T20:33:22.851+0000] {logging_mixin.py:188} INFO - [2026-05-07T20:33:22.851+0000] {dag.py:3096} INFO - Sync 1 DAGs
[2026-05-07T20:33:22.864+0000] {logging_mixin.py:188} INFO - [2026-05-07T20:33:22.864+0000] {dag.py:3954} INFO - Setting next_dagrun for example_dag_decorator to None, run_after=None
[2026-05-07T20:33:22.886+0000] {processor.py:183} INFO - Processing /home/airflow/.local/lib/python3.12/site-packages/airflow/example_dags/example_dag_decorator.py took 0.239 seconds
[2026-05-07T20:33:53.569+0000] {processor.py:161} INFO - Started process (PID=2009) to work on /home/airflow/.local/lib/python3.12/site-packages/airflow/example_dags/example_dag_decorator.py
[2026-05-07T20:33:53.570+0000] {processor.py:830} INFO - Processing file /home/airflow/.local/lib/python3.12/site-packages/airflow/example_dags/example_dag_decorator.py for tasks to queue
[2026-05-07T20:33:53.572+0000] {logging_mixin.py:188} INFO - [2026-05-07T20:33:53.572+0000] {dagbag.py:545} INFO - Filling up the DagBag from /home/airflow/.local/lib/python3.12/site-packages/airflow/example_dags/example_dag_decorator.py
[2026-05-07T20:33:53.666+0000] {processor.py:840} INFO - DAG(s) 'example_dag_decorator' retrieved from /home/airflow/.local/lib/python3.12/site-packages/airflow/example_dags/example_dag_decorator.py
[2026-05-07T20:33:53.757+0000] {logging_mixin.py:188} INFO - [2026-05-07T20:33:53.756+0000] {dag.py:3096} INFO - Sync 1 DAGs
[2026-05-07T20:33:53.768+0000] {logging_mixin.py:188} INFO - [2026-05-07T20:33:53.768+0000] {dag.py:3954} INFO - Setting next_dagrun for example_dag_decorator to None, run_after=None
[2026-05-07T20:33:53.792+0000] {processor.py:183} INFO - Processing /home/airflow/.local/lib/python3.12/site-packages/airflow/example_dags/example_dag_decorator.py took 0.230 seconds
[2026-05-07T20:34:23.885+0000] {processor.py:161} INFO - Started process (PID=2068) to work on /home/airflow/.local/lib/python3.12/site-packages/airflow/example_dags/example_dag_decorator.py
[2026-05-07T20:34:23.886+0000] {processor.py:830} INFO - Processing file /home/airflow/.local/lib/python3.12/site-packages/airflow/example_dags/example_dag_decorator.py for tasks to queue
[2026-05-07T20:34:23.889+0000] {logging_mixin.py:188} INFO - [2026-05-07T20:34:23.888+0000] {dagbag.py:545} INFO - Filling up the DagBag from /home/airflow/.local/lib/python3.12/site-packages/airflow/example_dags/example_dag_decorator.py
[2026-05-07T20:34:23.985+0000] {processor.py:840} INFO - DAG(s) 'example_dag_decorator' retrieved from /home/airflow/.local/lib/python3.12/site-packages/airflow/example_dags/example_dag_decorator.py
[2026-05-07T20:34:24.096+0000] {logging_mixin.py:188} INFO - [2026-05-07T20:34:24.096+0000] {dag.py:3096} INFO - Sync 1 DAGs
[2026-05-07T20:34:24.105+0000] {logging_mixin.py:188} INFO - [2026-05-07T20:34:24.105+0000] {dag.py:3954} INFO - Setting next_dagrun for example_dag_decorator to None, run_after=None
[2026-05-07T20:34:24.124+0000] {processor.py:183} INFO - Processing /home/airflow/.local/lib/python3.12/site-packages/airflow/example_dags/example_dag_decorator.py took 0.244 seconds
[2026-05-07T20:34:54.324+0000] {processor.py:161} INFO - Started process (PID=2126) to work on /home/airflow/.local/lib/python3.12/site-packages/airflow/example_dags/example_dag_decorator.py
[2026-05-07T20:34:54.325+0000] {processor.py:830} INFO - Processing file /home/airflow/.local/lib/python3.12/site-packages/airflow/example_dags/example_dag_decorator.py for tasks to queue
[2026-05-07T20:34:54.328+0000] {logging_mixin.py:188} INFO - [2026-05-07T20:34:54.327+0000] {dagbag.py:545} INFO - Filling up the DagBag from /home/airflow/.local/lib/python3.12/site-packages/airflow/example_dags/example_dag_decorator.py
[2026-05-07T20:34:54.413+0000] {processor.py:840} INFO - DAG(s) 'example_dag_decorator' retrieved from /home/airflow/.local/lib/python3.12/site-packages/airflow/example_dags/example_dag_decorator.py
[2026-05-07T20:34:54.512+0000] {logging_mixin.py:188} INFO - [2026-05-07T20:34:54.512+0000] {dag.py:3096} INFO - Sync 1 DAGs
[2026-05-07T20:34:54.521+0000] {logging_mixin.py:188} INFO - [2026-05-07T20:34:54.521+0000] {dag.py:3954} INFO - Setting next_dagrun for example_dag_decorator to None, run_after=None
[2026-05-07T20:34:54.545+0000] {processor.py:183} INFO - Processing /home/airflow/.local/lib/python3.12/site-packages/airflow/example_dags/example_dag_decorator.py took 0.226 seconds
[2026-05-07T20:35:24.863+0000] {processor.py:161} INFO - Started process (PID=2184) to work on /home/airflow/.local/lib/python3.12/site-packages/airflow/example_dags/example_dag_decorator.py
[2026-05-07T20:35:24.865+0000] {processor.py:830} INFO - Processing file /home/airflow/.local/lib/python3.12/site-packages/airflow/example_dags/example_dag_decorator.py for tasks to queue
[2026-05-07T20:35:24.867+0000] {logging_mixin.py:188} INFO - [2026-05-07T20:35:24.866+0000] {dagbag.py:545} INFO - Filling up the DagBag from /home/airflow/.local/lib/python3.12/site-packages/airflow/example_dags/example_dag_decorator.py
[2026-05-07T20:35:24.957+0000] {processor.py:840} INFO - DAG(s) 'example_dag_decorator' retrieved from /home/airflow/.local/lib/python3.12/site-packages/airflow/example_dags/example_dag_decorator.py
[2026-05-07T20:35:25.056+0000] {logging_mixin.py:188} INFO - [2026-05-07T20:35:25.055+0000] {dag.py:3096} INFO - Sync 1 DAGs
[2026-05-07T20:35:25.067+0000] {logging_mixin.py:188} INFO - [2026-05-07T20:35:25.066+0000] {dag.py:3954} INFO - Setting next_dagrun for example_dag_decorator to None, run_after=None
[2026-05-07T20:35:25.086+0000] {processor.py:183} INFO - Processing /home/airflow/.local/lib/python3.12/site-packages/airflow/example_dags/example_dag_decorator.py took 0.228 seconds
[2026-05-07T20:35:55.748+0000] {processor.py:161} INFO - Started process (PID=2242) to work on /home/airflow/.local/lib/python3.12/site-packages/airflow/example_dags/example_dag_decorator.py
[2026-05-07T20:35:55.749+0000] {processor.py:830} INFO - Processing file /home/airflow/.local/lib/python3.12/site-packages/airflow/example_dags/example_dag_decorator.py for tasks to queue
[2026-05-07T20:35:55.751+0000] {logging_mixin.py:188} INFO - [2026-05-07T20:35:55.751+0000] {dagbag.py:545} INFO - Filling up the DagBag from /home/airflow/.local/lib/python3.12/site-packages/airflow/example_dags/example_dag_decorator.py
[2026-05-07T20:35:55.839+0000] {processor.py:840} INFO - DAG(s) 'example_dag_decorator' retrieved from /home/airflow/.local/lib/python3.12/site-packages/airflow/example_dags/example_dag_decorator.py
[2026-05-07T20:35:55.936+0000] {logging_mixin.py:188} INFO - [2026-05-07T20:35:55.935+0000] {dag.py:3096} INFO - Sync 1 DAGs
[2026-05-07T20:35:55.946+0000] {logging_mixin.py:188} INFO - [2026-05-07T20:35:55.946+0000] {dag.py:3954} INFO - Setting next_dagrun for example_dag_decorator to None, run_after=None
[2026-05-07T20:35:55.970+0000] {processor.py:183} INFO - Processing /home/airflow/.local/lib/python3.12/site-packages/airflow/example_dags/example_dag_decorator.py took 0.228 seconds
[2026-05-07T20:36:26.040+0000] {processor.py:161} INFO - Started process (PID=2301) to work on /home/airflow/.local/lib/python3.12/site-packages/airflow/example_dags/example_dag_decorator.py
[2026-05-07T20:36:26.042+0000] {processor.py:830} INFO - Processing file /home/airflow/.local/lib/python3.12/site-packages/airflow/example_dags/example_dag_decorator.py for tasks to queue
[2026-05-07T20:36:26.045+0000] {logging_mixin.py:188} INFO - [2026-05-07T20:36:26.045+0000] {dagbag.py:545} INFO - Filling up the DagBag from /home/airflow/.local/lib/python3.12/site-packages/airflow/example_dags/example_dag_decorator.py
[2026-05-07T20:36:26.129+0000] {processor.py:840} INFO - DAG(s) 'example_dag_decorator' retrieved from /home/airflow/.local/lib/python3.12/site-packages/airflow/example_dags/example_dag_decorator.py
[2026-05-07T20:36:26.221+0000] {logging_mixin.py:188} INFO - [2026-05-07T20:36:26.220+0000] {dag.py:3096} INFO - Sync 1 DAGs
[2026-05-07T20:36:26.230+0000] {logging_mixin.py:188} INFO - [2026-05-07T20:36:26.230+0000] {dag.py:3954} INFO - Setting next_dagrun for example_dag_decorator to None, run_after=None
[2026-05-07T20:36:26.253+0000] {processor.py:183} INFO - Processing /home/airflow/.local/lib/python3.12/site-packages/airflow/example_dags/example_dag_decorator.py took 0.219 seconds
[2026-05-07T20:36:56.824+0000] {processor.py:161} INFO - Started process (PID=2359) to work on /home/airflow/.local/lib/python3.12/site-packages/airflow/example_dags/example_dag_decorator.py
[2026-05-07T20:36:56.826+0000] {processor.py:830} INFO - Processing file /home/airflow/.local/lib/python3.12/site-packages/airflow/example_dags/example_dag_decorator.py for tasks to queue
[2026-05-07T20:36:56.828+0000] {logging_mixin.py:188} INFO - [2026-05-07T20:36:56.827+0000] {dagbag.py:545} INFO - Filling up the DagBag from /home/airflow/.local/lib/python3.12/site-packages/airflow/example_dags/example_dag_decorator.py
[2026-05-07T20:36:56.923+0000] {processor.py:840} INFO - DAG(s) 'example_dag_decorator' retrieved from /home/airflow/.local/lib/python3.12/site-packages/airflow/example_dags/example_dag_decorator.py
[2026-05-07T20:36:57.016+0000] {logging_mixin.py:188} INFO - [2026-05-07T20:36:57.016+0000] {dag.py:3096} INFO - Sync 1 DAGs
[2026-05-07T20:36:57.027+0000] {logging_mixin.py:188} INFO - [2026-05-07T20:36:57.027+0000] {dag.py:3954} INFO - Setting next_dagrun for example_dag_decorator to None, run_after=None
[2026-05-07T20:36:57.047+0000] {processor.py:183} INFO - Processing /home/airflow/.local/lib/python3.12/site-packages/airflow/example_dags/example_dag_decorator.py took 0.230 seconds
[2026-05-07T20:37:27.671+0000] {processor.py:161} INFO - Started process (PID=2417) to work on /home/airflow/.local/lib/python3.12/site-packages/airflow/example_dags/example_dag_decorator.py
[2026-05-07T20:37:27.673+0000] {processor.py:830} INFO - Processing file /home/airflow/.local/lib/python3.12/site-packages/airflow/example_dags/example_dag_decorator.py for tasks to queue
[2026-05-07T20:37:27.676+0000] {logging_mixin.py:188} INFO - [2026-05-07T20:37:27.675+0000] {dagbag.py:545} INFO - Filling up the DagBag from /home/airflow/.local/lib/python3.12/site-packages/airflow/example_dags/example_dag_decorator.py
[2026-05-07T20:37:27.766+0000] {processor.py:840} INFO - DAG(s) 'example_dag_decorator' retrieved from /home/airflow/.local/lib/python3.12/site-packages/airflow/example_dags/example_dag_decorator.py
[2026-05-07T20:37:27.859+0000] {logging_mixin.py:188} INFO - [2026-05-07T20:37:27.859+0000] {dag.py:3096} INFO - Sync 1 DAGs
[2026-05-07T20:37:27.867+0000] {logging_mixin.py:188} INFO - [2026-05-07T20:37:27.867+0000] {dag.py:3954} INFO - Setting next_dagrun for example_dag_decorator to None, run_after=None
[2026-05-07T20:37:27.927+0000] {processor.py:183} INFO - Processing /home/airflow/.local/lib/python3.12/site-packages/airflow/example_dags/example_dag_decorator.py took 0.260 seconds
[2026-05-07T20:37:58.074+0000] {processor.py:161} INFO - Started process (PID=2475) to work on /home/airflow/.local/lib/python3.12/site-packages/airflow/example_dags/example_dag_decorator.py
[2026-05-07T20:37:58.075+0000] {processor.py:830} INFO - Processing file /home/airflow/.local/lib/python3.12/site-packages/airflow/example_dags/example_dag_decorator.py for tasks to queue
[2026-05-07T20:37:58.079+0000] {logging_mixin.py:188} INFO - [2026-05-07T20:37:58.078+0000] {dagbag.py:545} INFO - Filling up the DagBag from /home/airflow/.local/lib/python3.12/site-packages/airflow/example_dags/example_dag_decorator.py
[2026-05-07T20:37:58.177+0000] {processor.py:840} INFO - DAG(s) 'example_dag_decorator' retrieved from /home/airflow/.local/lib/python3.12/site-packages/airflow/example_dags/example_dag_decorator.py
[2026-05-07T20:37:58.296+0000] {logging_mixin.py:188} INFO - [2026-05-07T20:37:58.296+0000] {dag.py:3096} INFO - Sync 1 DAGs
[2026-05-07T20:37:58.309+0000] {logging_mixin.py:188} INFO - [2026-05-07T20:37:58.309+0000] {dag.py:3954} INFO - Setting next_dagrun for example_dag_decorator to None, run_after=None
[2026-05-07T20:37:58.398+0000] {processor.py:183} INFO - Processing /home/airflow/.local/lib/python3.12/site-packages/airflow/example_dags/example_dag_decorator.py took 0.332 seconds
[2026-05-07T20:38:28.452+0000] {processor.py:161} INFO - Started process (PID=2533) to work on /home/airflow/.local/lib/python3.12/site-packages/airflow/example_dags/example_dag_decorator.py
[2026-05-07T20:38:28.453+0000] {processor.py:830} INFO - Processing file /home/airflow/.local/lib/python3.12/site-packages/airflow/example_dags/example_dag_decorator.py for tasks to queue
[2026-05-07T20:38:28.457+0000] {logging_mixin.py:188} INFO - [2026-05-07T20:38:28.456+0000] {dagbag.py:545} INFO - Filling up the DagBag from /home/airflow/.local/lib/python3.12/site-packages/airflow/example_dags/example_dag_decorator.py
[2026-05-07T20:38:28.547+0000] {processor.py:840} INFO - DAG(s) 'example_dag_decorator' retrieved from /home/airflow/.local/lib/python3.12/site-packages/airflow/example_dags/example_dag_decorator.py
[2026-05-07T20:38:28.647+0000] {logging_mixin.py:188} INFO - [2026-05-07T20:38:28.647+0000] {dag.py:3096} INFO - Sync 1 DAGs
[2026-05-07T20:38:28.657+0000] {logging_mixin.py:188} INFO - [2026-05-07T20:38:28.657+0000] {dag.py:3954} INFO - Setting next_dagrun for example_dag_decorator to None, run_after=None
[2026-05-07T20:38:28.684+0000] {processor.py:183} INFO - Processing /home/airflow/.local/lib/python3.12/site-packages/airflow/example_dags/example_dag_decorator.py took 0.241 seconds
[2026-05-07T20:38:58.785+0000] {processor.py:161} INFO - Started process (PID=2592) to work on /home/airflow/.local/lib/python3.12/site-packages/airflow/example_dags/example_dag_decorator.py
[2026-05-07T20:38:58.786+0000] {processor.py:830} INFO - Processing file /home/airflow/.local/lib/python3.12/site-packages/airflow/example_dags/example_dag_decorator.py for tasks to queue
[2026-05-07T20:38:58.789+0000] {logging_mixin.py:188} INFO - [2026-05-07T20:38:58.788+0000] {dagbag.py:545} INFO - Filling up the DagBag from /home/airflow/.local/lib/python3.12/site-packages/airflow/example_dags/example_dag_decorator.py
[2026-05-07T20:38:58.889+0000] {processor.py:840} INFO - DAG(s) 'example_dag_decorator' retrieved from /home/airflow/.local/lib/python3.12/site-packages/airflow/example_dags/example_dag_decorator.py
[2026-05-07T20:38:58.973+0000] {logging_mixin.py:188} INFO - [2026-05-07T20:38:58.973+0000] {dag.py:3096} INFO - Sync 1 DAGs
[2026-05-07T20:38:58.982+0000] {logging_mixin.py:188} INFO - [2026-05-07T20:38:58.982+0000] {dag.py:3954} INFO - Setting next_dagrun for example_dag_decorator to None, run_after=None
[2026-05-07T20:38:59.006+0000] {processor.py:183} INFO - Processing /home/airflow/.local/lib/python3.12/site-packages/airflow/example_dags/example_dag_decorator.py took 0.226 seconds
[2026-05-07T20:39:29.212+0000] {processor.py:161} INFO - Started process (PID=2649) to work on /home/airflow/.local/lib/python3.12/site-packages/airflow/example_dags/example_dag_decorator.py
[2026-05-07T20:39:29.219+0000] {processor.py:830} INFO - Processing file /home/airflow/.local/lib/python3.12/site-packages/airflow/example_dags/example_dag_decorator.py for tasks to queue
[2026-05-07T20:39:29.227+0000] {logging_mixin.py:188} INFO - [2026-05-07T20:39:29.225+0000] {dagbag.py:545} INFO - Filling up the DagBag from /home/airflow/.local/lib/python3.12/site-packages/airflow/example_dags/example_dag_decorator.py
[2026-05-07T20:39:29.477+0000] {processor.py:840} INFO - DAG(s) 'example_dag_decorator' retrieved from /home/airflow/.local/lib/python3.12/site-packages/airflow/example_dags/example_dag_decorator.py
[2026-05-07T20:39:29.634+0000] {logging_mixin.py:188} INFO - [2026-05-07T20:39:29.634+0000] {dag.py:3096} INFO - Sync 1 DAGs
[2026-05-07T20:39:29.654+0000] {logging_mixin.py:188} INFO - [2026-05-07T20:39:29.654+0000] {dag.py:3954} INFO - Setting next_dagrun for example_dag_decorator to None, run_after=None
[2026-05-07T20:39:29.690+0000] {processor.py:183} INFO - Processing /home/airflow/.local/lib/python3.12/site-packages/airflow/example_dags/example_dag_decorator.py took 0.495 seconds
[2026-05-07T20:39:59.760+0000] {processor.py:161} INFO - Started process (PID=2708) to work on /home/airflow/.local/lib/python3.12/site-packages/airflow/example_dags/example_dag_decorator.py
[2026-05-07T20:39:59.761+0000] {processor.py:830} INFO - Processing file /home/airflow/.local/lib/python3.12/site-packages/airflow/example_dags/example_dag_decorator.py for tasks to queue
[2026-05-07T20:39:59.763+0000] {logging_mixin.py:188} INFO - [2026-05-07T20:39:59.763+0000] {dagbag.py:545} INFO - Filling up the DagBag from /home/airflow/.local/lib/python3.12/site-packages/airflow/example_dags/example_dag_decorator.py
[2026-05-07T20:39:59.855+0000] {processor.py:840} INFO - DAG(s) 'example_dag_decorator' retrieved from /home/airflow/.local/lib/python3.12/site-packages/airflow/example_dags/example_dag_decorator.py
[2026-05-07T20:40:00.089+0000] {logging_mixin.py:188} INFO - [2026-05-07T20:40:00.089+0000] {dag.py:3096} INFO - Sync 1 DAGs
[2026-05-07T20:40:00.123+0000] {logging_mixin.py:188} INFO - [2026-05-07T20:40:00.122+0000] {dag.py:3954} INFO - Setting next_dagrun for example_dag_decorator to None, run_after=None
[2026-05-07T20:40:00.212+0000] {processor.py:183} INFO - Processing /home/airflow/.local/lib/python3.12/site-packages/airflow/example_dags/example_dag_decorator.py took 0.457 seconds
[2026-05-07T20:40:30.297+0000] {processor.py:161} INFO - Started process (PID=2767) to work on /home/airflow/.local/lib/python3.12/site-packages/airflow/example_dags/example_dag_decorator.py
[2026-05-07T20:40:30.299+0000] {processor.py:830} INFO - Processing file /home/airflow/.local/lib/python3.12/site-packages/airflow/example_dags/example_dag_decorator.py for tasks to queue
[2026-05-07T20:40:30.301+0000] {logging_mixin.py:188} INFO - [2026-05-07T20:40:30.301+0000] {dagbag.py:545} INFO - Filling up the DagBag from /home/airflow/.local/lib/python3.12/site-packages/airflow/example_dags/example_dag_decorator.py
[2026-05-07T20:40:30.388+0000] {processor.py:840} INFO - DAG(s) 'example_dag_decorator' retrieved from /home/airflow/.local/lib/python3.12/site-packages/airflow/example_dags/example_dag_decorator.py
[2026-05-07T20:40:30.473+0000] {logging_mixin.py:188} INFO - [2026-05-07T20:40:30.473+0000] {dag.py:3096} INFO - Sync 1 DAGs
[2026-05-07T20:40:30.484+0000] {logging_mixin.py:188} INFO - [2026-05-07T20:40:30.484+0000] {dag.py:3954} INFO - Setting next_dagrun for example_dag_decorator to None, run_after=None
[2026-05-07T20:40:30.522+0000] {processor.py:183} INFO - Processing /home/airflow/.local/lib/python3.12/site-packages/airflow/example_dags/example_dag_decorator.py took 0.232 seconds
[2026-05-07T20:41:00.651+0000] {processor.py:161} INFO - Started process (PID=2825) to work on /home/airflow/.local/lib/python3.12/site-packages/airflow/example_dags/example_dag_decorator.py
[2026-05-07T20:41:00.654+0000] {processor.py:830} INFO - Processing file /home/airflow/.local/lib/python3.12/site-packages/airflow/example_dags/example_dag_decorator.py for tasks to queue
[2026-05-07T20:41:00.656+0000] {logging_mixin.py:188} INFO - [2026-05-07T20:41:00.656+0000] {dagbag.py:545} INFO - Filling up the DagBag from /home/airflow/.local/lib/python3.12/site-packages/airflow/example_dags/example_dag_decorator.py
[2026-05-07T20:41:00.734+0000] {processor.py:840} INFO - DAG(s) 'example_dag_decorator' retrieved from /home/airflow/.local/lib/python3.12/site-packages/airflow/example_dags/example_dag_decorator.py
[2026-05-07T20:41:00.806+0000] {logging_mixin.py:188} INFO - [2026-05-07T20:41:00.805+0000] {dag.py:3096} INFO - Sync 1 DAGs
[2026-05-07T20:41:00.813+0000] {logging_mixin.py:188} INFO - [2026-05-07T20:41:00.813+0000] {dag.py:3954} INFO - Setting next_dagrun for example_dag_decorator to None, run_after=None
[2026-05-07T20:41:00.878+0000] {processor.py:183} INFO - Processing /home/airflow/.local/lib/python3.12/site-packages/airflow/example_dags/example_dag_decorator.py took 0.237 seconds
[2026-05-07T20:41:31.200+0000] {processor.py:161} INFO - Started process (PID=2881) to work on /home/airflow/.local/lib/python3.12/site-packages/airflow/example_dags/example_dag_decorator.py
[2026-05-07T20:41:31.202+0000] {processor.py:830} INFO - Processing file /home/airflow/.local/lib/python3.12/site-packages/airflow/example_dags/example_dag_decorator.py for tasks to queue
[2026-05-07T20:41:31.204+0000] {logging_mixin.py:188} INFO - [2026-05-07T20:41:31.204+0000] {dagbag.py:545} INFO - Filling up the DagBag from /home/airflow/.local/lib/python3.12/site-packages/airflow/example_dags/example_dag_decorator.py
[2026-05-07T20:41:31.291+0000] {processor.py:840} INFO - DAG(s) 'example_dag_decorator' retrieved from /home/airflow/.local/lib/python3.12/site-packages/airflow/example_dags/example_dag_decorator.py
[2026-05-07T20:41:31.399+0000] {logging_mixin.py:188} INFO - [2026-05-07T20:41:31.398+0000] {dag.py:3096} INFO - Sync 1 DAGs
[2026-05-07T20:41:31.411+0000] {logging_mixin.py:188} INFO - [2026-05-07T20:41:31.410+0000] {dag.py:3954} INFO - Setting next_dagrun for example_dag_decorator to None, run_after=None
[2026-05-07T20:41:31.433+0000] {processor.py:183} INFO - Processing /home/airflow/.local/lib/python3.12/site-packages/airflow/example_dags/example_dag_decorator.py took 0.243 seconds
[2026-05-07T20:42:01.646+0000] {processor.py:161} INFO - Started process (PID=2939) to work on /home/airflow/.local/lib/python3.12/site-packages/airflow/example_dags/example_dag_decorator.py
[2026-05-07T20:42:01.647+0000] {processor.py:830} INFO - Processing file /home/airflow/.local/lib/python3.12/site-packages/airflow/example_dags/example_dag_decorator.py for tasks to queue
[2026-05-07T20:42:01.650+0000] {logging_mixin.py:188} INFO - [2026-05-07T20:42:01.649+0000] {dagbag.py:545} INFO - Filling up the DagBag from /home/airflow/.local/lib/python3.12/site-packages/airflow/example_dags/example_dag_decorator.py
[2026-05-07T20:42:01.744+0000] {processor.py:840} INFO - DAG(s) 'example_dag_decorator' retrieved from /home/airflow/.local/lib/python3.12/site-packages/airflow/example_dags/example_dag_decorator.py
[2026-05-07T20:42:01.853+0000] {logging_mixin.py:188} INFO - [2026-05-07T20:42:01.853+0000] {dag.py:3096} INFO - Sync 1 DAGs
[2026-05-07T20:42:01.867+0000] {logging_mixin.py:188} INFO - [2026-05-07T20:42:01.866+0000] {dag.py:3954} INFO - Setting next_dagrun for example_dag_decorator to None, run_after=None
[2026-05-07T20:42:01.898+0000] {processor.py:183} INFO - Processing /home/airflow/.local/lib/python3.12/site-packages/airflow/example_dags/example_dag_decorator.py took 0.260 seconds
[2026-05-07T20:42:32.025+0000] {processor.py:161} INFO - Started process (PID=2997) to work on /home/airflow/.local/lib/python3.12/site-packages/airflow/example_dags/example_dag_decorator.py
[2026-05-07T20:42:32.026+0000] {processor.py:830} INFO - Processing file /home/airflow/.local/lib/python3.12/site-packages/airflow/example_dags/example_dag_decorator.py for tasks to queue
[2026-05-07T20:42:32.029+0000] {logging_mixin.py:188} INFO - [2026-05-07T20:42:32.028+0000] {dagbag.py:545} INFO - Filling up the DagBag from /home/airflow/.local/lib/python3.12/site-packages/airflow/example_dags/example_dag_decorator.py
[2026-05-07T20:42:32.116+0000] {processor.py:840} INFO - DAG(s) 'example_dag_decorator' retrieved from /home/airflow/.local/lib/python3.12/site-packages/airflow/example_dags/example_dag_decorator.py
[2026-05-07T20:42:32.229+0000] {logging_mixin.py:188} INFO - [2026-05-07T20:42:32.229+0000] {dag.py:3096} INFO - Sync 1 DAGs
[2026-05-07T20:42:32.248+0000] {logging_mixin.py:188} INFO - [2026-05-07T20:42:32.248+0000] {dag.py:3954} INFO - Setting next_dagrun for example_dag_decorator to None, run_after=None
[2026-05-07T20:42:32.343+0000] {processor.py:183} INFO - Processing /home/airflow/.local/lib/python3.12/site-packages/airflow/example_dags/example_dag_decorator.py took 0.325 seconds
