[2026-05-07T20:16:54.187+0000] {processor.py:161} INFO - Started process (PID=61) to work on /home/airflow/.local/lib/python3.12/site-packages/airflow/example_dags/example_short_circuit_operator.py
[2026-05-07T20:16:54.193+0000] {processor.py:830} INFO - Processing file /home/airflow/.local/lib/python3.12/site-packages/airflow/example_dags/example_short_circuit_operator.py for tasks to queue
[2026-05-07T20:16:54.199+0000] {logging_mixin.py:188} INFO - [2026-05-07T20:16:54.198+0000] {dagbag.py:545} INFO - Filling up the DagBag from /home/airflow/.local/lib/python3.12/site-packages/airflow/example_dags/example_short_circuit_operator.py
[2026-05-07T20:16:54.230+0000] {processor.py:840} INFO - DAG(s) 'example_short_circuit_operator' retrieved from /home/airflow/.local/lib/python3.12/site-packages/airflow/example_dags/example_short_circuit_operator.py
[2026-05-07T20:16:54.572+0000] {logging_mixin.py:188} INFO - [2026-05-07T20:16:54.571+0000] {dag.py:3096} INFO - Sync 1 DAGs
[2026-05-07T20:16:54.630+0000] {logging_mixin.py:188} INFO - [2026-05-07T20:16:54.629+0000] {dag.py:3954} INFO - Setting next_dagrun for example_short_circuit_operator to 2026-05-06 00:00:00+00:00, run_after=2026-05-07 00:00:00+00:00
[2026-05-07T20:16:54.690+0000] {processor.py:183} INFO - Processing /home/airflow/.local/lib/python3.12/site-packages/airflow/example_dags/example_short_circuit_operator.py took 0.526 seconds
[2026-05-07T20:17:24.894+0000] {processor.py:161} INFO - Started process (PID=119) to work on /home/airflow/.local/lib/python3.12/site-packages/airflow/example_dags/example_short_circuit_operator.py
[2026-05-07T20:17:24.895+0000] {processor.py:830} INFO - Processing file /home/airflow/.local/lib/python3.12/site-packages/airflow/example_dags/example_short_circuit_operator.py for tasks to queue
[2026-05-07T20:17:24.898+0000] {logging_mixin.py:188} INFO - [2026-05-07T20:17:24.898+0000] {dagbag.py:545} INFO - Filling up the DagBag from /home/airflow/.local/lib/python3.12/site-packages/airflow/example_dags/example_short_circuit_operator.py
[2026-05-07T20:17:24.963+0000] {processor.py:840} INFO - DAG(s) 'example_short_circuit_operator' retrieved from /home/airflow/.local/lib/python3.12/site-packages/airflow/example_dags/example_short_circuit_operator.py
[2026-05-07T20:17:24.996+0000] {logging_mixin.py:188} INFO - [2026-05-07T20:17:24.996+0000] {dag.py:3096} INFO - Sync 1 DAGs
[2026-05-07T20:17:25.019+0000] {logging_mixin.py:188} INFO - [2026-05-07T20:17:25.019+0000] {dag.py:3954} INFO - Setting next_dagrun for example_short_circuit_operator to 2026-05-06 00:00:00+00:00, run_after=2026-05-07 00:00:00+00:00
[2026-05-07T20:17:25.047+0000] {processor.py:183} INFO - Processing /home/airflow/.local/lib/python3.12/site-packages/airflow/example_dags/example_short_circuit_operator.py took 0.157 seconds
[2026-05-07T20:17:55.413+0000] {processor.py:161} INFO - Started process (PID=177) to work on /home/airflow/.local/lib/python3.12/site-packages/airflow/example_dags/example_short_circuit_operator.py
[2026-05-07T20:17:55.415+0000] {processor.py:830} INFO - Processing file /home/airflow/.local/lib/python3.12/site-packages/airflow/example_dags/example_short_circuit_operator.py for tasks to queue
[2026-05-07T20:17:55.421+0000] {logging_mixin.py:188} INFO - [2026-05-07T20:17:55.420+0000] {dagbag.py:545} INFO - Filling up the DagBag from /home/airflow/.local/lib/python3.12/site-packages/airflow/example_dags/example_short_circuit_operator.py
[2026-05-07T20:17:55.429+0000] {processor.py:840} INFO - DAG(s) 'example_short_circuit_operator' retrieved from /home/airflow/.local/lib/python3.12/site-packages/airflow/example_dags/example_short_circuit_operator.py
[2026-05-07T20:17:55.453+0000] {logging_mixin.py:188} INFO - [2026-05-07T20:17:55.452+0000] {dag.py:3096} INFO - Sync 1 DAGs
[2026-05-07T20:17:55.474+0000] {logging_mixin.py:188} INFO - [2026-05-07T20:17:55.474+0000] {dag.py:3954} INFO - Setting next_dagrun for example_short_circuit_operator to 2026-05-06 00:00:00+00:00, run_after=2026-05-07 00:00:00+00:00
[2026-05-07T20:17:55.501+0000] {processor.py:183} INFO - Processing /home/airflow/.local/lib/python3.12/site-packages/airflow/example_dags/example_short_circuit_operator.py took 0.093 seconds
[2026-05-07T20:18:26.140+0000] {processor.py:161} INFO - Started process (PID=235) to work on /home/airflow/.local/lib/python3.12/site-packages/airflow/example_dags/example_short_circuit_operator.py
[2026-05-07T20:18:26.141+0000] {processor.py:830} INFO - Processing file /home/airflow/.local/lib/python3.12/site-packages/airflow/example_dags/example_short_circuit_operator.py for tasks to queue
[2026-05-07T20:18:26.145+0000] {logging_mixin.py:188} INFO - [2026-05-07T20:18:26.144+0000] {dagbag.py:545} INFO - Filling up the DagBag from /home/airflow/.local/lib/python3.12/site-packages/airflow/example_dags/example_short_circuit_operator.py
[2026-05-07T20:18:26.159+0000] {processor.py:840} INFO - DAG(s) 'example_short_circuit_operator' retrieved from /home/airflow/.local/lib/python3.12/site-packages/airflow/example_dags/example_short_circuit_operator.py
[2026-05-07T20:18:26.215+0000] {logging_mixin.py:188} INFO - [2026-05-07T20:18:26.215+0000] {dag.py:3096} INFO - Sync 1 DAGs
[2026-05-07T20:18:26.251+0000] {logging_mixin.py:188} INFO - [2026-05-07T20:18:26.250+0000] {dag.py:3954} INFO - Setting next_dagrun for example_short_circuit_operator to 2026-05-06 00:00:00+00:00, run_after=2026-05-07 00:00:00+00:00
[2026-05-07T20:18:26.293+0000] {processor.py:183} INFO - Processing /home/airflow/.local/lib/python3.12/site-packages/airflow/example_dags/example_short_circuit_operator.py took 0.163 seconds
[2026-05-07T20:18:56.493+0000] {processor.py:161} INFO - Started process (PID=293) to work on /home/airflow/.local/lib/python3.12/site-packages/airflow/example_dags/example_short_circuit_operator.py
[2026-05-07T20:18:56.495+0000] {processor.py:830} INFO - Processing file /home/airflow/.local/lib/python3.12/site-packages/airflow/example_dags/example_short_circuit_operator.py for tasks to queue
[2026-05-07T20:18:56.498+0000] {logging_mixin.py:188} INFO - [2026-05-07T20:18:56.498+0000] {dagbag.py:545} INFO - Filling up the DagBag from /home/airflow/.local/lib/python3.12/site-packages/airflow/example_dags/example_short_circuit_operator.py
[2026-05-07T20:18:56.506+0000] {processor.py:840} INFO - DAG(s) 'example_short_circuit_operator' retrieved from /home/airflow/.local/lib/python3.12/site-packages/airflow/example_dags/example_short_circuit_operator.py
[2026-05-07T20:18:56.536+0000] {logging_mixin.py:188} INFO - [2026-05-07T20:18:56.536+0000] {dag.py:3096} INFO - Sync 1 DAGs
[2026-05-07T20:18:56.561+0000] {logging_mixin.py:188} INFO - [2026-05-07T20:18:56.561+0000] {dag.py:3954} INFO - Setting next_dagrun for example_short_circuit_operator to 2026-05-06 00:00:00+00:00, run_after=2026-05-07 00:00:00+00:00
[2026-05-07T20:18:56.588+0000] {processor.py:183} INFO - Processing /home/airflow/.local/lib/python3.12/site-packages/airflow/example_dags/example_short_circuit_operator.py took 0.102 seconds
[2026-05-07T20:19:26.759+0000] {processor.py:161} INFO - Started process (PID=351) to work on /home/airflow/.local/lib/python3.12/site-packages/airflow/example_dags/example_short_circuit_operator.py
[2026-05-07T20:19:26.761+0000] {processor.py:830} INFO - Processing file /home/airflow/.local/lib/python3.12/site-packages/airflow/example_dags/example_short_circuit_operator.py for tasks to queue
[2026-05-07T20:19:26.763+0000] {logging_mixin.py:188} INFO - [2026-05-07T20:19:26.763+0000] {dagbag.py:545} INFO - Filling up the DagBag from /home/airflow/.local/lib/python3.12/site-packages/airflow/example_dags/example_short_circuit_operator.py
[2026-05-07T20:19:26.769+0000] {processor.py:840} INFO - DAG(s) 'example_short_circuit_operator' retrieved from /home/airflow/.local/lib/python3.12/site-packages/airflow/example_dags/example_short_circuit_operator.py
[2026-05-07T20:19:26.794+0000] {logging_mixin.py:188} INFO - [2026-05-07T20:19:26.794+0000] {dag.py:3096} INFO - Sync 1 DAGs
[2026-05-07T20:19:26.816+0000] {logging_mixin.py:188} INFO - [2026-05-07T20:19:26.815+0000] {dag.py:3954} INFO - Setting next_dagrun for example_short_circuit_operator to 2026-05-06 00:00:00+00:00, run_after=2026-05-07 00:00:00+00:00
[2026-05-07T20:19:26.913+0000] {processor.py:183} INFO - Processing /home/airflow/.local/lib/python3.12/site-packages/airflow/example_dags/example_short_circuit_operator.py took 0.160 seconds
[2026-05-07T20:19:57.060+0000] {processor.py:161} INFO - Started process (PID=409) to work on /home/airflow/.local/lib/python3.12/site-packages/airflow/example_dags/example_short_circuit_operator.py
[2026-05-07T20:19:57.063+0000] {processor.py:830} INFO - Processing file /home/airflow/.local/lib/python3.12/site-packages/airflow/example_dags/example_short_circuit_operator.py for tasks to queue
[2026-05-07T20:19:57.066+0000] {logging_mixin.py:188} INFO - [2026-05-07T20:19:57.065+0000] {dagbag.py:545} INFO - Filling up the DagBag from /home/airflow/.local/lib/python3.12/site-packages/airflow/example_dags/example_short_circuit_operator.py
[2026-05-07T20:19:57.079+0000] {processor.py:840} INFO - DAG(s) 'example_short_circuit_operator' retrieved from /home/airflow/.local/lib/python3.12/site-packages/airflow/example_dags/example_short_circuit_operator.py
[2026-05-07T20:19:57.114+0000] {logging_mixin.py:188} INFO - [2026-05-07T20:19:57.113+0000] {dag.py:3096} INFO - Sync 1 DAGs
[2026-05-07T20:19:57.136+0000] {logging_mixin.py:188} INFO - [2026-05-07T20:19:57.135+0000] {dag.py:3954} INFO - Setting next_dagrun for example_short_circuit_operator to 2026-05-06 00:00:00+00:00, run_after=2026-05-07 00:00:00+00:00
[2026-05-07T20:19:57.162+0000] {processor.py:183} INFO - Processing /home/airflow/.local/lib/python3.12/site-packages/airflow/example_dags/example_short_circuit_operator.py took 0.115 seconds
[2026-05-07T20:20:27.651+0000] {processor.py:161} INFO - Started process (PID=473) to work on /home/airflow/.local/lib/python3.12/site-packages/airflow/example_dags/example_short_circuit_operator.py
[2026-05-07T20:20:27.653+0000] {processor.py:830} INFO - Processing file /home/airflow/.local/lib/python3.12/site-packages/airflow/example_dags/example_short_circuit_operator.py for tasks to queue
[2026-05-07T20:20:27.655+0000] {logging_mixin.py:188} INFO - [2026-05-07T20:20:27.655+0000] {dagbag.py:545} INFO - Filling up the DagBag from /home/airflow/.local/lib/python3.12/site-packages/airflow/example_dags/example_short_circuit_operator.py
[2026-05-07T20:20:27.664+0000] {processor.py:840} INFO - DAG(s) 'example_short_circuit_operator' retrieved from /home/airflow/.local/lib/python3.12/site-packages/airflow/example_dags/example_short_circuit_operator.py
[2026-05-07T20:20:27.688+0000] {logging_mixin.py:188} INFO - [2026-05-07T20:20:27.688+0000] {dag.py:3096} INFO - Sync 1 DAGs
[2026-05-07T20:20:27.712+0000] {logging_mixin.py:188} INFO - [2026-05-07T20:20:27.712+0000] {dag.py:3954} INFO - Setting next_dagrun for example_short_circuit_operator to 2026-05-06 00:00:00+00:00, run_after=2026-05-07 00:00:00+00:00
[2026-05-07T20:20:27.799+0000] {processor.py:183} INFO - Processing /home/airflow/.local/lib/python3.12/site-packages/airflow/example_dags/example_short_circuit_operator.py took 0.154 seconds
[2026-05-07T20:20:57.874+0000] {processor.py:161} INFO - Started process (PID=531) to work on /home/airflow/.local/lib/python3.12/site-packages/airflow/example_dags/example_short_circuit_operator.py
[2026-05-07T20:20:57.876+0000] {processor.py:830} INFO - Processing file /home/airflow/.local/lib/python3.12/site-packages/airflow/example_dags/example_short_circuit_operator.py for tasks to queue
[2026-05-07T20:20:57.878+0000] {logging_mixin.py:188} INFO - [2026-05-07T20:20:57.878+0000] {dagbag.py:545} INFO - Filling up the DagBag from /home/airflow/.local/lib/python3.12/site-packages/airflow/example_dags/example_short_circuit_operator.py
[2026-05-07T20:20:57.886+0000] {processor.py:840} INFO - DAG(s) 'example_short_circuit_operator' retrieved from /home/airflow/.local/lib/python3.12/site-packages/airflow/example_dags/example_short_circuit_operator.py
[2026-05-07T20:20:57.911+0000] {logging_mixin.py:188} INFO - [2026-05-07T20:20:57.910+0000] {dag.py:3096} INFO - Sync 1 DAGs
[2026-05-07T20:20:57.932+0000] {logging_mixin.py:188} INFO - [2026-05-07T20:20:57.932+0000] {dag.py:3954} INFO - Setting next_dagrun for example_short_circuit_operator to 2026-05-06 00:00:00+00:00, run_after=2026-05-07 00:00:00+00:00
[2026-05-07T20:20:57.956+0000] {processor.py:183} INFO - Processing /home/airflow/.local/lib/python3.12/site-packages/airflow/example_dags/example_short_circuit_operator.py took 0.086 seconds
[2026-05-07T20:21:28.181+0000] {processor.py:161} INFO - Started process (PID=589) to work on /home/airflow/.local/lib/python3.12/site-packages/airflow/example_dags/example_short_circuit_operator.py
[2026-05-07T20:21:28.182+0000] {processor.py:830} INFO - Processing file /home/airflow/.local/lib/python3.12/site-packages/airflow/example_dags/example_short_circuit_operator.py for tasks to queue
[2026-05-07T20:21:28.185+0000] {logging_mixin.py:188} INFO - [2026-05-07T20:21:28.184+0000] {dagbag.py:545} INFO - Filling up the DagBag from /home/airflow/.local/lib/python3.12/site-packages/airflow/example_dags/example_short_circuit_operator.py
[2026-05-07T20:21:28.196+0000] {processor.py:840} INFO - DAG(s) 'example_short_circuit_operator' retrieved from /home/airflow/.local/lib/python3.12/site-packages/airflow/example_dags/example_short_circuit_operator.py
[2026-05-07T20:21:28.231+0000] {logging_mixin.py:188} INFO - [2026-05-07T20:21:28.230+0000] {dag.py:3096} INFO - Sync 1 DAGs
[2026-05-07T20:21:28.255+0000] {logging_mixin.py:188} INFO - [2026-05-07T20:21:28.255+0000] {dag.py:3954} INFO - Setting next_dagrun for example_short_circuit_operator to 2026-05-06 00:00:00+00:00, run_after=2026-05-07 00:00:00+00:00
[2026-05-07T20:21:28.281+0000] {processor.py:183} INFO - Processing /home/airflow/.local/lib/python3.12/site-packages/airflow/example_dags/example_short_circuit_operator.py took 0.107 seconds
[2026-05-07T20:21:58.502+0000] {processor.py:161} INFO - Started process (PID=647) to work on /home/airflow/.local/lib/python3.12/site-packages/airflow/example_dags/example_short_circuit_operator.py
[2026-05-07T20:21:58.504+0000] {processor.py:830} INFO - Processing file /home/airflow/.local/lib/python3.12/site-packages/airflow/example_dags/example_short_circuit_operator.py for tasks to queue
[2026-05-07T20:21:58.506+0000] {logging_mixin.py:188} INFO - [2026-05-07T20:21:58.505+0000] {dagbag.py:545} INFO - Filling up the DagBag from /home/airflow/.local/lib/python3.12/site-packages/airflow/example_dags/example_short_circuit_operator.py
[2026-05-07T20:21:58.512+0000] {processor.py:840} INFO - DAG(s) 'example_short_circuit_operator' retrieved from /home/airflow/.local/lib/python3.12/site-packages/airflow/example_dags/example_short_circuit_operator.py
[2026-05-07T20:21:58.535+0000] {logging_mixin.py:188} INFO - [2026-05-07T20:21:58.535+0000] {dag.py:3096} INFO - Sync 1 DAGs
[2026-05-07T20:21:58.555+0000] {logging_mixin.py:188} INFO - [2026-05-07T20:21:58.555+0000] {dag.py:3954} INFO - Setting next_dagrun for example_short_circuit_operator to 2026-05-06 00:00:00+00:00, run_after=2026-05-07 00:00:00+00:00
[2026-05-07T20:21:58.652+0000] {processor.py:183} INFO - Processing /home/airflow/.local/lib/python3.12/site-packages/airflow/example_dags/example_short_circuit_operator.py took 0.156 seconds
[2026-05-07T20:22:29.049+0000] {processor.py:161} INFO - Started process (PID=706) to work on /home/airflow/.local/lib/python3.12/site-packages/airflow/example_dags/example_short_circuit_operator.py
[2026-05-07T20:22:29.050+0000] {processor.py:830} INFO - Processing file /home/airflow/.local/lib/python3.12/site-packages/airflow/example_dags/example_short_circuit_operator.py for tasks to queue
[2026-05-07T20:22:29.053+0000] {logging_mixin.py:188} INFO - [2026-05-07T20:22:29.053+0000] {dagbag.py:545} INFO - Filling up the DagBag from /home/airflow/.local/lib/python3.12/site-packages/airflow/example_dags/example_short_circuit_operator.py
[2026-05-07T20:22:29.062+0000] {processor.py:840} INFO - DAG(s) 'example_short_circuit_operator' retrieved from /home/airflow/.local/lib/python3.12/site-packages/airflow/example_dags/example_short_circuit_operator.py
[2026-05-07T20:22:29.087+0000] {logging_mixin.py:188} INFO - [2026-05-07T20:22:29.087+0000] {dag.py:3096} INFO - Sync 1 DAGs
[2026-05-07T20:22:29.108+0000] {logging_mixin.py:188} INFO - [2026-05-07T20:22:29.108+0000] {dag.py:3954} INFO - Setting next_dagrun for example_short_circuit_operator to 2026-05-06 00:00:00+00:00, run_after=2026-05-07 00:00:00+00:00
[2026-05-07T20:22:29.134+0000] {processor.py:183} INFO - Processing /home/airflow/.local/lib/python3.12/site-packages/airflow/example_dags/example_short_circuit_operator.py took 0.095 seconds
[2026-05-07T20:22:59.447+0000] {processor.py:161} INFO - Started process (PID=764) to work on /home/airflow/.local/lib/python3.12/site-packages/airflow/example_dags/example_short_circuit_operator.py
[2026-05-07T20:22:59.449+0000] {processor.py:830} INFO - Processing file /home/airflow/.local/lib/python3.12/site-packages/airflow/example_dags/example_short_circuit_operator.py for tasks to queue
[2026-05-07T20:22:59.452+0000] {logging_mixin.py:188} INFO - [2026-05-07T20:22:59.452+0000] {dagbag.py:545} INFO - Filling up the DagBag from /home/airflow/.local/lib/python3.12/site-packages/airflow/example_dags/example_short_circuit_operator.py
[2026-05-07T20:22:59.469+0000] {processor.py:840} INFO - DAG(s) 'example_short_circuit_operator' retrieved from /home/airflow/.local/lib/python3.12/site-packages/airflow/example_dags/example_short_circuit_operator.py
[2026-05-07T20:22:59.513+0000] {logging_mixin.py:188} INFO - [2026-05-07T20:22:59.512+0000] {dag.py:3096} INFO - Sync 1 DAGs
[2026-05-07T20:22:59.547+0000] {logging_mixin.py:188} INFO - [2026-05-07T20:22:59.546+0000] {dag.py:3954} INFO - Setting next_dagrun for example_short_circuit_operator to 2026-05-06 00:00:00+00:00, run_after=2026-05-07 00:00:00+00:00
[2026-05-07T20:22:59.584+0000] {processor.py:183} INFO - Processing /home/airflow/.local/lib/python3.12/site-packages/airflow/example_dags/example_short_circuit_operator.py took 0.143 seconds
[2026-05-07T20:23:30.029+0000] {processor.py:161} INFO - Started process (PID=823) to work on /home/airflow/.local/lib/python3.12/site-packages/airflow/example_dags/example_short_circuit_operator.py
[2026-05-07T20:23:30.031+0000] {processor.py:830} INFO - Processing file /home/airflow/.local/lib/python3.12/site-packages/airflow/example_dags/example_short_circuit_operator.py for tasks to queue
[2026-05-07T20:23:30.034+0000] {logging_mixin.py:188} INFO - [2026-05-07T20:23:30.033+0000] {dagbag.py:545} INFO - Filling up the DagBag from /home/airflow/.local/lib/python3.12/site-packages/airflow/example_dags/example_short_circuit_operator.py
[2026-05-07T20:23:30.042+0000] {processor.py:840} INFO - DAG(s) 'example_short_circuit_operator' retrieved from /home/airflow/.local/lib/python3.12/site-packages/airflow/example_dags/example_short_circuit_operator.py
[2026-05-07T20:23:30.066+0000] {logging_mixin.py:188} INFO - [2026-05-07T20:23:30.066+0000] {dag.py:3096} INFO - Sync 1 DAGs
[2026-05-07T20:23:30.094+0000] {logging_mixin.py:188} INFO - [2026-05-07T20:23:30.093+0000] {dag.py:3954} INFO - Setting next_dagrun for example_short_circuit_operator to 2026-05-06 00:00:00+00:00, run_after=2026-05-07 00:00:00+00:00
[2026-05-07T20:23:30.122+0000] {processor.py:183} INFO - Processing /home/airflow/.local/lib/python3.12/site-packages/airflow/example_dags/example_short_circuit_operator.py took 0.099 seconds
[2026-05-07T20:24:00.325+0000] {processor.py:161} INFO - Started process (PID=881) to work on /home/airflow/.local/lib/python3.12/site-packages/airflow/example_dags/example_short_circuit_operator.py
[2026-05-07T20:24:00.327+0000] {processor.py:830} INFO - Processing file /home/airflow/.local/lib/python3.12/site-packages/airflow/example_dags/example_short_circuit_operator.py for tasks to queue
[2026-05-07T20:24:00.329+0000] {logging_mixin.py:188} INFO - [2026-05-07T20:24:00.329+0000] {dagbag.py:545} INFO - Filling up the DagBag from /home/airflow/.local/lib/python3.12/site-packages/airflow/example_dags/example_short_circuit_operator.py
[2026-05-07T20:24:00.336+0000] {processor.py:840} INFO - DAG(s) 'example_short_circuit_operator' retrieved from /home/airflow/.local/lib/python3.12/site-packages/airflow/example_dags/example_short_circuit_operator.py
[2026-05-07T20:24:00.359+0000] {logging_mixin.py:188} INFO - [2026-05-07T20:24:00.359+0000] {dag.py:3096} INFO - Sync 1 DAGs
[2026-05-07T20:24:00.379+0000] {logging_mixin.py:188} INFO - [2026-05-07T20:24:00.379+0000] {dag.py:3954} INFO - Setting next_dagrun for example_short_circuit_operator to 2026-05-06 00:00:00+00:00, run_after=2026-05-07 00:00:00+00:00
[2026-05-07T20:24:00.408+0000] {processor.py:183} INFO - Processing /home/airflow/.local/lib/python3.12/site-packages/airflow/example_dags/example_short_circuit_operator.py took 0.089 seconds
[2026-05-07T20:24:30.599+0000] {processor.py:161} INFO - Started process (PID=939) to work on /home/airflow/.local/lib/python3.12/site-packages/airflow/example_dags/example_short_circuit_operator.py
[2026-05-07T20:24:30.600+0000] {processor.py:830} INFO - Processing file /home/airflow/.local/lib/python3.12/site-packages/airflow/example_dags/example_short_circuit_operator.py for tasks to queue
[2026-05-07T20:24:30.603+0000] {logging_mixin.py:188} INFO - [2026-05-07T20:24:30.603+0000] {dagbag.py:545} INFO - Filling up the DagBag from /home/airflow/.local/lib/python3.12/site-packages/airflow/example_dags/example_short_circuit_operator.py
[2026-05-07T20:24:30.609+0000] {processor.py:840} INFO - DAG(s) 'example_short_circuit_operator' retrieved from /home/airflow/.local/lib/python3.12/site-packages/airflow/example_dags/example_short_circuit_operator.py
[2026-05-07T20:24:30.637+0000] {logging_mixin.py:188} INFO - [2026-05-07T20:24:30.637+0000] {dag.py:3096} INFO - Sync 1 DAGs
[2026-05-07T20:24:30.659+0000] {logging_mixin.py:188} INFO - [2026-05-07T20:24:30.659+0000] {dag.py:3954} INFO - Setting next_dagrun for example_short_circuit_operator to 2026-05-06 00:00:00+00:00, run_after=2026-05-07 00:00:00+00:00
[2026-05-07T20:24:30.684+0000] {processor.py:183} INFO - Processing /home/airflow/.local/lib/python3.12/site-packages/airflow/example_dags/example_short_circuit_operator.py took 0.091 seconds
[2026-05-07T20:25:00.853+0000] {processor.py:161} INFO - Started process (PID=997) to work on /home/airflow/.local/lib/python3.12/site-packages/airflow/example_dags/example_short_circuit_operator.py
[2026-05-07T20:25:00.854+0000] {processor.py:830} INFO - Processing file /home/airflow/.local/lib/python3.12/site-packages/airflow/example_dags/example_short_circuit_operator.py for tasks to queue
[2026-05-07T20:25:00.856+0000] {logging_mixin.py:188} INFO - [2026-05-07T20:25:00.856+0000] {dagbag.py:545} INFO - Filling up the DagBag from /home/airflow/.local/lib/python3.12/site-packages/airflow/example_dags/example_short_circuit_operator.py
[2026-05-07T20:25:00.863+0000] {processor.py:840} INFO - DAG(s) 'example_short_circuit_operator' retrieved from /home/airflow/.local/lib/python3.12/site-packages/airflow/example_dags/example_short_circuit_operator.py
[2026-05-07T20:25:00.885+0000] {logging_mixin.py:188} INFO - [2026-05-07T20:25:00.885+0000] {dag.py:3096} INFO - Sync 1 DAGs
[2026-05-07T20:25:00.906+0000] {logging_mixin.py:188} INFO - [2026-05-07T20:25:00.906+0000] {dag.py:3954} INFO - Setting next_dagrun for example_short_circuit_operator to 2026-05-06 00:00:00+00:00, run_after=2026-05-07 00:00:00+00:00
[2026-05-07T20:25:00.990+0000] {processor.py:183} INFO - Processing /home/airflow/.local/lib/python3.12/site-packages/airflow/example_dags/example_short_circuit_operator.py took 0.144 seconds
[2026-05-07T20:25:31.230+0000] {processor.py:161} INFO - Started process (PID=1055) to work on /home/airflow/.local/lib/python3.12/site-packages/airflow/example_dags/example_short_circuit_operator.py
[2026-05-07T20:25:31.232+0000] {processor.py:830} INFO - Processing file /home/airflow/.local/lib/python3.12/site-packages/airflow/example_dags/example_short_circuit_operator.py for tasks to queue
[2026-05-07T20:25:31.236+0000] {logging_mixin.py:188} INFO - [2026-05-07T20:25:31.235+0000] {dagbag.py:545} INFO - Filling up the DagBag from /home/airflow/.local/lib/python3.12/site-packages/airflow/example_dags/example_short_circuit_operator.py
[2026-05-07T20:25:31.246+0000] {processor.py:840} INFO - DAG(s) 'example_short_circuit_operator' retrieved from /home/airflow/.local/lib/python3.12/site-packages/airflow/example_dags/example_short_circuit_operator.py
[2026-05-07T20:25:31.283+0000] {logging_mixin.py:188} INFO - [2026-05-07T20:25:31.282+0000] {dag.py:3096} INFO - Sync 1 DAGs
[2026-05-07T20:25:31.316+0000] {logging_mixin.py:188} INFO - [2026-05-07T20:25:31.316+0000] {dag.py:3954} INFO - Setting next_dagrun for example_short_circuit_operator to 2026-05-06 00:00:00+00:00, run_after=2026-05-07 00:00:00+00:00
[2026-05-07T20:25:31.349+0000] {processor.py:183} INFO - Processing /home/airflow/.local/lib/python3.12/site-packages/airflow/example_dags/example_short_circuit_operator.py took 0.130 seconds
[2026-05-07T20:26:01.817+0000] {processor.py:161} INFO - Started process (PID=1113) to work on /home/airflow/.local/lib/python3.12/site-packages/airflow/example_dags/example_short_circuit_operator.py
[2026-05-07T20:26:01.818+0000] {processor.py:830} INFO - Processing file /home/airflow/.local/lib/python3.12/site-packages/airflow/example_dags/example_short_circuit_operator.py for tasks to queue
[2026-05-07T20:26:01.821+0000] {logging_mixin.py:188} INFO - [2026-05-07T20:26:01.820+0000] {dagbag.py:545} INFO - Filling up the DagBag from /home/airflow/.local/lib/python3.12/site-packages/airflow/example_dags/example_short_circuit_operator.py
[2026-05-07T20:26:01.833+0000] {processor.py:840} INFO - DAG(s) 'example_short_circuit_operator' retrieved from /home/airflow/.local/lib/python3.12/site-packages/airflow/example_dags/example_short_circuit_operator.py
[2026-05-07T20:26:01.869+0000] {logging_mixin.py:188} INFO - [2026-05-07T20:26:01.869+0000] {dag.py:3096} INFO - Sync 1 DAGs
[2026-05-07T20:26:01.918+0000] {logging_mixin.py:188} INFO - [2026-05-07T20:26:01.918+0000] {dag.py:3954} INFO - Setting next_dagrun for example_short_circuit_operator to 2026-05-06 00:00:00+00:00, run_after=2026-05-07 00:00:00+00:00
[2026-05-07T20:26:01.963+0000] {processor.py:183} INFO - Processing /home/airflow/.local/lib/python3.12/site-packages/airflow/example_dags/example_short_circuit_operator.py took 0.156 seconds
[2026-05-07T20:26:32.428+0000] {processor.py:161} INFO - Started process (PID=1172) to work on /home/airflow/.local/lib/python3.12/site-packages/airflow/example_dags/example_short_circuit_operator.py
[2026-05-07T20:26:32.430+0000] {processor.py:830} INFO - Processing file /home/airflow/.local/lib/python3.12/site-packages/airflow/example_dags/example_short_circuit_operator.py for tasks to queue
[2026-05-07T20:26:32.434+0000] {logging_mixin.py:188} INFO - [2026-05-07T20:26:32.433+0000] {dagbag.py:545} INFO - Filling up the DagBag from /home/airflow/.local/lib/python3.12/site-packages/airflow/example_dags/example_short_circuit_operator.py
[2026-05-07T20:26:32.446+0000] {processor.py:840} INFO - DAG(s) 'example_short_circuit_operator' retrieved from /home/airflow/.local/lib/python3.12/site-packages/airflow/example_dags/example_short_circuit_operator.py
[2026-05-07T20:26:32.492+0000] {logging_mixin.py:188} INFO - [2026-05-07T20:26:32.492+0000] {dag.py:3096} INFO - Sync 1 DAGs
[2026-05-07T20:26:32.533+0000] {logging_mixin.py:188} INFO - [2026-05-07T20:26:32.533+0000] {dag.py:3954} INFO - Setting next_dagrun for example_short_circuit_operator to 2026-05-06 00:00:00+00:00, run_after=2026-05-07 00:00:00+00:00
[2026-05-07T20:26:32.599+0000] {processor.py:183} INFO - Processing /home/airflow/.local/lib/python3.12/site-packages/airflow/example_dags/example_short_circuit_operator.py took 0.178 seconds
[2026-05-07T20:27:02.747+0000] {processor.py:161} INFO - Started process (PID=1229) to work on /home/airflow/.local/lib/python3.12/site-packages/airflow/example_dags/example_short_circuit_operator.py
[2026-05-07T20:27:02.748+0000] {processor.py:830} INFO - Processing file /home/airflow/.local/lib/python3.12/site-packages/airflow/example_dags/example_short_circuit_operator.py for tasks to queue
[2026-05-07T20:27:02.750+0000] {logging_mixin.py:188} INFO - [2026-05-07T20:27:02.750+0000] {dagbag.py:545} INFO - Filling up the DagBag from /home/airflow/.local/lib/python3.12/site-packages/airflow/example_dags/example_short_circuit_operator.py
[2026-05-07T20:27:02.757+0000] {processor.py:840} INFO - DAG(s) 'example_short_circuit_operator' retrieved from /home/airflow/.local/lib/python3.12/site-packages/airflow/example_dags/example_short_circuit_operator.py
[2026-05-07T20:27:02.782+0000] {logging_mixin.py:188} INFO - [2026-05-07T20:27:02.782+0000] {dag.py:3096} INFO - Sync 1 DAGs
[2026-05-07T20:27:02.802+0000] {logging_mixin.py:188} INFO - [2026-05-07T20:27:02.802+0000] {dag.py:3954} INFO - Setting next_dagrun for example_short_circuit_operator to 2026-05-06 00:00:00+00:00, run_after=2026-05-07 00:00:00+00:00
[2026-05-07T20:27:02.887+0000] {processor.py:183} INFO - Processing /home/airflow/.local/lib/python3.12/site-packages/airflow/example_dags/example_short_circuit_operator.py took 0.145 seconds
[2026-05-07T20:27:33.336+0000] {processor.py:161} INFO - Started process (PID=1286) to work on /home/airflow/.local/lib/python3.12/site-packages/airflow/example_dags/example_short_circuit_operator.py
[2026-05-07T20:27:33.338+0000] {processor.py:830} INFO - Processing file /home/airflow/.local/lib/python3.12/site-packages/airflow/example_dags/example_short_circuit_operator.py for tasks to queue
[2026-05-07T20:27:33.340+0000] {logging_mixin.py:188} INFO - [2026-05-07T20:27:33.340+0000] {dagbag.py:545} INFO - Filling up the DagBag from /home/airflow/.local/lib/python3.12/site-packages/airflow/example_dags/example_short_circuit_operator.py
[2026-05-07T20:27:33.348+0000] {processor.py:840} INFO - DAG(s) 'example_short_circuit_operator' retrieved from /home/airflow/.local/lib/python3.12/site-packages/airflow/example_dags/example_short_circuit_operator.py
[2026-05-07T20:27:33.370+0000] {logging_mixin.py:188} INFO - [2026-05-07T20:27:33.370+0000] {dag.py:3096} INFO - Sync 1 DAGs
[2026-05-07T20:27:33.389+0000] {logging_mixin.py:188} INFO - [2026-05-07T20:27:33.389+0000] {dag.py:3954} INFO - Setting next_dagrun for example_short_circuit_operator to 2026-05-06 00:00:00+00:00, run_after=2026-05-07 00:00:00+00:00
[2026-05-07T20:27:33.413+0000] {processor.py:183} INFO - Processing /home/airflow/.local/lib/python3.12/site-packages/airflow/example_dags/example_short_circuit_operator.py took 0.081 seconds
[2026-05-07T20:28:03.548+0000] {processor.py:161} INFO - Started process (PID=1344) to work on /home/airflow/.local/lib/python3.12/site-packages/airflow/example_dags/example_short_circuit_operator.py
[2026-05-07T20:28:03.550+0000] {processor.py:830} INFO - Processing file /home/airflow/.local/lib/python3.12/site-packages/airflow/example_dags/example_short_circuit_operator.py for tasks to queue
[2026-05-07T20:28:03.552+0000] {logging_mixin.py:188} INFO - [2026-05-07T20:28:03.552+0000] {dagbag.py:545} INFO - Filling up the DagBag from /home/airflow/.local/lib/python3.12/site-packages/airflow/example_dags/example_short_circuit_operator.py
[2026-05-07T20:28:03.561+0000] {processor.py:840} INFO - DAG(s) 'example_short_circuit_operator' retrieved from /home/airflow/.local/lib/python3.12/site-packages/airflow/example_dags/example_short_circuit_operator.py
[2026-05-07T20:28:03.586+0000] {logging_mixin.py:188} INFO - [2026-05-07T20:28:03.586+0000] {dag.py:3096} INFO - Sync 1 DAGs
[2026-05-07T20:28:03.611+0000] {logging_mixin.py:188} INFO - [2026-05-07T20:28:03.611+0000] {dag.py:3954} INFO - Setting next_dagrun for example_short_circuit_operator to 2026-05-06 00:00:00+00:00, run_after=2026-05-07 00:00:00+00:00
[2026-05-07T20:28:03.638+0000] {processor.py:183} INFO - Processing /home/airflow/.local/lib/python3.12/site-packages/airflow/example_dags/example_short_circuit_operator.py took 0.096 seconds
[2026-05-07T20:28:34.113+0000] {processor.py:161} INFO - Started process (PID=1402) to work on /home/airflow/.local/lib/python3.12/site-packages/airflow/example_dags/example_short_circuit_operator.py
[2026-05-07T20:28:34.114+0000] {processor.py:830} INFO - Processing file /home/airflow/.local/lib/python3.12/site-packages/airflow/example_dags/example_short_circuit_operator.py for tasks to queue
[2026-05-07T20:28:34.116+0000] {logging_mixin.py:188} INFO - [2026-05-07T20:28:34.116+0000] {dagbag.py:545} INFO - Filling up the DagBag from /home/airflow/.local/lib/python3.12/site-packages/airflow/example_dags/example_short_circuit_operator.py
[2026-05-07T20:28:34.123+0000] {processor.py:840} INFO - DAG(s) 'example_short_circuit_operator' retrieved from /home/airflow/.local/lib/python3.12/site-packages/airflow/example_dags/example_short_circuit_operator.py
[2026-05-07T20:28:34.146+0000] {logging_mixin.py:188} INFO - [2026-05-07T20:28:34.146+0000] {dag.py:3096} INFO - Sync 1 DAGs
[2026-05-07T20:28:34.167+0000] {logging_mixin.py:188} INFO - [2026-05-07T20:28:34.167+0000] {dag.py:3954} INFO - Setting next_dagrun for example_short_circuit_operator to 2026-05-06 00:00:00+00:00, run_after=2026-05-07 00:00:00+00:00
[2026-05-07T20:28:34.191+0000] {processor.py:183} INFO - Processing /home/airflow/.local/lib/python3.12/site-packages/airflow/example_dags/example_short_circuit_operator.py took 0.083 seconds
[2026-05-07T20:29:04.631+0000] {processor.py:161} INFO - Started process (PID=1460) to work on /home/airflow/.local/lib/python3.12/site-packages/airflow/example_dags/example_short_circuit_operator.py
[2026-05-07T20:29:04.633+0000] {processor.py:830} INFO - Processing file /home/airflow/.local/lib/python3.12/site-packages/airflow/example_dags/example_short_circuit_operator.py for tasks to queue
[2026-05-07T20:29:04.635+0000] {logging_mixin.py:188} INFO - [2026-05-07T20:29:04.635+0000] {dagbag.py:545} INFO - Filling up the DagBag from /home/airflow/.local/lib/python3.12/site-packages/airflow/example_dags/example_short_circuit_operator.py
[2026-05-07T20:29:04.643+0000] {processor.py:840} INFO - DAG(s) 'example_short_circuit_operator' retrieved from /home/airflow/.local/lib/python3.12/site-packages/airflow/example_dags/example_short_circuit_operator.py
[2026-05-07T20:29:04.666+0000] {logging_mixin.py:188} INFO - [2026-05-07T20:29:04.666+0000] {dag.py:3096} INFO - Sync 1 DAGs
[2026-05-07T20:29:04.686+0000] {logging_mixin.py:188} INFO - [2026-05-07T20:29:04.686+0000] {dag.py:3954} INFO - Setting next_dagrun for example_short_circuit_operator to 2026-05-06 00:00:00+00:00, run_after=2026-05-07 00:00:00+00:00
[2026-05-07T20:29:04.711+0000] {processor.py:183} INFO - Processing /home/airflow/.local/lib/python3.12/site-packages/airflow/example_dags/example_short_circuit_operator.py took 0.086 seconds
[2026-05-07T20:29:34.897+0000] {processor.py:161} INFO - Started process (PID=1518) to work on /home/airflow/.local/lib/python3.12/site-packages/airflow/example_dags/example_short_circuit_operator.py
[2026-05-07T20:29:34.899+0000] {processor.py:830} INFO - Processing file /home/airflow/.local/lib/python3.12/site-packages/airflow/example_dags/example_short_circuit_operator.py for tasks to queue
[2026-05-07T20:29:34.901+0000] {logging_mixin.py:188} INFO - [2026-05-07T20:29:34.901+0000] {dagbag.py:545} INFO - Filling up the DagBag from /home/airflow/.local/lib/python3.12/site-packages/airflow/example_dags/example_short_circuit_operator.py
[2026-05-07T20:29:34.909+0000] {processor.py:840} INFO - DAG(s) 'example_short_circuit_operator' retrieved from /home/airflow/.local/lib/python3.12/site-packages/airflow/example_dags/example_short_circuit_operator.py
[2026-05-07T20:29:34.941+0000] {logging_mixin.py:188} INFO - [2026-05-07T20:29:34.941+0000] {dag.py:3096} INFO - Sync 1 DAGs
[2026-05-07T20:29:34.968+0000] {logging_mixin.py:188} INFO - [2026-05-07T20:29:34.968+0000] {dag.py:3954} INFO - Setting next_dagrun for example_short_circuit_operator to 2026-05-06 00:00:00+00:00, run_after=2026-05-07 00:00:00+00:00
[2026-05-07T20:29:34.999+0000] {processor.py:183} INFO - Processing /home/airflow/.local/lib/python3.12/site-packages/airflow/example_dags/example_short_circuit_operator.py took 0.109 seconds
[2026-05-07T20:30:05.242+0000] {processor.py:161} INFO - Started process (PID=1576) to work on /home/airflow/.local/lib/python3.12/site-packages/airflow/example_dags/example_short_circuit_operator.py
[2026-05-07T20:30:05.244+0000] {processor.py:830} INFO - Processing file /home/airflow/.local/lib/python3.12/site-packages/airflow/example_dags/example_short_circuit_operator.py for tasks to queue
[2026-05-07T20:30:05.247+0000] {logging_mixin.py:188} INFO - [2026-05-07T20:30:05.246+0000] {dagbag.py:545} INFO - Filling up the DagBag from /home/airflow/.local/lib/python3.12/site-packages/airflow/example_dags/example_short_circuit_operator.py
[2026-05-07T20:30:05.255+0000] {processor.py:840} INFO - DAG(s) 'example_short_circuit_operator' retrieved from /home/airflow/.local/lib/python3.12/site-packages/airflow/example_dags/example_short_circuit_operator.py
[2026-05-07T20:30:05.281+0000] {logging_mixin.py:188} INFO - [2026-05-07T20:30:05.281+0000] {dag.py:3096} INFO - Sync 1 DAGs
[2026-05-07T20:30:05.306+0000] {logging_mixin.py:188} INFO - [2026-05-07T20:30:05.306+0000] {dag.py:3954} INFO - Setting next_dagrun for example_short_circuit_operator to 2026-05-06 00:00:00+00:00, run_after=2026-05-07 00:00:00+00:00
[2026-05-07T20:30:05.337+0000] {processor.py:183} INFO - Processing /home/airflow/.local/lib/python3.12/site-packages/airflow/example_dags/example_short_circuit_operator.py took 0.101 seconds
[2026-05-07T20:30:35.624+0000] {processor.py:161} INFO - Started process (PID=1634) to work on /home/airflow/.local/lib/python3.12/site-packages/airflow/example_dags/example_short_circuit_operator.py
[2026-05-07T20:30:35.626+0000] {processor.py:830} INFO - Processing file /home/airflow/.local/lib/python3.12/site-packages/airflow/example_dags/example_short_circuit_operator.py for tasks to queue
[2026-05-07T20:30:35.628+0000] {logging_mixin.py:188} INFO - [2026-05-07T20:30:35.628+0000] {dagbag.py:545} INFO - Filling up the DagBag from /home/airflow/.local/lib/python3.12/site-packages/airflow/example_dags/example_short_circuit_operator.py
[2026-05-07T20:30:35.635+0000] {processor.py:840} INFO - DAG(s) 'example_short_circuit_operator' retrieved from /home/airflow/.local/lib/python3.12/site-packages/airflow/example_dags/example_short_circuit_operator.py
[2026-05-07T20:30:35.659+0000] {logging_mixin.py:188} INFO - [2026-05-07T20:30:35.659+0000] {dag.py:3096} INFO - Sync 1 DAGs
[2026-05-07T20:30:35.680+0000] {logging_mixin.py:188} INFO - [2026-05-07T20:30:35.680+0000] {dag.py:3954} INFO - Setting next_dagrun for example_short_circuit_operator to 2026-05-06 00:00:00+00:00, run_after=2026-05-07 00:00:00+00:00
[2026-05-07T20:30:35.701+0000] {processor.py:183} INFO - Processing /home/airflow/.local/lib/python3.12/site-packages/airflow/example_dags/example_short_circuit_operator.py took 0.084 seconds
[2026-05-07T20:31:05.857+0000] {processor.py:161} INFO - Started process (PID=1692) to work on /home/airflow/.local/lib/python3.12/site-packages/airflow/example_dags/example_short_circuit_operator.py
[2026-05-07T20:31:05.859+0000] {processor.py:830} INFO - Processing file /home/airflow/.local/lib/python3.12/site-packages/airflow/example_dags/example_short_circuit_operator.py for tasks to queue
[2026-05-07T20:31:05.861+0000] {logging_mixin.py:188} INFO - [2026-05-07T20:31:05.861+0000] {dagbag.py:545} INFO - Filling up the DagBag from /home/airflow/.local/lib/python3.12/site-packages/airflow/example_dags/example_short_circuit_operator.py
[2026-05-07T20:31:05.867+0000] {processor.py:840} INFO - DAG(s) 'example_short_circuit_operator' retrieved from /home/airflow/.local/lib/python3.12/site-packages/airflow/example_dags/example_short_circuit_operator.py
[2026-05-07T20:31:05.889+0000] {logging_mixin.py:188} INFO - [2026-05-07T20:31:05.889+0000] {dag.py:3096} INFO - Sync 1 DAGs
[2026-05-07T20:31:05.910+0000] {logging_mixin.py:188} INFO - [2026-05-07T20:31:05.910+0000] {dag.py:3954} INFO - Setting next_dagrun for example_short_circuit_operator to 2026-05-06 00:00:00+00:00, run_after=2026-05-07 00:00:00+00:00
[2026-05-07T20:31:06.002+0000] {processor.py:183} INFO - Processing /home/airflow/.local/lib/python3.12/site-packages/airflow/example_dags/example_short_circuit_operator.py took 0.150 seconds
[2026-05-07T20:31:36.459+0000] {processor.py:161} INFO - Started process (PID=1751) to work on /home/airflow/.local/lib/python3.12/site-packages/airflow/example_dags/example_short_circuit_operator.py
[2026-05-07T20:31:36.460+0000] {processor.py:830} INFO - Processing file /home/airflow/.local/lib/python3.12/site-packages/airflow/example_dags/example_short_circuit_operator.py for tasks to queue
[2026-05-07T20:31:36.462+0000] {logging_mixin.py:188} INFO - [2026-05-07T20:31:36.462+0000] {dagbag.py:545} INFO - Filling up the DagBag from /home/airflow/.local/lib/python3.12/site-packages/airflow/example_dags/example_short_circuit_operator.py
[2026-05-07T20:31:36.471+0000] {processor.py:840} INFO - DAG(s) 'example_short_circuit_operator' retrieved from /home/airflow/.local/lib/python3.12/site-packages/airflow/example_dags/example_short_circuit_operator.py
[2026-05-07T20:31:36.496+0000] {logging_mixin.py:188} INFO - [2026-05-07T20:31:36.496+0000] {dag.py:3096} INFO - Sync 1 DAGs
[2026-05-07T20:31:36.521+0000] {logging_mixin.py:188} INFO - [2026-05-07T20:31:36.521+0000] {dag.py:3954} INFO - Setting next_dagrun for example_short_circuit_operator to 2026-05-06 00:00:00+00:00, run_after=2026-05-07 00:00:00+00:00
[2026-05-07T20:31:36.720+0000] {processor.py:183} INFO - Processing /home/airflow/.local/lib/python3.12/site-packages/airflow/example_dags/example_short_circuit_operator.py took 0.266 seconds
[2026-05-07T20:32:07.080+0000] {processor.py:161} INFO - Started process (PID=1808) to work on /home/airflow/.local/lib/python3.12/site-packages/airflow/example_dags/example_short_circuit_operator.py
[2026-05-07T20:32:07.081+0000] {processor.py:830} INFO - Processing file /home/airflow/.local/lib/python3.12/site-packages/airflow/example_dags/example_short_circuit_operator.py for tasks to queue
[2026-05-07T20:32:07.083+0000] {logging_mixin.py:188} INFO - [2026-05-07T20:32:07.083+0000] {dagbag.py:545} INFO - Filling up the DagBag from /home/airflow/.local/lib/python3.12/site-packages/airflow/example_dags/example_short_circuit_operator.py
[2026-05-07T20:32:07.090+0000] {processor.py:840} INFO - DAG(s) 'example_short_circuit_operator' retrieved from /home/airflow/.local/lib/python3.12/site-packages/airflow/example_dags/example_short_circuit_operator.py
[2026-05-07T20:32:07.113+0000] {logging_mixin.py:188} INFO - [2026-05-07T20:32:07.113+0000] {dag.py:3096} INFO - Sync 1 DAGs
[2026-05-07T20:32:07.136+0000] {logging_mixin.py:188} INFO - [2026-05-07T20:32:07.136+0000] {dag.py:3954} INFO - Setting next_dagrun for example_short_circuit_operator to 2026-05-06 00:00:00+00:00, run_after=2026-05-07 00:00:00+00:00
[2026-05-07T20:32:07.393+0000] {processor.py:183} INFO - Processing /home/airflow/.local/lib/python3.12/site-packages/airflow/example_dags/example_short_circuit_operator.py took 0.318 seconds
[2026-05-07T20:32:37.578+0000] {processor.py:161} INFO - Started process (PID=1865) to work on /home/airflow/.local/lib/python3.12/site-packages/airflow/example_dags/example_short_circuit_operator.py
[2026-05-07T20:32:37.580+0000] {processor.py:830} INFO - Processing file /home/airflow/.local/lib/python3.12/site-packages/airflow/example_dags/example_short_circuit_operator.py for tasks to queue
[2026-05-07T20:32:37.582+0000] {logging_mixin.py:188} INFO - [2026-05-07T20:32:37.582+0000] {dagbag.py:545} INFO - Filling up the DagBag from /home/airflow/.local/lib/python3.12/site-packages/airflow/example_dags/example_short_circuit_operator.py
[2026-05-07T20:32:37.589+0000] {processor.py:840} INFO - DAG(s) 'example_short_circuit_operator' retrieved from /home/airflow/.local/lib/python3.12/site-packages/airflow/example_dags/example_short_circuit_operator.py
[2026-05-07T20:32:37.611+0000] {logging_mixin.py:188} INFO - [2026-05-07T20:32:37.611+0000] {dag.py:3096} INFO - Sync 1 DAGs
[2026-05-07T20:32:37.631+0000] {logging_mixin.py:188} INFO - [2026-05-07T20:32:37.631+0000] {dag.py:3954} INFO - Setting next_dagrun for example_short_circuit_operator to 2026-05-06 00:00:00+00:00, run_after=2026-05-07 00:00:00+00:00
[2026-05-07T20:32:37.653+0000] {processor.py:183} INFO - Processing /home/airflow/.local/lib/python3.12/site-packages/airflow/example_dags/example_short_circuit_operator.py took 0.081 seconds
[2026-05-07T20:33:08.168+0000] {processor.py:161} INFO - Started process (PID=1923) to work on /home/airflow/.local/lib/python3.12/site-packages/airflow/example_dags/example_short_circuit_operator.py
[2026-05-07T20:33:08.169+0000] {processor.py:830} INFO - Processing file /home/airflow/.local/lib/python3.12/site-packages/airflow/example_dags/example_short_circuit_operator.py for tasks to queue
[2026-05-07T20:33:08.171+0000] {logging_mixin.py:188} INFO - [2026-05-07T20:33:08.171+0000] {dagbag.py:545} INFO - Filling up the DagBag from /home/airflow/.local/lib/python3.12/site-packages/airflow/example_dags/example_short_circuit_operator.py
[2026-05-07T20:33:08.178+0000] {processor.py:840} INFO - DAG(s) 'example_short_circuit_operator' retrieved from /home/airflow/.local/lib/python3.12/site-packages/airflow/example_dags/example_short_circuit_operator.py
[2026-05-07T20:33:08.200+0000] {logging_mixin.py:188} INFO - [2026-05-07T20:33:08.200+0000] {dag.py:3096} INFO - Sync 1 DAGs
[2026-05-07T20:33:08.220+0000] {logging_mixin.py:188} INFO - [2026-05-07T20:33:08.219+0000] {dag.py:3954} INFO - Setting next_dagrun for example_short_circuit_operator to 2026-05-06 00:00:00+00:00, run_after=2026-05-07 00:00:00+00:00
[2026-05-07T20:33:08.245+0000] {processor.py:183} INFO - Processing /home/airflow/.local/lib/python3.12/site-packages/airflow/example_dags/example_short_circuit_operator.py took 0.083 seconds
[2026-05-07T20:33:39.415+0000] {processor.py:161} INFO - Started process (PID=1981) to work on /home/airflow/.local/lib/python3.12/site-packages/airflow/example_dags/example_short_circuit_operator.py
[2026-05-07T20:33:39.417+0000] {processor.py:830} INFO - Processing file /home/airflow/.local/lib/python3.12/site-packages/airflow/example_dags/example_short_circuit_operator.py for tasks to queue
[2026-05-07T20:33:39.419+0000] {logging_mixin.py:188} INFO - [2026-05-07T20:33:39.419+0000] {dagbag.py:545} INFO - Filling up the DagBag from /home/airflow/.local/lib/python3.12/site-packages/airflow/example_dags/example_short_circuit_operator.py
[2026-05-07T20:33:39.426+0000] {processor.py:840} INFO - DAG(s) 'example_short_circuit_operator' retrieved from /home/airflow/.local/lib/python3.12/site-packages/airflow/example_dags/example_short_circuit_operator.py
[2026-05-07T20:33:39.454+0000] {logging_mixin.py:188} INFO - [2026-05-07T20:33:39.453+0000] {dag.py:3096} INFO - Sync 1 DAGs
[2026-05-07T20:33:39.522+0000] {logging_mixin.py:188} INFO - [2026-05-07T20:33:39.522+0000] {dag.py:3954} INFO - Setting next_dagrun for example_short_circuit_operator to 2026-05-06 00:00:00+00:00, run_after=2026-05-07 00:00:00+00:00
[2026-05-07T20:33:40.023+0000] {processor.py:183} INFO - Processing /home/airflow/.local/lib/python3.12/site-packages/airflow/example_dags/example_short_circuit_operator.py took 0.614 seconds
[2026-05-07T20:34:10.215+0000] {processor.py:161} INFO - Started process (PID=2040) to work on /home/airflow/.local/lib/python3.12/site-packages/airflow/example_dags/example_short_circuit_operator.py
[2026-05-07T20:34:10.216+0000] {processor.py:830} INFO - Processing file /home/airflow/.local/lib/python3.12/site-packages/airflow/example_dags/example_short_circuit_operator.py for tasks to queue
[2026-05-07T20:34:10.218+0000] {logging_mixin.py:188} INFO - [2026-05-07T20:34:10.218+0000] {dagbag.py:545} INFO - Filling up the DagBag from /home/airflow/.local/lib/python3.12/site-packages/airflow/example_dags/example_short_circuit_operator.py
[2026-05-07T20:34:10.225+0000] {processor.py:840} INFO - DAG(s) 'example_short_circuit_operator' retrieved from /home/airflow/.local/lib/python3.12/site-packages/airflow/example_dags/example_short_circuit_operator.py
[2026-05-07T20:34:10.249+0000] {logging_mixin.py:188} INFO - [2026-05-07T20:34:10.249+0000] {dag.py:3096} INFO - Sync 1 DAGs
[2026-05-07T20:34:10.272+0000] {logging_mixin.py:188} INFO - [2026-05-07T20:34:10.272+0000] {dag.py:3954} INFO - Setting next_dagrun for example_short_circuit_operator to 2026-05-06 00:00:00+00:00, run_after=2026-05-07 00:00:00+00:00
[2026-05-07T20:34:10.294+0000] {processor.py:183} INFO - Processing /home/airflow/.local/lib/python3.12/site-packages/airflow/example_dags/example_short_circuit_operator.py took 0.087 seconds
[2026-05-07T20:34:40.654+0000] {processor.py:161} INFO - Started process (PID=2098) to work on /home/airflow/.local/lib/python3.12/site-packages/airflow/example_dags/example_short_circuit_operator.py
[2026-05-07T20:34:40.655+0000] {processor.py:830} INFO - Processing file /home/airflow/.local/lib/python3.12/site-packages/airflow/example_dags/example_short_circuit_operator.py for tasks to queue
[2026-05-07T20:34:40.657+0000] {logging_mixin.py:188} INFO - [2026-05-07T20:34:40.657+0000] {dagbag.py:545} INFO - Filling up the DagBag from /home/airflow/.local/lib/python3.12/site-packages/airflow/example_dags/example_short_circuit_operator.py
[2026-05-07T20:34:40.664+0000] {processor.py:840} INFO - DAG(s) 'example_short_circuit_operator' retrieved from /home/airflow/.local/lib/python3.12/site-packages/airflow/example_dags/example_short_circuit_operator.py
[2026-05-07T20:34:40.687+0000] {logging_mixin.py:188} INFO - [2026-05-07T20:34:40.687+0000] {dag.py:3096} INFO - Sync 1 DAGs
[2026-05-07T20:34:40.708+0000] {logging_mixin.py:188} INFO - [2026-05-07T20:34:40.708+0000] {dag.py:3954} INFO - Setting next_dagrun for example_short_circuit_operator to 2026-05-06 00:00:00+00:00, run_after=2026-05-07 00:00:00+00:00
[2026-05-07T20:34:40.809+0000] {processor.py:183} INFO - Processing /home/airflow/.local/lib/python3.12/site-packages/airflow/example_dags/example_short_circuit_operator.py took 0.161 seconds
[2026-05-07T20:35:11.147+0000] {processor.py:161} INFO - Started process (PID=2156) to work on /home/airflow/.local/lib/python3.12/site-packages/airflow/example_dags/example_short_circuit_operator.py
[2026-05-07T20:35:11.148+0000] {processor.py:830} INFO - Processing file /home/airflow/.local/lib/python3.12/site-packages/airflow/example_dags/example_short_circuit_operator.py for tasks to queue
[2026-05-07T20:35:11.150+0000] {logging_mixin.py:188} INFO - [2026-05-07T20:35:11.150+0000] {dagbag.py:545} INFO - Filling up the DagBag from /home/airflow/.local/lib/python3.12/site-packages/airflow/example_dags/example_short_circuit_operator.py
[2026-05-07T20:35:11.157+0000] {processor.py:840} INFO - DAG(s) 'example_short_circuit_operator' retrieved from /home/airflow/.local/lib/python3.12/site-packages/airflow/example_dags/example_short_circuit_operator.py
[2026-05-07T20:35:11.182+0000] {logging_mixin.py:188} INFO - [2026-05-07T20:35:11.181+0000] {dag.py:3096} INFO - Sync 1 DAGs
[2026-05-07T20:35:11.207+0000] {logging_mixin.py:188} INFO - [2026-05-07T20:35:11.207+0000] {dag.py:3954} INFO - Setting next_dagrun for example_short_circuit_operator to 2026-05-06 00:00:00+00:00, run_after=2026-05-07 00:00:00+00:00
[2026-05-07T20:35:11.228+0000] {processor.py:183} INFO - Processing /home/airflow/.local/lib/python3.12/site-packages/airflow/example_dags/example_short_circuit_operator.py took 0.088 seconds
[2026-05-07T20:35:41.429+0000] {processor.py:161} INFO - Started process (PID=2214) to work on /home/airflow/.local/lib/python3.12/site-packages/airflow/example_dags/example_short_circuit_operator.py
[2026-05-07T20:35:41.430+0000] {processor.py:830} INFO - Processing file /home/airflow/.local/lib/python3.12/site-packages/airflow/example_dags/example_short_circuit_operator.py for tasks to queue
[2026-05-07T20:35:41.433+0000] {logging_mixin.py:188} INFO - [2026-05-07T20:35:41.432+0000] {dagbag.py:545} INFO - Filling up the DagBag from /home/airflow/.local/lib/python3.12/site-packages/airflow/example_dags/example_short_circuit_operator.py
[2026-05-07T20:35:41.441+0000] {processor.py:840} INFO - DAG(s) 'example_short_circuit_operator' retrieved from /home/airflow/.local/lib/python3.12/site-packages/airflow/example_dags/example_short_circuit_operator.py
[2026-05-07T20:35:41.463+0000] {logging_mixin.py:188} INFO - [2026-05-07T20:35:41.463+0000] {dag.py:3096} INFO - Sync 1 DAGs
[2026-05-07T20:35:41.488+0000] {logging_mixin.py:188} INFO - [2026-05-07T20:35:41.488+0000] {dag.py:3954} INFO - Setting next_dagrun for example_short_circuit_operator to 2026-05-06 00:00:00+00:00, run_after=2026-05-07 00:00:00+00:00
[2026-05-07T20:35:41.586+0000] {processor.py:183} INFO - Processing /home/airflow/.local/lib/python3.12/site-packages/airflow/example_dags/example_short_circuit_operator.py took 0.162 seconds
[2026-05-07T20:36:12.347+0000] {processor.py:161} INFO - Started process (PID=2273) to work on /home/airflow/.local/lib/python3.12/site-packages/airflow/example_dags/example_short_circuit_operator.py
[2026-05-07T20:36:12.349+0000] {processor.py:830} INFO - Processing file /home/airflow/.local/lib/python3.12/site-packages/airflow/example_dags/example_short_circuit_operator.py for tasks to queue
[2026-05-07T20:36:12.351+0000] {logging_mixin.py:188} INFO - [2026-05-07T20:36:12.351+0000] {dagbag.py:545} INFO - Filling up the DagBag from /home/airflow/.local/lib/python3.12/site-packages/airflow/example_dags/example_short_circuit_operator.py
[2026-05-07T20:36:12.358+0000] {processor.py:840} INFO - DAG(s) 'example_short_circuit_operator' retrieved from /home/airflow/.local/lib/python3.12/site-packages/airflow/example_dags/example_short_circuit_operator.py
[2026-05-07T20:36:12.382+0000] {logging_mixin.py:188} INFO - [2026-05-07T20:36:12.382+0000] {dag.py:3096} INFO - Sync 1 DAGs
[2026-05-07T20:36:12.402+0000] {logging_mixin.py:188} INFO - [2026-05-07T20:36:12.402+0000] {dag.py:3954} INFO - Setting next_dagrun for example_short_circuit_operator to 2026-05-06 00:00:00+00:00, run_after=2026-05-07 00:00:00+00:00
[2026-05-07T20:36:12.420+0000] {processor.py:183} INFO - Processing /home/airflow/.local/lib/python3.12/site-packages/airflow/example_dags/example_short_circuit_operator.py took 0.078 seconds
[2026-05-07T20:36:43.009+0000] {processor.py:161} INFO - Started process (PID=2331) to work on /home/airflow/.local/lib/python3.12/site-packages/airflow/example_dags/example_short_circuit_operator.py
[2026-05-07T20:36:43.010+0000] {processor.py:830} INFO - Processing file /home/airflow/.local/lib/python3.12/site-packages/airflow/example_dags/example_short_circuit_operator.py for tasks to queue
[2026-05-07T20:36:43.012+0000] {logging_mixin.py:188} INFO - [2026-05-07T20:36:43.012+0000] {dagbag.py:545} INFO - Filling up the DagBag from /home/airflow/.local/lib/python3.12/site-packages/airflow/example_dags/example_short_circuit_operator.py
[2026-05-07T20:36:43.019+0000] {processor.py:840} INFO - DAG(s) 'example_short_circuit_operator' retrieved from /home/airflow/.local/lib/python3.12/site-packages/airflow/example_dags/example_short_circuit_operator.py
[2026-05-07T20:36:43.041+0000] {logging_mixin.py:188} INFO - [2026-05-07T20:36:43.041+0000] {dag.py:3096} INFO - Sync 1 DAGs
[2026-05-07T20:36:43.062+0000] {logging_mixin.py:188} INFO - [2026-05-07T20:36:43.062+0000] {dag.py:3954} INFO - Setting next_dagrun for example_short_circuit_operator to 2026-05-06 00:00:00+00:00, run_after=2026-05-07 00:00:00+00:00
[2026-05-07T20:36:43.163+0000] {processor.py:183} INFO - Processing /home/airflow/.local/lib/python3.12/site-packages/airflow/example_dags/example_short_circuit_operator.py took 0.160 seconds
[2026-05-07T20:37:13.704+0000] {processor.py:161} INFO - Started process (PID=2389) to work on /home/airflow/.local/lib/python3.12/site-packages/airflow/example_dags/example_short_circuit_operator.py
[2026-05-07T20:37:13.705+0000] {processor.py:830} INFO - Processing file /home/airflow/.local/lib/python3.12/site-packages/airflow/example_dags/example_short_circuit_operator.py for tasks to queue
[2026-05-07T20:37:13.707+0000] {logging_mixin.py:188} INFO - [2026-05-07T20:37:13.707+0000] {dagbag.py:545} INFO - Filling up the DagBag from /home/airflow/.local/lib/python3.12/site-packages/airflow/example_dags/example_short_circuit_operator.py
[2026-05-07T20:37:13.714+0000] {processor.py:840} INFO - DAG(s) 'example_short_circuit_operator' retrieved from /home/airflow/.local/lib/python3.12/site-packages/airflow/example_dags/example_short_circuit_operator.py
[2026-05-07T20:37:13.737+0000] {logging_mixin.py:188} INFO - [2026-05-07T20:37:13.737+0000] {dag.py:3096} INFO - Sync 1 DAGs
[2026-05-07T20:37:13.757+0000] {logging_mixin.py:188} INFO - [2026-05-07T20:37:13.757+0000] {dag.py:3954} INFO - Setting next_dagrun for example_short_circuit_operator to 2026-05-06 00:00:00+00:00, run_after=2026-05-07 00:00:00+00:00
[2026-05-07T20:37:13.841+0000] {processor.py:183} INFO - Processing /home/airflow/.local/lib/python3.12/site-packages/airflow/example_dags/example_short_circuit_operator.py took 0.143 seconds
[2026-05-07T20:37:44.679+0000] {processor.py:161} INFO - Started process (PID=2447) to work on /home/airflow/.local/lib/python3.12/site-packages/airflow/example_dags/example_short_circuit_operator.py
[2026-05-07T20:37:44.680+0000] {processor.py:830} INFO - Processing file /home/airflow/.local/lib/python3.12/site-packages/airflow/example_dags/example_short_circuit_operator.py for tasks to queue
[2026-05-07T20:37:44.682+0000] {logging_mixin.py:188} INFO - [2026-05-07T20:37:44.682+0000] {dagbag.py:545} INFO - Filling up the DagBag from /home/airflow/.local/lib/python3.12/site-packages/airflow/example_dags/example_short_circuit_operator.py
[2026-05-07T20:37:44.690+0000] {processor.py:840} INFO - DAG(s) 'example_short_circuit_operator' retrieved from /home/airflow/.local/lib/python3.12/site-packages/airflow/example_dags/example_short_circuit_operator.py
[2026-05-07T20:37:44.712+0000] {logging_mixin.py:188} INFO - [2026-05-07T20:37:44.712+0000] {dag.py:3096} INFO - Sync 1 DAGs
[2026-05-07T20:37:44.732+0000] {logging_mixin.py:188} INFO - [2026-05-07T20:37:44.732+0000] {dag.py:3954} INFO - Setting next_dagrun for example_short_circuit_operator to 2026-05-06 00:00:00+00:00, run_after=2026-05-07 00:00:00+00:00
[2026-05-07T20:37:44.755+0000] {processor.py:183} INFO - Processing /home/airflow/.local/lib/python3.12/site-packages/airflow/example_dags/example_short_circuit_operator.py took 0.081 seconds
[2026-05-07T20:38:15.159+0000] {processor.py:161} INFO - Started process (PID=2505) to work on /home/airflow/.local/lib/python3.12/site-packages/airflow/example_dags/example_short_circuit_operator.py
[2026-05-07T20:38:15.160+0000] {processor.py:830} INFO - Processing file /home/airflow/.local/lib/python3.12/site-packages/airflow/example_dags/example_short_circuit_operator.py for tasks to queue
[2026-05-07T20:38:15.162+0000] {logging_mixin.py:188} INFO - [2026-05-07T20:38:15.162+0000] {dagbag.py:545} INFO - Filling up the DagBag from /home/airflow/.local/lib/python3.12/site-packages/airflow/example_dags/example_short_circuit_operator.py
[2026-05-07T20:38:15.169+0000] {processor.py:840} INFO - DAG(s) 'example_short_circuit_operator' retrieved from /home/airflow/.local/lib/python3.12/site-packages/airflow/example_dags/example_short_circuit_operator.py
[2026-05-07T20:38:15.191+0000] {logging_mixin.py:188} INFO - [2026-05-07T20:38:15.191+0000] {dag.py:3096} INFO - Sync 1 DAGs
[2026-05-07T20:38:15.216+0000] {logging_mixin.py:188} INFO - [2026-05-07T20:38:15.216+0000] {dag.py:3954} INFO - Setting next_dagrun for example_short_circuit_operator to 2026-05-06 00:00:00+00:00, run_after=2026-05-07 00:00:00+00:00
[2026-05-07T20:38:15.234+0000] {processor.py:183} INFO - Processing /home/airflow/.local/lib/python3.12/site-packages/airflow/example_dags/example_short_circuit_operator.py took 0.080 seconds
[2026-05-07T20:38:46.318+0000] {processor.py:161} INFO - Started process (PID=2563) to work on /home/airflow/.local/lib/python3.12/site-packages/airflow/example_dags/example_short_circuit_operator.py
[2026-05-07T20:38:46.320+0000] {processor.py:830} INFO - Processing file /home/airflow/.local/lib/python3.12/site-packages/airflow/example_dags/example_short_circuit_operator.py for tasks to queue
[2026-05-07T20:38:46.322+0000] {logging_mixin.py:188} INFO - [2026-05-07T20:38:46.322+0000] {dagbag.py:545} INFO - Filling up the DagBag from /home/airflow/.local/lib/python3.12/site-packages/airflow/example_dags/example_short_circuit_operator.py
[2026-05-07T20:38:46.329+0000] {processor.py:840} INFO - DAG(s) 'example_short_circuit_operator' retrieved from /home/airflow/.local/lib/python3.12/site-packages/airflow/example_dags/example_short_circuit_operator.py
[2026-05-07T20:38:46.354+0000] {logging_mixin.py:188} INFO - [2026-05-07T20:38:46.354+0000] {dag.py:3096} INFO - Sync 1 DAGs
[2026-05-07T20:38:46.377+0000] {logging_mixin.py:188} INFO - [2026-05-07T20:38:46.377+0000] {dag.py:3954} INFO - Setting next_dagrun for example_short_circuit_operator to 2026-05-06 00:00:00+00:00, run_after=2026-05-07 00:00:00+00:00
[2026-05-07T20:38:46.407+0000] {processor.py:183} INFO - Processing /home/airflow/.local/lib/python3.12/site-packages/airflow/example_dags/example_short_circuit_operator.py took 0.096 seconds
[2026-05-07T20:39:16.807+0000] {processor.py:161} INFO - Started process (PID=2621) to work on /home/airflow/.local/lib/python3.12/site-packages/airflow/example_dags/example_short_circuit_operator.py
[2026-05-07T20:39:16.808+0000] {processor.py:830} INFO - Processing file /home/airflow/.local/lib/python3.12/site-packages/airflow/example_dags/example_short_circuit_operator.py for tasks to queue
[2026-05-07T20:39:16.811+0000] {logging_mixin.py:188} INFO - [2026-05-07T20:39:16.810+0000] {dagbag.py:545} INFO - Filling up the DagBag from /home/airflow/.local/lib/python3.12/site-packages/airflow/example_dags/example_short_circuit_operator.py
[2026-05-07T20:39:16.817+0000] {processor.py:840} INFO - DAG(s) 'example_short_circuit_operator' retrieved from /home/airflow/.local/lib/python3.12/site-packages/airflow/example_dags/example_short_circuit_operator.py
[2026-05-07T20:39:16.841+0000] {logging_mixin.py:188} INFO - [2026-05-07T20:39:16.840+0000] {dag.py:3096} INFO - Sync 1 DAGs
[2026-05-07T20:39:16.860+0000] {logging_mixin.py:188} INFO - [2026-05-07T20:39:16.860+0000] {dag.py:3954} INFO - Setting next_dagrun for example_short_circuit_operator to 2026-05-06 00:00:00+00:00, run_after=2026-05-07 00:00:00+00:00
[2026-05-07T20:39:16.882+0000] {processor.py:183} INFO - Processing /home/airflow/.local/lib/python3.12/site-packages/airflow/example_dags/example_short_circuit_operator.py took 0.081 seconds
[2026-05-07T20:39:47.886+0000] {processor.py:161} INFO - Started process (PID=2679) to work on /home/airflow/.local/lib/python3.12/site-packages/airflow/example_dags/example_short_circuit_operator.py
[2026-05-07T20:39:47.887+0000] {processor.py:830} INFO - Processing file /home/airflow/.local/lib/python3.12/site-packages/airflow/example_dags/example_short_circuit_operator.py for tasks to queue
[2026-05-07T20:39:47.889+0000] {logging_mixin.py:188} INFO - [2026-05-07T20:39:47.889+0000] {dagbag.py:545} INFO - Filling up the DagBag from /home/airflow/.local/lib/python3.12/site-packages/airflow/example_dags/example_short_circuit_operator.py
[2026-05-07T20:39:47.897+0000] {processor.py:840} INFO - DAG(s) 'example_short_circuit_operator' retrieved from /home/airflow/.local/lib/python3.12/site-packages/airflow/example_dags/example_short_circuit_operator.py
[2026-05-07T20:39:47.920+0000] {logging_mixin.py:188} INFO - [2026-05-07T20:39:47.920+0000] {dag.py:3096} INFO - Sync 1 DAGs
[2026-05-07T20:39:47.943+0000] {logging_mixin.py:188} INFO - [2026-05-07T20:39:47.943+0000] {dag.py:3954} INFO - Setting next_dagrun for example_short_circuit_operator to 2026-05-06 00:00:00+00:00, run_after=2026-05-07 00:00:00+00:00
[2026-05-07T20:39:47.972+0000] {processor.py:183} INFO - Processing /home/airflow/.local/lib/python3.12/site-packages/airflow/example_dags/example_short_circuit_operator.py took 0.093 seconds
[2026-05-07T20:40:18.457+0000] {processor.py:161} INFO - Started process (PID=2737) to work on /home/airflow/.local/lib/python3.12/site-packages/airflow/example_dags/example_short_circuit_operator.py
[2026-05-07T20:40:18.459+0000] {processor.py:830} INFO - Processing file /home/airflow/.local/lib/python3.12/site-packages/airflow/example_dags/example_short_circuit_operator.py for tasks to queue
[2026-05-07T20:40:18.462+0000] {logging_mixin.py:188} INFO - [2026-05-07T20:40:18.461+0000] {dagbag.py:545} INFO - Filling up the DagBag from /home/airflow/.local/lib/python3.12/site-packages/airflow/example_dags/example_short_circuit_operator.py
[2026-05-07T20:40:18.470+0000] {processor.py:840} INFO - DAG(s) 'example_short_circuit_operator' retrieved from /home/airflow/.local/lib/python3.12/site-packages/airflow/example_dags/example_short_circuit_operator.py
[2026-05-07T20:40:18.495+0000] {logging_mixin.py:188} INFO - [2026-05-07T20:40:18.495+0000] {dag.py:3096} INFO - Sync 1 DAGs
[2026-05-07T20:40:18.517+0000] {logging_mixin.py:188} INFO - [2026-05-07T20:40:18.517+0000] {dag.py:3954} INFO - Setting next_dagrun for example_short_circuit_operator to 2026-05-06 00:00:00+00:00, run_after=2026-05-07 00:00:00+00:00
[2026-05-07T20:40:18.609+0000] {processor.py:183} INFO - Processing /home/airflow/.local/lib/python3.12/site-packages/airflow/example_dags/example_short_circuit_operator.py took 0.158 seconds
[2026-05-07T20:40:49.048+0000] {processor.py:161} INFO - Started process (PID=2795) to work on /home/airflow/.local/lib/python3.12/site-packages/airflow/example_dags/example_short_circuit_operator.py
[2026-05-07T20:40:49.050+0000] {processor.py:830} INFO - Processing file /home/airflow/.local/lib/python3.12/site-packages/airflow/example_dags/example_short_circuit_operator.py for tasks to queue
[2026-05-07T20:40:49.053+0000] {logging_mixin.py:188} INFO - [2026-05-07T20:40:49.052+0000] {dagbag.py:545} INFO - Filling up the DagBag from /home/airflow/.local/lib/python3.12/site-packages/airflow/example_dags/example_short_circuit_operator.py
[2026-05-07T20:40:49.062+0000] {processor.py:840} INFO - DAG(s) 'example_short_circuit_operator' retrieved from /home/airflow/.local/lib/python3.12/site-packages/airflow/example_dags/example_short_circuit_operator.py
[2026-05-07T20:40:49.089+0000] {logging_mixin.py:188} INFO - [2026-05-07T20:40:49.089+0000] {dag.py:3096} INFO - Sync 1 DAGs
[2026-05-07T20:40:49.111+0000] {logging_mixin.py:188} INFO - [2026-05-07T20:40:49.111+0000] {dag.py:3954} INFO - Setting next_dagrun for example_short_circuit_operator to 2026-05-06 00:00:00+00:00, run_after=2026-05-07 00:00:00+00:00
[2026-05-07T20:40:49.133+0000] {processor.py:183} INFO - Processing /home/airflow/.local/lib/python3.12/site-packages/airflow/example_dags/example_short_circuit_operator.py took 0.093 seconds
[2026-05-07T20:41:19.845+0000] {processor.py:161} INFO - Started process (PID=2853) to work on /home/airflow/.local/lib/python3.12/site-packages/airflow/example_dags/example_short_circuit_operator.py
[2026-05-07T20:41:19.846+0000] {processor.py:830} INFO - Processing file /home/airflow/.local/lib/python3.12/site-packages/airflow/example_dags/example_short_circuit_operator.py for tasks to queue
[2026-05-07T20:41:19.848+0000] {logging_mixin.py:188} INFO - [2026-05-07T20:41:19.848+0000] {dagbag.py:545} INFO - Filling up the DagBag from /home/airflow/.local/lib/python3.12/site-packages/airflow/example_dags/example_short_circuit_operator.py
[2026-05-07T20:41:19.857+0000] {processor.py:840} INFO - DAG(s) 'example_short_circuit_operator' retrieved from /home/airflow/.local/lib/python3.12/site-packages/airflow/example_dags/example_short_circuit_operator.py
[2026-05-07T20:41:19.877+0000] {logging_mixin.py:188} INFO - [2026-05-07T20:41:19.877+0000] {dag.py:3096} INFO - Sync 1 DAGs
[2026-05-07T20:41:19.897+0000] {logging_mixin.py:188} INFO - [2026-05-07T20:41:19.897+0000] {dag.py:3954} INFO - Setting next_dagrun for example_short_circuit_operator to 2026-05-06 00:00:00+00:00, run_after=2026-05-07 00:00:00+00:00
[2026-05-07T20:41:19.920+0000] {processor.py:183} INFO - Processing /home/airflow/.local/lib/python3.12/site-packages/airflow/example_dags/example_short_circuit_operator.py took 0.080 seconds
[2026-05-07T20:41:51.000+0000] {processor.py:161} INFO - Started process (PID=2911) to work on /home/airflow/.local/lib/python3.12/site-packages/airflow/example_dags/example_short_circuit_operator.py
[2026-05-07T20:41:51.001+0000] {processor.py:830} INFO - Processing file /home/airflow/.local/lib/python3.12/site-packages/airflow/example_dags/example_short_circuit_operator.py for tasks to queue
[2026-05-07T20:41:51.004+0000] {logging_mixin.py:188} INFO - [2026-05-07T20:41:51.003+0000] {dagbag.py:545} INFO - Filling up the DagBag from /home/airflow/.local/lib/python3.12/site-packages/airflow/example_dags/example_short_circuit_operator.py
[2026-05-07T20:41:51.011+0000] {processor.py:840} INFO - DAG(s) 'example_short_circuit_operator' retrieved from /home/airflow/.local/lib/python3.12/site-packages/airflow/example_dags/example_short_circuit_operator.py
[2026-05-07T20:41:51.038+0000] {logging_mixin.py:188} INFO - [2026-05-07T20:41:51.037+0000] {dag.py:3096} INFO - Sync 1 DAGs
[2026-05-07T20:41:51.066+0000] {logging_mixin.py:188} INFO - [2026-05-07T20:41:51.065+0000] {dag.py:3954} INFO - Setting next_dagrun for example_short_circuit_operator to 2026-05-06 00:00:00+00:00, run_after=2026-05-07 00:00:00+00:00
[2026-05-07T20:41:51.168+0000] {processor.py:183} INFO - Processing /home/airflow/.local/lib/python3.12/site-packages/airflow/example_dags/example_short_circuit_operator.py took 0.175 seconds
[2026-05-07T20:42:21.387+0000] {processor.py:161} INFO - Started process (PID=2969) to work on /home/airflow/.local/lib/python3.12/site-packages/airflow/example_dags/example_short_circuit_operator.py
[2026-05-07T20:42:21.389+0000] {processor.py:830} INFO - Processing file /home/airflow/.local/lib/python3.12/site-packages/airflow/example_dags/example_short_circuit_operator.py for tasks to queue
[2026-05-07T20:42:21.391+0000] {logging_mixin.py:188} INFO - [2026-05-07T20:42:21.391+0000] {dagbag.py:545} INFO - Filling up the DagBag from /home/airflow/.local/lib/python3.12/site-packages/airflow/example_dags/example_short_circuit_operator.py
[2026-05-07T20:42:21.397+0000] {processor.py:840} INFO - DAG(s) 'example_short_circuit_operator' retrieved from /home/airflow/.local/lib/python3.12/site-packages/airflow/example_dags/example_short_circuit_operator.py
[2026-05-07T20:42:21.425+0000] {logging_mixin.py:188} INFO - [2026-05-07T20:42:21.424+0000] {dag.py:3096} INFO - Sync 1 DAGs
[2026-05-07T20:42:21.446+0000] {logging_mixin.py:188} INFO - [2026-05-07T20:42:21.446+0000] {dag.py:3954} INFO - Setting next_dagrun for example_short_circuit_operator to 2026-05-06 00:00:00+00:00, run_after=2026-05-07 00:00:00+00:00
[2026-05-07T20:42:21.546+0000] {processor.py:183} INFO - Processing /home/airflow/.local/lib/python3.12/site-packages/airflow/example_dags/example_short_circuit_operator.py took 0.164 seconds
