[2026-05-07T20:16:54.755+0000] {processor.py:161} INFO - Started process (PID=63) to work on /home/airflow/.local/lib/python3.12/site-packages/airflow/example_dags/example_python_operator.py
[2026-05-07T20:16:54.757+0000] {processor.py:830} INFO - Processing file /home/airflow/.local/lib/python3.12/site-packages/airflow/example_dags/example_python_operator.py for tasks to queue
[2026-05-07T20:16:54.761+0000] {logging_mixin.py:188} INFO - [2026-05-07T20:16:54.761+0000] {dagbag.py:545} INFO - Filling up the DagBag from /home/airflow/.local/lib/python3.12/site-packages/airflow/example_dags/example_python_operator.py
[2026-05-07T20:16:54.789+0000] {processor.py:840} INFO - DAG(s) 'example_python_operator' retrieved from /home/airflow/.local/lib/python3.12/site-packages/airflow/example_dags/example_python_operator.py
[2026-05-07T20:16:55.133+0000] {logging_mixin.py:188} INFO - [2026-05-07T20:16:55.132+0000] {dag.py:3096} INFO - Sync 1 DAGs
[2026-05-07T20:16:55.168+0000] {logging_mixin.py:188} INFO - [2026-05-07T20:16:55.167+0000] {dag.py:3954} INFO - Setting next_dagrun for example_python_operator to None, run_after=None
[2026-05-07T20:16:55.228+0000] {processor.py:183} INFO - Processing /home/airflow/.local/lib/python3.12/site-packages/airflow/example_dags/example_python_operator.py took 0.481 seconds
[2026-05-07T20:17:26.102+0000] {processor.py:161} INFO - Started process (PID=121) to work on /home/airflow/.local/lib/python3.12/site-packages/airflow/example_dags/example_python_operator.py
[2026-05-07T20:17:26.103+0000] {processor.py:830} INFO - Processing file /home/airflow/.local/lib/python3.12/site-packages/airflow/example_dags/example_python_operator.py for tasks to queue
[2026-05-07T20:17:26.106+0000] {logging_mixin.py:188} INFO - [2026-05-07T20:17:26.106+0000] {dagbag.py:545} INFO - Filling up the DagBag from /home/airflow/.local/lib/python3.12/site-packages/airflow/example_dags/example_python_operator.py
[2026-05-07T20:17:26.119+0000] {processor.py:840} INFO - DAG(s) 'example_python_operator' retrieved from /home/airflow/.local/lib/python3.12/site-packages/airflow/example_dags/example_python_operator.py
[2026-05-07T20:17:26.147+0000] {logging_mixin.py:188} INFO - [2026-05-07T20:17:26.147+0000] {dag.py:3096} INFO - Sync 1 DAGs
[2026-05-07T20:17:26.162+0000] {logging_mixin.py:188} INFO - [2026-05-07T20:17:26.162+0000] {dag.py:3954} INFO - Setting next_dagrun for example_python_operator to None, run_after=None
[2026-05-07T20:17:26.187+0000] {processor.py:183} INFO - Processing /home/airflow/.local/lib/python3.12/site-packages/airflow/example_dags/example_python_operator.py took 0.091 seconds
[2026-05-07T20:17:56.576+0000] {processor.py:161} INFO - Started process (PID=179) to work on /home/airflow/.local/lib/python3.12/site-packages/airflow/example_dags/example_python_operator.py
[2026-05-07T20:17:56.614+0000] {processor.py:830} INFO - Processing file /home/airflow/.local/lib/python3.12/site-packages/airflow/example_dags/example_python_operator.py for tasks to queue
[2026-05-07T20:17:56.619+0000] {logging_mixin.py:188} INFO - [2026-05-07T20:17:56.618+0000] {dagbag.py:545} INFO - Filling up the DagBag from /home/airflow/.local/lib/python3.12/site-packages/airflow/example_dags/example_python_operator.py
[2026-05-07T20:17:56.630+0000] {processor.py:840} INFO - DAG(s) 'example_python_operator' retrieved from /home/airflow/.local/lib/python3.12/site-packages/airflow/example_dags/example_python_operator.py
[2026-05-07T20:17:56.661+0000] {logging_mixin.py:188} INFO - [2026-05-07T20:17:56.660+0000] {dag.py:3096} INFO - Sync 1 DAGs
[2026-05-07T20:17:56.675+0000] {logging_mixin.py:188} INFO - [2026-05-07T20:17:56.675+0000] {dag.py:3954} INFO - Setting next_dagrun for example_python_operator to None, run_after=None
[2026-05-07T20:17:56.700+0000] {processor.py:183} INFO - Processing /home/airflow/.local/lib/python3.12/site-packages/airflow/example_dags/example_python_operator.py took 0.134 seconds
[2026-05-07T20:18:27.361+0000] {processor.py:161} INFO - Started process (PID=243) to work on /home/airflow/.local/lib/python3.12/site-packages/airflow/example_dags/example_python_operator.py
[2026-05-07T20:18:27.363+0000] {processor.py:830} INFO - Processing file /home/airflow/.local/lib/python3.12/site-packages/airflow/example_dags/example_python_operator.py for tasks to queue
[2026-05-07T20:18:27.366+0000] {logging_mixin.py:188} INFO - [2026-05-07T20:18:27.365+0000] {dagbag.py:545} INFO - Filling up the DagBag from /home/airflow/.local/lib/python3.12/site-packages/airflow/example_dags/example_python_operator.py
[2026-05-07T20:18:27.382+0000] {processor.py:840} INFO - DAG(s) 'example_python_operator' retrieved from /home/airflow/.local/lib/python3.12/site-packages/airflow/example_dags/example_python_operator.py
[2026-05-07T20:18:27.417+0000] {logging_mixin.py:188} INFO - [2026-05-07T20:18:27.416+0000] {dag.py:3096} INFO - Sync 1 DAGs
[2026-05-07T20:18:27.442+0000] {logging_mixin.py:188} INFO - [2026-05-07T20:18:27.442+0000] {dag.py:3954} INFO - Setting next_dagrun for example_python_operator to None, run_after=None
[2026-05-07T20:18:27.486+0000] {processor.py:183} INFO - Processing /home/airflow/.local/lib/python3.12/site-packages/airflow/example_dags/example_python_operator.py took 0.130 seconds
[2026-05-07T20:18:57.637+0000] {processor.py:161} INFO - Started process (PID=301) to work on /home/airflow/.local/lib/python3.12/site-packages/airflow/example_dags/example_python_operator.py
[2026-05-07T20:18:57.638+0000] {processor.py:830} INFO - Processing file /home/airflow/.local/lib/python3.12/site-packages/airflow/example_dags/example_python_operator.py for tasks to queue
[2026-05-07T20:18:57.641+0000] {logging_mixin.py:188} INFO - [2026-05-07T20:18:57.641+0000] {dagbag.py:545} INFO - Filling up the DagBag from /home/airflow/.local/lib/python3.12/site-packages/airflow/example_dags/example_python_operator.py
[2026-05-07T20:18:57.651+0000] {processor.py:840} INFO - DAG(s) 'example_python_operator' retrieved from /home/airflow/.local/lib/python3.12/site-packages/airflow/example_dags/example_python_operator.py
[2026-05-07T20:18:57.675+0000] {logging_mixin.py:188} INFO - [2026-05-07T20:18:57.674+0000] {dag.py:3096} INFO - Sync 1 DAGs
[2026-05-07T20:18:57.687+0000] {logging_mixin.py:188} INFO - [2026-05-07T20:18:57.686+0000] {dag.py:3954} INFO - Setting next_dagrun for example_python_operator to None, run_after=None
[2026-05-07T20:18:57.709+0000] {processor.py:183} INFO - Processing /home/airflow/.local/lib/python3.12/site-packages/airflow/example_dags/example_python_operator.py took 0.078 seconds
[2026-05-07T20:19:27.975+0000] {processor.py:161} INFO - Started process (PID=359) to work on /home/airflow/.local/lib/python3.12/site-packages/airflow/example_dags/example_python_operator.py
[2026-05-07T20:19:27.977+0000] {processor.py:830} INFO - Processing file /home/airflow/.local/lib/python3.12/site-packages/airflow/example_dags/example_python_operator.py for tasks to queue
[2026-05-07T20:19:27.980+0000] {logging_mixin.py:188} INFO - [2026-05-07T20:19:27.979+0000] {dagbag.py:545} INFO - Filling up the DagBag from /home/airflow/.local/lib/python3.12/site-packages/airflow/example_dags/example_python_operator.py
[2026-05-07T20:19:27.995+0000] {processor.py:840} INFO - DAG(s) 'example_python_operator' retrieved from /home/airflow/.local/lib/python3.12/site-packages/airflow/example_dags/example_python_operator.py
[2026-05-07T20:19:28.032+0000] {logging_mixin.py:188} INFO - [2026-05-07T20:19:28.031+0000] {dag.py:3096} INFO - Sync 1 DAGs
[2026-05-07T20:19:28.051+0000] {logging_mixin.py:188} INFO - [2026-05-07T20:19:28.050+0000] {dag.py:3954} INFO - Setting next_dagrun for example_python_operator to None, run_after=None
[2026-05-07T20:19:28.141+0000] {processor.py:183} INFO - Processing /home/airflow/.local/lib/python3.12/site-packages/airflow/example_dags/example_python_operator.py took 0.173 seconds
[2026-05-07T20:19:58.230+0000] {processor.py:161} INFO - Started process (PID=417) to work on /home/airflow/.local/lib/python3.12/site-packages/airflow/example_dags/example_python_operator.py
[2026-05-07T20:19:58.231+0000] {processor.py:830} INFO - Processing file /home/airflow/.local/lib/python3.12/site-packages/airflow/example_dags/example_python_operator.py for tasks to queue
[2026-05-07T20:19:58.234+0000] {logging_mixin.py:188} INFO - [2026-05-07T20:19:58.234+0000] {dagbag.py:545} INFO - Filling up the DagBag from /home/airflow/.local/lib/python3.12/site-packages/airflow/example_dags/example_python_operator.py
[2026-05-07T20:19:58.247+0000] {processor.py:840} INFO - DAG(s) 'example_python_operator' retrieved from /home/airflow/.local/lib/python3.12/site-packages/airflow/example_dags/example_python_operator.py
[2026-05-07T20:19:58.277+0000] {logging_mixin.py:188} INFO - [2026-05-07T20:19:58.277+0000] {dag.py:3096} INFO - Sync 1 DAGs
[2026-05-07T20:19:58.292+0000] {logging_mixin.py:188} INFO - [2026-05-07T20:19:58.292+0000] {dag.py:3954} INFO - Setting next_dagrun for example_python_operator to None, run_after=None
[2026-05-07T20:19:58.388+0000] {processor.py:183} INFO - Processing /home/airflow/.local/lib/python3.12/site-packages/airflow/example_dags/example_python_operator.py took 0.163 seconds
[2026-05-07T20:20:28.917+0000] {processor.py:161} INFO - Started process (PID=475) to work on /home/airflow/.local/lib/python3.12/site-packages/airflow/example_dags/example_python_operator.py
[2026-05-07T20:20:28.919+0000] {processor.py:830} INFO - Processing file /home/airflow/.local/lib/python3.12/site-packages/airflow/example_dags/example_python_operator.py for tasks to queue
[2026-05-07T20:20:28.921+0000] {logging_mixin.py:188} INFO - [2026-05-07T20:20:28.920+0000] {dagbag.py:545} INFO - Filling up the DagBag from /home/airflow/.local/lib/python3.12/site-packages/airflow/example_dags/example_python_operator.py
[2026-05-07T20:20:28.931+0000] {processor.py:840} INFO - DAG(s) 'example_python_operator' retrieved from /home/airflow/.local/lib/python3.12/site-packages/airflow/example_dags/example_python_operator.py
[2026-05-07T20:20:28.954+0000] {logging_mixin.py:188} INFO - [2026-05-07T20:20:28.954+0000] {dag.py:3096} INFO - Sync 1 DAGs
[2026-05-07T20:20:28.967+0000] {logging_mixin.py:188} INFO - [2026-05-07T20:20:28.966+0000] {dag.py:3954} INFO - Setting next_dagrun for example_python_operator to None, run_after=None
[2026-05-07T20:20:28.991+0000] {processor.py:183} INFO - Processing /home/airflow/.local/lib/python3.12/site-packages/airflow/example_dags/example_python_operator.py took 0.079 seconds
[2026-05-07T20:20:59.159+0000] {processor.py:161} INFO - Started process (PID=533) to work on /home/airflow/.local/lib/python3.12/site-packages/airflow/example_dags/example_python_operator.py
[2026-05-07T20:20:59.161+0000] {processor.py:830} INFO - Processing file /home/airflow/.local/lib/python3.12/site-packages/airflow/example_dags/example_python_operator.py for tasks to queue
[2026-05-07T20:20:59.166+0000] {logging_mixin.py:188} INFO - [2026-05-07T20:20:59.165+0000] {dagbag.py:545} INFO - Filling up the DagBag from /home/airflow/.local/lib/python3.12/site-packages/airflow/example_dags/example_python_operator.py
[2026-05-07T20:20:59.197+0000] {processor.py:840} INFO - DAG(s) 'example_python_operator' retrieved from /home/airflow/.local/lib/python3.12/site-packages/airflow/example_dags/example_python_operator.py
[2026-05-07T20:20:59.244+0000] {logging_mixin.py:188} INFO - [2026-05-07T20:20:59.243+0000] {dag.py:3096} INFO - Sync 1 DAGs
[2026-05-07T20:20:59.272+0000] {logging_mixin.py:188} INFO - [2026-05-07T20:20:59.272+0000] {dag.py:3954} INFO - Setting next_dagrun for example_python_operator to None, run_after=None
[2026-05-07T20:20:59.312+0000] {processor.py:183} INFO - Processing /home/airflow/.local/lib/python3.12/site-packages/airflow/example_dags/example_python_operator.py took 0.164 seconds
[2026-05-07T20:21:29.458+0000] {processor.py:161} INFO - Started process (PID=591) to work on /home/airflow/.local/lib/python3.12/site-packages/airflow/example_dags/example_python_operator.py
[2026-05-07T20:21:29.459+0000] {processor.py:830} INFO - Processing file /home/airflow/.local/lib/python3.12/site-packages/airflow/example_dags/example_python_operator.py for tasks to queue
[2026-05-07T20:21:29.463+0000] {logging_mixin.py:188} INFO - [2026-05-07T20:21:29.462+0000] {dagbag.py:545} INFO - Filling up the DagBag from /home/airflow/.local/lib/python3.12/site-packages/airflow/example_dags/example_python_operator.py
[2026-05-07T20:21:29.480+0000] {processor.py:840} INFO - DAG(s) 'example_python_operator' retrieved from /home/airflow/.local/lib/python3.12/site-packages/airflow/example_dags/example_python_operator.py
[2026-05-07T20:21:29.540+0000] {logging_mixin.py:188} INFO - [2026-05-07T20:21:29.540+0000] {dag.py:3096} INFO - Sync 1 DAGs
[2026-05-07T20:21:29.567+0000] {logging_mixin.py:188} INFO - [2026-05-07T20:21:29.567+0000] {dag.py:3954} INFO - Setting next_dagrun for example_python_operator to None, run_after=None
[2026-05-07T20:21:29.598+0000] {processor.py:183} INFO - Processing /home/airflow/.local/lib/python3.12/site-packages/airflow/example_dags/example_python_operator.py took 0.149 seconds
[2026-05-07T20:21:59.732+0000] {processor.py:161} INFO - Started process (PID=649) to work on /home/airflow/.local/lib/python3.12/site-packages/airflow/example_dags/example_python_operator.py
[2026-05-07T20:21:59.734+0000] {processor.py:830} INFO - Processing file /home/airflow/.local/lib/python3.12/site-packages/airflow/example_dags/example_python_operator.py for tasks to queue
[2026-05-07T20:21:59.737+0000] {logging_mixin.py:188} INFO - [2026-05-07T20:21:59.736+0000] {dagbag.py:545} INFO - Filling up the DagBag from /home/airflow/.local/lib/python3.12/site-packages/airflow/example_dags/example_python_operator.py
[2026-05-07T20:21:59.752+0000] {processor.py:840} INFO - DAG(s) 'example_python_operator' retrieved from /home/airflow/.local/lib/python3.12/site-packages/airflow/example_dags/example_python_operator.py
[2026-05-07T20:21:59.783+0000] {logging_mixin.py:188} INFO - [2026-05-07T20:21:59.783+0000] {dag.py:3096} INFO - Sync 1 DAGs
[2026-05-07T20:21:59.798+0000] {logging_mixin.py:188} INFO - [2026-05-07T20:21:59.798+0000] {dag.py:3954} INFO - Setting next_dagrun for example_python_operator to None, run_after=None
[2026-05-07T20:21:59.824+0000] {processor.py:183} INFO - Processing /home/airflow/.local/lib/python3.12/site-packages/airflow/example_dags/example_python_operator.py took 0.103 seconds
[2026-05-07T20:22:30.215+0000] {processor.py:161} INFO - Started process (PID=708) to work on /home/airflow/.local/lib/python3.12/site-packages/airflow/example_dags/example_python_operator.py
[2026-05-07T20:22:30.217+0000] {processor.py:830} INFO - Processing file /home/airflow/.local/lib/python3.12/site-packages/airflow/example_dags/example_python_operator.py for tasks to queue
[2026-05-07T20:22:30.219+0000] {logging_mixin.py:188} INFO - [2026-05-07T20:22:30.219+0000] {dagbag.py:545} INFO - Filling up the DagBag from /home/airflow/.local/lib/python3.12/site-packages/airflow/example_dags/example_python_operator.py
[2026-05-07T20:22:30.230+0000] {processor.py:840} INFO - DAG(s) 'example_python_operator' retrieved from /home/airflow/.local/lib/python3.12/site-packages/airflow/example_dags/example_python_operator.py
[2026-05-07T20:22:30.257+0000] {logging_mixin.py:188} INFO - [2026-05-07T20:22:30.257+0000] {dag.py:3096} INFO - Sync 1 DAGs
[2026-05-07T20:22:30.270+0000] {logging_mixin.py:188} INFO - [2026-05-07T20:22:30.270+0000] {dag.py:3954} INFO - Setting next_dagrun for example_python_operator to None, run_after=None
[2026-05-07T20:22:30.293+0000] {processor.py:183} INFO - Processing /home/airflow/.local/lib/python3.12/site-packages/airflow/example_dags/example_python_operator.py took 0.086 seconds
[2026-05-07T20:23:00.649+0000] {processor.py:161} INFO - Started process (PID=766) to work on /home/airflow/.local/lib/python3.12/site-packages/airflow/example_dags/example_python_operator.py
[2026-05-07T20:23:00.651+0000] {processor.py:830} INFO - Processing file /home/airflow/.local/lib/python3.12/site-packages/airflow/example_dags/example_python_operator.py for tasks to queue
[2026-05-07T20:23:00.653+0000] {logging_mixin.py:188} INFO - [2026-05-07T20:23:00.653+0000] {dagbag.py:545} INFO - Filling up the DagBag from /home/airflow/.local/lib/python3.12/site-packages/airflow/example_dags/example_python_operator.py
[2026-05-07T20:23:00.665+0000] {processor.py:840} INFO - DAG(s) 'example_python_operator' retrieved from /home/airflow/.local/lib/python3.12/site-packages/airflow/example_dags/example_python_operator.py
[2026-05-07T20:23:00.687+0000] {logging_mixin.py:188} INFO - [2026-05-07T20:23:00.687+0000] {dag.py:3096} INFO - Sync 1 DAGs
[2026-05-07T20:23:00.698+0000] {logging_mixin.py:188} INFO - [2026-05-07T20:23:00.697+0000] {dag.py:3954} INFO - Setting next_dagrun for example_python_operator to None, run_after=None
[2026-05-07T20:23:00.721+0000] {processor.py:183} INFO - Processing /home/airflow/.local/lib/python3.12/site-packages/airflow/example_dags/example_python_operator.py took 0.079 seconds
[2026-05-07T20:23:31.177+0000] {processor.py:161} INFO - Started process (PID=825) to work on /home/airflow/.local/lib/python3.12/site-packages/airflow/example_dags/example_python_operator.py
[2026-05-07T20:23:31.179+0000] {processor.py:830} INFO - Processing file /home/airflow/.local/lib/python3.12/site-packages/airflow/example_dags/example_python_operator.py for tasks to queue
[2026-05-07T20:23:31.181+0000] {logging_mixin.py:188} INFO - [2026-05-07T20:23:31.181+0000] {dagbag.py:545} INFO - Filling up the DagBag from /home/airflow/.local/lib/python3.12/site-packages/airflow/example_dags/example_python_operator.py
[2026-05-07T20:23:31.193+0000] {processor.py:840} INFO - DAG(s) 'example_python_operator' retrieved from /home/airflow/.local/lib/python3.12/site-packages/airflow/example_dags/example_python_operator.py
[2026-05-07T20:23:31.218+0000] {logging_mixin.py:188} INFO - [2026-05-07T20:23:31.218+0000] {dag.py:3096} INFO - Sync 1 DAGs
[2026-05-07T20:23:31.230+0000] {logging_mixin.py:188} INFO - [2026-05-07T20:23:31.230+0000] {dag.py:3954} INFO - Setting next_dagrun for example_python_operator to None, run_after=None
[2026-05-07T20:23:31.253+0000] {processor.py:183} INFO - Processing /home/airflow/.local/lib/python3.12/site-packages/airflow/example_dags/example_python_operator.py took 0.080 seconds
[2026-05-07T20:24:01.485+0000] {processor.py:161} INFO - Started process (PID=883) to work on /home/airflow/.local/lib/python3.12/site-packages/airflow/example_dags/example_python_operator.py
[2026-05-07T20:24:01.488+0000] {processor.py:830} INFO - Processing file /home/airflow/.local/lib/python3.12/site-packages/airflow/example_dags/example_python_operator.py for tasks to queue
[2026-05-07T20:24:01.491+0000] {logging_mixin.py:188} INFO - [2026-05-07T20:24:01.491+0000] {dagbag.py:545} INFO - Filling up the DagBag from /home/airflow/.local/lib/python3.12/site-packages/airflow/example_dags/example_python_operator.py
[2026-05-07T20:24:01.501+0000] {processor.py:840} INFO - DAG(s) 'example_python_operator' retrieved from /home/airflow/.local/lib/python3.12/site-packages/airflow/example_dags/example_python_operator.py
[2026-05-07T20:24:01.531+0000] {logging_mixin.py:188} INFO - [2026-05-07T20:24:01.530+0000] {dag.py:3096} INFO - Sync 1 DAGs
[2026-05-07T20:24:01.544+0000] {logging_mixin.py:188} INFO - [2026-05-07T20:24:01.544+0000] {dag.py:3954} INFO - Setting next_dagrun for example_python_operator to None, run_after=None
[2026-05-07T20:24:01.635+0000] {processor.py:183} INFO - Processing /home/airflow/.local/lib/python3.12/site-packages/airflow/example_dags/example_python_operator.py took 0.163 seconds
[2026-05-07T20:24:31.744+0000] {processor.py:161} INFO - Started process (PID=941) to work on /home/airflow/.local/lib/python3.12/site-packages/airflow/example_dags/example_python_operator.py
[2026-05-07T20:24:31.746+0000] {processor.py:830} INFO - Processing file /home/airflow/.local/lib/python3.12/site-packages/airflow/example_dags/example_python_operator.py for tasks to queue
[2026-05-07T20:24:31.749+0000] {logging_mixin.py:188} INFO - [2026-05-07T20:24:31.749+0000] {dagbag.py:545} INFO - Filling up the DagBag from /home/airflow/.local/lib/python3.12/site-packages/airflow/example_dags/example_python_operator.py
[2026-05-07T20:24:31.759+0000] {processor.py:840} INFO - DAG(s) 'example_python_operator' retrieved from /home/airflow/.local/lib/python3.12/site-packages/airflow/example_dags/example_python_operator.py
[2026-05-07T20:24:31.784+0000] {logging_mixin.py:188} INFO - [2026-05-07T20:24:31.783+0000] {dag.py:3096} INFO - Sync 1 DAGs
[2026-05-07T20:24:31.796+0000] {logging_mixin.py:188} INFO - [2026-05-07T20:24:31.795+0000] {dag.py:3954} INFO - Setting next_dagrun for example_python_operator to None, run_after=None
[2026-05-07T20:24:31.837+0000] {processor.py:183} INFO - Processing /home/airflow/.local/lib/python3.12/site-packages/airflow/example_dags/example_python_operator.py took 0.100 seconds
[2026-05-07T20:25:02.051+0000] {processor.py:161} INFO - Started process (PID=999) to work on /home/airflow/.local/lib/python3.12/site-packages/airflow/example_dags/example_python_operator.py
[2026-05-07T20:25:02.053+0000] {processor.py:830} INFO - Processing file /home/airflow/.local/lib/python3.12/site-packages/airflow/example_dags/example_python_operator.py for tasks to queue
[2026-05-07T20:25:02.055+0000] {logging_mixin.py:188} INFO - [2026-05-07T20:25:02.055+0000] {dagbag.py:545} INFO - Filling up the DagBag from /home/airflow/.local/lib/python3.12/site-packages/airflow/example_dags/example_python_operator.py
[2026-05-07T20:25:02.066+0000] {processor.py:840} INFO - DAG(s) 'example_python_operator' retrieved from /home/airflow/.local/lib/python3.12/site-packages/airflow/example_dags/example_python_operator.py
[2026-05-07T20:25:02.098+0000] {logging_mixin.py:188} INFO - [2026-05-07T20:25:02.097+0000] {dag.py:3096} INFO - Sync 1 DAGs
[2026-05-07T20:25:02.111+0000] {logging_mixin.py:188} INFO - [2026-05-07T20:25:02.110+0000] {dag.py:3954} INFO - Setting next_dagrun for example_python_operator to None, run_after=None
[2026-05-07T20:25:02.141+0000] {processor.py:183} INFO - Processing /home/airflow/.local/lib/python3.12/site-packages/airflow/example_dags/example_python_operator.py took 0.095 seconds
[2026-05-07T20:25:32.447+0000] {processor.py:161} INFO - Started process (PID=1057) to work on /home/airflow/.local/lib/python3.12/site-packages/airflow/example_dags/example_python_operator.py
[2026-05-07T20:25:32.451+0000] {processor.py:830} INFO - Processing file /home/airflow/.local/lib/python3.12/site-packages/airflow/example_dags/example_python_operator.py for tasks to queue
[2026-05-07T20:25:32.456+0000] {logging_mixin.py:188} INFO - [2026-05-07T20:25:32.454+0000] {dagbag.py:545} INFO - Filling up the DagBag from /home/airflow/.local/lib/python3.12/site-packages/airflow/example_dags/example_python_operator.py
[2026-05-07T20:25:32.477+0000] {processor.py:840} INFO - DAG(s) 'example_python_operator' retrieved from /home/airflow/.local/lib/python3.12/site-packages/airflow/example_dags/example_python_operator.py
[2026-05-07T20:25:32.521+0000] {logging_mixin.py:188} INFO - [2026-05-07T20:25:32.520+0000] {dag.py:3096} INFO - Sync 1 DAGs
[2026-05-07T20:25:32.535+0000] {logging_mixin.py:188} INFO - [2026-05-07T20:25:32.535+0000] {dag.py:3954} INFO - Setting next_dagrun for example_python_operator to None, run_after=None
[2026-05-07T20:25:32.579+0000] {processor.py:183} INFO - Processing /home/airflow/.local/lib/python3.12/site-packages/airflow/example_dags/example_python_operator.py took 0.148 seconds
[2026-05-07T20:26:03.109+0000] {processor.py:161} INFO - Started process (PID=1115) to work on /home/airflow/.local/lib/python3.12/site-packages/airflow/example_dags/example_python_operator.py
[2026-05-07T20:26:03.111+0000] {processor.py:830} INFO - Processing file /home/airflow/.local/lib/python3.12/site-packages/airflow/example_dags/example_python_operator.py for tasks to queue
[2026-05-07T20:26:03.114+0000] {logging_mixin.py:188} INFO - [2026-05-07T20:26:03.114+0000] {dagbag.py:545} INFO - Filling up the DagBag from /home/airflow/.local/lib/python3.12/site-packages/airflow/example_dags/example_python_operator.py
[2026-05-07T20:26:03.130+0000] {processor.py:840} INFO - DAG(s) 'example_python_operator' retrieved from /home/airflow/.local/lib/python3.12/site-packages/airflow/example_dags/example_python_operator.py
[2026-05-07T20:26:03.164+0000] {logging_mixin.py:188} INFO - [2026-05-07T20:26:03.164+0000] {dag.py:3096} INFO - Sync 1 DAGs
[2026-05-07T20:26:03.181+0000] {logging_mixin.py:188} INFO - [2026-05-07T20:26:03.181+0000] {dag.py:3954} INFO - Setting next_dagrun for example_python_operator to None, run_after=None
[2026-05-07T20:26:03.217+0000] {processor.py:183} INFO - Processing /home/airflow/.local/lib/python3.12/site-packages/airflow/example_dags/example_python_operator.py took 0.118 seconds
[2026-05-07T20:26:33.657+0000] {processor.py:161} INFO - Started process (PID=1174) to work on /home/airflow/.local/lib/python3.12/site-packages/airflow/example_dags/example_python_operator.py
[2026-05-07T20:26:33.659+0000] {processor.py:830} INFO - Processing file /home/airflow/.local/lib/python3.12/site-packages/airflow/example_dags/example_python_operator.py for tasks to queue
[2026-05-07T20:26:33.664+0000] {logging_mixin.py:188} INFO - [2026-05-07T20:26:33.663+0000] {dagbag.py:545} INFO - Filling up the DagBag from /home/airflow/.local/lib/python3.12/site-packages/airflow/example_dags/example_python_operator.py
[2026-05-07T20:26:33.684+0000] {processor.py:840} INFO - DAG(s) 'example_python_operator' retrieved from /home/airflow/.local/lib/python3.12/site-packages/airflow/example_dags/example_python_operator.py
[2026-05-07T20:26:33.722+0000] {logging_mixin.py:188} INFO - [2026-05-07T20:26:33.721+0000] {dag.py:3096} INFO - Sync 1 DAGs
[2026-05-07T20:26:33.741+0000] {logging_mixin.py:188} INFO - [2026-05-07T20:26:33.741+0000] {dag.py:3954} INFO - Setting next_dagrun for example_python_operator to None, run_after=None
[2026-05-07T20:26:33.770+0000] {processor.py:183} INFO - Processing /home/airflow/.local/lib/python3.12/site-packages/airflow/example_dags/example_python_operator.py took 0.121 seconds
[2026-05-07T20:27:03.952+0000] {processor.py:161} INFO - Started process (PID=1231) to work on /home/airflow/.local/lib/python3.12/site-packages/airflow/example_dags/example_python_operator.py
[2026-05-07T20:27:03.954+0000] {processor.py:830} INFO - Processing file /home/airflow/.local/lib/python3.12/site-packages/airflow/example_dags/example_python_operator.py for tasks to queue
[2026-05-07T20:27:03.956+0000] {logging_mixin.py:188} INFO - [2026-05-07T20:27:03.956+0000] {dagbag.py:545} INFO - Filling up the DagBag from /home/airflow/.local/lib/python3.12/site-packages/airflow/example_dags/example_python_operator.py
[2026-05-07T20:27:03.966+0000] {processor.py:840} INFO - DAG(s) 'example_python_operator' retrieved from /home/airflow/.local/lib/python3.12/site-packages/airflow/example_dags/example_python_operator.py
[2026-05-07T20:27:03.990+0000] {logging_mixin.py:188} INFO - [2026-05-07T20:27:03.990+0000] {dag.py:3096} INFO - Sync 1 DAGs
[2026-05-07T20:27:04.004+0000] {logging_mixin.py:188} INFO - [2026-05-07T20:27:04.003+0000] {dag.py:3954} INFO - Setting next_dagrun for example_python_operator to None, run_after=None
[2026-05-07T20:27:04.105+0000] {processor.py:183} INFO - Processing /home/airflow/.local/lib/python3.12/site-packages/airflow/example_dags/example_python_operator.py took 0.158 seconds
[2026-05-07T20:27:34.525+0000] {processor.py:161} INFO - Started process (PID=1288) to work on /home/airflow/.local/lib/python3.12/site-packages/airflow/example_dags/example_python_operator.py
[2026-05-07T20:27:34.527+0000] {processor.py:830} INFO - Processing file /home/airflow/.local/lib/python3.12/site-packages/airflow/example_dags/example_python_operator.py for tasks to queue
[2026-05-07T20:27:34.530+0000] {logging_mixin.py:188} INFO - [2026-05-07T20:27:34.529+0000] {dagbag.py:545} INFO - Filling up the DagBag from /home/airflow/.local/lib/python3.12/site-packages/airflow/example_dags/example_python_operator.py
[2026-05-07T20:27:34.539+0000] {processor.py:840} INFO - DAG(s) 'example_python_operator' retrieved from /home/airflow/.local/lib/python3.12/site-packages/airflow/example_dags/example_python_operator.py
[2026-05-07T20:27:34.563+0000] {logging_mixin.py:188} INFO - [2026-05-07T20:27:34.563+0000] {dag.py:3096} INFO - Sync 1 DAGs
[2026-05-07T20:27:34.575+0000] {logging_mixin.py:188} INFO - [2026-05-07T20:27:34.575+0000] {dag.py:3954} INFO - Setting next_dagrun for example_python_operator to None, run_after=None
[2026-05-07T20:27:34.598+0000] {processor.py:183} INFO - Processing /home/airflow/.local/lib/python3.12/site-packages/airflow/example_dags/example_python_operator.py took 0.079 seconds
[2026-05-07T20:28:04.691+0000] {processor.py:161} INFO - Started process (PID=1346) to work on /home/airflow/.local/lib/python3.12/site-packages/airflow/example_dags/example_python_operator.py
[2026-05-07T20:28:04.692+0000] {processor.py:830} INFO - Processing file /home/airflow/.local/lib/python3.12/site-packages/airflow/example_dags/example_python_operator.py for tasks to queue
[2026-05-07T20:28:04.696+0000] {logging_mixin.py:188} INFO - [2026-05-07T20:28:04.695+0000] {dagbag.py:545} INFO - Filling up the DagBag from /home/airflow/.local/lib/python3.12/site-packages/airflow/example_dags/example_python_operator.py
[2026-05-07T20:28:04.705+0000] {processor.py:840} INFO - DAG(s) 'example_python_operator' retrieved from /home/airflow/.local/lib/python3.12/site-packages/airflow/example_dags/example_python_operator.py
[2026-05-07T20:28:04.731+0000] {logging_mixin.py:188} INFO - [2026-05-07T20:28:04.730+0000] {dag.py:3096} INFO - Sync 1 DAGs
[2026-05-07T20:28:04.744+0000] {logging_mixin.py:188} INFO - [2026-05-07T20:28:04.743+0000] {dag.py:3954} INFO - Setting next_dagrun for example_python_operator to None, run_after=None
[2026-05-07T20:28:04.771+0000] {processor.py:183} INFO - Processing /home/airflow/.local/lib/python3.12/site-packages/airflow/example_dags/example_python_operator.py took 0.085 seconds
[2026-05-07T20:28:35.248+0000] {processor.py:161} INFO - Started process (PID=1404) to work on /home/airflow/.local/lib/python3.12/site-packages/airflow/example_dags/example_python_operator.py
[2026-05-07T20:28:35.249+0000] {processor.py:830} INFO - Processing file /home/airflow/.local/lib/python3.12/site-packages/airflow/example_dags/example_python_operator.py for tasks to queue
[2026-05-07T20:28:35.252+0000] {logging_mixin.py:188} INFO - [2026-05-07T20:28:35.251+0000] {dagbag.py:545} INFO - Filling up the DagBag from /home/airflow/.local/lib/python3.12/site-packages/airflow/example_dags/example_python_operator.py
[2026-05-07T20:28:35.261+0000] {processor.py:840} INFO - DAG(s) 'example_python_operator' retrieved from /home/airflow/.local/lib/python3.12/site-packages/airflow/example_dags/example_python_operator.py
[2026-05-07T20:28:35.285+0000] {logging_mixin.py:188} INFO - [2026-05-07T20:28:35.284+0000] {dag.py:3096} INFO - Sync 1 DAGs
[2026-05-07T20:28:35.299+0000] {logging_mixin.py:188} INFO - [2026-05-07T20:28:35.298+0000] {dag.py:3954} INFO - Setting next_dagrun for example_python_operator to None, run_after=None
[2026-05-07T20:28:35.400+0000] {processor.py:183} INFO - Processing /home/airflow/.local/lib/python3.12/site-packages/airflow/example_dags/example_python_operator.py took 0.157 seconds
[2026-05-07T20:29:05.773+0000] {processor.py:161} INFO - Started process (PID=1462) to work on /home/airflow/.local/lib/python3.12/site-packages/airflow/example_dags/example_python_operator.py
[2026-05-07T20:29:05.775+0000] {processor.py:830} INFO - Processing file /home/airflow/.local/lib/python3.12/site-packages/airflow/example_dags/example_python_operator.py for tasks to queue
[2026-05-07T20:29:05.777+0000] {logging_mixin.py:188} INFO - [2026-05-07T20:29:05.776+0000] {dagbag.py:545} INFO - Filling up the DagBag from /home/airflow/.local/lib/python3.12/site-packages/airflow/example_dags/example_python_operator.py
[2026-05-07T20:29:05.786+0000] {processor.py:840} INFO - DAG(s) 'example_python_operator' retrieved from /home/airflow/.local/lib/python3.12/site-packages/airflow/example_dags/example_python_operator.py
[2026-05-07T20:29:05.812+0000] {logging_mixin.py:188} INFO - [2026-05-07T20:29:05.812+0000] {dag.py:3096} INFO - Sync 1 DAGs
[2026-05-07T20:29:05.826+0000] {logging_mixin.py:188} INFO - [2026-05-07T20:29:05.826+0000] {dag.py:3954} INFO - Setting next_dagrun for example_python_operator to None, run_after=None
[2026-05-07T20:29:05.922+0000] {processor.py:183} INFO - Processing /home/airflow/.local/lib/python3.12/site-packages/airflow/example_dags/example_python_operator.py took 0.155 seconds
[2026-05-07T20:29:36.101+0000] {processor.py:161} INFO - Started process (PID=1520) to work on /home/airflow/.local/lib/python3.12/site-packages/airflow/example_dags/example_python_operator.py
[2026-05-07T20:29:36.103+0000] {processor.py:830} INFO - Processing file /home/airflow/.local/lib/python3.12/site-packages/airflow/example_dags/example_python_operator.py for tasks to queue
[2026-05-07T20:29:36.104+0000] {logging_mixin.py:188} INFO - [2026-05-07T20:29:36.104+0000] {dagbag.py:545} INFO - Filling up the DagBag from /home/airflow/.local/lib/python3.12/site-packages/airflow/example_dags/example_python_operator.py
[2026-05-07T20:29:36.113+0000] {processor.py:840} INFO - DAG(s) 'example_python_operator' retrieved from /home/airflow/.local/lib/python3.12/site-packages/airflow/example_dags/example_python_operator.py
[2026-05-07T20:29:36.137+0000] {logging_mixin.py:188} INFO - [2026-05-07T20:29:36.137+0000] {dag.py:3096} INFO - Sync 1 DAGs
[2026-05-07T20:29:36.149+0000] {logging_mixin.py:188} INFO - [2026-05-07T20:29:36.149+0000] {dag.py:3954} INFO - Setting next_dagrun for example_python_operator to None, run_after=None
[2026-05-07T20:29:36.170+0000] {processor.py:183} INFO - Processing /home/airflow/.local/lib/python3.12/site-packages/airflow/example_dags/example_python_operator.py took 0.076 seconds
[2026-05-07T20:30:06.422+0000] {processor.py:161} INFO - Started process (PID=1578) to work on /home/airflow/.local/lib/python3.12/site-packages/airflow/example_dags/example_python_operator.py
[2026-05-07T20:30:06.424+0000] {processor.py:830} INFO - Processing file /home/airflow/.local/lib/python3.12/site-packages/airflow/example_dags/example_python_operator.py for tasks to queue
[2026-05-07T20:30:06.427+0000] {logging_mixin.py:188} INFO - [2026-05-07T20:30:06.427+0000] {dagbag.py:545} INFO - Filling up the DagBag from /home/airflow/.local/lib/python3.12/site-packages/airflow/example_dags/example_python_operator.py
[2026-05-07T20:30:06.438+0000] {processor.py:840} INFO - DAG(s) 'example_python_operator' retrieved from /home/airflow/.local/lib/python3.12/site-packages/airflow/example_dags/example_python_operator.py
[2026-05-07T20:30:06.464+0000] {logging_mixin.py:188} INFO - [2026-05-07T20:30:06.463+0000] {dag.py:3096} INFO - Sync 1 DAGs
[2026-05-07T20:30:06.483+0000] {logging_mixin.py:188} INFO - [2026-05-07T20:30:06.483+0000] {dag.py:3954} INFO - Setting next_dagrun for example_python_operator to None, run_after=None
[2026-05-07T20:30:06.510+0000] {processor.py:183} INFO - Processing /home/airflow/.local/lib/python3.12/site-packages/airflow/example_dags/example_python_operator.py took 0.097 seconds
[2026-05-07T20:30:36.755+0000] {processor.py:161} INFO - Started process (PID=1636) to work on /home/airflow/.local/lib/python3.12/site-packages/airflow/example_dags/example_python_operator.py
[2026-05-07T20:30:36.757+0000] {processor.py:830} INFO - Processing file /home/airflow/.local/lib/python3.12/site-packages/airflow/example_dags/example_python_operator.py for tasks to queue
[2026-05-07T20:30:36.759+0000] {logging_mixin.py:188} INFO - [2026-05-07T20:30:36.759+0000] {dagbag.py:545} INFO - Filling up the DagBag from /home/airflow/.local/lib/python3.12/site-packages/airflow/example_dags/example_python_operator.py
[2026-05-07T20:30:36.771+0000] {processor.py:840} INFO - DAG(s) 'example_python_operator' retrieved from /home/airflow/.local/lib/python3.12/site-packages/airflow/example_dags/example_python_operator.py
[2026-05-07T20:30:36.796+0000] {logging_mixin.py:188} INFO - [2026-05-07T20:30:36.795+0000] {dag.py:3096} INFO - Sync 1 DAGs
[2026-05-07T20:30:36.811+0000] {logging_mixin.py:188} INFO - [2026-05-07T20:30:36.811+0000] {dag.py:3954} INFO - Setting next_dagrun for example_python_operator to None, run_after=None
[2026-05-07T20:30:36.837+0000] {processor.py:183} INFO - Processing /home/airflow/.local/lib/python3.12/site-packages/airflow/example_dags/example_python_operator.py took 0.087 seconds
[2026-05-07T20:31:07.069+0000] {processor.py:161} INFO - Started process (PID=1694) to work on /home/airflow/.local/lib/python3.12/site-packages/airflow/example_dags/example_python_operator.py
[2026-05-07T20:31:07.070+0000] {processor.py:830} INFO - Processing file /home/airflow/.local/lib/python3.12/site-packages/airflow/example_dags/example_python_operator.py for tasks to queue
[2026-05-07T20:31:07.073+0000] {logging_mixin.py:188} INFO - [2026-05-07T20:31:07.072+0000] {dagbag.py:545} INFO - Filling up the DagBag from /home/airflow/.local/lib/python3.12/site-packages/airflow/example_dags/example_python_operator.py
[2026-05-07T20:31:07.083+0000] {processor.py:840} INFO - DAG(s) 'example_python_operator' retrieved from /home/airflow/.local/lib/python3.12/site-packages/airflow/example_dags/example_python_operator.py
[2026-05-07T20:31:07.109+0000] {logging_mixin.py:188} INFO - [2026-05-07T20:31:07.109+0000] {dag.py:3096} INFO - Sync 1 DAGs
[2026-05-07T20:31:07.124+0000] {logging_mixin.py:188} INFO - [2026-05-07T20:31:07.123+0000] {dag.py:3954} INFO - Setting next_dagrun for example_python_operator to None, run_after=None
[2026-05-07T20:31:07.146+0000] {processor.py:183} INFO - Processing /home/airflow/.local/lib/python3.12/site-packages/airflow/example_dags/example_python_operator.py took 0.083 seconds
[2026-05-07T20:31:37.776+0000] {processor.py:161} INFO - Started process (PID=1753) to work on /home/airflow/.local/lib/python3.12/site-packages/airflow/example_dags/example_python_operator.py
[2026-05-07T20:31:37.777+0000] {processor.py:830} INFO - Processing file /home/airflow/.local/lib/python3.12/site-packages/airflow/example_dags/example_python_operator.py for tasks to queue
[2026-05-07T20:31:37.779+0000] {logging_mixin.py:188} INFO - [2026-05-07T20:31:37.779+0000] {dagbag.py:545} INFO - Filling up the DagBag from /home/airflow/.local/lib/python3.12/site-packages/airflow/example_dags/example_python_operator.py
[2026-05-07T20:31:37.790+0000] {processor.py:840} INFO - DAG(s) 'example_python_operator' retrieved from /home/airflow/.local/lib/python3.12/site-packages/airflow/example_dags/example_python_operator.py
[2026-05-07T20:31:37.815+0000] {logging_mixin.py:188} INFO - [2026-05-07T20:31:37.815+0000] {dag.py:3096} INFO - Sync 1 DAGs
[2026-05-07T20:31:37.973+0000] {logging_mixin.py:188} INFO - [2026-05-07T20:31:37.972+0000] {dag.py:3954} INFO - Setting next_dagrun for example_python_operator to None, run_after=None
[2026-05-07T20:31:37.994+0000] {processor.py:183} INFO - Processing /home/airflow/.local/lib/python3.12/site-packages/airflow/example_dags/example_python_operator.py took 0.224 seconds
[2026-05-07T20:32:08.547+0000] {processor.py:161} INFO - Started process (PID=1811) to work on /home/airflow/.local/lib/python3.12/site-packages/airflow/example_dags/example_python_operator.py
[2026-05-07T20:32:08.548+0000] {processor.py:830} INFO - Processing file /home/airflow/.local/lib/python3.12/site-packages/airflow/example_dags/example_python_operator.py for tasks to queue
[2026-05-07T20:32:08.551+0000] {logging_mixin.py:188} INFO - [2026-05-07T20:32:08.550+0000] {dagbag.py:545} INFO - Filling up the DagBag from /home/airflow/.local/lib/python3.12/site-packages/airflow/example_dags/example_python_operator.py
[2026-05-07T20:32:08.561+0000] {processor.py:840} INFO - DAG(s) 'example_python_operator' retrieved from /home/airflow/.local/lib/python3.12/site-packages/airflow/example_dags/example_python_operator.py
[2026-05-07T20:32:08.583+0000] {logging_mixin.py:188} INFO - [2026-05-07T20:32:08.583+0000] {dag.py:3096} INFO - Sync 1 DAGs
[2026-05-07T20:32:08.596+0000] {logging_mixin.py:188} INFO - [2026-05-07T20:32:08.596+0000] {dag.py:3954} INFO - Setting next_dagrun for example_python_operator to None, run_after=None
[2026-05-07T20:32:08.857+0000] {processor.py:183} INFO - Processing /home/airflow/.local/lib/python3.12/site-packages/airflow/example_dags/example_python_operator.py took 0.316 seconds
[2026-05-07T20:32:39.049+0000] {processor.py:161} INFO - Started process (PID=1870) to work on /home/airflow/.local/lib/python3.12/site-packages/airflow/example_dags/example_python_operator.py
[2026-05-07T20:32:39.050+0000] {processor.py:830} INFO - Processing file /home/airflow/.local/lib/python3.12/site-packages/airflow/example_dags/example_python_operator.py for tasks to queue
[2026-05-07T20:32:39.055+0000] {logging_mixin.py:188} INFO - [2026-05-07T20:32:39.054+0000] {dagbag.py:545} INFO - Filling up the DagBag from /home/airflow/.local/lib/python3.12/site-packages/airflow/example_dags/example_python_operator.py
[2026-05-07T20:32:39.070+0000] {processor.py:840} INFO - DAG(s) 'example_python_operator' retrieved from /home/airflow/.local/lib/python3.12/site-packages/airflow/example_dags/example_python_operator.py
[2026-05-07T20:32:39.100+0000] {logging_mixin.py:188} INFO - [2026-05-07T20:32:39.099+0000] {dag.py:3096} INFO - Sync 1 DAGs
[2026-05-07T20:32:39.113+0000] {logging_mixin.py:188} INFO - [2026-05-07T20:32:39.112+0000] {dag.py:3954} INFO - Setting next_dagrun for example_python_operator to None, run_after=None
[2026-05-07T20:32:39.133+0000] {processor.py:183} INFO - Processing /home/airflow/.local/lib/python3.12/site-packages/airflow/example_dags/example_python_operator.py took 0.091 seconds
[2026-05-07T20:33:09.495+0000] {processor.py:161} INFO - Started process (PID=1927) to work on /home/airflow/.local/lib/python3.12/site-packages/airflow/example_dags/example_python_operator.py
[2026-05-07T20:33:09.498+0000] {processor.py:830} INFO - Processing file /home/airflow/.local/lib/python3.12/site-packages/airflow/example_dags/example_python_operator.py for tasks to queue
[2026-05-07T20:33:09.500+0000] {logging_mixin.py:188} INFO - [2026-05-07T20:33:09.500+0000] {dagbag.py:545} INFO - Filling up the DagBag from /home/airflow/.local/lib/python3.12/site-packages/airflow/example_dags/example_python_operator.py
[2026-05-07T20:33:09.512+0000] {processor.py:840} INFO - DAG(s) 'example_python_operator' retrieved from /home/airflow/.local/lib/python3.12/site-packages/airflow/example_dags/example_python_operator.py
[2026-05-07T20:33:09.536+0000] {logging_mixin.py:188} INFO - [2026-05-07T20:33:09.536+0000] {dag.py:3096} INFO - Sync 1 DAGs
[2026-05-07T20:33:09.548+0000] {logging_mixin.py:188} INFO - [2026-05-07T20:33:09.547+0000] {dag.py:3954} INFO - Setting next_dagrun for example_python_operator to None, run_after=None
[2026-05-07T20:33:09.651+0000] {processor.py:183} INFO - Processing /home/airflow/.local/lib/python3.12/site-packages/airflow/example_dags/example_python_operator.py took 0.163 seconds
[2026-05-07T20:33:40.243+0000] {processor.py:161} INFO - Started process (PID=1984) to work on /home/airflow/.local/lib/python3.12/site-packages/airflow/example_dags/example_python_operator.py
[2026-05-07T20:33:40.246+0000] {processor.py:830} INFO - Processing file /home/airflow/.local/lib/python3.12/site-packages/airflow/example_dags/example_python_operator.py for tasks to queue
[2026-05-07T20:33:40.249+0000] {logging_mixin.py:188} INFO - [2026-05-07T20:33:40.248+0000] {dagbag.py:545} INFO - Filling up the DagBag from /home/airflow/.local/lib/python3.12/site-packages/airflow/example_dags/example_python_operator.py
[2026-05-07T20:33:40.278+0000] {processor.py:840} INFO - DAG(s) 'example_python_operator' retrieved from /home/airflow/.local/lib/python3.12/site-packages/airflow/example_dags/example_python_operator.py
[2026-05-07T20:33:40.310+0000] {logging_mixin.py:188} INFO - [2026-05-07T20:33:40.309+0000] {dag.py:3096} INFO - Sync 1 DAGs
[2026-05-07T20:33:40.328+0000] {logging_mixin.py:188} INFO - [2026-05-07T20:33:40.328+0000] {dag.py:3954} INFO - Setting next_dagrun for example_python_operator to None, run_after=None
[2026-05-07T20:33:40.362+0000] {processor.py:183} INFO - Processing /home/airflow/.local/lib/python3.12/site-packages/airflow/example_dags/example_python_operator.py took 0.203 seconds
[2026-05-07T20:34:11.334+0000] {processor.py:161} INFO - Started process (PID=2042) to work on /home/airflow/.local/lib/python3.12/site-packages/airflow/example_dags/example_python_operator.py
[2026-05-07T20:34:11.336+0000] {processor.py:830} INFO - Processing file /home/airflow/.local/lib/python3.12/site-packages/airflow/example_dags/example_python_operator.py for tasks to queue
[2026-05-07T20:34:11.339+0000] {logging_mixin.py:188} INFO - [2026-05-07T20:34:11.339+0000] {dagbag.py:545} INFO - Filling up the DagBag from /home/airflow/.local/lib/python3.12/site-packages/airflow/example_dags/example_python_operator.py
[2026-05-07T20:34:11.350+0000] {processor.py:840} INFO - DAG(s) 'example_python_operator' retrieved from /home/airflow/.local/lib/python3.12/site-packages/airflow/example_dags/example_python_operator.py
[2026-05-07T20:34:11.376+0000] {logging_mixin.py:188} INFO - [2026-05-07T20:34:11.376+0000] {dag.py:3096} INFO - Sync 1 DAGs
[2026-05-07T20:34:11.393+0000] {logging_mixin.py:188} INFO - [2026-05-07T20:34:11.392+0000] {dag.py:3954} INFO - Setting next_dagrun for example_python_operator to None, run_after=None
[2026-05-07T20:34:11.415+0000] {processor.py:183} INFO - Processing /home/airflow/.local/lib/python3.12/site-packages/airflow/example_dags/example_python_operator.py took 0.087 seconds
[2026-05-07T20:34:41.684+0000] {processor.py:161} INFO - Started process (PID=2100) to work on /home/airflow/.local/lib/python3.12/site-packages/airflow/example_dags/example_python_operator.py
[2026-05-07T20:34:41.686+0000] {processor.py:830} INFO - Processing file /home/airflow/.local/lib/python3.12/site-packages/airflow/example_dags/example_python_operator.py for tasks to queue
[2026-05-07T20:34:41.688+0000] {logging_mixin.py:188} INFO - [2026-05-07T20:34:41.688+0000] {dagbag.py:545} INFO - Filling up the DagBag from /home/airflow/.local/lib/python3.12/site-packages/airflow/example_dags/example_python_operator.py
[2026-05-07T20:34:41.699+0000] {processor.py:840} INFO - DAG(s) 'example_python_operator' retrieved from /home/airflow/.local/lib/python3.12/site-packages/airflow/example_dags/example_python_operator.py
[2026-05-07T20:34:41.722+0000] {logging_mixin.py:188} INFO - [2026-05-07T20:34:41.722+0000] {dag.py:3096} INFO - Sync 1 DAGs
[2026-05-07T20:34:41.734+0000] {logging_mixin.py:188} INFO - [2026-05-07T20:34:41.734+0000] {dag.py:3954} INFO - Setting next_dagrun for example_python_operator to None, run_after=None
[2026-05-07T20:34:41.815+0000] {processor.py:183} INFO - Processing /home/airflow/.local/lib/python3.12/site-packages/airflow/example_dags/example_python_operator.py took 0.141 seconds
[2026-05-07T20:35:12.279+0000] {processor.py:161} INFO - Started process (PID=2158) to work on /home/airflow/.local/lib/python3.12/site-packages/airflow/example_dags/example_python_operator.py
[2026-05-07T20:35:12.282+0000] {processor.py:830} INFO - Processing file /home/airflow/.local/lib/python3.12/site-packages/airflow/example_dags/example_python_operator.py for tasks to queue
[2026-05-07T20:35:12.284+0000] {logging_mixin.py:188} INFO - [2026-05-07T20:35:12.284+0000] {dagbag.py:545} INFO - Filling up the DagBag from /home/airflow/.local/lib/python3.12/site-packages/airflow/example_dags/example_python_operator.py
[2026-05-07T20:35:12.293+0000] {processor.py:840} INFO - DAG(s) 'example_python_operator' retrieved from /home/airflow/.local/lib/python3.12/site-packages/airflow/example_dags/example_python_operator.py
[2026-05-07T20:35:12.317+0000] {logging_mixin.py:188} INFO - [2026-05-07T20:35:12.317+0000] {dag.py:3096} INFO - Sync 1 DAGs
[2026-05-07T20:35:12.329+0000] {logging_mixin.py:188} INFO - [2026-05-07T20:35:12.328+0000] {dag.py:3954} INFO - Setting next_dagrun for example_python_operator to None, run_after=None
[2026-05-07T20:35:12.394+0000] {processor.py:183} INFO - Processing /home/airflow/.local/lib/python3.12/site-packages/airflow/example_dags/example_python_operator.py took 0.127 seconds
[2026-05-07T20:35:42.636+0000] {processor.py:161} INFO - Started process (PID=2217) to work on /home/airflow/.local/lib/python3.12/site-packages/airflow/example_dags/example_python_operator.py
[2026-05-07T20:35:42.637+0000] {processor.py:830} INFO - Processing file /home/airflow/.local/lib/python3.12/site-packages/airflow/example_dags/example_python_operator.py for tasks to queue
[2026-05-07T20:35:42.639+0000] {logging_mixin.py:188} INFO - [2026-05-07T20:35:42.639+0000] {dagbag.py:545} INFO - Filling up the DagBag from /home/airflow/.local/lib/python3.12/site-packages/airflow/example_dags/example_python_operator.py
[2026-05-07T20:35:42.649+0000] {processor.py:840} INFO - DAG(s) 'example_python_operator' retrieved from /home/airflow/.local/lib/python3.12/site-packages/airflow/example_dags/example_python_operator.py
[2026-05-07T20:35:42.669+0000] {logging_mixin.py:188} INFO - [2026-05-07T20:35:42.669+0000] {dag.py:3096} INFO - Sync 1 DAGs
[2026-05-07T20:35:42.682+0000] {logging_mixin.py:188} INFO - [2026-05-07T20:35:42.682+0000] {dag.py:3954} INFO - Setting next_dagrun for example_python_operator to None, run_after=None
[2026-05-07T20:35:42.704+0000] {processor.py:183} INFO - Processing /home/airflow/.local/lib/python3.12/site-packages/airflow/example_dags/example_python_operator.py took 0.074 seconds
[2026-05-07T20:36:13.471+0000] {processor.py:161} INFO - Started process (PID=2275) to work on /home/airflow/.local/lib/python3.12/site-packages/airflow/example_dags/example_python_operator.py
[2026-05-07T20:36:13.472+0000] {processor.py:830} INFO - Processing file /home/airflow/.local/lib/python3.12/site-packages/airflow/example_dags/example_python_operator.py for tasks to queue
[2026-05-07T20:36:13.474+0000] {logging_mixin.py:188} INFO - [2026-05-07T20:36:13.474+0000] {dagbag.py:545} INFO - Filling up the DagBag from /home/airflow/.local/lib/python3.12/site-packages/airflow/example_dags/example_python_operator.py
[2026-05-07T20:36:13.484+0000] {processor.py:840} INFO - DAG(s) 'example_python_operator' retrieved from /home/airflow/.local/lib/python3.12/site-packages/airflow/example_dags/example_python_operator.py
[2026-05-07T20:36:13.509+0000] {logging_mixin.py:188} INFO - [2026-05-07T20:36:13.509+0000] {dag.py:3096} INFO - Sync 1 DAGs
[2026-05-07T20:36:13.520+0000] {logging_mixin.py:188} INFO - [2026-05-07T20:36:13.520+0000] {dag.py:3954} INFO - Setting next_dagrun for example_python_operator to None, run_after=None
[2026-05-07T20:36:13.617+0000] {processor.py:183} INFO - Processing /home/airflow/.local/lib/python3.12/site-packages/airflow/example_dags/example_python_operator.py took 0.153 seconds
[2026-05-07T20:36:44.214+0000] {processor.py:161} INFO - Started process (PID=2333) to work on /home/airflow/.local/lib/python3.12/site-packages/airflow/example_dags/example_python_operator.py
[2026-05-07T20:36:44.216+0000] {processor.py:830} INFO - Processing file /home/airflow/.local/lib/python3.12/site-packages/airflow/example_dags/example_python_operator.py for tasks to queue
[2026-05-07T20:36:44.218+0000] {logging_mixin.py:188} INFO - [2026-05-07T20:36:44.217+0000] {dagbag.py:545} INFO - Filling up the DagBag from /home/airflow/.local/lib/python3.12/site-packages/airflow/example_dags/example_python_operator.py
[2026-05-07T20:36:44.228+0000] {processor.py:840} INFO - DAG(s) 'example_python_operator' retrieved from /home/airflow/.local/lib/python3.12/site-packages/airflow/example_dags/example_python_operator.py
[2026-05-07T20:36:44.250+0000] {logging_mixin.py:188} INFO - [2026-05-07T20:36:44.250+0000] {dag.py:3096} INFO - Sync 1 DAGs
[2026-05-07T20:36:44.261+0000] {logging_mixin.py:188} INFO - [2026-05-07T20:36:44.261+0000] {dag.py:3954} INFO - Setting next_dagrun for example_python_operator to None, run_after=None
[2026-05-07T20:36:44.281+0000] {processor.py:183} INFO - Processing /home/airflow/.local/lib/python3.12/site-packages/airflow/example_dags/example_python_operator.py took 0.073 seconds
[2026-05-07T20:37:14.908+0000] {processor.py:161} INFO - Started process (PID=2391) to work on /home/airflow/.local/lib/python3.12/site-packages/airflow/example_dags/example_python_operator.py
[2026-05-07T20:37:14.910+0000] {processor.py:830} INFO - Processing file /home/airflow/.local/lib/python3.12/site-packages/airflow/example_dags/example_python_operator.py for tasks to queue
[2026-05-07T20:37:14.913+0000] {logging_mixin.py:188} INFO - [2026-05-07T20:37:14.913+0000] {dagbag.py:545} INFO - Filling up the DagBag from /home/airflow/.local/lib/python3.12/site-packages/airflow/example_dags/example_python_operator.py
[2026-05-07T20:37:14.924+0000] {processor.py:840} INFO - DAG(s) 'example_python_operator' retrieved from /home/airflow/.local/lib/python3.12/site-packages/airflow/example_dags/example_python_operator.py
[2026-05-07T20:37:14.946+0000] {logging_mixin.py:188} INFO - [2026-05-07T20:37:14.946+0000] {dag.py:3096} INFO - Sync 1 DAGs
[2026-05-07T20:37:14.959+0000] {logging_mixin.py:188} INFO - [2026-05-07T20:37:14.959+0000] {dag.py:3954} INFO - Setting next_dagrun for example_python_operator to None, run_after=None
[2026-05-07T20:37:14.991+0000] {processor.py:183} INFO - Processing /home/airflow/.local/lib/python3.12/site-packages/airflow/example_dags/example_python_operator.py took 0.088 seconds
[2026-05-07T20:37:45.810+0000] {processor.py:161} INFO - Started process (PID=2449) to work on /home/airflow/.local/lib/python3.12/site-packages/airflow/example_dags/example_python_operator.py
[2026-05-07T20:37:45.811+0000] {processor.py:830} INFO - Processing file /home/airflow/.local/lib/python3.12/site-packages/airflow/example_dags/example_python_operator.py for tasks to queue
[2026-05-07T20:37:45.813+0000] {logging_mixin.py:188} INFO - [2026-05-07T20:37:45.813+0000] {dagbag.py:545} INFO - Filling up the DagBag from /home/airflow/.local/lib/python3.12/site-packages/airflow/example_dags/example_python_operator.py
[2026-05-07T20:37:45.824+0000] {processor.py:840} INFO - DAG(s) 'example_python_operator' retrieved from /home/airflow/.local/lib/python3.12/site-packages/airflow/example_dags/example_python_operator.py
[2026-05-07T20:37:45.848+0000] {logging_mixin.py:188} INFO - [2026-05-07T20:37:45.847+0000] {dag.py:3096} INFO - Sync 1 DAGs
[2026-05-07T20:37:45.859+0000] {logging_mixin.py:188} INFO - [2026-05-07T20:37:45.859+0000] {dag.py:3954} INFO - Setting next_dagrun for example_python_operator to None, run_after=None
[2026-05-07T20:37:45.894+0000] {processor.py:183} INFO - Processing /home/airflow/.local/lib/python3.12/site-packages/airflow/example_dags/example_python_operator.py took 0.091 seconds
[2026-05-07T20:38:16.299+0000] {processor.py:161} INFO - Started process (PID=2507) to work on /home/airflow/.local/lib/python3.12/site-packages/airflow/example_dags/example_python_operator.py
[2026-05-07T20:38:16.301+0000] {processor.py:830} INFO - Processing file /home/airflow/.local/lib/python3.12/site-packages/airflow/example_dags/example_python_operator.py for tasks to queue
[2026-05-07T20:38:16.303+0000] {logging_mixin.py:188} INFO - [2026-05-07T20:38:16.303+0000] {dagbag.py:545} INFO - Filling up the DagBag from /home/airflow/.local/lib/python3.12/site-packages/airflow/example_dags/example_python_operator.py
[2026-05-07T20:38:16.313+0000] {processor.py:840} INFO - DAG(s) 'example_python_operator' retrieved from /home/airflow/.local/lib/python3.12/site-packages/airflow/example_dags/example_python_operator.py
[2026-05-07T20:38:16.335+0000] {logging_mixin.py:188} INFO - [2026-05-07T20:38:16.335+0000] {dag.py:3096} INFO - Sync 1 DAGs
[2026-05-07T20:38:16.347+0000] {logging_mixin.py:188} INFO - [2026-05-07T20:38:16.347+0000] {dag.py:3954} INFO - Setting next_dagrun for example_python_operator to None, run_after=None
[2026-05-07T20:38:16.370+0000] {processor.py:183} INFO - Processing /home/airflow/.local/lib/python3.12/site-packages/airflow/example_dags/example_python_operator.py took 0.078 seconds
[2026-05-07T20:38:46.453+0000] {processor.py:161} INFO - Started process (PID=2565) to work on /home/airflow/.local/lib/python3.12/site-packages/airflow/example_dags/example_python_operator.py
[2026-05-07T20:38:46.454+0000] {processor.py:830} INFO - Processing file /home/airflow/.local/lib/python3.12/site-packages/airflow/example_dags/example_python_operator.py for tasks to queue
[2026-05-07T20:38:46.456+0000] {logging_mixin.py:188} INFO - [2026-05-07T20:38:46.456+0000] {dagbag.py:545} INFO - Filling up the DagBag from /home/airflow/.local/lib/python3.12/site-packages/airflow/example_dags/example_python_operator.py
[2026-05-07T20:38:46.466+0000] {processor.py:840} INFO - DAG(s) 'example_python_operator' retrieved from /home/airflow/.local/lib/python3.12/site-packages/airflow/example_dags/example_python_operator.py
[2026-05-07T20:38:46.492+0000] {logging_mixin.py:188} INFO - [2026-05-07T20:38:46.492+0000] {dag.py:3096} INFO - Sync 1 DAGs
[2026-05-07T20:38:46.508+0000] {logging_mixin.py:188} INFO - [2026-05-07T20:38:46.508+0000] {dag.py:3954} INFO - Setting next_dagrun for example_python_operator to None, run_after=None
[2026-05-07T20:38:46.530+0000] {processor.py:183} INFO - Processing /home/airflow/.local/lib/python3.12/site-packages/airflow/example_dags/example_python_operator.py took 0.082 seconds
[2026-05-07T20:39:17.072+0000] {processor.py:161} INFO - Started process (PID=2623) to work on /home/airflow/.local/lib/python3.12/site-packages/airflow/example_dags/example_python_operator.py
[2026-05-07T20:39:17.073+0000] {processor.py:830} INFO - Processing file /home/airflow/.local/lib/python3.12/site-packages/airflow/example_dags/example_python_operator.py for tasks to queue
[2026-05-07T20:39:17.075+0000] {logging_mixin.py:188} INFO - [2026-05-07T20:39:17.075+0000] {dagbag.py:545} INFO - Filling up the DagBag from /home/airflow/.local/lib/python3.12/site-packages/airflow/example_dags/example_python_operator.py
[2026-05-07T20:39:17.085+0000] {processor.py:840} INFO - DAG(s) 'example_python_operator' retrieved from /home/airflow/.local/lib/python3.12/site-packages/airflow/example_dags/example_python_operator.py
[2026-05-07T20:39:17.108+0000] {logging_mixin.py:188} INFO - [2026-05-07T20:39:17.108+0000] {dag.py:3096} INFO - Sync 1 DAGs
[2026-05-07T20:39:17.120+0000] {logging_mixin.py:188} INFO - [2026-05-07T20:39:17.120+0000] {dag.py:3954} INFO - Setting next_dagrun for example_python_operator to None, run_after=None
[2026-05-07T20:39:17.221+0000] {processor.py:183} INFO - Processing /home/airflow/.local/lib/python3.12/site-packages/airflow/example_dags/example_python_operator.py took 0.155 seconds
[2026-05-07T20:39:48.027+0000] {processor.py:161} INFO - Started process (PID=2681) to work on /home/airflow/.local/lib/python3.12/site-packages/airflow/example_dags/example_python_operator.py
[2026-05-07T20:39:48.028+0000] {processor.py:830} INFO - Processing file /home/airflow/.local/lib/python3.12/site-packages/airflow/example_dags/example_python_operator.py for tasks to queue
[2026-05-07T20:39:48.031+0000] {logging_mixin.py:188} INFO - [2026-05-07T20:39:48.030+0000] {dagbag.py:545} INFO - Filling up the DagBag from /home/airflow/.local/lib/python3.12/site-packages/airflow/example_dags/example_python_operator.py
[2026-05-07T20:39:48.043+0000] {processor.py:840} INFO - DAG(s) 'example_python_operator' retrieved from /home/airflow/.local/lib/python3.12/site-packages/airflow/example_dags/example_python_operator.py
[2026-05-07T20:39:48.065+0000] {logging_mixin.py:188} INFO - [2026-05-07T20:39:48.065+0000] {dag.py:3096} INFO - Sync 1 DAGs
[2026-05-07T20:39:48.077+0000] {logging_mixin.py:188} INFO - [2026-05-07T20:39:48.077+0000] {dag.py:3954} INFO - Setting next_dagrun for example_python_operator to None, run_after=None
[2026-05-07T20:39:48.100+0000] {processor.py:183} INFO - Processing /home/airflow/.local/lib/python3.12/site-packages/airflow/example_dags/example_python_operator.py took 0.082 seconds
[2026-05-07T20:40:18.658+0000] {processor.py:161} INFO - Started process (PID=2739) to work on /home/airflow/.local/lib/python3.12/site-packages/airflow/example_dags/example_python_operator.py
[2026-05-07T20:40:18.659+0000] {processor.py:830} INFO - Processing file /home/airflow/.local/lib/python3.12/site-packages/airflow/example_dags/example_python_operator.py for tasks to queue
[2026-05-07T20:40:18.661+0000] {logging_mixin.py:188} INFO - [2026-05-07T20:40:18.661+0000] {dagbag.py:545} INFO - Filling up the DagBag from /home/airflow/.local/lib/python3.12/site-packages/airflow/example_dags/example_python_operator.py
[2026-05-07T20:40:18.671+0000] {processor.py:840} INFO - DAG(s) 'example_python_operator' retrieved from /home/airflow/.local/lib/python3.12/site-packages/airflow/example_dags/example_python_operator.py
[2026-05-07T20:40:18.692+0000] {logging_mixin.py:188} INFO - [2026-05-07T20:40:18.692+0000] {dag.py:3096} INFO - Sync 1 DAGs
[2026-05-07T20:40:18.703+0000] {logging_mixin.py:188} INFO - [2026-05-07T20:40:18.703+0000] {dag.py:3954} INFO - Setting next_dagrun for example_python_operator to None, run_after=None
[2026-05-07T20:40:18.724+0000] {processor.py:183} INFO - Processing /home/airflow/.local/lib/python3.12/site-packages/airflow/example_dags/example_python_operator.py took 0.072 seconds
[2026-05-07T20:40:49.171+0000] {processor.py:161} INFO - Started process (PID=2797) to work on /home/airflow/.local/lib/python3.12/site-packages/airflow/example_dags/example_python_operator.py
[2026-05-07T20:40:49.172+0000] {processor.py:830} INFO - Processing file /home/airflow/.local/lib/python3.12/site-packages/airflow/example_dags/example_python_operator.py for tasks to queue
[2026-05-07T20:40:49.174+0000] {logging_mixin.py:188} INFO - [2026-05-07T20:40:49.174+0000] {dagbag.py:545} INFO - Filling up the DagBag from /home/airflow/.local/lib/python3.12/site-packages/airflow/example_dags/example_python_operator.py
[2026-05-07T20:40:49.185+0000] {processor.py:840} INFO - DAG(s) 'example_python_operator' retrieved from /home/airflow/.local/lib/python3.12/site-packages/airflow/example_dags/example_python_operator.py
[2026-05-07T20:40:49.207+0000] {logging_mixin.py:188} INFO - [2026-05-07T20:40:49.207+0000] {dag.py:3096} INFO - Sync 1 DAGs
[2026-05-07T20:40:49.221+0000] {logging_mixin.py:188} INFO - [2026-05-07T20:40:49.221+0000] {dag.py:3954} INFO - Setting next_dagrun for example_python_operator to None, run_after=None
[2026-05-07T20:40:49.250+0000] {processor.py:183} INFO - Processing /home/airflow/.local/lib/python3.12/site-packages/airflow/example_dags/example_python_operator.py took 0.084 seconds
[2026-05-07T20:41:19.959+0000] {processor.py:161} INFO - Started process (PID=2855) to work on /home/airflow/.local/lib/python3.12/site-packages/airflow/example_dags/example_python_operator.py
[2026-05-07T20:41:19.961+0000] {processor.py:830} INFO - Processing file /home/airflow/.local/lib/python3.12/site-packages/airflow/example_dags/example_python_operator.py for tasks to queue
[2026-05-07T20:41:19.964+0000] {logging_mixin.py:188} INFO - [2026-05-07T20:41:19.963+0000] {dagbag.py:545} INFO - Filling up the DagBag from /home/airflow/.local/lib/python3.12/site-packages/airflow/example_dags/example_python_operator.py
[2026-05-07T20:41:19.974+0000] {processor.py:840} INFO - DAG(s) 'example_python_operator' retrieved from /home/airflow/.local/lib/python3.12/site-packages/airflow/example_dags/example_python_operator.py
[2026-05-07T20:41:20.004+0000] {logging_mixin.py:188} INFO - [2026-05-07T20:41:20.004+0000] {dag.py:3096} INFO - Sync 1 DAGs
[2026-05-07T20:41:20.027+0000] {logging_mixin.py:188} INFO - [2026-05-07T20:41:20.026+0000] {dag.py:3954} INFO - Setting next_dagrun for example_python_operator to None, run_after=None
[2026-05-07T20:41:20.069+0000] {processor.py:183} INFO - Processing /home/airflow/.local/lib/python3.12/site-packages/airflow/example_dags/example_python_operator.py took 0.115 seconds
[2026-05-07T20:41:51.233+0000] {processor.py:161} INFO - Started process (PID=2913) to work on /home/airflow/.local/lib/python3.12/site-packages/airflow/example_dags/example_python_operator.py
[2026-05-07T20:41:51.235+0000] {processor.py:830} INFO - Processing file /home/airflow/.local/lib/python3.12/site-packages/airflow/example_dags/example_python_operator.py for tasks to queue
[2026-05-07T20:41:51.237+0000] {logging_mixin.py:188} INFO - [2026-05-07T20:41:51.237+0000] {dagbag.py:545} INFO - Filling up the DagBag from /home/airflow/.local/lib/python3.12/site-packages/airflow/example_dags/example_python_operator.py
[2026-05-07T20:41:51.250+0000] {processor.py:840} INFO - DAG(s) 'example_python_operator' retrieved from /home/airflow/.local/lib/python3.12/site-packages/airflow/example_dags/example_python_operator.py
[2026-05-07T20:41:51.280+0000] {logging_mixin.py:188} INFO - [2026-05-07T20:41:51.280+0000] {dag.py:3096} INFO - Sync 1 DAGs
[2026-05-07T20:41:51.296+0000] {logging_mixin.py:188} INFO - [2026-05-07T20:41:51.295+0000] {dag.py:3954} INFO - Setting next_dagrun for example_python_operator to None, run_after=None
[2026-05-07T20:41:51.324+0000] {processor.py:183} INFO - Processing /home/airflow/.local/lib/python3.12/site-packages/airflow/example_dags/example_python_operator.py took 0.097 seconds
[2026-05-07T20:42:21.595+0000] {processor.py:161} INFO - Started process (PID=2971) to work on /home/airflow/.local/lib/python3.12/site-packages/airflow/example_dags/example_python_operator.py
[2026-05-07T20:42:21.596+0000] {processor.py:830} INFO - Processing file /home/airflow/.local/lib/python3.12/site-packages/airflow/example_dags/example_python_operator.py for tasks to queue
[2026-05-07T20:42:21.599+0000] {logging_mixin.py:188} INFO - [2026-05-07T20:42:21.598+0000] {dagbag.py:545} INFO - Filling up the DagBag from /home/airflow/.local/lib/python3.12/site-packages/airflow/example_dags/example_python_operator.py
[2026-05-07T20:42:21.608+0000] {processor.py:840} INFO - DAG(s) 'example_python_operator' retrieved from /home/airflow/.local/lib/python3.12/site-packages/airflow/example_dags/example_python_operator.py
[2026-05-07T20:42:21.629+0000] {logging_mixin.py:188} INFO - [2026-05-07T20:42:21.628+0000] {dag.py:3096} INFO - Sync 1 DAGs
[2026-05-07T20:42:21.640+0000] {logging_mixin.py:188} INFO - [2026-05-07T20:42:21.640+0000] {dag.py:3954} INFO - Setting next_dagrun for example_python_operator to None, run_after=None
[2026-05-07T20:42:21.745+0000] {processor.py:183} INFO - Processing /home/airflow/.local/lib/python3.12/site-packages/airflow/example_dags/example_python_operator.py took 0.156 seconds
